CSV output: /home/lichenhang/lee/thesis/check/lee/combit-job-wah-ewah-btv-20260821/experiments/job_wah_ewah_btv_20260821/raw/r1_cast_info_person_id_ddc.csv
=== Compressed .bm Benchmark Mode ===
Directory: /home/lichenhang/lee/thesis/check/lee/R3W1_realworld_excel_20260809/job_unified10/logical_top3_datasets/cast_info_person_id/bitmap/bm_36244344_c3_ddc_w8
Rows: 36244344 | Cardinality: 3
AND caliber: PAIR (A&B, real op)

=======================================
Benchmark [DDC (New)] — Compressed .bm Files
Source: /home/lichenhang/lee/thesis/check/lee/R3W1_realworld_excel_20260809/job_unified10/logical_top3_datasets/cast_info_person_id/bitmap/bm_36244344_c3_ddc_w8
Rows: 36244344 | Cardinality: 3 | Loaded: 3
=======================================
[Load] Loaded 3 compressed bitmaps: 0.17673 ms
  1.bm → cardinality: 10249
  2.bm → cardinality: 8242
  3.bm → cardinality: 7725

[Storage] Total compressed: 953 bytes (0.930664 KB) | Ratio: 7.01167e-05x
[DDC Storage] l4_bytes: 0.000198364 MB | l3_bytes: 6.19888e-05 MB | l2_bytes: 0.000404358 MB | l1_bytes: 0.00313663 MB | total_bytes: 0.00380135 MB

[Compute] Pairwise ops on first 2 bitmaps:
  bitOr:  0.020639 ms (card: 18491)
  bitAnd: 0.003624 ms (card: 0)
  bitXor: 0.005833 ms (card: 18491)

[Compute] Multi-way OR of 3 bitmaps: 0.010148 ms (card: 26216)
  [MIRROR-IN-PROC] OR raw: 0.000841 0.000844 0.000844 0.000844 0.000845 0.000845 0.000845 0.000846 0.000847 0.000847 0.000847 0.000848 0.000848 0.000848 0.000849 0.000849 0.000849 0.00085 0.000851 0.000852 0.000853 0.000853 0.000855 0.000856 0.000858 0.000865 0.000869 0.000872 0.000873 0.000874 0.000876 0.000876 0.000877 0.000878 0.000879 0.00088 0.000882 0.000883 0.000884 0.000884 0.000884 0.000885 0.000886 0.000887 0.000887 0.000888 0.000888 0.000888 0.000889 0.00089 0.00089 0.00089 0.000891 0.000891 0.000891 0.000892 0.000894 0.000895 0.000896 0.000896 0.000896 0.000896 0.000897 0.000897 0.000897 0.000898 0.000898 0.000899 0.000899 0.0009 0.0009 0.000901 0.000902 0.000903 0.000903 0.000904 0.000907 0.000907 0.00091 0.000911 0.000912 0.000916 0.000916 0.000916 0.000917 0.000917 0.000917 0.000917 0.000919 0.000919 0.000922 0.000923 0.000944 0.00095 0.000966 0.001014 0.001032 0.001043 0.001054 0.001171  median=0.00089

[Pure Ops] DDC operation-only timing:
  AND: 8.1e-05 ms (card: 0)
  OR:  0.000898 ms (card: 18491)
  XOR: 0.000854 ms (card: 18491)
  NOT: 0.000293 ms (card: 36234095)
  COMP (~((A|B)&(B|C))): 0.046637 ms (card: 36236102 OK)
---------------------------------------
