CSV output: /home/lichenhang/lee/thesis/check/lee/combit-job-wah-ewah-btv-20260821/experiments/job_wah_ewah_btv_20260821/raw/r1_cast_info_movie_id_ddc.csv
=== Compressed .bm Benchmark Mode ===
Directory: /home/lichenhang/lee/thesis/check/lee/R3W1_realworld_excel_20260809/job_unified10/logical_top3_datasets/cast_info_movie_id/bitmap/bm_36244344_c3_ddc_w8
Rows: 36244344 | Cardinality: 3
AND caliber: PAIR (A&B, real op)

=======================================
Benchmark [DDC (New)] — Compressed .bm Files
Source: /home/lichenhang/lee/thesis/check/lee/R3W1_realworld_excel_20260809/job_unified10/logical_top3_datasets/cast_info_movie_id/bitmap/bm_36244344_c3_ddc_w8
Rows: 36244344 | Cardinality: 3 | Loaded: 3
=======================================
[Load] Loaded 3 compressed bitmaps: 0.393558 ms
  1.bm → cardinality: 1741
  2.bm → cardinality: 1572
  3.bm → cardinality: 1531

[Storage] Total compressed: 39829 bytes (38.8955 KB) | Ratio: 0.00293041x
[DDC Storage] l4_bytes: 0.00927734 MB | l3_bytes: 0.00293159 MB | l2_bytes: 0.00317764 MB | l1_bytes: 0.00340557 MB | total_bytes: 0.0187922 MB

[Compute] Pairwise ops on first 2 bitmaps:
  bitOr:  0.104236 ms (card: 3313)
  bitAnd: 0.012112 ms (card: 0)
  bitXor: 0.086799 ms (card: 3313)

[Compute] Multi-way OR of 3 bitmaps: 0.61847 ms (card: 4844)
  [MIRROR-IN-PROC] OR raw: 0.031975 0.032104 0.03214 0.032166 0.032174 0.032184 0.03231 0.032355 0.032364 0.032402 0.032445 0.032461 0.032475 0.032481 0.032482 0.032482 0.032517 0.032532 0.032564 0.032584 0.032621 0.0327 0.032776 0.032792 0.032801 0.032805 0.03281 0.032824 0.032824 0.032835 0.032844 0.032864 0.032908 0.032909 0.032909 0.032921 0.03294 0.032943 0.032947 0.033026 0.033043 0.033048 0.033064 0.033081 0.033106 0.033119 0.033136 0.033143 0.033144 0.033153 0.033155 0.033177 0.033192 0.033236 0.033299 0.033306 0.033348 0.033351 0.033544 0.033548 0.033579 0.033733 0.033751 0.03388 0.033896 0.03392 0.034226 0.034315 0.03434 0.034427 0.034485 0.034505 0.034534 0.034536 0.034546 0.034601 0.034633 0.034755 0.034772 0.03478 0.035117 0.035121 0.035144 0.035238 0.035252 0.035265 0.035292 0.035526 0.035564 0.035679 0.03634 0.036568 0.037074 0.037127 0.038024 0.038539 0.038668 0.039114 0.040258 0.041352  median=0.033155

[Pure Ops] DDC operation-only timing:
  AND: 0.005022 ms (card: 0)
  OR:  0.032363 ms (card: 3313)
  XOR: 0.031269 ms (card: 3313)
  NOT: 0.009955 ms (card: 36242603)
  COMP (~((A|B)&(B|C))): 0.375894 ms (card: 36242772 OK)
---------------------------------------
