CSV output: /home/lichenhang/lee/thesis/check/lee/combit-job-wah-ewah-btv-20260821/experiments/job_wah_ewah_btv_20260821/raw/r1_country_wah.csv
=== Compressed .bm Benchmark Mode ===
Directory: /home/lichenhang/lee/thesis/check/lee/combit/realdata/country/bitmap/bm_234997_c215_wah
Rows: 234997 | Cardinality: 215
AND caliber: PAIR (A&B, real op)

=======================================
Benchmark [WAH (FastBit)] — Compressed .bm Files
Source: /home/lichenhang/lee/thesis/check/lee/combit/realdata/country/bitmap/bm_234997_c215_wah
Rows: 234997 | Cardinality: 215 | Loaded: 215
=======================================
[Load] Loaded 215 compressed bitmaps: 1.87145 ms
  1.bm → cardinality: 84843
  2.bm → cardinality: 16045
  3.bm → cardinality: 10394
  4.bm → cardinality: 9811
  5.bm → cardinality: 9775
  ... (210 more)

[Storage] Total compressed: 592268 bytes (578.387 KB) | Ratio: 0.0937794x

[Compute] Pairwise ops on first 2 bitmaps:
  bitOr:  0.017591 ms (card: 100888)
  bitAnd: 0.01826 ms (card: 0)
  bitXor: 0.01462 ms (card: 100888)

[Compute] Multi-way OR of 215 bitmaps: 0.473246 ms (card: 211073)

[Pure Ops] WAH (FastBit) operation-only:
  AND: 0.004617 ms
  OR:  0.00438 ms
  XOR: 0.004368 ms
  NOT: 0.001601 ms
  COMP (~((A|B)&(B|C))): 0.037531 ms
  COMP (+ dense BTV): 0.06262 ms
---------------------------------------
