CSV output: /home/lichenhang/lee/thesis/check/lee/combit-job-wah-ewah-btv-20260821/experiments/job_wah_ewah_btv_20260821/raw/r1_pi_itype_ddc.csv
=== Compressed .bm Benchmark Mode ===
Directory: /home/lichenhang/lee/thesis/check/lee/combit/realdata/pi_itype/bitmap/bm_2963664_c22_ddc_w8
Rows: 2963664 | Cardinality: 22
AND caliber: PAIR (A&B, real op)

=======================================
Benchmark [DDC (New)] — Compressed .bm Files
Source: /home/lichenhang/lee/thesis/check/lee/combit/realdata/pi_itype/bitmap/bm_2963664_c22_ddc_w8
Rows: 2963664 | Cardinality: 22 | Loaded: 22
=======================================
[Load] Loaded 22 compressed bitmaps: 2.17301 ms
  1.bm → cardinality: 620526
  2.bm → cardinality: 419654
  3.bm → cardinality: 353282
  4.bm → cardinality: 329504
  5.bm → cardinality: 142345
  ... (17 more)

[Storage] Total compressed: 2410663 bytes (2354.16 KB) | Ratio: 0.295784x
[DDC Storage] l4_bytes: 0.0151823 MB | l3_bytes: 0.082655 MB | l2_bytes: 0.567955 MB | l1_bytes: 1.60323 MB | total_bytes: 2.26902 MB

[Compute] Pairwise ops on first 2 bitmaps:
  bitOr:  0.205025 ms (card: 1040180)
  bitAnd: 0.185292 ms (card: 0)
  bitXor: 0.188704 ms (card: 1040180)

[Compute] Multi-way OR of 22 bitmaps: 0.88904 ms (card: 2963664)
  [MIRROR-IN-PROC] OR raw: 0.03228 0.03231 0.032334 0.032337 0.03234 0.032344 0.032346 0.032348 0.032354 0.032356 0.032359 0.032362 0.032366 0.032372 0.032377 0.032379 0.03238 0.032382 0.032383 0.032387 0.032387 0.032388 0.03239 0.03239 0.032392 0.032395 0.032396 0.032397 0.032397 0.032399 0.032402 0.032403 0.032405 0.032405 0.032405 0.032406 0.032408 0.03241 0.032415 0.032417 0.03242 0.032422 0.032426 0.032427 0.032427 0.032427 0.032429 0.03243 0.032435 0.032436 0.032437 0.032441 0.032448 0.032451 0.032453 0.032456 0.032456 0.032463 0.032464 0.032466 0.032466 0.032467 0.032472 0.032478 0.032488 0.032499 0.032499 0.032516 0.03252 0.032536 0.032537 0.032539 0.032544 0.032601 0.032696 0.0327 0.032711 0.03323 0.033245 0.033245 0.033264 0.033268 0.033269 0.033289 0.033306 0.033311 0.033313 0.033321 0.03339 0.033392 0.033403 0.033416 0.034351 0.034708 0.034951 0.034973 0.035919 0.037676 0.037935 0.042952  median=0.032437

[Pure Ops] DDC operation-only timing:
  AND: 0.03669 ms (card: 0)
  OR:  0.032438 ms (card: 1040180)
  XOR: 0.034534 ms (card: 1040180)
  NOT: 0.015041 ms (card: 2343138)
  COMP (~((A|B)&(B|C))): 0.083465 ms (card: 2544010 OK)
---------------------------------------
