CSV output: /home/lichenhang/lee/thesis/check/lee/combit-job-wah-ewah-btv-20260821/experiments/job_wah_ewah_btv_20260821/raw/r1_year_ddc.csv
=== Compressed .bm Benchmark Mode ===
Directory: /home/lichenhang/lee/thesis/check/lee/combit/realdata/year/bitmap/bm_2528312_c132_ddc_w8
Rows: 2528312 | Cardinality: 132
AND caliber: PAIR (A&B, real op)

=======================================
Benchmark [DDC (New)] — Compressed .bm Files
Source: /home/lichenhang/lee/thesis/check/lee/combit/realdata/year/bitmap/bm_2528312_c132_ddc_w8
Rows: 2528312 | Cardinality: 132 | Loaded: 132
=======================================
[Load] Loaded 132 compressed bitmaps: 4.88656 ms
  1.bm → cardinality: 164307
  2.bm → cardinality: 160017
  3.bm → cardinality: 141703
  4.bm → cardinality: 128696
  5.bm → cardinality: 122861
  ... (127 more)

[Storage] Total compressed: 4010490 bytes (3916.49 KB) | Ratio: 0.0961353x
[DDC Storage] l4_bytes: 0.0538062 MB | l3_bytes: 0.315495 MB | l2_bytes: 1.22862 MB | l1_bytes: 2.11057 MB | total_bytes: 3.70849 MB

[Compute] Pairwise ops on first 2 bitmaps:
  bitOr:  0.183634 ms (card: 324324)
  bitAnd: 0.159532 ms (card: 0)
  bitXor: 0.16645 ms (card: 324324)

[Compute] Multi-way OR of 132 bitmaps: 3.19328 ms (card: 2456218)
  [MIRROR-IN-PROC] OR raw: 0.02772 0.027737 0.027776 0.027787 0.027788 0.027797 0.027801 0.027801 0.027801 0.027813 0.027819 0.02782 0.027821 0.027827 0.027827 0.027829 0.027833 0.027839 0.027839 0.027844 0.027846 0.027848 0.027849 0.02785 0.027851 0.027852 0.027854 0.027854 0.027857 0.027859 0.027863 0.027873 0.027874 0.027877 0.02788 0.027884 0.027886 0.027888 0.027888 0.027892 0.027892 0.027901 0.027902 0.027903 0.027911 0.027911 0.027915 0.027916 0.027917 0.027917 0.027918 0.027919 0.027923 0.027925 0.027925 0.02793 0.027938 0.027943 0.027944 0.027946 0.027949 0.02795 0.02796 0.027967 0.02797 0.02797 0.027972 0.027977 0.027981 0.027982 0.027986 0.027992 0.028 0.028026 0.02803 0.028035 0.028037 0.028039 0.02805 0.028058 0.028067 0.028073 0.028093 0.028103 0.028123 0.028143 0.028144 0.028145 0.02817 0.028221 0.028264 0.028305 0.030421 0.030561 0.030562 0.031715 0.031949 0.033252 0.033426 0.033875  median=0.027918

[Pure Ops] DDC operation-only timing:
  AND: 0.032143 ms (card: 0)
  OR:  0.028071 ms (card: 324324)
  XOR: 0.029845 ms (card: 324324)
  NOT: 0.01239 ms (card: 2364005)
  COMP (~((A|B)&(B|C))): 0.075506 ms (card: 2368295 OK)
---------------------------------------
