CSV output: /home/lichenhang/lee/thesis/check/lee/combit-job-wah-ewah-btv-20260821/experiments/job_wah_ewah_btv_20260821/raw/r2_cast_info_movie_id_ddc.csv
=== Compressed .bm Benchmark Mode ===
Directory: /home/lichenhang/lee/thesis/check/lee/R3W1_realworld_excel_20260809/job_unified10/logical_top3_datasets/cast_info_movie_id/bitmap/bm_36244344_c3_ddc_w8
Rows: 36244344 | Cardinality: 3
AND caliber: PAIR (A&B, real op)

=======================================
Benchmark [DDC (New)] — Compressed .bm Files
Source: /home/lichenhang/lee/thesis/check/lee/R3W1_realworld_excel_20260809/job_unified10/logical_top3_datasets/cast_info_movie_id/bitmap/bm_36244344_c3_ddc_w8
Rows: 36244344 | Cardinality: 3 | Loaded: 3
=======================================
[Load] Loaded 3 compressed bitmaps: 0.408 ms
  1.bm → cardinality: 1741
  2.bm → cardinality: 1572
  3.bm → cardinality: 1531

[Storage] Total compressed: 39829 bytes (38.8955 KB) | Ratio: 0.00293041x
[DDC Storage] l4_bytes: 0.00927734 MB | l3_bytes: 0.00293159 MB | l2_bytes: 0.00317764 MB | l1_bytes: 0.00340557 MB | total_bytes: 0.0187922 MB

[Compute] Pairwise ops on first 2 bitmaps:
  bitOr:  0.111838 ms (card: 3313)
  bitAnd: 0.014572 ms (card: 0)
  bitXor: 0.087252 ms (card: 3313)

[Compute] Multi-way OR of 3 bitmaps: 0.587684 ms (card: 4844)
  [MIRROR-IN-PROC] OR raw: 0.031472 0.031784 0.031846 0.031883 0.031884 0.031888 0.031938 0.03194 0.031944 0.031947 0.031953 0.031975 0.031985 0.031989 0.031991 0.032008 0.032024 0.032028 0.032032 0.03205 0.032055 0.032072 0.032109 0.032146 0.032195 0.032221 0.032247 0.032252 0.032254 0.032266 0.032298 0.032307 0.032334 0.032369 0.03237 0.032391 0.032409 0.032413 0.032423 0.032427 0.032446 0.032448 0.032448 0.032455 0.032458 0.032461 0.032467 0.032469 0.032565 0.032631 0.032638 0.032652 0.032661 0.032678 0.03268 0.032695 0.032725 0.032778 0.032823 0.032916 0.033065 0.033071 0.033282 0.033343 0.033432 0.033757 0.033784 0.034035 0.034048 0.034153 0.034271 0.034278 0.034371 0.034407 0.034542 0.034588 0.034748 0.035104 0.035188 0.035193 0.035245 0.035257 0.035292 0.035361 0.03541 0.035459 0.035818 0.036147 0.036151 0.036222 0.036233 0.036831 0.037271 0.037821 0.038178 0.038425 0.038912 0.039772 0.040176 0.041891  median=0.032638

[Pure Ops] DDC operation-only timing:
  AND: 0.005065 ms (card: 0)
  OR:  0.03233 ms (card: 3313)
  XOR: 0.031048 ms (card: 3313)
  NOT: 0.010141 ms (card: 36242603)
  COMP (~((A|B)&(B|C))): 0.374239 ms (card: 36242772 OK)
---------------------------------------
