CSV output: /home/lichenhang/lee/thesis/check/lee/combit-job-wah-ewah-btv-20260821/experiments/job_wah_ewah_btv_20260821/raw/r2_cast_info_person_id_ddc.csv
=== Compressed .bm Benchmark Mode ===
Directory: /home/lichenhang/lee/thesis/check/lee/R3W1_realworld_excel_20260809/job_unified10/logical_top3_datasets/cast_info_person_id/bitmap/bm_36244344_c3_ddc_w8
Rows: 36244344 | Cardinality: 3
AND caliber: PAIR (A&B, real op)

=======================================
Benchmark [DDC (New)] — Compressed .bm Files
Source: /home/lichenhang/lee/thesis/check/lee/R3W1_realworld_excel_20260809/job_unified10/logical_top3_datasets/cast_info_person_id/bitmap/bm_36244344_c3_ddc_w8
Rows: 36244344 | Cardinality: 3 | Loaded: 3
=======================================
[Load] Loaded 3 compressed bitmaps: 0.188122 ms
  1.bm → cardinality: 10249
  2.bm → cardinality: 8242
  3.bm → cardinality: 7725

[Storage] Total compressed: 953 bytes (0.930664 KB) | Ratio: 7.01167e-05x
[DDC Storage] l4_bytes: 0.000198364 MB | l3_bytes: 6.19888e-05 MB | l2_bytes: 0.000404358 MB | l1_bytes: 0.00313663 MB | total_bytes: 0.00380135 MB

[Compute] Pairwise ops on first 2 bitmaps:
  bitOr:  0.020261 ms (card: 18491)
  bitAnd: 0.002648 ms (card: 0)
  bitXor: 0.00685 ms (card: 18491)

[Compute] Multi-way OR of 3 bitmaps: 0.010183 ms (card: 26216)
  [MIRROR-IN-PROC] OR raw: 0.000842 0.000844 0.000847 0.000854 0.000855 0.000855 0.000855 0.000856 0.000856 0.000857 0.000858 0.000858 0.000858 0.000858 0.000859 0.000859 0.000859 0.000859 0.000859 0.000859 0.00086 0.00086 0.000863 0.000864 0.000864 0.000872 0.000872 0.000875 0.000877 0.000878 0.00088 0.000884 0.000886 0.000886 0.000886 0.000888 0.00089 0.000891 0.000893 0.000893 0.000894 0.000895 0.000896 0.000897 0.000897 0.0009 0.0009 0.0009 0.0009 0.0009 0.000901 0.000901 0.000901 0.000901 0.000902 0.000902 0.000903 0.000903 0.000904 0.000904 0.000904 0.000904 0.000904 0.000904 0.000904 0.000904 0.000904 0.000904 0.000905 0.000908 0.000908 0.000909 0.000909 0.000911 0.000912 0.000914 0.000916 0.000916 0.000916 0.000917 0.000918 0.000918 0.000919 0.00092 0.00092 0.000921 0.000922 0.000923 0.000923 0.000924 0.000926 0.000929 0.000935 0.000948 0.000984 0.001008 0.001017 0.001062 0.00117 0.001205  median=0.000901

[Pure Ops] DDC operation-only timing:
  AND: 8.4e-05 ms (card: 0)
  OR:  0.000885 ms (card: 18491)
  XOR: 0.000851 ms (card: 18491)
  NOT: 0.000295 ms (card: 36234095)
  COMP (~((A|B)&(B|C))): 0.046668 ms (card: 36236102 OK)
---------------------------------------
