CSV output: /home/lichenhang/lee/thesis/check/lee/combit-job-wah-ewah-btv-20260821/experiments/job_wah_ewah_btv_20260821/raw/r2_mc_ctype_ddc.csv
=== Compressed .bm Benchmark Mode ===
Directory: /home/lichenhang/lee/thesis/check/lee/combit/realdata/mc_ctype/bitmap/bm_2609129_c2_ddc_w8
Rows: 2609129 | Cardinality: 2
AND caliber: PAIR (A&B, real op)

=======================================
Benchmark [DDC (New)] — Compressed .bm Files
Source: /home/lichenhang/lee/thesis/check/lee/combit/realdata/mc_ctype/bitmap/bm_2609129_c2_ddc_w8
Rows: 2609129 | Cardinality: 2 | Loaded: 2
=======================================
[Load] Loaded 2 compressed bitmaps: 0.040108 ms
  1.bm → cardinality: 1334883
  2.bm → cardinality: 1274246

[Storage] Total compressed: 247 bytes (0.241211 KB) | Ratio: 0.00037867x
[DDC Storage] l4_bytes: 4.29153e-05 MB | l3_bytes: 2.86102e-06 MB | l2_bytes: 2.86102e-06 MB | l1_bytes: 2.86102e-06 MB | total_bytes: 5.14984e-05 MB

[Compute] Pairwise ops on first 2 bitmaps:
  bitOr:  0.011475 ms (card: 2609129)
  bitAnd: 0.003323 ms (card: 0)
  bitXor: 0.005168 ms (card: 2609129)
  [MIRROR-IN-PROC] OR raw: 0.000191 0.000191 0.000191 0.000192 0.000192 0.000193 0.000193 0.000193 0.000193 0.000193 0.000193 0.000193 0.000193 0.000193 0.000194 0.000194 0.000194 0.000194 0.000194 0.000194 0.000194 0.000194 0.000194 0.000194 0.000194 0.000194 0.000194 0.000194 0.000194 0.000194 0.000194 0.000195 0.000195 0.000195 0.000195 0.000195 0.000195 0.000195 0.000195 0.000196 0.000196 0.000196 0.000196 0.000196 0.000196 0.000196 0.000196 0.000196 0.000196 0.000196 0.000196 0.000196 0.000196 0.000196 0.000196 0.000196 0.000196 0.000197 0.000197 0.000197 0.000197 0.000197 0.000197 0.000197 0.000198 0.000198 0.000198 0.000199 0.000199 0.0002 0.0002 0.0002 0.0002 0.0002 0.0002 0.000201 0.000201 0.000202 0.000202 0.000202 0.000203 0.000206 0.000208 0.000209 0.000212 0.000212 0.000214 0.000217 0.000218 0.000221 0.000221 0.000223 0.000224 0.000226 0.000228 0.000239 0.000263 0.000264 0.000368 0.000433  median=0.000196

[Pure Ops] DDC operation-only timing:
  AND: 0.00014 ms (card: 0)
  OR:  0.000196 ms (card: 2609129)
  XOR: 0.000192 ms (card: 2609129)
  NOT: 0.000409 ms (card: 1274246)
  COMP (~((A|B)&(B|C))): 0.002895 ms (card: 0 OK)
---------------------------------------
