CSV output: /home/lichenhang/lee/thesis/check/lee/combit-job-wah-ewah-btv-20260821/experiments/job_wah_ewah_btv_20260821/raw/r2_mc_ctype_wah.csv
=== Compressed .bm Benchmark Mode ===
Directory: /home/lichenhang/lee/thesis/check/lee/combit/realdata/mc_ctype/bitmap/bm_2609129_c2_wah
Rows: 2609129 | Cardinality: 2
AND caliber: PAIR (A&B, real op)

=======================================
Benchmark [WAH (FastBit)] — Compressed .bm Files
Source: /home/lichenhang/lee/thesis/check/lee/combit/realdata/mc_ctype/bitmap/bm_2609129_c2_wah
Rows: 2609129 | Cardinality: 2 | Loaded: 2
=======================================
[Load] Loaded 2 compressed bitmaps: 0.045427 ms
  1.bm → cardinality: 1334883
  2.bm → cardinality: 1274246

[Storage] Total compressed: 40 bytes (0.0390625 KB) | Ratio: 6.13231e-05x

[Compute] Pairwise ops on first 2 bitmaps:
  bitOr:  0.006058 ms (card: 2609129)
  bitAnd: 0.001615 ms (card: 0)
  bitXor: 0.00169 ms (card: 2609129)

[Pure Ops] WAH (FastBit) operation-only:
  AND: 0.000298 ms
  OR:  0.000373 ms
  XOR: 0.0003 ms
  NOT: 0.000137 ms
  COMP (~((A|B)&(B|C))): 0.000782 ms
  COMP (+ dense BTV): 0.007571 ms
---------------------------------------
