CSV output: /home/lichenhang/lee/thesis/check/lee/combit-job-wah-ewah-btv-20260821/experiments/job_wah_ewah_btv_20260821/raw/r2_pi_itype_ddc.csv
=== Compressed .bm Benchmark Mode ===
Directory: /home/lichenhang/lee/thesis/check/lee/combit/realdata/pi_itype/bitmap/bm_2963664_c22_ddc_w8
Rows: 2963664 | Cardinality: 22
AND caliber: PAIR (A&B, real op)

=======================================
Benchmark [DDC (New)] — Compressed .bm Files
Source: /home/lichenhang/lee/thesis/check/lee/combit/realdata/pi_itype/bitmap/bm_2963664_c22_ddc_w8
Rows: 2963664 | Cardinality: 22 | Loaded: 22
=======================================
[Load] Loaded 22 compressed bitmaps: 2.03523 ms
  1.bm → cardinality: 620526
  2.bm → cardinality: 419654
  3.bm → cardinality: 353282
  4.bm → cardinality: 329504
  5.bm → cardinality: 142345
  ... (17 more)

[Storage] Total compressed: 2410663 bytes (2354.16 KB) | Ratio: 0.295784x
[DDC Storage] l4_bytes: 0.0151823 MB | l3_bytes: 0.082655 MB | l2_bytes: 0.567955 MB | l1_bytes: 1.60323 MB | total_bytes: 2.26902 MB

[Compute] Pairwise ops on first 2 bitmaps:
  bitOr:  0.168328 ms (card: 1040180)
  bitAnd: 0.164776 ms (card: 0)
  bitXor: 0.169098 ms (card: 1040180)

[Compute] Multi-way OR of 22 bitmaps: 0.880351 ms (card: 2963664)
  [MIRROR-IN-PROC] OR raw: 0.032256 0.032293 0.03233 0.032331 0.032331 0.032334 0.032334 0.032341 0.032341 0.03235 0.032351 0.032358 0.03237 0.032375 0.032384 0.032385 0.032385 0.032387 0.032392 0.032393 0.032393 0.032394 0.032405 0.032406 0.032408 0.032413 0.032415 0.032416 0.032417 0.032428 0.032428 0.032429 0.032435 0.032437 0.032443 0.032444 0.032445 0.032448 0.032448 0.03245 0.03245 0.032457 0.03246 0.032465 0.032465 0.03247 0.032471 0.032471 0.032472 0.032473 0.032475 0.032477 0.03248 0.032488 0.032489 0.032495 0.032502 0.032509 0.03251 0.032516 0.032518 0.032526 0.032527 0.03253 0.03253 0.032538 0.032539 0.032547 0.032548 0.032571 0.032607 0.032657 0.032678 0.03268 0.032735 0.032788 0.032848 0.032964 0.0332 0.033203 0.033208 0.03322 0.033225 0.033234 0.033244 0.033252 0.033299 0.0333 0.033312 0.033348 0.033372 0.033373 0.033398 0.034775 0.034876 0.035106 0.037398 0.038064 0.039319 0.040659  median=0.032475

[Pure Ops] DDC operation-only timing:
  AND: 0.036677 ms (card: 0)
  OR:  0.034736 ms (card: 1040180)
  XOR: 0.034521 ms (card: 1040180)
  NOT: 0.015047 ms (card: 2343138)
  COMP (~((A|B)&(B|C))): 0.087151 ms (card: 2544010 OK)
---------------------------------------
