CSV output: /home/lichenhang/lee/thesis/check/lee/combit-job-wah-ewah-btv-20260821/experiments/job_wah_ewah_btv_20260821/raw/r2_year_ddc.csv
=== Compressed .bm Benchmark Mode ===
Directory: /home/lichenhang/lee/thesis/check/lee/combit/realdata/year/bitmap/bm_2528312_c132_ddc_w8
Rows: 2528312 | Cardinality: 132
AND caliber: PAIR (A&B, real op)

=======================================
Benchmark [DDC (New)] — Compressed .bm Files
Source: /home/lichenhang/lee/thesis/check/lee/combit/realdata/year/bitmap/bm_2528312_c132_ddc_w8
Rows: 2528312 | Cardinality: 132 | Loaded: 132
=======================================
[Load] Loaded 132 compressed bitmaps: 4.82332 ms
  1.bm → cardinality: 164307
  2.bm → cardinality: 160017
  3.bm → cardinality: 141703
  4.bm → cardinality: 128696
  5.bm → cardinality: 122861
  ... (127 more)

[Storage] Total compressed: 4010490 bytes (3916.49 KB) | Ratio: 0.0961353x
[DDC Storage] l4_bytes: 0.0538062 MB | l3_bytes: 0.315495 MB | l2_bytes: 1.22862 MB | l1_bytes: 2.11057 MB | total_bytes: 3.70849 MB

[Compute] Pairwise ops on first 2 bitmaps:
  bitOr:  0.181503 ms (card: 324324)
  bitAnd: 0.161455 ms (card: 0)
  bitXor: 0.161734 ms (card: 324324)

[Compute] Multi-way OR of 132 bitmaps: 3.15551 ms (card: 2456218)
  [MIRROR-IN-PROC] OR raw: 0.027623 0.027717 0.027722 0.027736 0.027743 0.027757 0.027775 0.027776 0.027778 0.027778 0.02778 0.027786 0.027796 0.027811 0.027816 0.027816 0.027828 0.027838 0.027839 0.02784 0.02784 0.027845 0.027846 0.027846 0.027848 0.027848 0.027858 0.027861 0.027869 0.027877 0.027878 0.027879 0.02788 0.027892 0.027892 0.027896 0.027907 0.027908 0.027917 0.027923 0.027923 0.027923 0.027925 0.027925 0.027925 0.027928 0.027929 0.027933 0.027934 0.027942 0.027945 0.027949 0.027951 0.027951 0.027955 0.027956 0.027957 0.02796 0.027962 0.027963 0.027975 0.027976 0.027977 0.027979 0.027985 0.027986 0.027993 0.027993 0.027997 0.02801 0.028011 0.028019 0.02802 0.028023 0.028024 0.028039 0.028044 0.028045 0.028048 0.028051 0.028052 0.028058 0.02806 0.028061 0.028061 0.028062 0.028063 0.028082 0.028092 0.028099 0.02813 0.028784 0.029231 0.030604 0.030654 0.030839 0.030899 0.03306 0.033176 0.068267  median=0.027945

[Pure Ops] DDC operation-only timing:
  AND: 0.031533 ms (card: 0)
  OR:  0.028047 ms (card: 324324)
  XOR: 0.029742 ms (card: 324324)
  NOT: 0.011434 ms (card: 2364005)
  COMP (~((A|B)&(B|C))): 0.075209 ms (card: 2368295 OK)
---------------------------------------
