CSV output: /home/lichenhang/lee/thesis/check/lee/combit-job-wah-ewah-btv-20260821/experiments/job_wah_ewah_btv_20260821/raw/r3_cast_info_movie_id_ddc.csv
=== Compressed .bm Benchmark Mode ===
Directory: /home/lichenhang/lee/thesis/check/lee/R3W1_realworld_excel_20260809/job_unified10/logical_top3_datasets/cast_info_movie_id/bitmap/bm_36244344_c3_ddc_w8
Rows: 36244344 | Cardinality: 3
AND caliber: PAIR (A&B, real op)

=======================================
Benchmark [DDC (New)] — Compressed .bm Files
Source: /home/lichenhang/lee/thesis/check/lee/R3W1_realworld_excel_20260809/job_unified10/logical_top3_datasets/cast_info_movie_id/bitmap/bm_36244344_c3_ddc_w8
Rows: 36244344 | Cardinality: 3 | Loaded: 3
=======================================
[Load] Loaded 3 compressed bitmaps: 0.409315 ms
  1.bm → cardinality: 1741
  2.bm → cardinality: 1572
  3.bm → cardinality: 1531

[Storage] Total compressed: 39829 bytes (38.8955 KB) | Ratio: 0.00293041x
[DDC Storage] l4_bytes: 0.00927734 MB | l3_bytes: 0.00293159 MB | l2_bytes: 0.00317764 MB | l1_bytes: 0.00340557 MB | total_bytes: 0.0187922 MB

[Compute] Pairwise ops on first 2 bitmaps:
  bitOr:  0.105103 ms (card: 3313)
  bitAnd: 0.014143 ms (card: 0)
  bitXor: 0.094292 ms (card: 3313)

[Compute] Multi-way OR of 3 bitmaps: 0.589008 ms (card: 4844)
  [MIRROR-IN-PROC] OR raw: 0.031503 0.031752 0.031852 0.031853 0.031946 0.031956 0.031962 0.032189 0.032189 0.032205 0.032216 0.032241 0.032252 0.032268 0.032275 0.032281 0.032296 0.032332 0.032335 0.032338 0.03235 0.032376 0.032378 0.032381 0.032384 0.032411 0.032426 0.032436 0.032454 0.032471 0.032486 0.032493 0.032509 0.032512 0.032553 0.03256 0.032566 0.032568 0.032595 0.03261 0.03261 0.032615 0.032616 0.032634 0.032648 0.032671 0.032702 0.032713 0.032732 0.032774 0.03278 0.032794 0.032814 0.032828 0.032831 0.032864 0.032937 0.03295 0.032983 0.033024 0.033098 0.033162 0.033189 0.0333 0.03356 0.033563 0.033583 0.033617 0.033679 0.033729 0.033832 0.033849 0.033947 0.033964 0.033967 0.034007 0.034115 0.034129 0.034217 0.034293 0.034436 0.034495 0.034518 0.034767 0.034779 0.034809 0.034962 0.035139 0.035336 0.035579 0.036233 0.03638 0.036848 0.037101 0.038008 0.038091 0.038271 0.038716 0.040526 0.041025  median=0.03278

[Pure Ops] DDC operation-only timing:
  AND: 0.005056 ms (card: 0)
  OR:  0.032492 ms (card: 3313)
  XOR: 0.031428 ms (card: 3313)
  NOT: 0.010011 ms (card: 36242603)
  COMP (~((A|B)&(B|C))): 0.377841 ms (card: 36242772 OK)
---------------------------------------
