CSV output: /home/lichenhang/lee/thesis/check/lee/combit-job-wah-ewah-btv-20260821/experiments/job_wah_ewah_btv_20260821/raw/r3_role_ewah.csv
=== Compressed .bm Benchmark Mode ===
Directory: /home/lichenhang/lee/thesis/check/lee/R3W1_realworld_excel_20260809/ewah_corrected/job/data/role/bitmap/bm_36244344_c11_ewah
Rows: 36244344 | Cardinality: 11
AND caliber: PAIR (A&B, real op)

=======================================
Benchmark [EWAH] — Compressed .bm Files
Source: /home/lichenhang/lee/thesis/check/lee/R3W1_realworld_excel_20260809/ewah_corrected/job/data/role/bitmap/bm_36244344_c11_ewah
Rows: 36244344 | Cardinality: 11 | Loaded: 11
=======================================
[Load] Loaded 11 compressed bitmaps: 0.059891 ms
  1.bm → cardinality: 12670688
  2.bm → cardinality: 7451973
  3.bm → cardinality: 4323018
  4.bm → cardinality: 4008037
  5.bm → cardinality: 2728943
  ... (6 more)

[Storage] Total compressed: 696 bytes (0.679688 KB) | Ratio: 1.39658e-05x

[Compute] Pairwise ops on first 2 bitmaps:
  bitOr:  0.002611 ms (card: 20122661)
  bitAnd: 0.001236 ms (card: 0)
  bitXor: 0.002177 ms (card: 20122661)

[Compute] Multi-way OR of 11 bitmaps: 0.003528 ms (card: 36244344)

[Pure Ops] EWAH operation-only:
  AND: 0.00014 ms
  OR:  0.000145 ms
  XOR: 0.000137 ms
  NOT: 0.000114 ms
  COMP (~((A|B)&(B|C))): 0.000518 ms
  COMP (+ dense BTV): 0.299606 ms
---------------------------------------
