CSV output: /home/lichenhang/lee/thesis/check/lee/combit-job-wah-ewah-btv-20260821/experiments/job_wah_ewah_btv_20260821/raw/r3_year_ddc.csv
=== Compressed .bm Benchmark Mode ===
Directory: /home/lichenhang/lee/thesis/check/lee/combit/realdata/year/bitmap/bm_2528312_c132_ddc_w8
Rows: 2528312 | Cardinality: 132
AND caliber: PAIR (A&B, real op)

=======================================
Benchmark [DDC (New)] — Compressed .bm Files
Source: /home/lichenhang/lee/thesis/check/lee/combit/realdata/year/bitmap/bm_2528312_c132_ddc_w8
Rows: 2528312 | Cardinality: 132 | Loaded: 132
=======================================
[Load] Loaded 132 compressed bitmaps: 4.9064 ms
  1.bm → cardinality: 164307
  2.bm → cardinality: 160017
  3.bm → cardinality: 141703
  4.bm → cardinality: 128696
  5.bm → cardinality: 122861
  ... (127 more)

[Storage] Total compressed: 4010490 bytes (3916.49 KB) | Ratio: 0.0961353x
[DDC Storage] l4_bytes: 0.0538062 MB | l3_bytes: 0.315495 MB | l2_bytes: 1.22862 MB | l1_bytes: 2.11057 MB | total_bytes: 3.70849 MB

[Compute] Pairwise ops on first 2 bitmaps:
  bitOr:  0.191477 ms (card: 324324)
  bitAnd: 0.161191 ms (card: 0)
  bitXor: 0.156217 ms (card: 324324)

[Compute] Multi-way OR of 132 bitmaps: 3.18818 ms (card: 2456218)
  [MIRROR-IN-PROC] OR raw: 0.027887 0.027892 0.027916 0.027919 0.027957 0.027961 0.027968 0.027975 0.027976 0.027978 0.027979 0.028005 0.028007 0.028018 0.02802 0.028025 0.028033 0.028034 0.028039 0.02806 0.02807 0.028072 0.028081 0.028107 0.02811 0.028123 0.028126 0.02813 0.028135 0.02815 0.028154 0.028155 0.028163 0.028185 0.028194 0.028198 0.028205 0.028207 0.028207 0.028221 0.028223 0.028226 0.028233 0.028235 0.028239 0.02824 0.028242 0.028252 0.028256 0.028262 0.02827 0.028272 0.028274 0.028287 0.02829 0.028291 0.028292 0.028293 0.028296 0.028296 0.028297 0.028303 0.028305 0.028308 0.028309 0.028312 0.028316 0.028321 0.028323 0.028327 0.02833 0.028333 0.028335 0.028337 0.028339 0.028341 0.028345 0.028345 0.028349 0.028357 0.028357 0.028359 0.028361 0.028363 0.028369 0.028371 0.028374 0.028375 0.028378 0.028387 0.02839 0.028397 0.028404 0.028488 0.02929 0.030515 0.030718 0.033259 0.033839 0.03394  median=0.02827

[Pure Ops] DDC operation-only timing:
  AND: 0.031869 ms (card: 0)
  OR:  0.028377 ms (card: 324324)
  XOR: 0.02969 ms (card: 324324)
  NOT: 0.01237 ms (card: 2364005)
  COMP (~((A|B)&(B|C))): 0.075829 ms (card: 2368295 OK)
---------------------------------------
