CSV output: /home/lichenhang/lee/thesis/check/lee/combit-job-wah-ewah-btv-20260821/experiments/job_wah_ewah_btv_20260821/raw/r4_cast_info_movie_id_croaring.csv
=== Compressed .bm Benchmark Mode ===
Directory: /home/lichenhang/lee/thesis/check/lee/R3W1_realworld_excel_20260809/job_unified10/logical_top3_datasets/cast_info_movie_id/bitmap/bm_36244344_c3_roaring
Rows: 36244344 | Cardinality: 3
AND caliber: PAIR (A&B, real op)

=======================================
Benchmark [CRoaring] — Compressed .bm Files
Source: /home/lichenhang/lee/thesis/check/lee/R3W1_realworld_excel_20260809/job_unified10/logical_top3_datasets/cast_info_movie_id/bitmap/bm_36244344_c3_roaring
Rows: 36244344 | Cardinality: 3 | Loaded: 3
=======================================
[Load] Loaded 3 compressed bitmaps: 0.082717 ms
  1.bm → cardinality: 1741
  2.bm → cardinality: 1572
  3.bm → cardinality: 1531

[Storage] Total compressed: 12547 bytes (12.2529 KB) | Ratio: 0.000923142x
[CRoaring Storage] array=492 (0.00641441 MB) | run=116 (0.000862122 MB) | bitset=0 (0 MB) | total_bytes=7630

[Compute] Pairwise ops on first 2 bitmaps:
  bitOr:  0.777598 ms (card: 3313)
  bitAnd: 1.18475 ms (card: 0)
  bitXor: 0.198594 ms (card: 3313)

[Compute] Multi-way OR of 3 bitmaps: 0.062275 ms (card: 4844)

[Pure Ops] CRoaring operation-only (+ to-btv conversion):
  AND: 0.165373 ms (card: 0)
  OR:  0.180489 ms (card: 3313)
  OR (CR internal only, no to-btv): 0.012311 ms
  XOR: 0.179909 ms (card: 3313)
  NOT: 0.448871 ms (card: 36242603)
  AND (in-place): 0.172081 ms
  [AND result containers] array=0 (0 MB) bitset=0 (0 MB) run=0 (0 MB) total_bytes=0
  [OR  result containers] array=107 (0.00348663 MB) bitset=0 (0 MB) run=116 (0.00087738 MB) total_bytes=4576
  [XOR result containers] array=107 (0.00348663 MB) bitset=0 (0 MB) run=116 (0.00087738 MB) total_bytes=4576
  [NOT result containers] array=0 (0 MB) bitset=74 (0.578125 MB) run=480 (0.00274658 MB) total_bytes=609088
  [Input A containers] array=74 (0.00332069 MB) bitset=0 (0 MB) run=0 (0 MB) total_bytes=3482
  [Input B containers] array=45 (0.000173569 MB) bitset=0 (0 MB) run=116 (0.000862122 MB) total_bytes=1086
  COMP native (~((A|B)&(B|C))): 0.141514 ms
  COMP (~((A|B)&(B|C))): 0.535353 ms
---------------------------------------
