CSV output: /home/lichenhang/lee/thesis/check/lee/combit-job-wah-ewah-btv-20260821/experiments/job_wah_ewah_btv_20260821/raw/r4_cast_info_person_id_ddc.csv
=== Compressed .bm Benchmark Mode ===
Directory: /home/lichenhang/lee/thesis/check/lee/R3W1_realworld_excel_20260809/job_unified10/logical_top3_datasets/cast_info_person_id/bitmap/bm_36244344_c3_ddc_w8
Rows: 36244344 | Cardinality: 3
AND caliber: PAIR (A&B, real op)

=======================================
Benchmark [DDC (New)] — Compressed .bm Files
Source: /home/lichenhang/lee/thesis/check/lee/R3W1_realworld_excel_20260809/job_unified10/logical_top3_datasets/cast_info_person_id/bitmap/bm_36244344_c3_ddc_w8
Rows: 36244344 | Cardinality: 3 | Loaded: 3
=======================================
[Load] Loaded 3 compressed bitmaps: 0.190465 ms
  1.bm → cardinality: 10249
  2.bm → cardinality: 8242
  3.bm → cardinality: 7725

[Storage] Total compressed: 953 bytes (0.930664 KB) | Ratio: 7.01167e-05x
[DDC Storage] l4_bytes: 0.000198364 MB | l3_bytes: 6.19888e-05 MB | l2_bytes: 0.000404358 MB | l1_bytes: 0.00313663 MB | total_bytes: 0.00380135 MB

[Compute] Pairwise ops on first 2 bitmaps:
  bitOr:  0.018026 ms (card: 18491)
  bitAnd: 0.003844 ms (card: 0)
  bitXor: 0.008302 ms (card: 18491)

[Compute] Multi-way OR of 3 bitmaps: 0.009918 ms (card: 26216)
  [MIRROR-IN-PROC] OR raw: 0.000846 0.000848 0.000849 0.00085 0.000851 0.000851 0.000851 0.000852 0.000852 0.000852 0.000854 0.000855 0.000855 0.000856 0.000857 0.000857 0.000862 0.000863 0.000864 0.000871 0.000873 0.000873 0.000873 0.000875 0.000879 0.000879 0.000887 0.000892 0.000896 0.0009 0.000904 0.000904 0.000906 0.000907 0.000909 0.000912 0.000914 0.000917 0.000919 0.00092 0.000921 0.000922 0.000924 0.000924 0.000925 0.000926 0.000927 0.000928 0.000928 0.000929 0.00093 0.000931 0.000932 0.000932 0.000933 0.000933 0.000934 0.000936 0.000936 0.000937 0.000937 0.000938 0.00094 0.00094 0.000942 0.000943 0.000944 0.000944 0.000944 0.000944 0.000948 0.000953 0.000954 0.000955 0.00096 0.00096 0.000964 0.000965 0.000965 0.000968 0.000968 0.00097 0.000971 0.000973 0.000994 0.000997 0.000997 0.001003 0.001003 0.001008 0.001013 0.001016 0.001017 0.001027 0.001046 0.001047 0.00105 0.001054 0.00113 0.001154  median=0.00093

[Pure Ops] DDC operation-only timing:
  AND: 8.5e-05 ms (card: 0)
  OR:  0.000883 ms (card: 18491)
  XOR: 0.00087 ms (card: 18491)
  NOT: 0.000295 ms (card: 36234095)
  COMP (~((A|B)&(B|C))): 0.046783 ms (card: 36236102 OK)
---------------------------------------
