CSV output: /home/lichenhang/lee/thesis/check/lee/combit-job-wah-ewah-btv-20260821/experiments/job_wah_ewah_btv_20260821/raw/r4_cast_info_person_id_ewah.csv
=== Compressed .bm Benchmark Mode ===
Directory: /home/lichenhang/lee/thesis/check/lee/R3W1_realworld_excel_20260809/job_unified10/logical_top3_datasets/cast_info_person_id/bitmap/bm_36244344_c3_ewah
Rows: 36244344 | Cardinality: 3
AND caliber: PAIR (A&B, real op)

=======================================
Benchmark [EWAH] — Compressed .bm Files
Source: /home/lichenhang/lee/thesis/check/lee/R3W1_realworld_excel_20260809/job_unified10/logical_top3_datasets/cast_info_person_id/bitmap/bm_36244344_c3_ewah
Rows: 36244344 | Cardinality: 3 | Loaded: 3
=======================================
[Load] Loaded 3 compressed bitmaps: 0.029463 ms
  1.bm → cardinality: 10249
  2.bm → cardinality: 8242
  3.bm → cardinality: 7725

[Storage] Total compressed: 480 bytes (0.46875 KB) | Ratio: 3.53159e-05x

[Compute] Pairwise ops on first 2 bitmaps:
  bitOr:  0.002335 ms (card: 18491)
  bitAnd: 0.001197 ms (card: 0)
  bitXor: 0.001723 ms (card: 18491)

[Compute] Multi-way OR of 3 bitmaps: 0.001343 ms (card: 26216)

[Pure Ops] EWAH operation-only:
  AND: 0.000148 ms
  OR:  0.000195 ms
  XOR: 0.000208 ms
  NOT: 0.000109 ms
  COMP (~((A|B)&(B|C))): 0.000864 ms
  COMP (+ dense BTV): 0.33332 ms
---------------------------------------
