CSV output: /home/lichenhang/lee/thesis/check/lee/combit-job-wah-ewah-btv-20260821/experiments/job_wah_ewah_btv_20260821/raw/r4_mi_itype_ewah.csv
=== Compressed .bm Benchmark Mode ===
Directory: /home/lichenhang/lee/thesis/check/lee/R3W1_realworld_excel_20260809/ewah_corrected/job/data/mi_itype/bitmap/bm_14835720_c71_ewah
Rows: 14835720 | Cardinality: 71
AND caliber: PAIR (A&B, real op)

=======================================
Benchmark [EWAH] — Compressed .bm Files
Source: /home/lichenhang/lee/thesis/check/lee/R3W1_realworld_excel_20260809/ewah_corrected/job/data/mi_itype/bitmap/bm_14835720_c71_ewah
Rows: 14835720 | Cardinality: 71 | Loaded: 71
=======================================
[Load] Loaded 71 compressed bitmaps: 0.970845 ms
  1.bm → cardinality: 3036719
  2.bm → cardinality: 1533909
  3.bm → cardinality: 1401902
  4.bm → cardinality: 1325361
  5.bm → cardinality: 1298989
  ... (66 more)

[Storage] Total compressed: 1455192 bytes (1421.09 KB) | Ratio: 0.0110521x

[Compute] Pairwise ops on first 2 bitmaps:
  bitOr:  0.001557 ms (card: 4570628)
  bitAnd: 0.001097 ms (card: 0)
  bitXor: 0.001373 ms (card: 4570628)

[Compute] Multi-way OR of 71 bitmaps: 1.72062 ms (card: 14835720)

[Pure Ops] EWAH operation-only:
  AND: 0.000101 ms
  OR:  0.000104 ms
  XOR: 0.0001 ms
  NOT: 9.8e-05 ms
  COMP (~((A|B)&(B|C))): 0.000371 ms
  COMP (+ dense BTV): 0.079122 ms
---------------------------------------
