CSV output: /home/lichenhang/lee/thesis/check/lee/combit-job-wah-ewah-btv-20260821/experiments/job_wah_ewah_btv_20260821/raw/r4_pi_itype_ewah.csv
=== Compressed .bm Benchmark Mode ===
Directory: /home/lichenhang/lee/thesis/check/lee/R3W1_realworld_excel_20260809/ewah_corrected/job/data/pi_itype/bitmap/bm_2963664_c22_ewah
Rows: 2963664 | Cardinality: 22
AND caliber: PAIR (A&B, real op)

=======================================
Benchmark [EWAH] — Compressed .bm Files
Source: /home/lichenhang/lee/thesis/check/lee/R3W1_realworld_excel_20260809/ewah_corrected/job/data/pi_itype/bitmap/bm_2963664_c22_ewah
Rows: 2963664 | Cardinality: 22 | Loaded: 22
=======================================
[Load] Loaded 22 compressed bitmaps: 3.2001 ms
  1.bm → cardinality: 620526
  2.bm → cardinality: 419654
  3.bm → cardinality: 353282
  4.bm → cardinality: 329504
  5.bm → cardinality: 142345
  ... (17 more)

[Storage] Total compressed: 5854216 bytes (5717.01 KB) | Ratio: 0.718302x

[Compute] Pairwise ops on first 2 bitmaps:
  bitOr:  0.38858 ms (card: 1040180)
  bitAnd: 0.247888 ms (card: 0)
  bitXor: 0.39174 ms (card: 1040180)

[Compute] Multi-way OR of 22 bitmaps: 6.86233 ms (card: 2963664)

[Pure Ops] EWAH operation-only:
  AND: 0.246327 ms
  OR:  0.2278 ms
  XOR: 0.236684 ms
  NOT: 0.154419 ms
  COMP (~((A|B)&(B|C))): 0.897486 ms
  COMP (+ dense BTV): 0.97993 ms
---------------------------------------
