CSV output: /home/lichenhang/lee/thesis/check/lee/combit-job-wah-ewah-btv-20260821/experiments/job_wah_ewah_btv_20260821/raw/r4_year_ddc.csv
=== Compressed .bm Benchmark Mode ===
Directory: /home/lichenhang/lee/thesis/check/lee/combit/realdata/year/bitmap/bm_2528312_c132_ddc_w8
Rows: 2528312 | Cardinality: 132
AND caliber: PAIR (A&B, real op)

=======================================
Benchmark [DDC (New)] — Compressed .bm Files
Source: /home/lichenhang/lee/thesis/check/lee/combit/realdata/year/bitmap/bm_2528312_c132_ddc_w8
Rows: 2528312 | Cardinality: 132 | Loaded: 132
=======================================
[Load] Loaded 132 compressed bitmaps: 4.66565 ms
  1.bm → cardinality: 164307
  2.bm → cardinality: 160017
  3.bm → cardinality: 141703
  4.bm → cardinality: 128696
  5.bm → cardinality: 122861
  ... (127 more)

[Storage] Total compressed: 4010490 bytes (3916.49 KB) | Ratio: 0.0961353x
[DDC Storage] l4_bytes: 0.0538062 MB | l3_bytes: 0.315495 MB | l2_bytes: 1.22862 MB | l1_bytes: 2.11057 MB | total_bytes: 3.70849 MB

[Compute] Pairwise ops on first 2 bitmaps:
  bitOr:  0.173824 ms (card: 324324)
  bitAnd: 0.17288 ms (card: 0)
  bitXor: 0.156959 ms (card: 324324)

[Compute] Multi-way OR of 132 bitmaps: 3.35595 ms (card: 2456218)
  [MIRROR-IN-PROC] OR raw: 0.027831 0.027837 0.027849 0.027865 0.027866 0.027868 0.027888 0.027889 0.027893 0.027901 0.027902 0.027908 0.027909 0.027913 0.027915 0.027918 0.02792 0.027921 0.027928 0.027929 0.027943 0.027945 0.027955 0.027956 0.027957 0.027959 0.027959 0.027959 0.027961 0.027962 0.027963 0.027967 0.027967 0.027968 0.027969 0.027973 0.027973 0.027973 0.027974 0.027974 0.027975 0.027977 0.027982 0.027988 0.027991 0.027997 0.027997 0.027997 0.028002 0.028003 0.028007 0.028014 0.028018 0.028018 0.028021 0.028026 0.028028 0.028039 0.028039 0.028045 0.028051 0.028055 0.028061 0.028062 0.028066 0.028071 0.028071 0.028084 0.02809 0.028093 0.028098 0.0281 0.028104 0.028113 0.028121 0.028132 0.028134 0.028138 0.028151 0.028152 0.028154 0.028155 0.02816 0.028187 0.028202 0.028214 0.028242 0.028247 0.02826 0.028298 0.028402 0.028801 0.030047 0.030306 0.030472 0.030832 0.03258 0.033821 0.034129 0.036275  median=0.028007

[Pure Ops] DDC operation-only timing:
  AND: 0.033483 ms (card: 0)
  OR:  0.029023 ms (card: 324324)
  XOR: 0.029738 ms (card: 324324)
  NOT: 0.012467 ms (card: 2364005)
  COMP (~((A|B)&(B|C))): 0.075805 ms (card: 2368295 OK)
---------------------------------------
