CSV output: /home/lichenhang/lee/thesis/check/lee/combit-job-wah-ewah-btv-20260821/experiments/job_wah_ewah_btv_20260821/raw/r5_cast_info_person_id_ddc.csv
=== Compressed .bm Benchmark Mode ===
Directory: /home/lichenhang/lee/thesis/check/lee/R3W1_realworld_excel_20260809/job_unified10/logical_top3_datasets/cast_info_person_id/bitmap/bm_36244344_c3_ddc_w8
Rows: 36244344 | Cardinality: 3
AND caliber: PAIR (A&B, real op)

=======================================
Benchmark [DDC (New)] — Compressed .bm Files
Source: /home/lichenhang/lee/thesis/check/lee/R3W1_realworld_excel_20260809/job_unified10/logical_top3_datasets/cast_info_person_id/bitmap/bm_36244344_c3_ddc_w8
Rows: 36244344 | Cardinality: 3 | Loaded: 3
=======================================
[Load] Loaded 3 compressed bitmaps: 0.181276 ms
  1.bm → cardinality: 10249
  2.bm → cardinality: 8242
  3.bm → cardinality: 7725

[Storage] Total compressed: 953 bytes (0.930664 KB) | Ratio: 7.01167e-05x
[DDC Storage] l4_bytes: 0.000198364 MB | l3_bytes: 6.19888e-05 MB | l2_bytes: 0.000404358 MB | l1_bytes: 0.00313663 MB | total_bytes: 0.00380135 MB

[Compute] Pairwise ops on first 2 bitmaps:
  bitOr:  0.018251 ms (card: 18491)
  bitAnd: 0.003637 ms (card: 0)
  bitXor: 0.008811 ms (card: 18491)

[Compute] Multi-way OR of 3 bitmaps: 0.010231 ms (card: 26216)
  [MIRROR-IN-PROC] OR raw: 0.000841 0.000841 0.000842 0.000843 0.000844 0.000844 0.000845 0.000845 0.000846 0.000847 0.000847 0.000848 0.000848 0.000849 0.000849 0.000849 0.000849 0.00085 0.00085 0.000851 0.000851 0.000851 0.000852 0.000852 0.000852 0.000853 0.000856 0.000862 0.000862 0.000867 0.000868 0.000873 0.000875 0.000886 0.000888 0.000894 0.000894 0.000895 0.000896 0.000896 0.000897 0.000897 0.000898 0.000899 0.0009 0.0009 0.0009 0.0009 0.0009 0.0009 0.0009 0.0009 0.000901 0.000901 0.000901 0.000902 0.000902 0.000902 0.000902 0.000902 0.000902 0.000902 0.000903 0.000903 0.000904 0.000905 0.000905 0.000905 0.000905 0.000906 0.000908 0.00091 0.000912 0.000912 0.000914 0.000914 0.000918 0.000918 0.00092 0.00092 0.000921 0.000924 0.000924 0.000924 0.000925 0.000925 0.000926 0.000926 0.000927 0.000927 0.000929 0.00093 0.000932 0.000944 0.000949 0.000997 0.001051 0.001068 0.001138 0.001142  median=0.0009

[Pure Ops] DDC operation-only timing:
  AND: 7.8e-05 ms (card: 0)
  OR:  0.000914 ms (card: 18491)
  XOR: 0.000853 ms (card: 18491)
  NOT: 0.000294 ms (card: 36234095)
  COMP (~((A|B)&(B|C))): 0.046652 ms (card: 36236102 OK)
---------------------------------------
