CSV output: /home/lichenhang/lee/thesis/check/lee/combit-job-wah-ewah-btv-20260821/experiments/job_wah_ewah_btv_20260821/raw/r5_kind_ddc.csv
=== Compressed .bm Benchmark Mode ===
Directory: /home/lichenhang/lee/thesis/check/lee/combit/realdata/kind/bitmap/bm_2528312_c6_ddc_w8
Rows: 2528312 | Cardinality: 6
AND caliber: PAIR (A&B, real op)

=======================================
Benchmark [DDC (New)] — Compressed .bm Files
Source: /home/lichenhang/lee/thesis/check/lee/combit/realdata/kind/bitmap/bm_2528312_c6_ddc_w8
Rows: 2528312 | Cardinality: 6 | Loaded: 6
=======================================
[Load] Loaded 6 compressed bitmaps: 0.418163 ms
  1.bm → cardinality: 1543264
  2.bm → cardinality: 662825
  3.bm → cardinality: 118234
  4.bm → cardinality: 100537
  5.bm → cardinality: 90852
  ... (1 more)

[Storage] Total compressed: 530308 bytes (517.879 KB) | Ratio: 0.279664x
[DDC Storage] l4_bytes: 0.0018084 MB | l3_bytes: 0.00589561 MB | l2_bytes: 0.0896559 MB | l1_bytes: 0.404906 MB | total_bytes: 0.502266 MB

[Compute] Pairwise ops on first 2 bitmaps:
  bitOr:  0.130724 ms (card: 2206089)
  bitAnd: 0.014558 ms (card: 0)
  bitXor: 0.086194 ms (card: 2206089)

[Compute] Multi-way OR of 6 bitmaps: 0.230967 ms (card: 2528312)
  [MIRROR-IN-PROC] OR raw: 0.011379 0.01138 0.01139 0.011434 0.011438 0.01146 0.011476 0.011479 0.01148 0.011487 0.01149 0.011493 0.011498 0.0115 0.011524 0.011529 0.011533 0.01154 0.01155 0.011555 0.011558 0.011564 0.01157 0.011582 0.011586 0.01159 0.011597 0.011598 0.011598 0.011604 0.011604 0.011606 0.011609 0.011612 0.011616 0.011618 0.01162 0.01162 0.011622 0.011623 0.011624 0.011624 0.011626 0.011628 0.011631 0.011635 0.011637 0.011638 0.011638 0.011639 0.01164 0.011653 0.011662 0.011664 0.011665 0.01167 0.01167 0.011672 0.011675 0.011676 0.011683 0.011684 0.011685 0.011695 0.011697 0.0117 0.011715 0.011715 0.011717 0.011723 0.011726 0.011727 0.011734 0.011744 0.011747 0.011748 0.011748 0.011749 0.01175 0.011805 0.011822 0.011832 0.011839 0.011871 0.01191 0.01194 0.011998 0.012132 0.014451 0.017574 0.017723 0.018975 0.019252 0.019274 0.019818 0.019877 0.0202 0.02027 0.02054 0.026549  median=0.01164

[Pure Ops] DDC operation-only timing:
  AND: 0.003946 ms (card: 0)
  OR:  0.012385 ms (card: 2206089)
  XOR: 0.011797 ms (card: 2206089)
  NOT: 0.007264 ms (card: 985048)
  COMP (~((A|B)&(B|C))): 0.042423 ms (card: 1865487 OK)
---------------------------------------
