CSV output: /home/lichenhang/lee/thesis/check/lee/combit-job-wah-ewah-btv-20260821/experiments/job_wah_ewah_btv_20260821/raw/r5_year_ddc.csv
=== Compressed .bm Benchmark Mode ===
Directory: /home/lichenhang/lee/thesis/check/lee/combit/realdata/year/bitmap/bm_2528312_c132_ddc_w8
Rows: 2528312 | Cardinality: 132
AND caliber: PAIR (A&B, real op)

=======================================
Benchmark [DDC (New)] — Compressed .bm Files
Source: /home/lichenhang/lee/thesis/check/lee/combit/realdata/year/bitmap/bm_2528312_c132_ddc_w8
Rows: 2528312 | Cardinality: 132 | Loaded: 132
=======================================
[Load] Loaded 132 compressed bitmaps: 5.01137 ms
  1.bm → cardinality: 164307
  2.bm → cardinality: 160017
  3.bm → cardinality: 141703
  4.bm → cardinality: 128696
  5.bm → cardinality: 122861
  ... (127 more)

[Storage] Total compressed: 4010490 bytes (3916.49 KB) | Ratio: 0.0961353x
[DDC Storage] l4_bytes: 0.0538062 MB | l3_bytes: 0.315495 MB | l2_bytes: 1.22862 MB | l1_bytes: 2.11057 MB | total_bytes: 3.70849 MB

[Compute] Pairwise ops on first 2 bitmaps:
  bitOr:  0.214373 ms (card: 324324)
  bitAnd: 0.164084 ms (card: 0)
  bitXor: 0.159281 ms (card: 324324)

[Compute] Multi-way OR of 132 bitmaps: 3.21354 ms (card: 2456218)
  [MIRROR-IN-PROC] OR raw: 0.02764 0.027645 0.027694 0.027697 0.0277 0.027714 0.027717 0.027726 0.027729 0.027729 0.027733 0.027735 0.027736 0.027742 0.027745 0.027747 0.027747 0.027752 0.027754 0.027754 0.027755 0.027756 0.027764 0.027776 0.027779 0.027781 0.027782 0.027783 0.027784 0.027786 0.027787 0.027788 0.027789 0.02779 0.02779 0.02779 0.027792 0.027794 0.027798 0.027801 0.027801 0.027803 0.027805 0.027805 0.027807 0.027807 0.027809 0.027815 0.027817 0.027817 0.027819 0.027819 0.027821 0.027822 0.027824 0.027826 0.027828 0.027828 0.027828 0.027828 0.027832 0.027835 0.027836 0.027839 0.027839 0.027841 0.027842 0.027848 0.027852 0.027858 0.027859 0.027862 0.027864 0.027866 0.027872 0.027873 0.027876 0.027877 0.027884 0.027888 0.027892 0.027893 0.0279 0.027904 0.027905 0.027907 0.027907 0.027908 0.027929 0.027935 0.027972 0.027975 0.027975 0.027976 0.028223 0.029046 0.030453 0.030547 0.033665 0.038563  median=0.027819

[Pure Ops] DDC operation-only timing:
  AND: 0.031478 ms (card: 0)
  OR:  0.02796 ms (card: 324324)
  XOR: 0.029819 ms (card: 324324)
  NOT: 0.011795 ms (card: 2364005)
  COMP (~((A|B)&(B|C))): 0.076042 ms (card: 2368295 OK)
---------------------------------------
