CSV output: /home/lichenhang/lee/thesis/check/lee/combit-cr-native-20260820/experiments/job_comp_literal_native_20260821/raw/r1_cast_info_movie_id_ddc.csv
=== Compressed .bm Benchmark Mode ===
Directory: /home/lichenhang/lee/thesis/check/lee/R3W1_realworld_excel_20260809/job_unified10/logical_top3_datasets/cast_info_movie_id/bitmap/bm_36244344_c3_ddc_w8
Rows: 36244344 | Cardinality: 3
AND caliber: PAIR (A&B, real op)

=======================================
Benchmark [DDC (New)] — Compressed .bm Files
Source: /home/lichenhang/lee/thesis/check/lee/R3W1_realworld_excel_20260809/job_unified10/logical_top3_datasets/cast_info_movie_id/bitmap/bm_36244344_c3_ddc_w8
Rows: 36244344 | Cardinality: 3 | Loaded: 3
=======================================
[Load] Loaded 3 compressed bitmaps: 0.395368 ms
  1.bm → cardinality: 1741
  2.bm → cardinality: 1572
  3.bm → cardinality: 1531

[Storage] Total compressed: 39829 bytes (38.8955 KB) | Ratio: 0.00293041x
[DDC Storage] l4_bytes: 0.00927734 MB | l3_bytes: 0.00293159 MB | l2_bytes: 0.00317764 MB | l1_bytes: 0.00340557 MB | total_bytes: 0.0187922 MB

[Compute] Pairwise ops on first 2 bitmaps:
  bitOr:  0.106929 ms (card: 3313)
  bitAnd: 0.012313 ms (card: 0)
  bitXor: 0.096152 ms (card: 3313)

[Compute] Multi-way OR of 3 bitmaps: 0.626543 ms (card: 4844)
  [MIRROR-IN-PROC] OR raw: 0.031883 0.031897 0.031935 0.031946 0.03196 0.031982 0.031995 0.03201 0.032024 0.032029 0.032037 0.032047 0.032062 0.032073 0.032079 0.032079 0.032103 0.032103 0.032104 0.032111 0.032117 0.032138 0.032143 0.032167 0.032173 0.032184 0.032218 0.03222 0.032232 0.032234 0.032276 0.032292 0.0323 0.032317 0.03234 0.032341 0.032348 0.032349 0.032357 0.03239 0.032391 0.032407 0.032412 0.032438 0.032453 0.032454 0.032456 0.032489 0.032493 0.032512 0.032519 0.032522 0.032556 0.032557 0.032598 0.0326 0.032626 0.032642 0.03272 0.032723 0.032757 0.032778 0.032846 0.032972 0.033048 0.033371 0.033436 0.033448 0.033497 0.033717 0.033767 0.033773 0.033928 0.033986 0.034112 0.034167 0.03424 0.034244 0.034254 0.034337 0.034461 0.034471 0.034551 0.034695 0.035543 0.035546 0.035851 0.03588 0.036543 0.036629 0.036716 0.037705 0.038233 0.038246 0.038973 0.039106 0.039505 0.040597 0.040783 0.041201  median=0.032519

[Pure Ops] DDC operation-only timing:
  AND: 0.004852 ms (card: 0)
  OR:  0.032265 ms (card: 3313)
  XOR: 0.030993 ms (card: 3313)
  NOT: 0.01002 ms (card: 36242603)
  COMP (~((A|B)&(B|C))): 0.4135 ms (card: 36242772 OK)
---------------------------------------
