CSV output: /home/lichenhang/lee/thesis/check/lee/combit-cr-native-20260820/experiments/job_comp_literal_native_20260821/raw/r1_cast_info_movie_id_ewah.csv
=== Compressed .bm Benchmark Mode ===
Directory: /home/lichenhang/lee/thesis/check/lee/R3W1_realworld_excel_20260809/job_unified10/logical_top3_datasets/cast_info_movie_id/bitmap/bm_36244344_c3_ewah
Rows: 36244344 | Cardinality: 3
AND caliber: PAIR (A&B, real op)

=======================================
Benchmark [EWAH] — Compressed .bm Files
Source: /home/lichenhang/lee/thesis/check/lee/R3W1_realworld_excel_20260809/job_unified10/logical_top3_datasets/cast_info_movie_id/bitmap/bm_36244344_c3_ewah
Rows: 36244344 | Cardinality: 3 | Loaded: 3
=======================================
[Load] Loaded 3 compressed bitmaps: 0.044686 ms
  1.bm → cardinality: 1741
  2.bm → cardinality: 1572
  3.bm → cardinality: 1531

[Storage] Total compressed: 52592 bytes (51.3594 KB) | Ratio: 0.00386944x

[Compute] Pairwise ops on first 2 bitmaps:
  bitOr:  0.026822 ms (card: 3313)
  bitAnd: 0.01032 ms (card: 0)
  bitXor: 0.022898 ms (card: 3313)

[Compute] Multi-way OR of 3 bitmaps: 0.049056 ms (card: 4844)

[Pure Ops] EWAH operation-only:
  AND: 0.007676 ms
  OR:  0.013147 ms
  XOR: 0.013815 ms
  NOT: 0.014505 ms
  COMP (~((A|B)&(B|C))): 0.048178 ms
---------------------------------------
