CSV output: /home/lichenhang/lee/thesis/check/lee/combit-cr-native-20260820/experiments/job_comp_literal_native_20260821/raw/r1_kind_ddc.csv
=== Compressed .bm Benchmark Mode ===
Directory: /home/lichenhang/lee/thesis/check/lee/combit/realdata/kind/bitmap/bm_2528312_c6_ddc_w8
Rows: 2528312 | Cardinality: 6
AND caliber: PAIR (A&B, real op)

=======================================
Benchmark [DDC (New)] — Compressed .bm Files
Source: /home/lichenhang/lee/thesis/check/lee/combit/realdata/kind/bitmap/bm_2528312_c6_ddc_w8
Rows: 2528312 | Cardinality: 6 | Loaded: 6
=======================================
[Load] Loaded 6 compressed bitmaps: 0.494271 ms
  1.bm → cardinality: 1543264
  2.bm → cardinality: 662825
  3.bm → cardinality: 118234
  4.bm → cardinality: 100537
  5.bm → cardinality: 90852
  ... (1 more)

[Storage] Total compressed: 530308 bytes (517.879 KB) | Ratio: 0.279664x
[DDC Storage] l4_bytes: 0.0018084 MB | l3_bytes: 0.00589561 MB | l2_bytes: 0.0896559 MB | l1_bytes: 0.404906 MB | total_bytes: 0.502266 MB

[Compute] Pairwise ops on first 2 bitmaps:
  bitOr:  0.11111 ms (card: 2206089)
  bitAnd: 0.02492 ms (card: 0)
  bitXor: 0.091526 ms (card: 2206089)

[Compute] Multi-way OR of 6 bitmaps: 0.251419 ms (card: 2528312)
  [MIRROR-IN-PROC] OR raw: 0.011414 0.011428 0.011438 0.011455 0.011466 0.011468 0.01147 0.011479 0.01149 0.011494 0.011513 0.011516 0.011534 0.011537 0.011539 0.011548 0.01155 0.011551 0.011552 0.011552 0.011559 0.011563 0.011564 0.011566 0.011571 0.011572 0.011583 0.011587 0.011588 0.011589 0.011596 0.011597 0.0116 0.011602 0.011603 0.011609 0.011615 0.011616 0.011621 0.011625 0.011627 0.011632 0.011634 0.011635 0.011638 0.01164 0.01164 0.01164 0.011642 0.011646 0.011647 0.011656 0.011658 0.011659 0.011664 0.011666 0.011671 0.011672 0.011674 0.011676 0.01168 0.011684 0.011695 0.011697 0.0117 0.011705 0.011711 0.011712 0.011719 0.011722 0.011724 0.011726 0.011732 0.011738 0.01175 0.011752 0.011755 0.01176 0.011764 0.011767 0.011791 0.011797 0.011804 0.011848 0.011891 0.011893 0.011896 0.0119 0.012021 0.012336 0.012475 0.012488 0.012488 0.012525 0.012582 0.012599 0.012825 0.012876 0.014267 0.018149  median=0.011647

[Pure Ops] DDC operation-only timing:
  AND: 0.003932 ms (card: 0)
  OR:  0.012491 ms (card: 2206089)
  XOR: 0.01175 ms (card: 2206089)
  NOT: 0.007297 ms (card: 985048)
  COMP (~((A|B)&(B|C))): 0.044123 ms (card: 1865487 OK)
---------------------------------------
