CSV output: /home/lichenhang/lee/thesis/check/lee/combit-cr-native-20260820/experiments/job_comp_literal_native_20260821/raw/r1_mc_ctype_ddc.csv
=== Compressed .bm Benchmark Mode ===
Directory: /home/lichenhang/lee/thesis/check/lee/combit/realdata/mc_ctype/bitmap/bm_2609129_c2_ddc_w8
Rows: 2609129 | Cardinality: 2
AND caliber: PAIR (A&B, real op)

=======================================
Benchmark [DDC (New)] — Compressed .bm Files
Source: /home/lichenhang/lee/thesis/check/lee/combit/realdata/mc_ctype/bitmap/bm_2609129_c2_ddc_w8
Rows: 2609129 | Cardinality: 2 | Loaded: 2
=======================================
[Load] Loaded 2 compressed bitmaps: 0.047534 ms
  1.bm → cardinality: 1334883
  2.bm → cardinality: 1274246

[Storage] Total compressed: 247 bytes (0.241211 KB) | Ratio: 0.00037867x
[DDC Storage] l4_bytes: 4.29153e-05 MB | l3_bytes: 2.86102e-06 MB | l2_bytes: 2.86102e-06 MB | l1_bytes: 2.86102e-06 MB | total_bytes: 5.14984e-05 MB

[Compute] Pairwise ops on first 2 bitmaps:
  bitOr:  0.018356 ms (card: 2609129)
  bitAnd: 0.003974 ms (card: 0)
  bitXor: 0.006913 ms (card: 2609129)
  [MIRROR-IN-PROC] OR raw: 0.000203 0.000204 0.000204 0.000204 0.000204 0.000204 0.000204 0.000204 0.000204 0.000204 0.000204 0.000205 0.000205 0.000205 0.000205 0.000205 0.000205 0.000205 0.000205 0.000205 0.000205 0.000205 0.000205 0.000205 0.000206 0.000206 0.000206 0.000206 0.000206 0.000206 0.000206 0.000206 0.000206 0.000206 0.000206 0.000206 0.000206 0.000206 0.000207 0.000207 0.000207 0.000207 0.000207 0.000207 0.000207 0.000207 0.000207 0.000207 0.000207 0.000207 0.000207 0.000207 0.000207 0.000207 0.000207 0.000207 0.000207 0.000207 0.000207 0.000207 0.000207 0.000207 0.000207 0.000208 0.000208 0.000208 0.000208 0.000208 0.000208 0.000208 0.000208 0.000208 0.000208 0.000208 0.000208 0.000208 0.000208 0.000208 0.000208 0.000208 0.000208 0.000208 0.000208 0.000208 0.000208 0.000208 0.000208 0.000209 0.000211 0.000212 0.000214 0.000216 0.000231 0.000232 0.000233 0.000235 0.000241 0.000244 0.000266 0.000428  median=0.000207

[Pure Ops] DDC operation-only timing:
  AND: 0.000159 ms (card: 0)
  OR:  0.000211 ms (card: 2609129)
  XOR: 0.000209 ms (card: 2609129)
  NOT: 0.000416 ms (card: 1274246)
  COMP (~((A|B)&(B|C))): 0.002952 ms (card: 0 OK)
---------------------------------------
