CSV output: /home/lichenhang/lee/thesis/check/lee/combit-cr-native-20260820/experiments/job_comp_literal_native_20260821/raw/r1_mi_itype_wah.csv
=== Compressed .bm Benchmark Mode ===
Directory: /home/lichenhang/lee/thesis/check/lee/combit/realdata/mi_itype/bitmap/bm_14835720_c71_wah
Rows: 14835720 | Cardinality: 71
AND caliber: PAIR (A&B, real op)

=======================================
Benchmark [WAH (FastBit)] — Compressed .bm Files
Source: /home/lichenhang/lee/thesis/check/lee/combit/realdata/mi_itype/bitmap/bm_14835720_c71_wah
Rows: 14835720 | Cardinality: 71 | Loaded: 71
=======================================
[Load] Loaded 71 compressed bitmaps: 1.58033 ms
  1.bm → cardinality: 3036719
  2.bm → cardinality: 1533909
  3.bm → cardinality: 1401902
  4.bm → cardinality: 1325361
  5.bm → cardinality: 1298989
  ... (66 more)

[Storage] Total compressed: 1377992 bytes (1345.7 KB) | Ratio: 0.0104657x

[Compute] Pairwise ops on first 2 bitmaps:
  bitOr:  0.007284 ms (card: 4570628)
  bitAnd: 0.001738 ms (card: 0)
  bitXor: 0.001969 ms (card: 4570628)

[Compute] Multi-way OR of 71 bitmaps: 3.97161 ms (card: 14835720)

[Pure Ops] WAH (FastBit) operation-only:
  AND: 0.0003 ms
  OR:  0.000404 ms
  XOR: 0.000307 ms
  NOT: 0.000141 ms
  COMP (~((A|B)&(B|C))): 0.001212 ms
---------------------------------------
