CSV output: /home/lichenhang/lee/thesis/check/lee/combit-cr-native-20260820/experiments/job_comp_literal_native_20260821/raw/r2_cast_info_movie_id_ddc.csv
=== Compressed .bm Benchmark Mode ===
Directory: /home/lichenhang/lee/thesis/check/lee/R3W1_realworld_excel_20260809/job_unified10/logical_top3_datasets/cast_info_movie_id/bitmap/bm_36244344_c3_ddc_w8
Rows: 36244344 | Cardinality: 3
AND caliber: PAIR (A&B, real op)

=======================================
Benchmark [DDC (New)] — Compressed .bm Files
Source: /home/lichenhang/lee/thesis/check/lee/R3W1_realworld_excel_20260809/job_unified10/logical_top3_datasets/cast_info_movie_id/bitmap/bm_36244344_c3_ddc_w8
Rows: 36244344 | Cardinality: 3 | Loaded: 3
=======================================
[Load] Loaded 3 compressed bitmaps: 0.414968 ms
  1.bm → cardinality: 1741
  2.bm → cardinality: 1572
  3.bm → cardinality: 1531

[Storage] Total compressed: 39829 bytes (38.8955 KB) | Ratio: 0.00293041x
[DDC Storage] l4_bytes: 0.00927734 MB | l3_bytes: 0.00293159 MB | l2_bytes: 0.00317764 MB | l1_bytes: 0.00340557 MB | total_bytes: 0.0187922 MB

[Compute] Pairwise ops on first 2 bitmaps:
  bitOr:  0.108031 ms (card: 3313)
  bitAnd: 0.013639 ms (card: 0)
  bitXor: 0.100978 ms (card: 3313)

[Compute] Multi-way OR of 3 bitmaps: 0.598649 ms (card: 4844)
  [MIRROR-IN-PROC] OR raw: 0.031771 0.031773 0.031938 0.031997 0.032002 0.032045 0.03206 0.032085 0.032107 0.032108 0.032129 0.032141 0.032153 0.032164 0.032167 0.032214 0.032228 0.032245 0.032254 0.032254 0.03226 0.032265 0.03228 0.03229 0.032298 0.032305 0.032326 0.032335 0.032344 0.032353 0.032368 0.03237 0.032378 0.032384 0.032388 0.032392 0.032401 0.032408 0.03242 0.032426 0.032442 0.032451 0.032484 0.032489 0.032493 0.032549 0.03258 0.032585 0.03259 0.032597 0.032617 0.032623 0.032643 0.032657 0.032664 0.032679 0.032704 0.032748 0.032831 0.032906 0.032973 0.033161 0.033177 0.033184 0.033223 0.033235 0.033247 0.033576 0.033582 0.033582 0.033655 0.033752 0.033793 0.033795 0.033866 0.03387 0.033965 0.034012 0.034241 0.034311 0.034323 0.034375 0.034445 0.034504 0.034556 0.034563 0.034593 0.034888 0.034928 0.035493 0.035652 0.036157 0.0364 0.036994 0.03756 0.03797 0.03809 0.04027 0.040626 0.049728  median=0.032617

[Pure Ops] DDC operation-only timing:
  AND: 0.004805 ms (card: 0)
  OR:  0.032073 ms (card: 3313)
  XOR: 0.030912 ms (card: 3313)
  NOT: 0.009935 ms (card: 36242603)
  COMP (~((A|B)&(B|C))): 0.397292 ms (card: 36242772 OK)
---------------------------------------
