CSV output: /home/lichenhang/lee/thesis/check/lee/combit-cr-native-20260820/experiments/job_comp_literal_native_20260821/raw/r2_cast_info_person_id_ddc.csv
=== Compressed .bm Benchmark Mode ===
Directory: /home/lichenhang/lee/thesis/check/lee/R3W1_realworld_excel_20260809/job_unified10/logical_top3_datasets/cast_info_person_id/bitmap/bm_36244344_c3_ddc_w8
Rows: 36244344 | Cardinality: 3
AND caliber: PAIR (A&B, real op)

=======================================
Benchmark [DDC (New)] — Compressed .bm Files
Source: /home/lichenhang/lee/thesis/check/lee/R3W1_realworld_excel_20260809/job_unified10/logical_top3_datasets/cast_info_person_id/bitmap/bm_36244344_c3_ddc_w8
Rows: 36244344 | Cardinality: 3 | Loaded: 3
=======================================
[Load] Loaded 3 compressed bitmaps: 0.176676 ms
  1.bm → cardinality: 10249
  2.bm → cardinality: 8242
  3.bm → cardinality: 7725

[Storage] Total compressed: 953 bytes (0.930664 KB) | Ratio: 7.01167e-05x
[DDC Storage] l4_bytes: 0.000198364 MB | l3_bytes: 6.19888e-05 MB | l2_bytes: 0.000404358 MB | l1_bytes: 0.00313663 MB | total_bytes: 0.00380135 MB

[Compute] Pairwise ops on first 2 bitmaps:
  bitOr:  0.019109 ms (card: 18491)
  bitAnd: 0.002481 ms (card: 0)
  bitXor: 0.006897 ms (card: 18491)

[Compute] Multi-way OR of 3 bitmaps: 0.010132 ms (card: 26216)
  [MIRROR-IN-PROC] OR raw: 0.000858 0.000863 0.000865 0.000867 0.000868 0.000868 0.000869 0.000869 0.00087 0.00087 0.000871 0.000871 0.000871 0.000872 0.000872 0.000873 0.000873 0.000873 0.000874 0.000875 0.000875 0.000876 0.000876 0.000878 0.000878 0.000879 0.000881 0.000888 0.00089 0.000892 0.000892 0.000893 0.000895 0.000896 0.000898 0.000898 0.000901 0.000908 0.000909 0.000909 0.000913 0.000913 0.000913 0.000915 0.000915 0.000916 0.000916 0.000916 0.000917 0.000917 0.000918 0.000918 0.000919 0.000919 0.000919 0.000919 0.000919 0.000919 0.000919 0.000919 0.000919 0.00092 0.00092 0.00092 0.000921 0.000921 0.000921 0.000922 0.000923 0.000923 0.000923 0.000923 0.000924 0.000924 0.000924 0.000926 0.000926 0.000927 0.000928 0.000929 0.000931 0.000932 0.000935 0.000935 0.000937 0.000938 0.000938 0.000939 0.00094 0.00094 0.000941 0.000945 0.000951 0.000966 0.001006 0.001033 0.00109 0.001111 0.001128 0.001138  median=0.000918

[Pure Ops] DDC operation-only timing:
  AND: 8e-05 ms (card: 0)
  OR:  0.000884 ms (card: 18491)
  XOR: 0.000861 ms (card: 18491)
  NOT: 0.000288 ms (card: 36234095)
  COMP (~((A|B)&(B|C))): 0.049095 ms (card: 36236102 OK)
---------------------------------------
