CSV output: /home/lichenhang/lee/thesis/check/lee/combit-cr-native-20260820/experiments/job_comp_literal_native_20260821/raw/r2_kind_ddc.csv
=== Compressed .bm Benchmark Mode ===
Directory: /home/lichenhang/lee/thesis/check/lee/combit/realdata/kind/bitmap/bm_2528312_c6_ddc_w8
Rows: 2528312 | Cardinality: 6
AND caliber: PAIR (A&B, real op)

=======================================
Benchmark [DDC (New)] — Compressed .bm Files
Source: /home/lichenhang/lee/thesis/check/lee/combit/realdata/kind/bitmap/bm_2528312_c6_ddc_w8
Rows: 2528312 | Cardinality: 6 | Loaded: 6
=======================================
[Load] Loaded 6 compressed bitmaps: 0.444188 ms
  1.bm → cardinality: 1543264
  2.bm → cardinality: 662825
  3.bm → cardinality: 118234
  4.bm → cardinality: 100537
  5.bm → cardinality: 90852
  ... (1 more)

[Storage] Total compressed: 530308 bytes (517.879 KB) | Ratio: 0.279664x
[DDC Storage] l4_bytes: 0.0018084 MB | l3_bytes: 0.00589561 MB | l2_bytes: 0.0896559 MB | l1_bytes: 0.404906 MB | total_bytes: 0.502266 MB

[Compute] Pairwise ops on first 2 bitmaps:
  bitOr:  0.105008 ms (card: 2206089)
  bitAnd: 0.014046 ms (card: 0)
  bitXor: 0.085062 ms (card: 2206089)

[Compute] Multi-way OR of 6 bitmaps: 0.229462 ms (card: 2528312)
  [MIRROR-IN-PROC] OR raw: 0.011487 0.011501 0.011502 0.011506 0.011514 0.011522 0.011523 0.011531 0.011541 0.011547 0.011551 0.011551 0.011559 0.011559 0.011561 0.011571 0.011572 0.011583 0.011586 0.011587 0.01159 0.011597 0.011598 0.011616 0.011621 0.011621 0.011623 0.011632 0.01164 0.011642 0.011644 0.011644 0.011654 0.011656 0.011658 0.01167 0.011675 0.011681 0.011682 0.011682 0.011683 0.011687 0.011692 0.011692 0.011694 0.011701 0.011704 0.011704 0.011708 0.01171 0.01171 0.011712 0.011715 0.011729 0.011742 0.011746 0.011753 0.011754 0.011755 0.01176 0.011762 0.011762 0.011763 0.011763 0.011764 0.011768 0.011771 0.011778 0.011778 0.011784 0.011786 0.011807 0.011816 0.011817 0.011828 0.01183 0.011831 0.011845 0.01186 0.011864 0.011864 0.011869 0.011907 0.011909 0.011934 0.011948 0.01202 0.012159 0.012168 0.012172 0.012194 0.012469 0.012876 0.013047 0.013269 0.013382 0.013392 0.014372 0.016644 0.0176  median=0.01171

[Pure Ops] DDC operation-only timing:
  AND: 0.003858 ms (card: 0)
  OR:  0.016392 ms (card: 2206089)
  XOR: 0.015931 ms (card: 2206089)
  NOT: 0.006862 ms (card: 985048)
  COMP (~((A|B)&(B|C))): 0.04286 ms (card: 1865487 OK)
---------------------------------------
