CSV output: /home/lichenhang/lee/thesis/check/lee/combit-cr-native-20260820/experiments/job_comp_literal_native_20260821/raw/r2_mc_ctype_ddc.csv
=== Compressed .bm Benchmark Mode ===
Directory: /home/lichenhang/lee/thesis/check/lee/combit/realdata/mc_ctype/bitmap/bm_2609129_c2_ddc_w8
Rows: 2609129 | Cardinality: 2
AND caliber: PAIR (A&B, real op)

=======================================
Benchmark [DDC (New)] — Compressed .bm Files
Source: /home/lichenhang/lee/thesis/check/lee/combit/realdata/mc_ctype/bitmap/bm_2609129_c2_ddc_w8
Rows: 2609129 | Cardinality: 2 | Loaded: 2
=======================================
[Load] Loaded 2 compressed bitmaps: 0.037843 ms
  1.bm → cardinality: 1334883
  2.bm → cardinality: 1274246

[Storage] Total compressed: 247 bytes (0.241211 KB) | Ratio: 0.00037867x
[DDC Storage] l4_bytes: 4.29153e-05 MB | l3_bytes: 2.86102e-06 MB | l2_bytes: 2.86102e-06 MB | l1_bytes: 2.86102e-06 MB | total_bytes: 5.14984e-05 MB

[Compute] Pairwise ops on first 2 bitmaps:
  bitOr:  0.013688 ms (card: 2609129)
  bitAnd: 0.003764 ms (card: 0)
  bitXor: 0.005909 ms (card: 2609129)
  [MIRROR-IN-PROC] OR raw: 0.000199 0.000199 0.000199 0.000199 0.000199 0.000199 0.0002 0.0002 0.0002 0.0002 0.0002 0.0002 0.0002 0.0002 0.0002 0.0002 0.0002 0.0002 0.0002 0.0002 0.0002 0.0002 0.0002 0.0002 0.0002 0.0002 0.000201 0.000201 0.000201 0.000201 0.000201 0.000201 0.000201 0.000201 0.000201 0.000201 0.000202 0.000202 0.000202 0.000203 0.000203 0.000207 0.000227 0.000227 0.000257 0.000259 0.000269 0.000279 0.000281 0.000283 0.000283 0.000286 0.000292 0.000306 0.000307 0.000314 0.000314 0.000316 0.000316 0.00032 0.000323 0.000324 0.000326 0.000328 0.00033 0.000331 0.000334 0.000336 0.00034 0.000341 0.000342 0.000345 0.000349 0.000351 0.000353 0.000356 0.000357 0.00036 0.000361 0.000362 0.000363 0.000371 0.000372 0.000375 0.000378 0.000387 0.000392 0.000394 0.000395 0.000397 0.000403 0.000404 0.000406 0.000408 0.000414 0.000432 0.000464 0.000484 0.000514 0.000677  median=0.000283

[Pure Ops] DDC operation-only timing:
  AND: 0.000161 ms (card: 0)
  OR:  0.000209 ms (card: 2609129)
  XOR: 0.000207 ms (card: 2609129)
  NOT: 0.000414 ms (card: 1274246)
  COMP (~((A|B)&(B|C))): 0.002992 ms (card: 0 OK)
---------------------------------------
