CSV output: /home/lichenhang/lee/thesis/check/lee/combit-cr-native-20260820/experiments/job_comp_literal_native_20260821/raw/r2_role_croaring.csv
=== Compressed .bm Benchmark Mode ===
Directory: /home/lichenhang/lee/thesis/check/lee/combit/realdata/role/bitmap/bm_36244344_c11_roaring
Rows: 36244344 | Cardinality: 11
AND caliber: PAIR (A&B, real op)

=======================================
Benchmark [CRoaring] — Compressed .bm Files
Source: /home/lichenhang/lee/thesis/check/lee/combit/realdata/role/bitmap/bm_36244344_c11_roaring
Rows: 36244344 | Cardinality: 11 | Loaded: 11
=======================================
[Load] Loaded 11 compressed bitmaps: 0.089095 ms
  1.bm → cardinality: 12670688
  2.bm → cardinality: 7451973
  3.bm → cardinality: 4323018
  4.bm → cardinality: 4008037
  5.bm → cardinality: 2728943
  ... (6 more)

[Storage] Total compressed: 8068 bytes (7.87891 KB) | Ratio: 0.000161891x
[CRoaring Storage] array=0 (0 MB) | run=564 (0.00323486 MB) | bitset=0 (0 MB) | total_bytes=3392

[Compute] Pairwise ops on first 2 bitmaps:
  bitOr:  1.17037 ms (card: 20122661)
  bitAnd: 0.882353 ms (card: 0)
  bitXor: 0.295814 ms (card: 20122661)

[Compute] Multi-way OR of 11 bitmaps: 0.323343 ms (card: 36244344)

[Pure Ops] CRoaring operation-only (+ to-btv conversion):
  AND: 0.165736 ms (card: 0)
  OR:  0.26825 ms (card: 20122661)
  OR (CR internal only, no to-btv): 0.015792 ms
  XOR: 0.269293 ms (card: 20122661)
  NOT: 0.319472 ms (card: 23573656)
  AND (in-place): 0.189885 ms
  [AND result containers] array=0 (0 MB) bitset=0 (0 MB) run=0 (0 MB) total_bytes=0
  [OR  result containers] array=0 (0 MB) bitset=0 (0 MB) run=308 (0.00176239 MB) total_bytes=1848
  [XOR result containers] array=0 (0 MB) bitset=0 (0 MB) run=308 (0.00176239 MB) total_bytes=1848
  [NOT result containers] array=0 (0 MB) bitset=0 (0 MB) run=361 (0.00206566 MB) total_bytes=2166
  [Input A containers] array=0 (0 MB) bitset=0 (0 MB) run=194 (0.00111008 MB) total_bytes=1164
  [Input B containers] array=0 (0 MB) bitset=0 (0 MB) run=115 (0.000658035 MB) total_bytes=690
  COMP native (~((A|B)&(B|C))): 0.066363 ms
  COMP (~((A|B)&(B|C))): 0.388518 ms
---------------------------------------
