CSV output: /home/lichenhang/lee/thesis/check/lee/combit-cr-native-20260820/experiments/job_comp_literal_native_20260821/raw/r2_year_ddc.csv
=== Compressed .bm Benchmark Mode ===
Directory: /home/lichenhang/lee/thesis/check/lee/combit/realdata/year/bitmap/bm_2528312_c132_ddc_w8
Rows: 2528312 | Cardinality: 132
AND caliber: PAIR (A&B, real op)

=======================================
Benchmark [DDC (New)] — Compressed .bm Files
Source: /home/lichenhang/lee/thesis/check/lee/combit/realdata/year/bitmap/bm_2528312_c132_ddc_w8
Rows: 2528312 | Cardinality: 132 | Loaded: 132
=======================================
[Load] Loaded 132 compressed bitmaps: 4.93201 ms
  1.bm → cardinality: 164307
  2.bm → cardinality: 160017
  3.bm → cardinality: 141703
  4.bm → cardinality: 128696
  5.bm → cardinality: 122861
  ... (127 more)

[Storage] Total compressed: 4010490 bytes (3916.49 KB) | Ratio: 0.0961353x
[DDC Storage] l4_bytes: 0.0538062 MB | l3_bytes: 0.315495 MB | l2_bytes: 1.22862 MB | l1_bytes: 2.11057 MB | total_bytes: 3.70849 MB

[Compute] Pairwise ops on first 2 bitmaps:
  bitOr:  0.194673 ms (card: 324324)
  bitAnd: 0.164913 ms (card: 0)
  bitXor: 0.165353 ms (card: 324324)

[Compute] Multi-way OR of 132 bitmaps: 3.16128 ms (card: 2456218)
  [MIRROR-IN-PROC] OR raw: 0.027699 0.027706 0.027729 0.027747 0.027758 0.027763 0.027765 0.02777 0.027772 0.02778 0.027787 0.027792 0.027796 0.027797 0.027799 0.027802 0.027803 0.027818 0.027819 0.027821 0.027824 0.027827 0.02783 0.02783 0.02784 0.027841 0.027841 0.027849 0.027849 0.02785 0.027851 0.027852 0.027853 0.027853 0.027854 0.027855 0.027855 0.027855 0.027856 0.027857 0.027859 0.027862 0.027862 0.027866 0.027867 0.027869 0.027872 0.027872 0.027872 0.027872 0.027872 0.027874 0.027876 0.027876 0.027877 0.027879 0.02788 0.027886 0.027889 0.02789 0.027891 0.027891 0.027896 0.027898 0.0279 0.027909 0.027912 0.027914 0.027915 0.027919 0.027922 0.027923 0.027923 0.027929 0.027931 0.027933 0.027936 0.027937 0.027938 0.027941 0.027942 0.027942 0.027947 0.027968 0.028009 0.028026 0.028031 0.028038 0.028044 0.02806 0.028089 0.028114 0.028189 0.028218 0.028231 0.029067 0.030233 0.030433 0.033345 0.048506  median=0.027872

[Pure Ops] DDC operation-only timing:
  AND: 0.031963 ms (card: 0)
  OR:  0.028048 ms (card: 324324)
  XOR: 0.029921 ms (card: 324324)
  NOT: 0.01193 ms (card: 2364005)
  COMP (~((A|B)&(B|C))): 0.078459 ms (card: 2368295 OK)
---------------------------------------
