CSV output: /home/lichenhang/lee/thesis/check/lee/combit-cr-native-20260820/experiments/job_comp_literal_native_20260821/raw/r3_cast_info_movie_id_ddc.csv
=== Compressed .bm Benchmark Mode ===
Directory: /home/lichenhang/lee/thesis/check/lee/R3W1_realworld_excel_20260809/job_unified10/logical_top3_datasets/cast_info_movie_id/bitmap/bm_36244344_c3_ddc_w8
Rows: 36244344 | Cardinality: 3
AND caliber: PAIR (A&B, real op)

=======================================
Benchmark [DDC (New)] — Compressed .bm Files
Source: /home/lichenhang/lee/thesis/check/lee/R3W1_realworld_excel_20260809/job_unified10/logical_top3_datasets/cast_info_movie_id/bitmap/bm_36244344_c3_ddc_w8
Rows: 36244344 | Cardinality: 3 | Loaded: 3
=======================================
[Load] Loaded 3 compressed bitmaps: 0.40649 ms
  1.bm → cardinality: 1741
  2.bm → cardinality: 1572
  3.bm → cardinality: 1531

[Storage] Total compressed: 39829 bytes (38.8955 KB) | Ratio: 0.00293041x
[DDC Storage] l4_bytes: 0.00927734 MB | l3_bytes: 0.00293159 MB | l2_bytes: 0.00317764 MB | l1_bytes: 0.00340557 MB | total_bytes: 0.0187922 MB

[Compute] Pairwise ops on first 2 bitmaps:
  bitOr:  0.108495 ms (card: 3313)
  bitAnd: 0.013174 ms (card: 0)
  bitXor: 0.103678 ms (card: 3313)

[Compute] Multi-way OR of 3 bitmaps: 0.634 ms (card: 4844)
  [MIRROR-IN-PROC] OR raw: 0.031607 0.031705 0.031736 0.031751 0.031843 0.031858 0.031863 0.031866 0.031871 0.031902 0.031911 0.031923 0.031946 0.031949 0.031965 0.031968 0.031982 0.032014 0.032019 0.032023 0.032043 0.032056 0.032066 0.032077 0.032091 0.032095 0.032119 0.032148 0.032149 0.032155 0.032156 0.032175 0.032184 0.032195 0.032214 0.032232 0.032245 0.032247 0.032247 0.032273 0.032279 0.032285 0.032302 0.032321 0.032343 0.032364 0.032368 0.03242 0.032428 0.032435 0.032456 0.032475 0.032518 0.032523 0.032554 0.032584 0.032667 0.032711 0.032761 0.032772 0.032778 0.03278 0.032819 0.032847 0.033026 0.033204 0.033235 0.033238 0.033255 0.033274 0.033292 0.033464 0.033532 0.033689 0.033834 0.033884 0.033901 0.03392 0.033961 0.033981 0.033981 0.0342 0.034366 0.034426 0.034452 0.034472 0.034627 0.03492 0.035488 0.035671 0.036386 0.036521 0.038175 0.038187 0.038199 0.038209 0.039342 0.040635 0.041026 0.041044  median=0.032456

[Pure Ops] DDC operation-only timing:
  AND: 0.004886 ms (card: 0)
  OR:  0.032154 ms (card: 3313)
  XOR: 0.030812 ms (card: 3313)
  NOT: 0.010081 ms (card: 36242603)
  COMP (~((A|B)&(B|C))): 0.397966 ms (card: 36242772 OK)
---------------------------------------
