CSV output: /home/lichenhang/lee/thesis/check/lee/combit-cr-native-20260820/experiments/job_comp_literal_native_20260821/raw/r3_country_ewah.csv
=== Compressed .bm Benchmark Mode ===
Directory: /home/lichenhang/lee/thesis/check/lee/R3W1_realworld_excel_20260809/ewah_corrected/job/data/country/bitmap/bm_234997_c215_ewah
Rows: 234997 | Cardinality: 215
AND caliber: PAIR (A&B, real op)

=======================================
Benchmark [EWAH] — Compressed .bm Files
Source: /home/lichenhang/lee/thesis/check/lee/R3W1_realworld_excel_20260809/ewah_corrected/job/data/country/bitmap/bm_234997_c215_ewah
Rows: 234997 | Cardinality: 215 | Loaded: 215
=======================================
[Load] Loaded 215 compressed bitmaps: 1.09217 ms
  1.bm → cardinality: 84843
  2.bm → cardinality: 16045
  3.bm → cardinality: 10394
  4.bm → cardinality: 9811
  5.bm → cardinality: 9775
  ... (210 more)

[Storage] Total compressed: 848160 bytes (828.281 KB) | Ratio: 0.134297x

[Compute] Pairwise ops on first 2 bitmaps:
  bitOr:  0.025324 ms (card: 100888)
  bitAnd: 0.01668 ms (card: 0)
  bitXor: 0.02348 ms (card: 100888)

[Compute] Multi-way OR of 215 bitmaps: 2.25771 ms (card: 211073)

[Pure Ops] EWAH operation-only:
  AND: 0.01409 ms
  OR:  0.012084 ms
  XOR: 0.012341 ms
  NOT: 0.008015 ms
  COMP (~((A|B)&(B|C))): 0.057456 ms
---------------------------------------
