CSV output: /home/lichenhang/lee/thesis/check/lee/combit-cr-native-20260820/experiments/job_comp_literal_native_20260821/raw/r3_cast_info_person_id_ddc.csv
=== Compressed .bm Benchmark Mode ===
Directory: /home/lichenhang/lee/thesis/check/lee/R3W1_realworld_excel_20260809/job_unified10/logical_top3_datasets/cast_info_person_id/bitmap/bm_36244344_c3_ddc_w8
Rows: 36244344 | Cardinality: 3
AND caliber: PAIR (A&B, real op)

=======================================
Benchmark [DDC (New)] — Compressed .bm Files
Source: /home/lichenhang/lee/thesis/check/lee/R3W1_realworld_excel_20260809/job_unified10/logical_top3_datasets/cast_info_person_id/bitmap/bm_36244344_c3_ddc_w8
Rows: 36244344 | Cardinality: 3 | Loaded: 3
=======================================
[Load] Loaded 3 compressed bitmaps: 0.184887 ms
  1.bm → cardinality: 10249
  2.bm → cardinality: 8242
  3.bm → cardinality: 7725

[Storage] Total compressed: 953 bytes (0.930664 KB) | Ratio: 7.01167e-05x
[DDC Storage] l4_bytes: 0.000198364 MB | l3_bytes: 6.19888e-05 MB | l2_bytes: 0.000404358 MB | l1_bytes: 0.00313663 MB | total_bytes: 0.00380135 MB

[Compute] Pairwise ops on first 2 bitmaps:
  bitOr:  0.018686 ms (card: 18491)
  bitAnd: 0.00377 ms (card: 0)
  bitXor: 0.008437 ms (card: 18491)

[Compute] Multi-way OR of 3 bitmaps: 0.010135 ms (card: 26216)
  [MIRROR-IN-PROC] OR raw: 0.000826 0.000826 0.000826 0.000828 0.000828 0.00083 0.000831 0.000832 0.000832 0.000833 0.000833 0.000833 0.000833 0.000833 0.000833 0.000833 0.000834 0.000835 0.000835 0.000839 0.000845 0.000845 0.000846 0.000847 0.000847 0.00085 0.000859 0.00086 0.000861 0.000861 0.000862 0.000864 0.000865 0.000878 0.000879 0.000879 0.000879 0.00088 0.00088 0.00088 0.00088 0.000881 0.000881 0.000881 0.000881 0.000882 0.000882 0.000882 0.000882 0.000882 0.000883 0.000883 0.000883 0.000883 0.000883 0.000883 0.000883 0.000883 0.000883 0.000883 0.000883 0.000883 0.000883 0.000884 0.000884 0.000884 0.000884 0.000884 0.000884 0.000884 0.000884 0.000884 0.000884 0.000884 0.000884 0.000885 0.000885 0.000885 0.000885 0.000885 0.000886 0.000886 0.000886 0.000886 0.000887 0.000887 0.000887 0.000887 0.000899 0.000905 0.000909 0.000922 0.000925 0.000932 0.000991 0.001035 0.001061 0.001152 0.001208 0.001333  median=0.000883

[Pure Ops] DDC operation-only timing:
  AND: 7.9e-05 ms (card: 0)
  OR:  0.000904 ms (card: 18491)
  XOR: 0.000843 ms (card: 18491)
  NOT: 0.000292 ms (card: 36234095)
  COMP (~((A|B)&(B|C))): 0.049055 ms (card: 36236102 OK)
---------------------------------------
