CSV output: /home/lichenhang/lee/thesis/check/lee/combit-cr-native-20260820/experiments/job_comp_literal_native_20260821/raw/r3_country_ddc.csv
=== Compressed .bm Benchmark Mode ===
Directory: /home/lichenhang/lee/thesis/check/lee/combit/realdata/country/bitmap/bm_234997_c215_ddc_w8
Rows: 234997 | Cardinality: 215
AND caliber: PAIR (A&B, real op)

=======================================
Benchmark [DDC (New)] — Compressed .bm Files
Source: /home/lichenhang/lee/thesis/check/lee/combit/realdata/country/bitmap/bm_234997_c215_ddc_w8
Rows: 234997 | Cardinality: 215 | Loaded: 215
=======================================
[Load] Loaded 215 compressed bitmaps: 1.26013 ms
  1.bm → cardinality: 84843
  2.bm → cardinality: 16045
  3.bm → cardinality: 10394
  4.bm → cardinality: 9811
  5.bm → cardinality: 9775
  ... (210 more)

[Storage] Total compressed: 275748 bytes (269.285 KB) | Ratio: 0.0436618x
[DDC Storage] l4_bytes: 0.010047 MB | l3_bytes: 0.0211143 MB | l2_bytes: 0.0666666 MB | l1_bytes: 0.136492 MB | total_bytes: 0.23432 MB

[Compute] Pairwise ops on first 2 bitmaps:
  bitOr:  0.035188 ms (card: 100888)
  bitAnd: 0.020127 ms (card: 0)
  bitXor: 0.020248 ms (card: 100888)

[Compute] Multi-way OR of 215 bitmaps: 0.456165 ms (card: 211073)
  [MIRROR-IN-PROC] OR raw: 0.002862 0.002867 0.002868 0.002869 0.002875 0.002875 0.002876 0.002876 0.002877 0.002877 0.002877 0.002879 0.002879 0.002879 0.00288 0.00288 0.002882 0.002883 0.002884 0.002885 0.002885 0.002886 0.002886 0.002887 0.002888 0.002888 0.002889 0.002889 0.002889 0.002889 0.00289 0.00289 0.002891 0.002891 0.002892 0.002893 0.002893 0.002895 0.002896 0.002896 0.002896 0.002896 0.002897 0.002898 0.002898 0.002899 0.002899 0.0029 0.002901 0.002901 0.002901 0.002903 0.002903 0.002903 0.002904 0.002904 0.002905 0.002905 0.002905 0.002905 0.002906 0.002906 0.002907 0.002907 0.002907 0.002907 0.002908 0.002908 0.002908 0.002908 0.002909 0.00291 0.002911 0.002912 0.002912 0.002912 0.002913 0.002913 0.002914 0.002914 0.002915 0.002916 0.002917 0.002918 0.002923 0.002924 0.002925 0.002925 0.00293 0.002931 0.002936 0.002938 0.002939 0.00294 0.002943 0.002971 0.003011 0.003044 0.003134 0.004706  median=0.002901

[Pure Ops] DDC operation-only timing:
  AND: 0.003126 ms (card: 0)
  OR:  0.002905 ms (card: 100888)
  XOR: 0.002854 ms (card: 100888)
  NOT: 0.001484 ms (card: 150154)
  COMP (~((A|B)&(B|C))): 0.007137 ms (card: 218952 OK)
---------------------------------------
