CSV output: /home/lichenhang/lee/thesis/check/lee/combit-cr-native-20260820/experiments/job_comp_literal_native_20260821/raw/r3_kind_wah.csv
=== Compressed .bm Benchmark Mode ===
Directory: /home/lichenhang/lee/thesis/check/lee/combit/realdata/kind/bitmap/bm_2528312_c6_wah
Rows: 2528312 | Cardinality: 6
AND caliber: PAIR (A&B, real op)

=======================================
Benchmark [WAH (FastBit)] — Compressed .bm Files
Source: /home/lichenhang/lee/thesis/check/lee/combit/realdata/kind/bitmap/bm_2528312_c6_wah
Rows: 2528312 | Cardinality: 6 | Loaded: 6
=======================================
[Load] Loaded 6 compressed bitmaps: 0.717864 ms
  1.bm → cardinality: 1543264
  2.bm → cardinality: 662825
  3.bm → cardinality: 118234
  4.bm → cardinality: 100537
  5.bm → cardinality: 90852
  ... (1 more)

[Storage] Total compressed: 849768 bytes (829.852 KB) | Ratio: 0.448135x

[Compute] Pairwise ops on first 2 bitmaps:
  bitOr:  0.312704 ms (card: 2206089)
  bitAnd: 0.231094 ms (card: 0)
  bitXor: 0.203121 ms (card: 2206089)

[Compute] Multi-way OR of 6 bitmaps: 0.323425 ms (card: 2528312)

[Pure Ops] WAH (FastBit) operation-only:
  AND: 0.112139 ms
  OR:  0.134971 ms
  XOR: 0.080781 ms
  NOT: 0.011984 ms
  COMP (~((A|B)&(B|C))): 0.383655 ms
---------------------------------------
