CSV output: /home/lichenhang/lee/thesis/check/lee/combit-cr-native-20260820/experiments/job_comp_literal_native_20260821/raw/r3_mc_ctype_wah.csv
=== Compressed .bm Benchmark Mode ===
Directory: /home/lichenhang/lee/thesis/check/lee/combit/realdata/mc_ctype/bitmap/bm_2609129_c2_wah
Rows: 2609129 | Cardinality: 2
AND caliber: PAIR (A&B, real op)

=======================================
Benchmark [WAH (FastBit)] — Compressed .bm Files
Source: /home/lichenhang/lee/thesis/check/lee/combit/realdata/mc_ctype/bitmap/bm_2609129_c2_wah
Rows: 2609129 | Cardinality: 2 | Loaded: 2
=======================================
[Load] Loaded 2 compressed bitmaps: 0.037859 ms
  1.bm → cardinality: 1334883
  2.bm → cardinality: 1274246

[Storage] Total compressed: 40 bytes (0.0390625 KB) | Ratio: 6.13231e-05x

[Compute] Pairwise ops on first 2 bitmaps:
  bitOr:  0.008637 ms (card: 2609129)
  bitAnd: 0.001235 ms (card: 0)
  bitXor: 0.00129 ms (card: 2609129)

[Pure Ops] WAH (FastBit) operation-only:
  AND: 0.000304 ms
  OR:  0.00031 ms
  XOR: 0.0003 ms
  NOT: 0.000136 ms
  COMP (~((A|B)&(B|C))): 0.000778 ms
---------------------------------------
