CSV output: /home/lichenhang/lee/thesis/check/lee/combit-cr-native-20260820/experiments/job_comp_literal_native_20260821/raw/r3_pi_itype_ddc.csv
=== Compressed .bm Benchmark Mode ===
Directory: /home/lichenhang/lee/thesis/check/lee/combit/realdata/pi_itype/bitmap/bm_2963664_c22_ddc_w8
Rows: 2963664 | Cardinality: 22
AND caliber: PAIR (A&B, real op)

=======================================
Benchmark [DDC (New)] — Compressed .bm Files
Source: /home/lichenhang/lee/thesis/check/lee/combit/realdata/pi_itype/bitmap/bm_2963664_c22_ddc_w8
Rows: 2963664 | Cardinality: 22 | Loaded: 22
=======================================
[Load] Loaded 22 compressed bitmaps: 2.12721 ms
  1.bm → cardinality: 620526
  2.bm → cardinality: 419654
  3.bm → cardinality: 353282
  4.bm → cardinality: 329504
  5.bm → cardinality: 142345
  ... (17 more)

[Storage] Total compressed: 2410663 bytes (2354.16 KB) | Ratio: 0.295784x
[DDC Storage] l4_bytes: 0.0151823 MB | l3_bytes: 0.082655 MB | l2_bytes: 0.567955 MB | l1_bytes: 1.60323 MB | total_bytes: 2.26902 MB

[Compute] Pairwise ops on first 2 bitmaps:
  bitOr:  0.19822 ms (card: 1040180)
  bitAnd: 0.195343 ms (card: 0)
  bitXor: 0.186265 ms (card: 1040180)

[Compute] Multi-way OR of 22 bitmaps: 0.88258 ms (card: 2963664)
  [MIRROR-IN-PROC] OR raw: 0.032415 0.032418 0.03244 0.032445 0.032447 0.032451 0.032452 0.032453 0.032454 0.032462 0.032465 0.032466 0.032471 0.032471 0.032474 0.032481 0.032481 0.032483 0.032485 0.032489 0.032489 0.032491 0.032494 0.032501 0.032503 0.032504 0.032514 0.032514 0.032515 0.032516 0.032519 0.032522 0.032525 0.032526 0.032536 0.032537 0.032539 0.032543 0.032552 0.032556 0.032558 0.032559 0.03256 0.032566 0.032571 0.032574 0.032575 0.032577 0.032579 0.032584 0.032588 0.0326 0.0326 0.032603 0.032604 0.032609 0.032609 0.032612 0.032614 0.032618 0.03262 0.032623 0.032623 0.032624 0.032635 0.032638 0.032639 0.03264 0.032653 0.03266 0.032665 0.032733 0.032769 0.032871 0.033033 0.033068 0.033286 0.0333 0.033358 0.033371 0.033376 0.033381 0.033401 0.033428 0.033432 0.033473 0.03348 0.033492 0.033494 0.033499 0.033532 0.033548 0.034373 0.034934 0.035183 0.035392 0.035972 0.038339 0.039215 0.04172  median=0.032588

[Pure Ops] DDC operation-only timing:
  AND: 0.037108 ms (card: 0)
  OR:  0.032603 ms (card: 1040180)
  XOR: 0.03502 ms (card: 1040180)
  NOT: 0.014791 ms (card: 2343138)
  COMP (~((A|B)&(B|C))): 0.085697 ms (card: 2544010 OK)
---------------------------------------
