CSV output: /home/lichenhang/lee/thesis/check/lee/combit-cr-native-20260820/experiments/job_comp_literal_native_20260821/raw/r3_year_ddc.csv
=== Compressed .bm Benchmark Mode ===
Directory: /home/lichenhang/lee/thesis/check/lee/combit/realdata/year/bitmap/bm_2528312_c132_ddc_w8
Rows: 2528312 | Cardinality: 132
AND caliber: PAIR (A&B, real op)

=======================================
Benchmark [DDC (New)] — Compressed .bm Files
Source: /home/lichenhang/lee/thesis/check/lee/combit/realdata/year/bitmap/bm_2528312_c132_ddc_w8
Rows: 2528312 | Cardinality: 132 | Loaded: 132
=======================================
[Load] Loaded 132 compressed bitmaps: 4.90363 ms
  1.bm → cardinality: 164307
  2.bm → cardinality: 160017
  3.bm → cardinality: 141703
  4.bm → cardinality: 128696
  5.bm → cardinality: 122861
  ... (127 more)

[Storage] Total compressed: 4010490 bytes (3916.49 KB) | Ratio: 0.0961353x
[DDC Storage] l4_bytes: 0.0538062 MB | l3_bytes: 0.315495 MB | l2_bytes: 1.22862 MB | l1_bytes: 2.11057 MB | total_bytes: 3.70849 MB

[Compute] Pairwise ops on first 2 bitmaps:
  bitOr:  0.198631 ms (card: 324324)
  bitAnd: 0.160654 ms (card: 0)
  bitXor: 0.15914 ms (card: 324324)

[Compute] Multi-way OR of 132 bitmaps: 3.1666 ms (card: 2456218)
  [MIRROR-IN-PROC] OR raw: 0.027823 0.027824 0.027859 0.027862 0.027875 0.027878 0.027886 0.027889 0.027892 0.027895 0.027898 0.027902 0.027903 0.027903 0.027906 0.027914 0.027914 0.027916 0.027919 0.027919 0.02792 0.027928 0.027929 0.027935 0.027937 0.027939 0.027946 0.027946 0.027947 0.027952 0.027952 0.027953 0.027956 0.027956 0.027957 0.027963 0.027964 0.027966 0.027967 0.027967 0.027967 0.027968 0.027974 0.027975 0.027978 0.027984 0.027984 0.027988 0.027988 0.02799 0.027992 0.027993 0.027996 0.027996 0.027998 0.027999 0.028 0.028004 0.028007 0.028008 0.028008 0.028008 0.028009 0.028016 0.028021 0.028022 0.028022 0.028024 0.028024 0.028024 0.028027 0.02803 0.028031 0.028031 0.028032 0.028046 0.028056 0.02811 0.028181 0.028186 0.028188 0.028191 0.028216 0.028236 0.028239 0.028483 0.029247 0.029248 0.02966 0.029715 0.029863 0.03058 0.030788 0.030999 0.032151 0.033423 0.033812 0.033852 0.033921 0.03416  median=0.027992

[Pure Ops] DDC operation-only timing:
  AND: 0.03132 ms (card: 0)
  OR:  0.028038 ms (card: 324324)
  XOR: 0.029806 ms (card: 324324)
  NOT: 0.011479 ms (card: 2364005)
  COMP (~((A|B)&(B|C))): 0.076048 ms (card: 2368295 OK)
---------------------------------------
