CSV output: /home/lichenhang/lee/thesis/check/lee/combit-cr-native-20260820/experiments/job_comp_literal_native_20260821/raw/r3_year_wah.csv
=== Compressed .bm Benchmark Mode ===
Directory: /home/lichenhang/lee/thesis/check/lee/combit/realdata/year/bitmap/bm_2528312_c132_wah
Rows: 2528312 | Cardinality: 132
AND caliber: PAIR (A&B, real op)

=======================================
Benchmark [WAH (FastBit)] — Compressed .bm Files
Source: /home/lichenhang/lee/thesis/check/lee/combit/realdata/year/bitmap/bm_2528312_c132_wah
Rows: 2528312 | Cardinality: 132 | Loaded: 132
=======================================
[Load] Loaded 132 compressed bitmaps: 11.9485 ms
  1.bm → cardinality: 164307
  2.bm → cardinality: 160017
  3.bm → cardinality: 141703
  4.bm → cardinality: 128696
  5.bm → cardinality: 122861
  ... (127 more)

[Storage] Total compressed: 10450892 bytes (10205.9 KB) | Ratio: 0.250518x

[Compute] Pairwise ops on first 2 bitmaps:
  bitOr:  0.599808 ms (card: 324324)
  bitAnd: 0.564826 ms (card: 0)
  bitXor: 0.292898 ms (card: 324324)

[Compute] Multi-way OR of 132 bitmaps: 6.98759 ms (card: 2456218)

[Pure Ops] WAH (FastBit) operation-only:
  AND: 0.310218 ms
  OR:  0.345481 ms
  XOR: 0.153964 ms
  NOT: 0.016963 ms
  COMP (~((A|B)&(B|C))): 0.787322 ms
---------------------------------------
