CSV output: /home/lichenhang/lee/thesis/check/lee/combit-cr-native-20260820/experiments/job_comp_literal_native_20260821/raw/r4_cast_info_person_id_ddc.csv
=== Compressed .bm Benchmark Mode ===
Directory: /home/lichenhang/lee/thesis/check/lee/R3W1_realworld_excel_20260809/job_unified10/logical_top3_datasets/cast_info_person_id/bitmap/bm_36244344_c3_ddc_w8
Rows: 36244344 | Cardinality: 3
AND caliber: PAIR (A&B, real op)

=======================================
Benchmark [DDC (New)] — Compressed .bm Files
Source: /home/lichenhang/lee/thesis/check/lee/R3W1_realworld_excel_20260809/job_unified10/logical_top3_datasets/cast_info_person_id/bitmap/bm_36244344_c3_ddc_w8
Rows: 36244344 | Cardinality: 3 | Loaded: 3
=======================================
[Load] Loaded 3 compressed bitmaps: 0.189102 ms
  1.bm → cardinality: 10249
  2.bm → cardinality: 8242
  3.bm → cardinality: 7725

[Storage] Total compressed: 953 bytes (0.930664 KB) | Ratio: 7.01167e-05x
[DDC Storage] l4_bytes: 0.000198364 MB | l3_bytes: 6.19888e-05 MB | l2_bytes: 0.000404358 MB | l1_bytes: 0.00313663 MB | total_bytes: 0.00380135 MB

[Compute] Pairwise ops on first 2 bitmaps:
  bitOr:  0.021606 ms (card: 18491)
  bitAnd: 0.003623 ms (card: 0)
  bitXor: 0.005841 ms (card: 18491)

[Compute] Multi-way OR of 3 bitmaps: 0.010136 ms (card: 26216)
  [MIRROR-IN-PROC] OR raw: 0.000846 0.000856 0.000857 0.000858 0.00086 0.00086 0.000862 0.000865 0.000866 0.000868 0.000869 0.000874 0.000876 0.000877 0.000878 0.000879 0.000879 0.000879 0.00088 0.00088 0.000881 0.000881 0.000881 0.000883 0.000883 0.000884 0.00089 0.000897 0.000898 0.000902 0.000904 0.000909 0.000912 0.000913 0.000915 0.000915 0.000915 0.000915 0.000916 0.000916 0.000916 0.000916 0.000916 0.000917 0.000917 0.000917 0.000917 0.000917 0.000917 0.000918 0.000919 0.000919 0.00092 0.000921 0.000922 0.000922 0.000922 0.000923 0.000923 0.000924 0.000927 0.000927 0.000931 0.000932 0.000932 0.000932 0.000933 0.000933 0.000933 0.000934 0.000936 0.000936 0.000937 0.000942 0.000942 0.000944 0.000944 0.000945 0.000945 0.000947 0.000948 0.000948 0.000949 0.000954 0.000956 0.000958 0.000958 0.000959 0.00096 0.00096 0.000961 0.000962 0.000966 0.00098 0.001005 0.001038 0.001048 0.00106 0.001111 0.001132  median=0.000919

[Pure Ops] DDC operation-only timing:
  AND: 7.9e-05 ms (card: 0)
  OR:  0.000902 ms (card: 18491)
  XOR: 0.0009 ms (card: 18491)
  NOT: 0.000292 ms (card: 36234095)
  COMP (~((A|B)&(B|C))): 0.049254 ms (card: 36236102 OK)
---------------------------------------
