CSV output: /home/lichenhang/lee/thesis/check/lee/combit-cr-native-20260820/experiments/job_comp_literal_native_20260821/raw/r4_movie_keyword_movie_id_wah.csv
=== Compressed .bm Benchmark Mode ===
Directory: /home/lichenhang/lee/thesis/check/lee/R3W1_realworld_excel_20260809/job_unified10/logical_top3_datasets/movie_keyword_movie_id/bitmap/bm_4523930_c3_wah
Rows: 4523930 | Cardinality: 3
AND caliber: PAIR (A&B, real op)

=======================================
Benchmark [WAH (FastBit)] — Compressed .bm Files
Source: /home/lichenhang/lee/thesis/check/lee/R3W1_realworld_excel_20260809/job_unified10/logical_top3_datasets/movie_keyword_movie_id/bitmap/bm_4523930_c3_wah
Rows: 4523930 | Cardinality: 3 | Loaded: 3
=======================================
[Load] Loaded 3 compressed bitmaps: 0.047132 ms
  1.bm → cardinality: 540
  2.bm → cardinality: 503
  3.bm → cardinality: 462

[Storage] Total compressed: 84 bytes (0.0820312 KB) | Ratio: 4.95145e-05x

[Compute] Pairwise ops on first 2 bitmaps:
  bitOr:  0.005661 ms (card: 1043)
  bitAnd: 0.001959 ms (card: 0)
  bitXor: 0.004217 ms (card: 1043)

[Compute] Multi-way OR of 3 bitmaps: 0.002781 ms (card: 1505)

[Pure Ops] WAH (FastBit) operation-only:
  AND: 0.000329 ms
  OR:  0.000458 ms
  XOR: 0.000332 ms
  NOT: 0.000144 ms
  COMP (~((A|B)&(B|C))): 0.001325 ms
---------------------------------------
