CSV output: /home/lichenhang/lee/thesis/check/lee/combit-cr-native-20260820/experiments/job_comp_literal_native_20260821/raw/r4_pi_itype_ddc.csv
=== Compressed .bm Benchmark Mode ===
Directory: /home/lichenhang/lee/thesis/check/lee/combit/realdata/pi_itype/bitmap/bm_2963664_c22_ddc_w8
Rows: 2963664 | Cardinality: 22
AND caliber: PAIR (A&B, real op)

=======================================
Benchmark [DDC (New)] — Compressed .bm Files
Source: /home/lichenhang/lee/thesis/check/lee/combit/realdata/pi_itype/bitmap/bm_2963664_c22_ddc_w8
Rows: 2963664 | Cardinality: 22 | Loaded: 22
=======================================
[Load] Loaded 22 compressed bitmaps: 2.16925 ms
  1.bm → cardinality: 620526
  2.bm → cardinality: 419654
  3.bm → cardinality: 353282
  4.bm → cardinality: 329504
  5.bm → cardinality: 142345
  ... (17 more)

[Storage] Total compressed: 2410663 bytes (2354.16 KB) | Ratio: 0.295784x
[DDC Storage] l4_bytes: 0.0151823 MB | l3_bytes: 0.082655 MB | l2_bytes: 0.567955 MB | l1_bytes: 1.60323 MB | total_bytes: 2.26902 MB

[Compute] Pairwise ops on first 2 bitmaps:
  bitOr:  0.226857 ms (card: 1040180)
  bitAnd: 0.192557 ms (card: 0)
  bitXor: 0.187636 ms (card: 1040180)

[Compute] Multi-way OR of 22 bitmaps: 0.892233 ms (card: 2963664)
  [MIRROR-IN-PROC] OR raw: 0.032199 0.032319 0.032323 0.032324 0.032341 0.032342 0.032349 0.032356 0.032361 0.032363 0.032366 0.032369 0.032372 0.032372 0.032372 0.032373 0.032373 0.032374 0.032378 0.032382 0.032382 0.032387 0.032387 0.032396 0.032399 0.032401 0.032405 0.032407 0.032407 0.032408 0.032408 0.032411 0.032412 0.032413 0.032414 0.032417 0.032417 0.03242 0.032425 0.032426 0.032427 0.032431 0.032432 0.032435 0.032436 0.032437 0.032441 0.032442 0.032443 0.032443 0.032445 0.032447 0.032451 0.032452 0.032454 0.032456 0.032456 0.032464 0.032464 0.032464 0.032472 0.032475 0.032476 0.032487 0.032493 0.032496 0.032502 0.032505 0.032512 0.032515 0.03252 0.03253 0.032543 0.032591 0.032596 0.032824 0.032898 0.033167 0.033184 0.033192 0.0332 0.033233 0.033236 0.03326 0.033263 0.03327 0.033292 0.033299 0.033335 0.033361 0.033366 0.033652 0.03456 0.034968 0.035027 0.035108 0.037983 0.038099 0.038379 0.083892  median=0.032445

[Pure Ops] DDC operation-only timing:
  AND: 0.036543 ms (card: 0)
  OR:  0.032369 ms (card: 1040180)
  XOR: 0.034524 ms (card: 1040180)
  NOT: 0.014903 ms (card: 2343138)
  COMP (~((A|B)&(B|C))): 0.084288 ms (card: 2544010 OK)
---------------------------------------
