CSV output: /home/lichenhang/lee/thesis/check/lee/combit-cr-native-20260820/experiments/job_comp_literal_native_20260821/raw/r4_year_ddc.csv
=== Compressed .bm Benchmark Mode ===
Directory: /home/lichenhang/lee/thesis/check/lee/combit/realdata/year/bitmap/bm_2528312_c132_ddc_w8
Rows: 2528312 | Cardinality: 132
AND caliber: PAIR (A&B, real op)

=======================================
Benchmark [DDC (New)] — Compressed .bm Files
Source: /home/lichenhang/lee/thesis/check/lee/combit/realdata/year/bitmap/bm_2528312_c132_ddc_w8
Rows: 2528312 | Cardinality: 132 | Loaded: 132
=======================================
[Load] Loaded 132 compressed bitmaps: 4.74829 ms
  1.bm → cardinality: 164307
  2.bm → cardinality: 160017
  3.bm → cardinality: 141703
  4.bm → cardinality: 128696
  5.bm → cardinality: 122861
  ... (127 more)

[Storage] Total compressed: 4010490 bytes (3916.49 KB) | Ratio: 0.0961353x
[DDC Storage] l4_bytes: 0.0538062 MB | l3_bytes: 0.315495 MB | l2_bytes: 1.22862 MB | l1_bytes: 2.11057 MB | total_bytes: 3.70849 MB

[Compute] Pairwise ops on first 2 bitmaps:
  bitOr:  0.193938 ms (card: 324324)
  bitAnd: 0.16401 ms (card: 0)
  bitXor: 0.164734 ms (card: 324324)

[Compute] Multi-way OR of 132 bitmaps: 3.09362 ms (card: 2456218)
  [MIRROR-IN-PROC] OR raw: 0.027789 0.027819 0.027849 0.027849 0.027857 0.027863 0.027863 0.027866 0.027873 0.027886 0.027887 0.027892 0.027894 0.027895 0.027898 0.027903 0.027906 0.02791 0.027912 0.027915 0.027917 0.027917 0.027919 0.027919 0.02792 0.027923 0.027924 0.027928 0.027929 0.027931 0.027933 0.027935 0.027938 0.027938 0.027939 0.02794 0.027941 0.027941 0.027944 0.027946 0.027947 0.027949 0.02795 0.027954 0.027956 0.027956 0.027959 0.027964 0.027968 0.02797 0.027972 0.027972 0.027973 0.027976 0.027978 0.027979 0.027979 0.027979 0.027981 0.027995 0.027996 0.027998 0.028 0.028001 0.028001 0.028011 0.028016 0.028023 0.028024 0.028034 0.028036 0.028038 0.028041 0.028047 0.028053 0.028054 0.028058 0.02807 0.028073 0.028081 0.028086 0.028104 0.028124 0.028126 0.028128 0.028128 0.028151 0.028159 0.028209 0.028226 0.028295 0.030372 0.030486 0.030697 0.031667 0.032314 0.033436 0.033829 0.034026 0.03442  median=0.027972

[Pure Ops] DDC operation-only timing:
  AND: 0.031438 ms (card: 0)
  OR:  0.028085 ms (card: 324324)
  XOR: 0.029888 ms (card: 324324)
  NOT: 0.012546 ms (card: 2364005)
  COMP (~((A|B)&(B|C))): 0.079345 ms (card: 2368295 OK)
---------------------------------------
