CSV output: /home/lichenhang/lee/thesis/check/lee/combit-cr-native-20260820/experiments/job_comp_literal_native_20260821/raw/r5_cast_info_movie_id_ddc.csv
=== Compressed .bm Benchmark Mode ===
Directory: /home/lichenhang/lee/thesis/check/lee/R3W1_realworld_excel_20260809/job_unified10/logical_top3_datasets/cast_info_movie_id/bitmap/bm_36244344_c3_ddc_w8
Rows: 36244344 | Cardinality: 3
AND caliber: PAIR (A&B, real op)

=======================================
Benchmark [DDC (New)] — Compressed .bm Files
Source: /home/lichenhang/lee/thesis/check/lee/R3W1_realworld_excel_20260809/job_unified10/logical_top3_datasets/cast_info_movie_id/bitmap/bm_36244344_c3_ddc_w8
Rows: 36244344 | Cardinality: 3 | Loaded: 3
=======================================
[Load] Loaded 3 compressed bitmaps: 0.394944 ms
  1.bm → cardinality: 1741
  2.bm → cardinality: 1572
  3.bm → cardinality: 1531

[Storage] Total compressed: 39829 bytes (38.8955 KB) | Ratio: 0.00293041x
[DDC Storage] l4_bytes: 0.00927734 MB | l3_bytes: 0.00293159 MB | l2_bytes: 0.00317764 MB | l1_bytes: 0.00340557 MB | total_bytes: 0.0187922 MB

[Compute] Pairwise ops on first 2 bitmaps:
  bitOr:  0.106188 ms (card: 3313)
  bitAnd: 0.012097 ms (card: 0)
  bitXor: 0.084658 ms (card: 3313)

[Compute] Multi-way OR of 3 bitmaps: 0.622716 ms (card: 4844)
  [MIRROR-IN-PROC] OR raw: 0.031612 0.031652 0.031676 0.03174 0.031764 0.031777 0.031783 0.031819 0.031849 0.031857 0.031893 0.031894 0.031912 0.031924 0.031928 0.031947 0.031966 0.031983 0.031988 0.032024 0.032031 0.032036 0.032049 0.032063 0.032063 0.032068 0.032072 0.032073 0.032087 0.032111 0.032144 0.032144 0.032156 0.032159 0.032177 0.032181 0.032185 0.032213 0.032218 0.032218 0.032218 0.032226 0.032236 0.032243 0.032277 0.032295 0.032307 0.032321 0.032338 0.032394 0.032441 0.032443 0.032465 0.032469 0.032485 0.032486 0.032487 0.032492 0.032505 0.032562 0.032582 0.032591 0.032692 0.032711 0.032727 0.032813 0.032896 0.032931 0.033061 0.033198 0.033271 0.033336 0.033357 0.033364 0.033408 0.033511 0.033535 0.033537 0.033552 0.033704 0.033778 0.033783 0.033807 0.033819 0.034031 0.03421 0.034486 0.034617 0.035143 0.035691 0.03575 0.036793 0.037516 0.037565 0.037983 0.038028 0.038535 0.038857 0.038991 0.039413  median=0.032441

[Pure Ops] DDC operation-only timing:
  AND: 0.00479 ms (card: 0)
  OR:  0.031788 ms (card: 3313)
  XOR: 0.031033 ms (card: 3313)
  NOT: 0.009931 ms (card: 36242603)
  COMP (~((A|B)&(B|C))): 0.39897 ms (card: 36242772 OK)
---------------------------------------
