CSV output: /home/lichenhang/lee/thesis/check/lee/combit-cr-native-20260820/experiments/job_comp_literal_native_20260821/raw/r5_cast_info_person_id_ddc.csv
=== Compressed .bm Benchmark Mode ===
Directory: /home/lichenhang/lee/thesis/check/lee/R3W1_realworld_excel_20260809/job_unified10/logical_top3_datasets/cast_info_person_id/bitmap/bm_36244344_c3_ddc_w8
Rows: 36244344 | Cardinality: 3
AND caliber: PAIR (A&B, real op)

=======================================
Benchmark [DDC (New)] — Compressed .bm Files
Source: /home/lichenhang/lee/thesis/check/lee/R3W1_realworld_excel_20260809/job_unified10/logical_top3_datasets/cast_info_person_id/bitmap/bm_36244344_c3_ddc_w8
Rows: 36244344 | Cardinality: 3 | Loaded: 3
=======================================
[Load] Loaded 3 compressed bitmaps: 0.194774 ms
  1.bm → cardinality: 10249
  2.bm → cardinality: 8242
  3.bm → cardinality: 7725

[Storage] Total compressed: 953 bytes (0.930664 KB) | Ratio: 7.01167e-05x
[DDC Storage] l4_bytes: 0.000198364 MB | l3_bytes: 6.19888e-05 MB | l2_bytes: 0.000404358 MB | l1_bytes: 0.00313663 MB | total_bytes: 0.00380135 MB

[Compute] Pairwise ops on first 2 bitmaps:
  bitOr:  0.021901 ms (card: 18491)
  bitAnd: 0.004046 ms (card: 0)
  bitXor: 0.005616 ms (card: 18491)

[Compute] Multi-way OR of 3 bitmaps: 0.011156 ms (card: 26216)
  [MIRROR-IN-PROC] OR raw: 0.000855 0.000864 0.00087 0.000873 0.000873 0.000874 0.000874 0.000875 0.000876 0.000876 0.000876 0.000876 0.000878 0.000879 0.000879 0.00088 0.00088 0.00088 0.00088 0.000882 0.000882 0.000882 0.000882 0.000882 0.000883 0.000883 0.000885 0.000885 0.000887 0.000889 0.000892 0.000894 0.000894 0.000895 0.00091 0.000913 0.000916 0.000917 0.000918 0.000919 0.000919 0.000919 0.00092 0.000924 0.000926 0.000928 0.00093 0.000931 0.000932 0.000933 0.000934 0.000935 0.000935 0.000936 0.000936 0.000937 0.000938 0.000938 0.000939 0.000939 0.000941 0.000941 0.000942 0.000942 0.000943 0.000944 0.000944 0.000946 0.000946 0.000947 0.000948 0.000948 0.00095 0.00095 0.000952 0.000952 0.000953 0.000953 0.000953 0.000954 0.000954 0.000954 0.000955 0.000957 0.000958 0.000958 0.000959 0.00096 0.000961 0.000962 0.000969 0.000973 0.000988 0.000993 0.001016 0.001024 0.001032 0.001055 0.001127 0.009994  median=0.000934

[Pure Ops] DDC operation-only timing:
  AND: 7.7e-05 ms (card: 0)
  OR:  0.000902 ms (card: 18491)
  XOR: 0.000848 ms (card: 18491)
  NOT: 0.000289 ms (card: 36234095)
  COMP (~((A|B)&(B|C))): 0.04911 ms (card: 36236102 OK)
---------------------------------------
