CSV output: /home/lichenhang/lee/thesis/check/lee/combit-cr-native-20260820/experiments/job_comp_literal_native_20260821/raw/r5_kind_croaring.csv
=== Compressed .bm Benchmark Mode ===
Directory: /home/lichenhang/lee/thesis/check/lee/combit/realdata/kind/bitmap/bm_2528312_c6_roaring
Rows: 2528312 | Cardinality: 6
AND caliber: PAIR (A&B, real op)

=======================================
Benchmark [CRoaring] — Compressed .bm Files
Source: /home/lichenhang/lee/thesis/check/lee/combit/realdata/kind/bitmap/bm_2528312_c6_roaring
Rows: 2528312 | Cardinality: 6 | Loaded: 6
=======================================
[Load] Loaded 6 compressed bitmaps: 0.512456 ms
  1.bm → cardinality: 1543264
  2.bm → cardinality: 662825
  3.bm → cardinality: 118234
  4.bm → cardinality: 100537
  5.bm → cardinality: 90852
  ... (1 more)

[Storage] Total compressed: 788278 bytes (769.803 KB) | Ratio: 0.415707x
[CRoaring Storage] array=51 (0.209927 MB) | run=1 (0.00177956 MB) | bitset=69 (0.539062 MB) | total_bytes=787238

[Compute] Pairwise ops on first 2 bitmaps:
  bitOr:  0.166459 ms (card: 2206089)
  bitAnd: 0.017412 ms (card: 0)
  bitXor: 0.127816 ms (card: 2206089)

[Compute] Multi-way OR of 6 bitmaps: 0.143003 ms (card: 2528312)

[Pure Ops] CRoaring operation-only (+ to-btv conversion):
  AND: 0.010002 ms (card: 0)
  OR:  0.02654 ms (card: 2206089)
  OR (CR internal only, no to-btv): 0.011869 ms
  XOR: 0.026709 ms (card: 2206089)
  NOT: 0.125734 ms (card: 985048)
  AND (in-place): 0.017568 ms
  [AND result containers] array=0 (0 MB) bitset=0 (0 MB) run=0 (0 MB) total_bytes=0
  [OR  result containers] array=0 (0 MB) bitset=39 (0.304688 MB) run=0 (0 MB) total_bytes=319488
  [XOR result containers] array=0 (0 MB) bitset=39 (0.304688 MB) run=0 (0 MB) total_bytes=319488
  [NOT result containers] array=23 (0.158161 MB) bitset=3 (0.0234375 MB) run=13 (0.00185204 MB) total_bytes=192362
  [Input A containers] array=0 (0 MB) bitset=26 (0.203125 MB) run=1 (0.00177956 MB) total_bytes=214858
  [Input B containers] array=3 (0.000267029 MB) bitset=15 (0.117188 MB) run=0 (0 MB) total_bytes=123160
  COMP native (~((A|B)&(B|C))): 0.034136 ms
  COMP (~((A|B)&(B|C))): 0.051604 ms
---------------------------------------
