CSV output: /home/lichenhang/lee/thesis/check/lee/combit-cr-native-20260820/experiments/job_comp_literal_native_20260821/raw/r5_year_ddc.csv
=== Compressed .bm Benchmark Mode ===
Directory: /home/lichenhang/lee/thesis/check/lee/combit/realdata/year/bitmap/bm_2528312_c132_ddc_w8
Rows: 2528312 | Cardinality: 132
AND caliber: PAIR (A&B, real op)

=======================================
Benchmark [DDC (New)] — Compressed .bm Files
Source: /home/lichenhang/lee/thesis/check/lee/combit/realdata/year/bitmap/bm_2528312_c132_ddc_w8
Rows: 2528312 | Cardinality: 132 | Loaded: 132
=======================================
[Load] Loaded 132 compressed bitmaps: 4.88536 ms
  1.bm → cardinality: 164307
  2.bm → cardinality: 160017
  3.bm → cardinality: 141703
  4.bm → cardinality: 128696
  5.bm → cardinality: 122861
  ... (127 more)

[Storage] Total compressed: 4010490 bytes (3916.49 KB) | Ratio: 0.0961353x
[DDC Storage] l4_bytes: 0.0538062 MB | l3_bytes: 0.315495 MB | l2_bytes: 1.22862 MB | l1_bytes: 2.11057 MB | total_bytes: 3.70849 MB

[Compute] Pairwise ops on first 2 bitmaps:
  bitOr:  0.196815 ms (card: 324324)
  bitAnd: 0.158615 ms (card: 0)
  bitXor: 0.151049 ms (card: 324324)

[Compute] Multi-way OR of 132 bitmaps: 3.15001 ms (card: 2456218)
  [MIRROR-IN-PROC] OR raw: 0.027815 0.027816 0.027833 0.027843 0.027843 0.027853 0.027857 0.027867 0.027867 0.027869 0.027871 0.027872 0.027872 0.027873 0.027879 0.02788 0.027884 0.027885 0.027887 0.027888 0.027888 0.027892 0.027892 0.027893 0.027894 0.027895 0.027896 0.027896 0.027898 0.027899 0.027903 0.027906 0.027907 0.027909 0.027914 0.027915 0.027915 0.027917 0.027917 0.027919 0.02792 0.027923 0.027923 0.027923 0.027925 0.027927 0.027932 0.02794 0.027943 0.027946 0.02795 0.02795 0.027953 0.027956 0.027956 0.027956 0.027957 0.027959 0.02796 0.02796 0.02796 0.027961 0.027967 0.027968 0.027972 0.027973 0.027977 0.027979 0.02798 0.027982 0.027984 0.027987 0.027991 0.027994 0.027995 0.027998 0.028002 0.028004 0.028006 0.028006 0.028008 0.028009 0.028021 0.028023 0.02803 0.028042 0.028045 0.028058 0.028102 0.028117 0.028167 0.028204 0.028206 0.028323 0.029233 0.030483 0.030578 0.030584 0.033657 0.03377  median=0.02795

[Pure Ops] DDC operation-only timing:
  AND: 0.031452 ms (card: 0)
  OR:  0.028158 ms (card: 324324)
  XOR: 0.0297 ms (card: 324324)
  NOT: 0.011474 ms (card: 2364005)
  COMP (~((A|B)&(B|C))): 0.076682 ms (card: 2368295 OK)
---------------------------------------
