CSV output: /home/lichenhang/lee/thesis/check/lee/combit-cr-native-20260820/experiments/job_comp_literal_native_20260821/raw/r5_year_croaring.csv
=== Compressed .bm Benchmark Mode ===
Directory: /home/lichenhang/lee/thesis/check/lee/combit/realdata/year/bitmap/bm_2528312_c132_roaring
Rows: 2528312 | Cardinality: 132
AND caliber: PAIR (A&B, real op)

=======================================
Benchmark [CRoaring] — Compressed .bm Files
Source: /home/lichenhang/lee/thesis/check/lee/combit/realdata/year/bitmap/bm_2528312_c132_roaring
Rows: 2528312 | Cardinality: 132 | Loaded: 132
=======================================
[Load] Loaded 132 compressed bitmaps: 3.2371 ms
  1.bm → cardinality: 164307
  2.bm → cardinality: 160017
  3.bm → cardinality: 141703
  4.bm → cardinality: 128696
  5.bm → cardinality: 122861
  ... (127 more)

[Storage] Total compressed: 4890838 bytes (4776.21 KB) | Ratio: 0.117238x
[CRoaring Storage] array=3525 (4.2214 MB) | run=0 (0 MB) | bitset=53 (0.414062 MB) | total_bytes=4860630

[Compute] Pairwise ops on first 2 bitmaps:
  bitOr:  0.344056 ms (card: 324324)
  bitAnd: 0.092121 ms (card: 0)
  bitXor: 0.302875 ms (card: 324324)

[Compute] Multi-way OR of 132 bitmaps: 3.29213 ms (card: 2456218)

[Pure Ops] CRoaring operation-only (+ to-btv conversion):
  AND: 0.05484 ms (card: 0)
  OR:  0.100119 ms (card: 324324)
  OR (CR internal only, no to-btv): 0.082999 ms
  XOR: 0.180103 ms (card: 324324)
  NOT: 0.072347 ms (card: 2364005)
  AND (in-place): 0.091441 ms
  [AND result containers] array=0 (0 MB) bitset=0 (0 MB) run=0 (0 MB) total_bytes=0
  [OR  result containers] array=1 (0.00714684 MB) bitset=38 (0.296875 MB) run=0 (0 MB) total_bytes=318790
  [XOR result containers] array=1 (0.00714684 MB) bitset=38 (0.296875 MB) run=0 (0 MB) total_bytes=318790
  [NOT result containers] array=0 (0 MB) bitset=39 (0.304688 MB) run=0 (0 MB) total_bytes=319488
  [Input A containers] array=16 (0.107395 MB) bitset=23 (0.179688 MB) run=0 (0 MB) total_bytes=301028
  [Input B containers] array=20 (0.137569 MB) bitset=19 (0.148438 MB) run=0 (0 MB) total_bytes=299900
  COMP native (~((A|B)&(B|C))): 0.476105 ms
  COMP (~((A|B)&(B|C))): 0.499398 ms
---------------------------------------
