CSV output: /home/lichenhang/lee/thesis/check/lee/combit-cr-native-20260820/experiments/cr_native_no_btv_20260820/raw/job/r3_kind.csv
=== Compressed .bm Benchmark Mode ===
Directory: /home/lichenhang/lee/thesis/check/lee/combit/realdata/kind/bitmap/bm_2528312_c6_roaring
Rows: 2528312 | Cardinality: 6
AND caliber: PAIR (A&B, real op)

=======================================
Benchmark [CRoaring] — Compressed .bm Files
Source: /home/lichenhang/lee/thesis/check/lee/combit/realdata/kind/bitmap/bm_2528312_c6_roaring
Rows: 2528312 | Cardinality: 6 | Loaded: 6 | Iterations: 100
=======================================
[Warm-up] Running 1 warm-up iteration...
[Load] Loaded 6 compressed bitmaps: 0.253412 ms
  1.bm → cardinality: 1543264
  2.bm → cardinality: 662825
  3.bm → cardinality: 118234
  4.bm → cardinality: 100537
  5.bm → cardinality: 90852
  ... (1 more)

[Storage] Total compressed: 788278 bytes (769.803 KB) | Ratio: 0.415707x
[CRoaring Storage] array=51 (0.209927 MB) | run=1 (0.00177956 MB) | bitset=69 (0.539062 MB) | total_bytes=787238

[Summary] Median over 100 iterations:
  Load:      0.145494 ms
  bitOr:     0.035369 ms (card: 2206089)
  bitAnd:    0.0105765 ms (card: 0)
  bitXor:    0.032233 ms (card: 2206089)
  multi-OR:  0.14042 ms (card: 2528312)

[Pure Ops] CRoaring operation-only (+ to-btv conversion):
  AND: 0.009866 ms (card: 0)
  OR:  0.026757 ms (card: 2206089)
  OR (CR internal only, no to-btv): 0.011007 ms
  XOR: 0.026757 ms (card: 2206089)
  NOT: 0.126052 ms (card: 985048)
  AND (in-place): 0.015032 ms
  [AND result containers] array=0 (0 MB) bitset=0 (0 MB) run=0 (0 MB) total_bytes=0
  [OR  result containers] array=0 (0 MB) bitset=39 (0.304688 MB) run=0 (0 MB) total_bytes=319488
  [XOR result containers] array=0 (0 MB) bitset=39 (0.304688 MB) run=0 (0 MB) total_bytes=319488
  [NOT result containers] array=23 (0.158161 MB) bitset=3 (0.0234375 MB) run=13 (0.00185204 MB) total_bytes=192362
  [Input A containers] array=0 (0 MB) bitset=26 (0.203125 MB) run=1 (0.00177956 MB) total_bytes=214858
  [Input B containers] array=3 (0.000267029 MB) bitset=15 (0.117188 MB) run=0 (0 MB) total_bytes=123160
  COMP native (~((A|B)&(B|C))): 0.032833 ms
  COMP (~((A|B)&(B|C))): 0.050419 ms
---------------------------------------
