CSV output: /home/lichenhang/lee/thesis/check/lee/combit-cr-native-20260820/experiments/cr_run_btv_literal_20260821/raw/cluster_r5_sorted_ewah.csv
=== Compressed .bm Benchmark Mode ===
Directory: /home/lichenhang/lee/thesis/check/lee/R2W1_clustering_micro_100m_20260813/data/sorted/bitmap/bm_100m_c100_ewah
Rows: 100000000 | Cardinality: 100
AND caliber: PAIR (A&B, real op)

=======================================
Benchmark [EWAH] — Compressed .bm Files
Source: /home/lichenhang/lee/thesis/check/lee/R2W1_clustering_micro_100m_20260813/data/sorted/bitmap/bm_100m_c100_ewah
Rows: 100000000 | Cardinality: 100 | Loaded: 100
=======================================
[Load] Loaded 100 compressed bitmaps: 0.28618 ms
  1.bm → cardinality: 1000000
  2.bm → cardinality: 1000000
  3.bm → cardinality: 1000000
  4.bm → cardinality: 1000000
  5.bm → cardinality: 1000000
  ... (95 more)

[Storage] Total compressed: 4784 bytes (4.67188 KB) | Ratio: 3.8272e-06x

[Compute] Pairwise ops on first 2 bitmaps:
  bitOr:  0.002318 ms (card: 2000000)
  bitAnd: 0.001326 ms (card: 0)
  bitXor: 0.0014 ms (card: 2000000)

[Compute] Multi-way OR of 100 bitmaps: 0.008247 ms (card: 100000000)

[Pure Ops] EWAH operation-only:
  AND: 8.1e-05 ms
  OR:  0.000115 ms
  XOR: 8.3e-05 ms
  NOT: 6.6e-05 ms
  COMP (~((A|B)&(B|C))): 0.000263 ms
---------------------------------------
