CSV output: /home/lichenhang/lee/thesis/check/lee/combit-cr-native-20260820/experiments/cr_run_btv_literal_20260821/raw/cluster_r3_f256_ewah.csv
=== Compressed .bm Benchmark Mode ===
Directory: /home/lichenhang/lee/thesis/check/lee/R2W1_clustering_micro_100m_20260813/data/f256/bitmap/bm_100m_c100_ewah
Rows: 100000000 | Cardinality: 100
AND caliber: PAIR (A&B, real op)

=======================================
Benchmark [EWAH] — Compressed .bm Files
Source: /home/lichenhang/lee/thesis/check/lee/R2W1_clustering_micro_100m_20260813/data/f256/bitmap/bm_100m_c100_ewah
Rows: 100000000 | Cardinality: 100 | Loaded: 100
=======================================
[Load] Loaded 100 compressed bitmaps: 6.1075 ms
  1.bm → cardinality: 1000000
  2.bm → cardinality: 1000000
  3.bm → cardinality: 1000000
  4.bm → cardinality: 1000000
  5.bm → cardinality: 1000000
  ... (95 more)

[Storage] Total compressed: 11087224 bytes (10827.4 KB) | Ratio: 0.00886978x

[Compute] Pairwise ops on first 2 bitmaps:
  bitOr:  0.30248 ms (card: 2000000)
  bitAnd: 0.14799 ms (card: 0)
  bitXor: 0.297654 ms (card: 2000000)

[Compute] Multi-way OR of 100 bitmaps: 131.659 ms (card: 100000000)

[Pure Ops] EWAH operation-only:
  AND: 0.116609 ms
  OR:  0.190823 ms
  XOR: 0.195946 ms
  NOT: 0.069906 ms
  COMP (~((A|B)&(B|C))): 0.771255 ms
---------------------------------------
