CSV output: /home/lichenhang/lee/thesis/check/lee/combit-cr-native-20260820/experiments/cr_run_btv_literal_20260821/raw/cluster_r2_iid_ddc.csv
=== Compressed .bm Benchmark Mode ===
Directory: /home/lichenhang/lee/thesis/check/lee/R2W1_clustering_micro_100m_20260813/data/iid/bitmap/bm_100m_c100_ddc_w8
Rows: 100000000 | Cardinality: 100
AND caliber: PAIR (A&B, real op)

=======================================
Benchmark [DDC (New)] — Compressed .bm Files
Source: /home/lichenhang/lee/thesis/check/lee/R2W1_clustering_micro_100m_20260813/data/iid/bitmap/bm_100m_c100_ddc_w8
Rows: 100000000 | Cardinality: 100 | Loaded: 100
=======================================
[Load] Loaded 100 compressed bitmaps: 193.563 ms
  1.bm → cardinality: 1000000
  2.bm → cardinality: 1000000
  3.bm → cardinality: 1000000
  4.bm → cardinality: 1000000
  5.bm → cardinality: 1000000
  ... (95 more)

[Storage] Total compressed: 197577654 bytes (192947 KB) | Ratio: 0.158062x
[DDC Storage] l4_bytes: 2.32831 MB | l3_bytes: 18.4928 MB | l2_bytes: 70.697 MB | l1_bytes: 92.0966 MB | total_bytes: 183.615 MB

[Compute] Pairwise ops on first 2 bitmaps:
  bitOr:  6.53923 ms (card: 2000000)
  bitAnd: 6.60395 ms (card: 0)
  bitXor: 6.5858 ms (card: 2000000)

[Compute] Multi-way OR of 100 bitmaps: 149.683 ms (card: 100000000)
  [MIRROR-IN-PROC] OR raw: 1.40954 1.41073 1.41128 1.41129 1.41143 1.41144 1.41147 1.4116 1.41176 1.41198 1.41214 1.41246 1.41265 1.41268 1.41306 1.41352 1.41373 1.41425 1.41436 1.41457 1.41487 1.41492 1.41564 1.41579 1.41581 1.41598 1.41607 1.41626 1.41635 1.41708 1.41728 1.41758 1.41766 1.41767 1.41801 1.4181 1.41815 1.41817 1.41818 1.41846 1.41865 1.41874 1.41876 1.41889 1.41891 1.41921 1.41948 1.41986 1.41999 1.42008 1.42018 1.42022 1.42032 1.42048 1.42053 1.4207 1.42076 1.42135 1.42171 1.42172 1.42185 1.42188 1.42191 1.42203 1.42213 1.42214 1.42218 1.42222 1.4223 1.42255 1.42266 1.42297 1.4237 1.4242 1.42428 1.42444 1.42448 1.42467 1.42486 1.42492 1.42502 1.42504 1.42508 1.4254 1.42562 1.42574 1.42614 1.4265 1.42743 1.42875 1.42901 1.42906 1.42975 1.4299 1.43127 1.43131 1.4314 1.43177 1.4319 1.44713  median=1.42018

[Pure Ops] DDC operation-only timing:
  AND: 1.55458 ms (card: 0)
  OR:  1.41782 ms (card: 2000000)
  XOR: 1.44988 ms (card: 2000000)
  NOT: 0.261631 ms (card: 99000000)
  COMP (~((A|B)&(B|C))): 4.23856 ms (card: 99000000 OK)
---------------------------------------
