CSV output: /home/lichenhang/lee/thesis/check/lee/combit-cr-native-20260820/experiments/cr_run_btv_literal_20260821/raw/cluster_r1_f4_ewah.csv
=== Compressed .bm Benchmark Mode ===
Directory: /home/lichenhang/lee/thesis/check/lee/R2W1_clustering_micro_100m_20260813/data/f4/bitmap/bm_100m_c100_ewah
Rows: 100000000 | Cardinality: 100
AND caliber: PAIR (A&B, real op)

=======================================
Benchmark [EWAH] — Compressed .bm Files
Source: /home/lichenhang/lee/thesis/check/lee/R2W1_clustering_micro_100m_20260813/data/f4/bitmap/bm_100m_c100_ewah
Rows: 100000000 | Cardinality: 100 | Loaded: 100
=======================================
[Load] Loaded 100 compressed bitmaps: 217.772 ms
  1.bm → cardinality: 1000000
  2.bm → cardinality: 1000000
  3.bm → cardinality: 1000000
  4.bm → cardinality: 1000000
  5.bm → cardinality: 1000000
  ... (95 more)

[Storage] Total compressed: 352397728 bytes (344138 KB) | Ratio: 0.281918x

[Compute] Pairwise ops on first 2 bitmaps:
  bitOr:  10.3898 ms (card: 2000000)
  bitAnd: 6.30768 ms (card: 0)
  bitXor: 10.483 ms (card: 2000000)

[Compute] Multi-way OR of 100 bitmaps: 852.408 ms (card: 100000000)

[Pure Ops] EWAH operation-only:
  AND: 6.21307 ms
  OR:  7.95411 ms
  XOR: 8.11888 ms
  NOT: 2.25059 ms
  COMP (~((A|B)&(B|C))): 28.6879 ms
---------------------------------------
