CSV output: /home/lichenhang/lee/thesis/check/lee/combit-cr-native-20260820/experiments/cr_run_btv_literal_20260821/raw/cluster_r5_sorted_wah.csv
=== Compressed .bm Benchmark Mode ===
Directory: /home/lichenhang/lee/thesis/check/lee/R2W1_clustering_micro_100m_20260813/data/sorted/bitmap/bm_100m_c100_wah
Rows: 100000000 | Cardinality: 100
AND caliber: PAIR (A&B, real op)

=======================================
Benchmark [WAH (FastBit)] — Compressed .bm Files
Source: /home/lichenhang/lee/thesis/check/lee/R2W1_clustering_micro_100m_20260813/data/sorted/bitmap/bm_100m_c100_wah
Rows: 100000000 | Cardinality: 100 | Loaded: 100
=======================================
[Load] Loaded 100 compressed bitmaps: 0.584239 ms
  1.bm → cardinality: 1000000
  2.bm → cardinality: 1000000
  3.bm → cardinality: 1000000
  4.bm → cardinality: 1000000
  5.bm → cardinality: 1000000
  ... (95 more)

[Storage] Total compressed: 2760 bytes (2.69531 KB) | Ratio: 2.208e-06x

[Compute] Pairwise ops on first 2 bitmaps:
  bitOr:  0.011057 ms (card: 2000000)
  bitAnd: 0.001997 ms (card: 0)
  bitXor: 0.003479 ms (card: 2000000)

[Compute] Multi-way OR of 100 bitmaps: 0.033935 ms (card: 100000000)

[Pure Ops] WAH (FastBit) operation-only:
  AND: 0.000302 ms
  OR:  0.000312 ms
  XOR: 0.000303 ms
  NOT: 0.000138 ms
  COMP (~((A|B)&(B|C))): 0.001003 ms
---------------------------------------
