CSV output: /home/lichenhang/lee/thesis/check/lee/combit-cr-native-20260820/experiments/cr_run_btv_literal_20260821/raw/cluster_r3_f8_wah.csv
=== Compressed .bm Benchmark Mode ===
Directory: /home/lichenhang/lee/thesis/check/lee/R2W1_clustering_micro_100m_20260813/data/f8/bitmap/bm_100m_c100_wah
Rows: 100000000 | Cardinality: 100
AND caliber: PAIR (A&B, real op)

=======================================
Benchmark [WAH (FastBit)] — Compressed .bm Files
Source: /home/lichenhang/lee/thesis/check/lee/R2W1_clustering_micro_100m_20260813/data/f8/bitmap/bm_100m_c100_wah
Rows: 100000000 | Cardinality: 100 | Loaded: 100
=======================================
[Load] Loaded 100 compressed bitmaps: 118.603 ms
  1.bm → cardinality: 1000000
  2.bm → cardinality: 1000000
  3.bm → cardinality: 1000000
  4.bm → cardinality: 1000000
  5.bm → cardinality: 1000000
  ... (95 more)

[Storage] Total compressed: 107651348 bytes (105128 KB) | Ratio: 0.0861211x

[Compute] Pairwise ops on first 2 bitmaps:
  bitOr:  8.76433 ms (card: 2000000)
  bitAnd: 3.14788 ms (card: 0)
  bitXor: 3.89126 ms (card: 2000000)

[Compute] Multi-way OR of 100 bitmaps: 567.839 ms (card: 100000000)

[Pure Ops] WAH (FastBit) operation-only:
  AND: 3.0442 ms
  OR:  5.26025 ms
  XOR: 3.8363 ms
  NOT: 0.068635 ms
  COMP (~((A|B)&(B|C))): 17.922 ms
---------------------------------------
