CSV output: /home/lichenhang/lee/thesis/check/lee/combit-cr-native-20260820/experiments/cr_run_btv_literal_20260821/raw/cluster_r3_f8_croaring.csv
=== Compressed .bm Benchmark Mode ===
Directory: /home/lichenhang/lee/thesis/check/lee/R2W1_clustering_micro_100m_20260813/data/f8/bitmap/bm_100m_c100_roaring
Rows: 100000000 | Cardinality: 100
AND caliber: PAIR (A&B, real op)

=======================================
Benchmark [CRoaring] — Compressed .bm Files
Source: /home/lichenhang/lee/thesis/check/lee/R2W1_clustering_micro_100m_20260813/data/f8/bitmap/bm_100m_c100_roaring
Rows: 100000000 | Cardinality: 100 | Loaded: 100
=======================================
[Load] Loaded 100 compressed bitmaps: 38.3056 ms
  1.bm → cardinality: 1000000
  2.bm → cardinality: 1000000
  3.bm → cardinality: 1000000
  4.bm → cardinality: 1000000
  5.bm → cardinality: 1000000
  ... (95 more)

[Storage] Total compressed: 51551208 bytes (50343 KB) | Ratio: 0.041241x
[CRoaring Storage] array=0 (0 MB) | run=152600 (47.9798 MB) | bitset=0 (0 MB) | total_bytes=50310508

[Compute] Pairwise ops on first 2 bitmaps:
  bitOr:  10.5445 ms (card: 2000000)
  bitAnd: 2.26684 ms (card: 0)
  bitXor: 4.07126 ms (card: 2000000)

[Compute] Multi-way OR of 100 bitmaps: 446.642 ms (card: 100000000)

[Pure Ops] CRoaring operation-only (+ to-btv conversion):
  AND: 1.97009 ms (card: 0)
  OR:  3.07219 ms (card: 2000000)
  OR (CR internal only, no to-btv): 1.78065 ms
  XOR: 3.69391 ms (card: 2000000)
  NOT: 3.23717 ms (card: 99000000)
  AND (in-place): 2.00978 ms
  [AND result containers] array=0 (0 MB) bitset=0 (0 MB) run=0 (0 MB) total_bytes=0
  [OR  result containers] array=0 (0 MB) bitset=0 (0 MB) run=1526 (0.947411 MB) total_bytes=993432
  [XOR result containers] array=0 (0 MB) bitset=0 (0 MB) run=1526 (0.947411 MB) total_bytes=993432
  [NOT result containers] array=0 (0 MB) bitset=0 (0 MB) run=1526 (0.485641 MB) total_bytes=509232
  [Input A containers] array=0 (0 MB) bitset=0 (0 MB) run=1526 (0.479931 MB) total_bytes=503244
  [Input B containers] array=0 (0 MB) bitset=0 (0 MB) run=1526 (0.479965 MB) total_bytes=503280
  COMP native (~((A|B)&(B|C))): 7.27656 ms
  COMP (~((A|B)&(B|C))): 9.8524 ms
---------------------------------------
