CSV output: /home/lichenhang/lee/thesis/check/lee/combit-cr-native-20260820/experiments/cr_run_btv_literal_20260821/raw/cluster_r4_f1024_croaring.csv
=== Compressed .bm Benchmark Mode ===
Directory: /home/lichenhang/lee/thesis/check/lee/R2W1_clustering_micro_100m_20260813/data/f1024/bitmap/bm_100m_c100_roaring
Rows: 100000000 | Cardinality: 100
AND caliber: PAIR (A&B, real op)

=======================================
Benchmark [CRoaring] — Compressed .bm Files
Source: /home/lichenhang/lee/thesis/check/lee/R2W1_clustering_micro_100m_20260813/data/f1024/bitmap/bm_100m_c100_roaring
Rows: 100000000 | Cardinality: 100 | Loaded: 100
=======================================
[Load] Loaded 100 compressed bitmaps: 5.41065 ms
  1.bm → cardinality: 1000000
  2.bm → cardinality: 1000000
  3.bm → cardinality: 1000000
  4.bm → cardinality: 1000000
  5.bm → cardinality: 1000000
  ... (95 more)

[Storage] Total compressed: 1138163 bytes (1111.49 KB) | Ratio: 0.00091053x
[CRoaring Storage] array=165 (0.000610352 MB) | run=73054 (0.516674 MB) | bitset=0 (0 MB) | total_bytes=542412

[Compute] Pairwise ops on first 2 bitmaps:
  bitOr:  4.02118 ms (card: 2000000)
  bitAnd: 3.01721 ms (card: 0)
  bitXor: 0.620533 ms (card: 2000000)

[Compute] Multi-way OR of 100 bitmaps: 16.9144 ms (card: 100000000)

[Pure Ops] CRoaring operation-only (+ to-btv conversion):
  AND: 0.532001 ms (card: 0)
  OR:  0.602126 ms (card: 2000000)
  OR (CR internal only, no to-btv): 0.069937 ms
  XOR: 0.603254 ms (card: 2000000)
  NOT: 1.374 ms (card: 99000000)
  AND (in-place): 0.519114 ms
  [AND result containers] array=0 (0 MB) bitset=0 (0 MB) run=0 (0 MB) total_bytes=0
  [OR  result containers] array=2 (5.72205e-06 MB) bitset=0 (0 MB) run=1109 (0.00959969 MB) total_bytes=10072
  [XOR result containers] array=2 (5.72205e-06 MB) bitset=0 (0 MB) run=1109 (0.00959969 MB) total_bytes=10072
  [NOT result containers] array=0 (0 MB) bitset=2 (0.015625 MB) run=1524 (0.0124016 MB) total_bytes=29388
  [Input A containers] array=2 (5.72205e-06 MB) bitset=0 (0 MB) run=723 (0.00513649 MB) total_bytes=5392
  [Input B containers] array=0 (0 MB) bitset=0 (0 MB) run=729 (0.00519371 MB) total_bytes=5446
  COMP native (~((A|B)&(B|C))): 0.362899 ms
  COMP (~((A|B)&(B|C))): 1.40959 ms
---------------------------------------
