CSV output: /home/lichenhang/lee/thesis/check/lee/combit-cr-native-20260820/experiments/cr_run_btv_literal_20260821/raw/cluster_r4_f128_wah.csv
=== Compressed .bm Benchmark Mode ===
Directory: /home/lichenhang/lee/thesis/check/lee/R2W1_clustering_micro_100m_20260813/data/f128/bitmap/bm_100m_c100_wah
Rows: 100000000 | Cardinality: 100
AND caliber: PAIR (A&B, real op)

=======================================
Benchmark [WAH (FastBit)] — Compressed .bm Files
Source: /home/lichenhang/lee/thesis/check/lee/R2W1_clustering_micro_100m_20260813/data/f128/bitmap/bm_100m_c100_wah
Rows: 100000000 | Cardinality: 100 | Loaded: 100
=======================================
[Load] Loaded 100 compressed bitmaps: 12.1802 ms
  1.bm → cardinality: 1000000
  2.bm → cardinality: 1000000
  3.bm → cardinality: 1000000
  4.bm → cardinality: 1000000
  5.bm → cardinality: 1000000
  ... (95 more)

[Storage] Total compressed: 11039688 bytes (10780.9 KB) | Ratio: 0.00883175x

[Compute] Pairwise ops on first 2 bitmaps:
  bitOr:  0.646126 ms (card: 2000000)
  bitAnd: 0.256039 ms (card: 0)
  bitXor: 0.400354 ms (card: 2000000)

[Compute] Multi-way OR of 100 bitmaps: 294.097 ms (card: 100000000)

[Pure Ops] WAH (FastBit) operation-only:
  AND: 0.220354 ms
  OR:  0.424223 ms
  XOR: 0.295518 ms
  NOT: 0.007845 ms
  COMP (~((A|B)&(B|C))): 1.4686 ms
---------------------------------------
