CSV output: /home/lichenhang/lee/thesis/check/lee/combit-cr-native-20260820/experiments/cr_run_btv_literal_20260821/raw/cluster_r5_f16_ewah.csv
=== Compressed .bm Benchmark Mode ===
Directory: /home/lichenhang/lee/thesis/check/lee/R2W1_clustering_micro_100m_20260813/data/f16/bitmap/bm_100m_c100_ewah
Rows: 100000000 | Cardinality: 100
AND caliber: PAIR (A&B, real op)

=======================================
Benchmark [EWAH] — Compressed .bm Files
Source: /home/lichenhang/lee/thesis/check/lee/R2W1_clustering_micro_100m_20260813/data/f16/bitmap/bm_100m_c100_ewah
Rows: 100000000 | Cardinality: 100 | Loaded: 100
=======================================
[Load] Loaded 100 compressed bitmaps: 59.548 ms
  1.bm → cardinality: 1000000
  2.bm → cardinality: 1000000
  3.bm → cardinality: 1000000
  4.bm → cardinality: 1000000
  5.bm → cardinality: 1000000
  ... (95 more)

[Storage] Total compressed: 107886816 bytes (105358 KB) | Ratio: 0.0863095x

[Compute] Pairwise ops on first 2 bitmaps:
  bitOr:  3.17096 ms (card: 2000000)
  bitAnd: 1.72138 ms (card: 0)
  bitXor: 3.27079 ms (card: 2000000)

[Compute] Multi-way OR of 100 bitmaps: 825.916 ms (card: 100000000)

[Pure Ops] EWAH operation-only:
  AND: 1.63185 ms
  OR:  2.37111 ms
  XOR: 2.43878 ms
  NOT: 0.705375 ms
  COMP (~((A|B)&(B|C))): 9.00713 ms
---------------------------------------
