CSV output: /home/lichenhang/lee/thesis/check/lee/combit-cr-native-20260820/experiments/cr_run_btv_literal_20260821/raw/cluster_r4_f16_croaring.csv
=== Compressed .bm Benchmark Mode ===
Directory: /home/lichenhang/lee/thesis/check/lee/R2W1_clustering_micro_100m_20260813/data/f16/bitmap/bm_100m_c100_roaring
Rows: 100000000 | Cardinality: 100
AND caliber: PAIR (A&B, real op)

=======================================
Benchmark [CRoaring] — Compressed .bm Files
Source: /home/lichenhang/lee/thesis/check/lee/R2W1_clustering_micro_100m_20260813/data/f16/bitmap/bm_100m_c100_roaring
Rows: 100000000 | Cardinality: 100 | Loaded: 100
=======================================
[Load] Loaded 100 compressed bitmaps: 22.0706 ms
  1.bm → cardinality: 1000000
  2.bm → cardinality: 1000000
  3.bm → cardinality: 1000000
  4.bm → cardinality: 1000000
  5.bm → cardinality: 1000000
  ... (95 more)

[Storage] Total compressed: 26552232 bytes (25929.9 KB) | Ratio: 0.0212418x
[CRoaring Storage] array=0 (0 MB) | run=152600 (24.139 MB) | bitset=0 (0 MB) | total_bytes=25311532

[Compute] Pairwise ops on first 2 bitmaps:
  bitOr:  9.39141 ms (card: 2000000)
  bitAnd: 1.49104 ms (card: 0)
  bitXor: 2.53661 ms (card: 2000000)

[Compute] Multi-way OR of 100 bitmaps: 359.644 ms (card: 100000000)

[Pure Ops] CRoaring operation-only (+ to-btv conversion):
  AND: 1.25478 ms (card: 0)
  OR:  2.031 ms (card: 2000000)
  OR (CR internal only, no to-btv): 0.93651 ms
  XOR: 2.3437 ms (card: 2000000)
  NOT: 2.2488 ms (card: 99000000)
  AND (in-place): 1.30953 ms
  [AND result containers] array=0 (0 MB) bitset=0 (0 MB) run=0 (0 MB) total_bytes=0
  [OR  result containers] array=0 (0 MB) bitset=0 (0 MB) run=1526 (0.475166 MB) total_bytes=498248
  [XOR result containers] array=0 (0 MB) bitset=0 (0 MB) run=1526 (0.475166 MB) total_bytes=498248
  [NOT result containers] array=0 (0 MB) bitset=0 (0 MB) run=1526 (0.247147 MB) total_bytes=259152
  [Input A containers] array=0 (0 MB) bitset=0 (0 MB) run=1526 (0.241482 MB) total_bytes=253212
  [Input B containers] array=0 (0 MB) bitset=0 (0 MB) run=1526 (0.241451 MB) total_bytes=253180
  COMP native (~((A|B)&(B|C))): 3.82909 ms
  COMP (~((A|B)&(B|C))): 5.66198 ms
---------------------------------------
