CSV output: /home/lichenhang/lee/thesis/check/lee/combit-cr-native-20260820/experiments/cr_run_btv_literal_20260821/raw/cluster_r1_f4_ddc.csv
=== Compressed .bm Benchmark Mode ===
Directory: /home/lichenhang/lee/thesis/check/lee/R2W1_clustering_micro_100m_20260813/data/f4/bitmap/bm_100m_c100_ddc_w8
Rows: 100000000 | Cardinality: 100
AND caliber: PAIR (A&B, real op)

=======================================
Benchmark [DDC (New)] — Compressed .bm Files
Source: /home/lichenhang/lee/thesis/check/lee/R2W1_clustering_micro_100m_20260813/data/f4/bitmap/bm_100m_c100_ddc_w8
Rows: 100000000 | Cardinality: 100 | Loaded: 100
=======================================
[Load] Loaded 100 compressed bitmaps: 110.653 ms
  1.bm → cardinality: 1000000
  2.bm → cardinality: 1000000
  3.bm → cardinality: 1000000
  4.bm → cardinality: 1000000
  5.bm → cardinality: 1000000
  ... (95 more)

[Storage] Total compressed: 80106251 bytes (78228.8 KB) | Ratio: 0.064085x
[DDC Storage] l4_bytes: 2.32831 MB | l3_bytes: 13.5603 MB | l2_bytes: 23.2127 MB | l1_bytes: 32.625 MB | total_bytes: 71.7263 MB

[Compute] Pairwise ops on first 2 bitmaps:
  bitOr:  6.00297 ms (card: 2000000)
  bitAnd: 6.98757 ms (card: 0)
  bitXor: 6.87825 ms (card: 2000000)

[Compute] Multi-way OR of 100 bitmaps: 175.859 ms (card: 100000000)
  [MIRROR-IN-PROC] OR raw: 1.40633 1.40646 1.40656 1.40688 1.40765 1.40767 1.40775 1.40779 1.40783 1.40789 1.40792 1.40794 1.40803 1.4081 1.40812 1.40825 1.40838 1.40865 1.40867 1.40867 1.4087 1.40873 1.40875 1.40877 1.4091 1.40916 1.40924 1.40939 1.40944 1.40976 1.41002 1.41026 1.4108 1.41107 1.41169 1.41187 1.41216 1.41246 1.41361 1.41376 1.41386 1.4139 1.41396 1.41406 1.41433 1.4147 1.41492 1.41549 1.41561 1.41589 1.416 1.4161 1.41611 1.41615 1.41616 1.41724 1.41782 1.41802 1.41818 1.41822 1.41829 1.41834 1.41865 1.41912 1.41921 1.41927 1.41937 1.42016 1.42041 1.42072 1.42073 1.42085 1.42106 1.42128 1.42146 1.42171 1.42202 1.42223 1.42239 1.4228 1.42297 1.42308 1.42341 1.42387 1.42421 1.42447 1.4248 1.42526 1.42538 1.42768 1.42793 1.42812 1.43033 1.43087 1.43302 1.43445 1.43639 1.45429 1.45652 1.4583  median=1.416

[Pure Ops] DDC operation-only timing:
  AND: 2.23346 ms (card: 0)
  OR:  1.4166 ms (card: 2000000)
  XOR: 2.03996 ms (card: 2000000)
  NOT: 0.174457 ms (card: 99000000)
  COMP (~((A|B)&(B|C))): 4.25042 ms (card: 99000000 OK)
---------------------------------------
