CSV output: /home/lichenhang/lee/thesis/check/lee/combit-cr-native-20260820/experiments/cr_run_btv_literal_20260821/raw/cluster_r4_f16_ewah.csv
=== Compressed .bm Benchmark Mode ===
Directory: /home/lichenhang/lee/thesis/check/lee/R2W1_clustering_micro_100m_20260813/data/f16/bitmap/bm_100m_c100_ewah
Rows: 100000000 | Cardinality: 100
AND caliber: PAIR (A&B, real op)

=======================================
Benchmark [EWAH] — Compressed .bm Files
Source: /home/lichenhang/lee/thesis/check/lee/R2W1_clustering_micro_100m_20260813/data/f16/bitmap/bm_100m_c100_ewah
Rows: 100000000 | Cardinality: 100 | Loaded: 100
=======================================
[Load] Loaded 100 compressed bitmaps: 60.1548 ms
  1.bm → cardinality: 1000000
  2.bm → cardinality: 1000000
  3.bm → cardinality: 1000000
  4.bm → cardinality: 1000000
  5.bm → cardinality: 1000000
  ... (95 more)

[Storage] Total compressed: 107886816 bytes (105358 KB) | Ratio: 0.0863095x

[Compute] Pairwise ops on first 2 bitmaps:
  bitOr:  3.19156 ms (card: 2000000)
  bitAnd: 1.69597 ms (card: 0)
  bitXor: 3.48138 ms (card: 2000000)

[Compute] Multi-way OR of 100 bitmaps: 818.325 ms (card: 100000000)

[Pure Ops] EWAH operation-only:
  AND: 1.63827 ms
  OR:  2.37647 ms
  XOR: 2.43974 ms
  NOT: 0.704033 ms
  COMP (~((A|B)&(B|C))): 9.00773 ms
---------------------------------------
