CSV output: /home/lichenhang/lee/thesis/check/lee/combit-cr-native-20260820/experiments/cr_run_btv_literal_20260821/raw/cluster_r2_f256_ewah.csv
=== Compressed .bm Benchmark Mode ===
Directory: /home/lichenhang/lee/thesis/check/lee/R2W1_clustering_micro_100m_20260813/data/f256/bitmap/bm_100m_c100_ewah
Rows: 100000000 | Cardinality: 100
AND caliber: PAIR (A&B, real op)

=======================================
Benchmark [EWAH] — Compressed .bm Files
Source: /home/lichenhang/lee/thesis/check/lee/R2W1_clustering_micro_100m_20260813/data/f256/bitmap/bm_100m_c100_ewah
Rows: 100000000 | Cardinality: 100 | Loaded: 100
=======================================
[Load] Loaded 100 compressed bitmaps: 6.08657 ms
  1.bm → cardinality: 1000000
  2.bm → cardinality: 1000000
  3.bm → cardinality: 1000000
  4.bm → cardinality: 1000000
  5.bm → cardinality: 1000000
  ... (95 more)

[Storage] Total compressed: 11087224 bytes (10827.4 KB) | Ratio: 0.00886978x

[Compute] Pairwise ops on first 2 bitmaps:
  bitOr:  0.304482 ms (card: 2000000)
  bitAnd: 0.147986 ms (card: 0)
  bitXor: 0.305185 ms (card: 2000000)

[Compute] Multi-way OR of 100 bitmaps: 131.71 ms (card: 100000000)

[Pure Ops] EWAH operation-only:
  AND: 0.108733 ms
  OR:  0.185248 ms
  XOR: 0.193112 ms
  NOT: 0.070025 ms
  COMP (~((A|B)&(B|C))): 0.769239 ms
---------------------------------------
