CSV output: /home/lichenhang/lee/thesis/check/lee/combit-cr-native-20260820/experiments/cr_run_btv_literal_20260821/raw/cluster_r2_sorted_ddc.csv
=== Compressed .bm Benchmark Mode ===
Directory: /home/lichenhang/lee/thesis/check/lee/R2W1_clustering_micro_100m_20260813/data/sorted/bitmap/bm_100m_c100_ddc_w8
Rows: 100000000 | Cardinality: 100
AND caliber: PAIR (A&B, real op)

=======================================
Benchmark [DDC (New)] — Compressed .bm Files
Source: /home/lichenhang/lee/thesis/check/lee/R2W1_clustering_micro_100m_20260813/data/sorted/bitmap/bm_100m_c100_ddc_w8
Rows: 100000000 | Cardinality: 100 | Loaded: 100
=======================================
[Load] Loaded 100 compressed bitmaps: 15.3202 ms
  1.bm → cardinality: 1000000
  2.bm → cardinality: 1000000
  3.bm → cardinality: 1000000
  4.bm → cardinality: 1000000
  5.bm → cardinality: 1000000
  ... (95 more)

[Storage] Total compressed: 14598 bytes (14.2559 KB) | Ratio: 1.16784e-05x
[DDC Storage] l4_bytes: 0.00302124 MB | l3_bytes: 0.00618362 MB | l2_bytes: 0.0488091 MB | l1_bytes: 0.390472 MB | total_bytes: 0.448486 MB

[Compute] Pairwise ops on first 2 bitmaps:
  bitOr:  0.041362 ms (card: 2000000)
  bitAnd: 0.009948 ms (card: 0)
  bitXor: 0.008803 ms (card: 2000000)

[Compute] Multi-way OR of 100 bitmaps: 1.54755 ms (card: 100000000)
  [MIRROR-IN-PROC] OR raw: 0.000956 0.000963 0.000965 0.000966 0.000969 0.000969 0.000971 0.000971 0.000971 0.000972 0.000972 0.000972 0.000973 0.000974 0.000974 0.000974 0.000975 0.000975 0.000975 0.000976 0.000977 0.000978 0.000978 0.000978 0.000978 0.000979 0.00098 0.00098 0.00098 0.000981 0.000981 0.000981 0.000982 0.000982 0.000982 0.000982 0.000982 0.000983 0.000983 0.000983 0.000984 0.000984 0.000984 0.000984 0.000984 0.000984 0.000985 0.000985 0.000985 0.000985 0.000986 0.000986 0.000987 0.000987 0.000987 0.000988 0.00099 0.00099 0.00099 0.000991 0.000992 0.000993 0.000993 0.000993 0.000993 0.000993 0.000994 0.000994 0.000995 0.000996 0.000996 0.000996 0.000996 0.000997 0.000997 0.000999 0.000999 0.001001 0.001003 0.001004 0.001005 0.001007 0.001008 0.00101 0.00101 0.00101 0.00101 0.001013 0.001014 0.001014 0.001014 0.001016 0.001017 0.001021 0.001029 0.001042 0.001044 0.00106 0.001226 0.002437  median=0.000986

[Pure Ops] DDC operation-only timing:
  AND: 0.000696 ms (card: 0)
  OR:  0.000989 ms (card: 2000000)
  XOR: 0.000907 ms (card: 2000000)
  NOT: 0.000301 ms (card: 99000000)
  COMP (~((A|B)&(B|C))): 0.119938 ms (card: 99000000 OK)
---------------------------------------
