CSV output: /home/lichenhang/lee/thesis/check/lee/combit-cr-native-20260820/experiments/cr_run_btv_literal_20260821/raw/cluster_r5_f4_ddc.csv
=== Compressed .bm Benchmark Mode ===
Directory: /home/lichenhang/lee/thesis/check/lee/R2W1_clustering_micro_100m_20260813/data/f4/bitmap/bm_100m_c100_ddc_w8
Rows: 100000000 | Cardinality: 100
AND caliber: PAIR (A&B, real op)

=======================================
Benchmark [DDC (New)] — Compressed .bm Files
Source: /home/lichenhang/lee/thesis/check/lee/R2W1_clustering_micro_100m_20260813/data/f4/bitmap/bm_100m_c100_ddc_w8
Rows: 100000000 | Cardinality: 100 | Loaded: 100
=======================================
[Load] Loaded 100 compressed bitmaps: 109.621 ms
  1.bm → cardinality: 1000000
  2.bm → cardinality: 1000000
  3.bm → cardinality: 1000000
  4.bm → cardinality: 1000000
  5.bm → cardinality: 1000000
  ... (95 more)

[Storage] Total compressed: 80106251 bytes (78228.8 KB) | Ratio: 0.064085x
[DDC Storage] l4_bytes: 2.32831 MB | l3_bytes: 13.5603 MB | l2_bytes: 23.2127 MB | l1_bytes: 32.625 MB | total_bytes: 71.7263 MB

[Compute] Pairwise ops on first 2 bitmaps:
  bitOr:  5.97094 ms (card: 2000000)
  bitAnd: 6.94331 ms (card: 0)
  bitXor: 6.74036 ms (card: 2000000)

[Compute] Multi-way OR of 100 bitmaps: 175.229 ms (card: 100000000)
  [MIRROR-IN-PROC] OR raw: 1.39933 1.39935 1.39952 1.39992 1.39992 1.40034 1.40042 1.40061 1.40076 1.40078 1.4008 1.40108 1.40114 1.40128 1.40134 1.40149 1.40157 1.4017 1.40173 1.40186 1.40222 1.40223 1.40223 1.40234 1.40237 1.40247 1.40268 1.40275 1.40287 1.40297 1.40322 1.40369 1.40383 1.40416 1.40462 1.4051 1.40528 1.40536 1.40542 1.40569 1.40578 1.40578 1.40581 1.40584 1.40588 1.40594 1.40612 1.40664 1.40665 1.40673 1.40677 1.40707 1.40726 1.40759 1.40763 1.40829 1.40911 1.40936 1.41026 1.41033 1.41044 1.41062 1.41115 1.41139 1.41143 1.41154 1.41185 1.41195 1.41235 1.41247 1.41248 1.41262 1.41274 1.41278 1.41289 1.41299 1.41328 1.4146 1.41462 1.41475 1.41501 1.41508 1.41547 1.41558 1.41565 1.4157 1.41572 1.41575 1.4159 1.4161 1.41667 1.41676 1.4175 1.41781 1.41798 1.41834 1.41839 1.41853 1.42748 1.57388  median=1.40677

[Pure Ops] DDC operation-only timing:
  AND: 2.2301 ms (card: 0)
  OR:  1.40724 ms (card: 2000000)
  XOR: 2.02236 ms (card: 2000000)
  NOT: 0.172151 ms (card: 99000000)
  COMP (~((A|B)&(B|C))): 4.23133 ms (card: 99000000 OK)
---------------------------------------
