CSV output: /home/lichenhang/lee/thesis/check/lee/combit-cr-native-20260820/experiments/cr_run_btv_literal_20260821/raw/cluster_r2_f2_ddc.csv
=== Compressed .bm Benchmark Mode ===
Directory: /home/lichenhang/lee/thesis/check/lee/R2W1_clustering_micro_100m_20260813/data/f2/bitmap/bm_100m_c100_ddc_w8
Rows: 100000000 | Cardinality: 100
AND caliber: PAIR (A&B, real op)

=======================================
Benchmark [DDC (New)] — Compressed .bm Files
Source: /home/lichenhang/lee/thesis/check/lee/R2W1_clustering_micro_100m_20260813/data/f2/bitmap/bm_100m_c100_ddc_w8
Rows: 100000000 | Cardinality: 100 | Loaded: 100
=======================================
[Load] Loaded 100 compressed bitmaps: 138.256 ms
  1.bm → cardinality: 1000000
  2.bm → cardinality: 1000000
  3.bm → cardinality: 1000000
  4.bm → cardinality: 1000000
  5.bm → cardinality: 1000000
  ... (95 more)

[Storage] Total compressed: 124834900 bytes (121909 KB) | Ratio: 0.0998679x
[DDC Storage] l4_bytes: 2.32831 MB | l3_bytes: 17.2392 MB | l2_bytes: 41.78 MB | l1_bytes: 53.0168 MB | total_bytes: 114.364 MB

[Compute] Pairwise ops on first 2 bitmaps:
  bitOr:  6.3273 ms (card: 2000000)
  bitAnd: 6.88306 ms (card: 0)
  bitXor: 6.4701 ms (card: 2000000)

[Compute] Multi-way OR of 100 bitmaps: 155.118 ms (card: 100000000)
  [MIRROR-IN-PROC] OR raw: 1.47993 1.48838 1.48841 1.48861 1.48865 1.48877 1.48881 1.48904 1.48938 1.4894 1.48945 1.48951 1.48962 1.48965 1.48965 1.48976 1.48986 1.49004 1.49008 1.49019 1.49041 1.49092 1.49131 1.4927 1.49297 1.49318 1.49353 1.49358 1.49363 1.49377 1.49408 1.49435 1.49445 1.49453 1.49455 1.4947 1.49485 1.49498 1.49502 1.49521 1.49526 1.49545 1.49559 1.4964 1.49649 1.49696 1.49713 1.49726 1.49744 1.49746 1.49755 1.49761 1.49763 1.49766 1.49791 1.49878 1.49923 1.49926 1.49944 1.49958 1.49976 1.4998 1.49981 1.49984 1.49996 1.49999 1.50017 1.50032 1.5007 1.50149 1.50154 1.50195 1.50239 1.5027 1.5035 1.50354 1.50399 1.50399 1.50421 1.50468 1.5048 1.50496 1.50497 1.50511 1.50551 1.50563 1.50579 1.5059 1.50634 1.50684 1.50735 1.50736 1.5077 1.50788 1.50813 1.509 1.51325 1.51542 1.52313 1.53618  median=1.49755

[Pure Ops] DDC operation-only timing:
  AND: 1.71449 ms (card: 0)
  OR:  1.49731 ms (card: 2000000)
  XOR: 1.56008 ms (card: 2000000)
  NOT: 0.208458 ms (card: 99000000)
  COMP (~((A|B)&(B|C))): 4.40628 ms (card: 99000000 OK)
---------------------------------------
