CSV output: /home/lichenhang/lee/thesis/check/lee/combit-cr-native-20260820/experiments/cr_run_btv_literal_20260821/raw/cluster_r4_iid_ewah.csv
=== Compressed .bm Benchmark Mode ===
Directory: /home/lichenhang/lee/thesis/check/lee/R2W1_clustering_micro_100m_20260813/data/iid/bitmap/bm_100m_c100_ewah
Rows: 100000000 | Cardinality: 100
AND caliber: PAIR (A&B, real op)

=======================================
Benchmark [EWAH] — Compressed .bm Files
Source: /home/lichenhang/lee/thesis/check/lee/R2W1_clustering_micro_100m_20260813/data/iid/bitmap/bm_100m_c100_ewah
Rows: 100000000 | Cardinality: 100 | Loaded: 100
=======================================
[Load] Loaded 100 compressed bitmaps: 519.187 ms
  1.bm → cardinality: 1000000
  2.bm → cardinality: 1000000
  3.bm → cardinality: 1000000
  4.bm → cardinality: 1000000
  5.bm → cardinality: 1000000
  ... (95 more)

[Storage] Total compressed: 904797088 bytes (883591 KB) | Ratio: 0.723838x

[Compute] Pairwise ops on first 2 bitmaps:
  bitOr:  24.4366 ms (card: 2000000)
  bitAnd: 16.012 ms (card: 0)
  bitXor: 24.3724 ms (card: 2000000)

[Compute] Multi-way OR of 100 bitmaps: 1395.16 ms (card: 100000000)

[Pure Ops] EWAH operation-only:
  AND: 15.8416 ms
  OR:  19.9876 ms
  XOR: 20.2266 ms
  NOT: 6.85058 ms
  COMP (~((A|B)&(B|C))): 66.5035 ms
---------------------------------------
