CSV output: /home/lichenhang/lee/thesis/check/lee/combit-cr-native-20260820/experiments/cr_run_btv_literal_20260821/raw/cluster_r4_sorted_ddc.csv
=== Compressed .bm Benchmark Mode ===
Directory: /home/lichenhang/lee/thesis/check/lee/R2W1_clustering_micro_100m_20260813/data/sorted/bitmap/bm_100m_c100_ddc_w8
Rows: 100000000 | Cardinality: 100
AND caliber: PAIR (A&B, real op)

=======================================
Benchmark [DDC (New)] — Compressed .bm Files
Source: /home/lichenhang/lee/thesis/check/lee/R2W1_clustering_micro_100m_20260813/data/sorted/bitmap/bm_100m_c100_ddc_w8
Rows: 100000000 | Cardinality: 100 | Loaded: 100
=======================================
[Load] Loaded 100 compressed bitmaps: 15.2843 ms
  1.bm → cardinality: 1000000
  2.bm → cardinality: 1000000
  3.bm → cardinality: 1000000
  4.bm → cardinality: 1000000
  5.bm → cardinality: 1000000
  ... (95 more)

[Storage] Total compressed: 14598 bytes (14.2559 KB) | Ratio: 1.16784e-05x
[DDC Storage] l4_bytes: 0.00302124 MB | l3_bytes: 0.00618362 MB | l2_bytes: 0.0488091 MB | l1_bytes: 0.390472 MB | total_bytes: 0.448486 MB

[Compute] Pairwise ops on first 2 bitmaps:
  bitOr:  0.043784 ms (card: 2000000)
  bitAnd: 0.010152 ms (card: 0)
  bitXor: 0.009984 ms (card: 2000000)

[Compute] Multi-way OR of 100 bitmaps: 1.54736 ms (card: 100000000)
  [MIRROR-IN-PROC] OR raw: 0.000896 0.000896 0.000897 0.000898 0.000899 0.000899 0.000899 0.000899 0.0009 0.0009 0.000901 0.000901 0.000901 0.000901 0.000902 0.000902 0.000902 0.000902 0.000902 0.000902 0.000903 0.000903 0.000904 0.000904 0.000904 0.000905 0.000905 0.000906 0.000906 0.000907 0.000907 0.000908 0.000908 0.000908 0.000908 0.000908 0.000908 0.000908 0.000909 0.000909 0.000909 0.00091 0.00091 0.00091 0.00091 0.00091 0.000911 0.000912 0.000912 0.000912 0.000913 0.000913 0.000913 0.000914 0.000914 0.000914 0.000915 0.000915 0.000916 0.000916 0.000916 0.000916 0.000918 0.000918 0.000919 0.000919 0.00092 0.00092 0.00092 0.000921 0.000921 0.000922 0.000922 0.000927 0.000928 0.00093 0.000932 0.000932 0.000932 0.000932 0.000933 0.000934 0.000934 0.000934 0.000936 0.000936 0.000937 0.000938 0.000945 0.000947 0.000947 0.000948 0.000953 0.000953 0.000965 0.001002 0.001045 0.00113 0.001314 0.005035  median=0.000913

[Pure Ops] DDC operation-only timing:
  AND: 0.000704 ms (card: 0)
  OR:  0.000974 ms (card: 2000000)
  XOR: 0.000886 ms (card: 2000000)
  NOT: 0.000262 ms (card: 99000000)
  COMP (~((A|B)&(B|C))): 0.118186 ms (card: 99000000 OK)
---------------------------------------
