CSV output: /home/lichenhang/lee/thesis/check/lee/combit-cr-native-20260820/experiments/cr_run_btv_literal_20260821/raw/cluster_r4_f256_ddc.csv
=== Compressed .bm Benchmark Mode ===
Directory: /home/lichenhang/lee/thesis/check/lee/R2W1_clustering_micro_100m_20260813/data/f256/bitmap/bm_100m_c100_ddc_w8
Rows: 100000000 | Cardinality: 100
AND caliber: PAIR (A&B, real op)

=======================================
Benchmark [DDC (New)] — Compressed .bm Files
Source: /home/lichenhang/lee/thesis/check/lee/R2W1_clustering_micro_100m_20260813/data/f256/bitmap/bm_100m_c100_ddc_w8
Rows: 100000000 | Cardinality: 100 | Loaded: 100
=======================================
[Load] Loaded 100 compressed bitmaps: 105.702 ms
  1.bm → cardinality: 1000000
  2.bm → cardinality: 1000000
  3.bm → cardinality: 1000000
  4.bm → cardinality: 1000000
  5.bm → cardinality: 1000000
  ... (95 more)

[Storage] Total compressed: 11369634 bytes (11103.2 KB) | Ratio: 0.00909571x
[DDC Storage] l4_bytes: 2.15588 MB | l3_bytes: 0.554446 MB | l2_bytes: 1.85649 MB | l1_bytes: 12.2468 MB | total_bytes: 16.8137 MB

[Compute] Pairwise ops on first 2 bitmaps:
  bitOr:  5.29916 ms (card: 2000000)
  bitAnd: 5.09088 ms (card: 0)
  bitXor: 5.1244 ms (card: 2000000)

[Compute] Multi-way OR of 100 bitmaps: 113.927 ms (card: 100000000)
  [MIRROR-IN-PROC] OR raw: 1.22079 1.22252 1.22321 1.22329 1.22354 1.22363 1.22368 1.22408 1.22428 1.22438 1.22449 1.22452 1.2246 1.22504 1.22515 1.22524 1.22527 1.22528 1.22534 1.22568 1.2257 1.22572 1.22573 1.22585 1.22599 1.22629 1.22632 1.22643 1.22658 1.22672 1.22729 1.22753 1.22762 1.22779 1.22799 1.22846 1.22861 1.22864 1.22877 1.22883 1.22953 1.22973 1.22987 1.23016 1.23052 1.23076 1.23087 1.23091 1.23134 1.23167 1.23195 1.23211 1.23224 1.23226 1.23275 1.2328 1.23295 1.23301 1.23315 1.23377 1.23395 1.23403 1.23432 1.23481 1.23483 1.23511 1.23553 1.23569 1.23573 1.23634 1.23644 1.23666 1.23676 1.23682 1.23694 1.23695 1.23728 1.23746 1.23785 1.23813 1.23814 1.23835 1.23854 1.2386 1.23908 1.23979 1.24008 1.24042 1.24042 1.24241 1.2428 1.24401 1.24406 1.24441 1.245 1.24623 1.24632 1.24955 1.25848 1.26454  median=1.23195

[Pure Ops] DDC operation-only timing:
  AND: 0.870821 ms (card: 0)
  OR:  1.23223 ms (card: 2000000)
  XOR: 0.915912 ms (card: 2000000)
  NOT: 0.17051 ms (card: 99000000)
  COMP (~((A|B)&(B|C))): 4.02478 ms (card: 99000000 OK)
---------------------------------------
