CSV output: /home/lichenhang/lee/thesis/check/lee/combit-cr-native-20260820/experiments/cr_run_btv_literal_20260821/raw/cluster_r1_f32_croaring.csv
=== Compressed .bm Benchmark Mode ===
Directory: /home/lichenhang/lee/thesis/check/lee/R2W1_clustering_micro_100m_20260813/data/f32/bitmap/bm_100m_c100_roaring
Rows: 100000000 | Cardinality: 100
AND caliber: PAIR (A&B, real op)

=======================================
Benchmark [CRoaring] — Compressed .bm Files
Source: /home/lichenhang/lee/thesis/check/lee/R2W1_clustering_micro_100m_20260813/data/f32/bitmap/bm_100m_c100_roaring
Rows: 100000000 | Cardinality: 100 | Loaded: 100
=======================================
[Load] Loaded 100 compressed bitmaps: 15.9213 ms
  1.bm → cardinality: 1000000
  2.bm → cardinality: 1000000
  3.bm → cardinality: 1000000
  4.bm → cardinality: 1000000
  5.bm → cardinality: 1000000
  ... (95 more)

[Storage] Total compressed: 14051420 bytes (13722.1 KB) | Ratio: 0.0112411x
[CRoaring Storage] array=0 (0 MB) | run=152600 (12.2173 MB) | bitset=0 (0 MB) | total_bytes=12810720

[Compute] Pairwise ops on first 2 bitmaps:
  bitOr:  8.9387 ms (card: 2000000)
  bitAnd: 1.14688 ms (card: 0)
  bitXor: 1.74335 ms (card: 2000000)

[Compute] Multi-way OR of 100 bitmaps: 190.375 ms (card: 100000000)

[Pure Ops] CRoaring operation-only (+ to-btv conversion):
  AND: 0.889 ms (card: 0)
  OR:  1.46196 ms (card: 2000000)
  OR (CR internal only, no to-btv): 0.521647 ms
  XOR: 1.61575 ms (card: 2000000)
  NOT: 1.66605 ms (card: 99000000)
  AND (in-place): 0.954245 ms
  [AND result containers] array=0 (0 MB) bitset=0 (0 MB) run=0 (0 MB) total_bytes=0
  [OR  result containers] array=0 (0 MB) bitset=0 (0 MB) run=1526 (0.238857 MB) total_bytes=250460
  [XOR result containers] array=0 (0 MB) bitset=0 (0 MB) run=1526 (0.238857 MB) total_bytes=250460
  [NOT result containers] array=0 (0 MB) bitset=0 (0 MB) run=1526 (0.127892 MB) total_bytes=134104
  [Input A containers] array=0 (0 MB) bitset=0 (0 MB) run=1526 (0.122231 MB) total_bytes=128168
  [Input B containers] array=0 (0 MB) bitset=0 (0 MB) run=1526 (0.122169 MB) total_bytes=128104
  COMP native (~((A|B)&(B|C))): 2.16294 ms
  COMP (~((A|B)&(B|C))): 3.46636 ms
---------------------------------------
