CSV output: /home/lichenhang/lee/thesis/check/lee/combit-cr-native-20260820/experiments/cr_run_btv_literal_20260821/raw/cluster_r4_f2_wah.csv
=== Compressed .bm Benchmark Mode ===
Directory: /home/lichenhang/lee/thesis/check/lee/R2W1_clustering_micro_100m_20260813/data/f2/bitmap/bm_100m_c100_wah
Rows: 100000000 | Cardinality: 100
AND caliber: PAIR (A&B, real op)

=======================================
Benchmark [WAH (FastBit)] — Compressed .bm Files
Source: /home/lichenhang/lee/thesis/check/lee/R2W1_clustering_micro_100m_20260813/data/f2/bitmap/bm_100m_c100_wah
Rows: 100000000 | Cardinality: 100 | Loaded: 100
=======================================
[Load] Loaded 100 compressed bitmaps: 436.886 ms
  1.bm → cardinality: 1000000
  2.bm → cardinality: 1000000
  3.bm → cardinality: 1000000
  4.bm → cardinality: 1000000
  5.bm → cardinality: 1000000
  ... (95 more)

[Storage] Total compressed: 352354704 bytes (344096 KB) | Ratio: 0.281884x

[Compute] Pairwise ops on first 2 bitmaps:
  bitOr:  24.8855 ms (card: 2000000)
  bitAnd: 12.1576 ms (card: 0)
  bitXor: 16.9781 ms (card: 2000000)

[Compute] Multi-way OR of 100 bitmaps: 437.053 ms (card: 100000000)

[Pure Ops] WAH (FastBit) operation-only:
  AND: 11.4444 ms
  OR:  17.8957 ms
  XOR: 14.1272 ms
  NOT: 0.39144 ms
  COMP (~((A|B)&(B|C))): 60.8761 ms
---------------------------------------
