CSV output: /home/lichenhang/lee/thesis/check/lee/combit-cr-native-20260820/experiments/cr_run_btv_literal_20260821/raw/cluster_r5_f2_ddc.csv
=== Compressed .bm Benchmark Mode ===
Directory: /home/lichenhang/lee/thesis/check/lee/R2W1_clustering_micro_100m_20260813/data/f2/bitmap/bm_100m_c100_ddc_w8
Rows: 100000000 | Cardinality: 100
AND caliber: PAIR (A&B, real op)

=======================================
Benchmark [DDC (New)] — Compressed .bm Files
Source: /home/lichenhang/lee/thesis/check/lee/R2W1_clustering_micro_100m_20260813/data/f2/bitmap/bm_100m_c100_ddc_w8
Rows: 100000000 | Cardinality: 100 | Loaded: 100
=======================================
[Load] Loaded 100 compressed bitmaps: 137.348 ms
  1.bm → cardinality: 1000000
  2.bm → cardinality: 1000000
  3.bm → cardinality: 1000000
  4.bm → cardinality: 1000000
  5.bm → cardinality: 1000000
  ... (95 more)

[Storage] Total compressed: 124834900 bytes (121909 KB) | Ratio: 0.0998679x
[DDC Storage] l4_bytes: 2.32831 MB | l3_bytes: 17.2392 MB | l2_bytes: 41.78 MB | l1_bytes: 53.0168 MB | total_bytes: 114.364 MB

[Compute] Pairwise ops on first 2 bitmaps:
  bitOr:  6.4302 ms (card: 2000000)
  bitAnd: 6.66192 ms (card: 0)
  bitXor: 6.5725 ms (card: 2000000)

[Compute] Multi-way OR of 100 bitmaps: 155.254 ms (card: 100000000)
  [MIRROR-IN-PROC] OR raw: 1.39489 1.39553 1.39602 1.39606 1.39613 1.39614 1.39636 1.39637 1.39641 1.39642 1.39645 1.39646 1.3965 1.39669 1.39674 1.39674 1.39682 1.39688 1.3969 1.39691 1.39692 1.39732 1.39766 1.39789 1.39807 1.39819 1.39822 1.39825 1.39827 1.39836 1.3984 1.39868 1.39899 1.399 1.39901 1.39918 1.39964 1.39997 1.40019 1.40038 1.40051 1.40081 1.40087 1.40089 1.40112 1.40114 1.40125 1.40132 1.40206 1.40237 1.40264 1.40267 1.4032 1.40344 1.4038 1.4041 1.4048 1.40518 1.40531 1.40587 1.40628 1.40675 1.40676 1.40709 1.40725 1.40757 1.4078 1.4082 1.40823 1.40825 1.40831 1.40833 1.40855 1.40862 1.4091 1.4105 1.4107 1.41071 1.41072 1.41078 1.41089 1.41116 1.41135 1.41165 1.41194 1.41262 1.4135 1.41357 1.41442 1.41447 1.4146 1.41515 1.41639 1.41965 1.42139 1.42482 1.44301 1.45015 1.45486 1.48233  median=1.40264

[Pure Ops] DDC operation-only timing:
  AND: 1.71349 ms (card: 0)
  OR:  1.40206 ms (card: 2000000)
  XOR: 1.50227 ms (card: 2000000)
  NOT: 0.208555 ms (card: 99000000)
  COMP (~((A|B)&(B|C))): 4.21323 ms (card: 99000000 OK)
---------------------------------------
