CSV output: /home/lichenhang/lee/thesis/check/lee/combit-cr-native-20260820/experiments/cr_run_btv_literal_20260821/raw/cluster_r2_f256_ddc.csv
=== Compressed .bm Benchmark Mode ===
Directory: /home/lichenhang/lee/thesis/check/lee/R2W1_clustering_micro_100m_20260813/data/f256/bitmap/bm_100m_c100_ddc_w8
Rows: 100000000 | Cardinality: 100
AND caliber: PAIR (A&B, real op)

=======================================
Benchmark [DDC (New)] — Compressed .bm Files
Source: /home/lichenhang/lee/thesis/check/lee/R2W1_clustering_micro_100m_20260813/data/f256/bitmap/bm_100m_c100_ddc_w8
Rows: 100000000 | Cardinality: 100 | Loaded: 100
=======================================
[Load] Loaded 100 compressed bitmaps: 106.147 ms
  1.bm → cardinality: 1000000
  2.bm → cardinality: 1000000
  3.bm → cardinality: 1000000
  4.bm → cardinality: 1000000
  5.bm → cardinality: 1000000
  ... (95 more)

[Storage] Total compressed: 11369634 bytes (11103.2 KB) | Ratio: 0.00909571x
[DDC Storage] l4_bytes: 2.15588 MB | l3_bytes: 0.554446 MB | l2_bytes: 1.85649 MB | l1_bytes: 12.2468 MB | total_bytes: 16.8137 MB

[Compute] Pairwise ops on first 2 bitmaps:
  bitOr:  5.66251 ms (card: 2000000)
  bitAnd: 5.07138 ms (card: 0)
  bitXor: 5.33014 ms (card: 2000000)

[Compute] Multi-way OR of 100 bitmaps: 114.409 ms (card: 100000000)
  [MIRROR-IN-PROC] OR raw: 1.22069 1.22276 1.22305 1.22327 1.22333 1.22343 1.2235 1.22363 1.22393 1.22393 1.22426 1.22447 1.22456 1.22467 1.22507 1.2254 1.22545 1.22558 1.22572 1.22576 1.22577 1.22593 1.22595 1.2263 1.22653 1.22702 1.22725 1.22755 1.22782 1.22809 1.22853 1.22859 1.22879 1.22896 1.22909 1.22955 1.22992 1.23029 1.23059 1.23062 1.231 1.23121 1.23173 1.23175 1.23179 1.23194 1.23232 1.23245 1.23272 1.2334 1.23341 1.23371 1.23381 1.2339 1.23399 1.234 1.2341 1.23422 1.23433 1.23479 1.23514 1.23568 1.23605 1.23626 1.23668 1.23669 1.23674 1.23686 1.23693 1.23693 1.23723 1.23753 1.23829 1.23937 1.2394 1.23963 1.23965 1.23966 1.23986 1.24005 1.24022 1.24161 1.24171 1.24179 1.24233 1.24255 1.24381 1.24398 1.24452 1.24474 1.24521 1.24529 1.24548 1.24561 1.24615 1.24662 1.24669 1.24773 1.25516 1.26249  median=1.23341

[Pure Ops] DDC operation-only timing:
  AND: 0.869476 ms (card: 0)
  OR:  1.23138 ms (card: 2000000)
  XOR: 0.9159 ms (card: 2000000)
  NOT: 0.171726 ms (card: 99000000)
  COMP (~((A|B)&(B|C))): 4.0294 ms (card: 99000000 OK)
---------------------------------------
