CSV output: /home/lichenhang/lee/thesis/check/lee/combit-cr-native-20260820/experiments/cr_run_btv_literal_20260821/raw/cluster_r5_f1024_wah.csv
=== Compressed .bm Benchmark Mode ===
Directory: /home/lichenhang/lee/thesis/check/lee/R2W1_clustering_micro_100m_20260813/data/f1024/bitmap/bm_100m_c100_wah
Rows: 100000000 | Cardinality: 100
AND caliber: PAIR (A&B, real op)

=======================================
Benchmark [WAH (FastBit)] — Compressed .bm Files
Source: /home/lichenhang/lee/thesis/check/lee/R2W1_clustering_micro_100m_20260813/data/f1024/bitmap/bm_100m_c100_wah
Rows: 100000000 | Cardinality: 100 | Loaded: 100
=======================================
[Load] Loaded 100 compressed bitmaps: 1.9098 ms
  1.bm → cardinality: 1000000
  2.bm → cardinality: 1000000
  3.bm → cardinality: 1000000
  4.bm → cardinality: 1000000
  5.bm → cardinality: 1000000
  ... (95 more)

[Storage] Total compressed: 1514848 bytes (1479.34 KB) | Ratio: 0.00121188x

[Compute] Pairwise ops on first 2 bitmaps:
  bitOr:  0.153007 ms (card: 2000000)
  bitAnd: 0.037163 ms (card: 0)
  bitXor: 0.04576 ms (card: 2000000)

[Compute] Multi-way OR of 100 bitmaps: 30.5711 ms (card: 100000000)

[Pure Ops] WAH (FastBit) operation-only:
  AND: 0.013218 ms
  OR:  0.044519 ms
  XOR: 0.023631 ms
  NOT: 0.000553 ms
  COMP (~((A|B)&(B|C))): 0.159635 ms
---------------------------------------
