CSV output: /home/lichenhang/lee/thesis/check/lee/combit-cr-native-20260820/experiments/cr_run_btv_literal_20260821/raw/cluster_r5_f32_wah.csv
=== Compressed .bm Benchmark Mode ===
Directory: /home/lichenhang/lee/thesis/check/lee/R2W1_clustering_micro_100m_20260813/data/f32/bitmap/bm_100m_c100_wah
Rows: 100000000 | Cardinality: 100
AND caliber: PAIR (A&B, real op)

=======================================
Benchmark [WAH (FastBit)] — Compressed .bm Files
Source: /home/lichenhang/lee/thesis/check/lee/R2W1_clustering_micro_100m_20260813/data/f32/bitmap/bm_100m_c100_wah
Rows: 100000000 | Cardinality: 100 | Loaded: 100
=======================================
[Load] Loaded 100 compressed bitmaps: 45.2712 ms
  1.bm → cardinality: 1000000
  2.bm → cardinality: 1000000
  3.bm → cardinality: 1000000
  4.bm → cardinality: 1000000
  5.bm → cardinality: 1000000
  ... (95 more)

[Storage] Total compressed: 35413808 bytes (34583.8 KB) | Ratio: 0.028331x

[Compute] Pairwise ops on first 2 bitmaps:
  bitOr:  2.53262 ms (card: 2000000)
  bitAnd: 1.03111 ms (card: 0)
  bitXor: 1.56574 ms (card: 2000000)

[Compute] Multi-way OR of 100 bitmaps: 1074.89 ms (card: 100000000)

[Pure Ops] WAH (FastBit) operation-only:
  AND: 0.960024 ms
  OR:  1.66932 ms
  XOR: 1.21534 ms
  NOT: 0.01988 ms
  COMP (~((A|B)&(B|C))): 5.72616 ms
---------------------------------------
