CSV output: /home/lichenhang/lee/thesis/check/lee/combit-cr-native-20260820/experiments/cr_run_btv_literal_20260821/raw/cluster_r3_f4_ewah.csv
=== Compressed .bm Benchmark Mode ===
Directory: /home/lichenhang/lee/thesis/check/lee/R2W1_clustering_micro_100m_20260813/data/f4/bitmap/bm_100m_c100_ewah
Rows: 100000000 | Cardinality: 100
AND caliber: PAIR (A&B, real op)

=======================================
Benchmark [EWAH] — Compressed .bm Files
Source: /home/lichenhang/lee/thesis/check/lee/R2W1_clustering_micro_100m_20260813/data/f4/bitmap/bm_100m_c100_ewah
Rows: 100000000 | Cardinality: 100 | Loaded: 100
=======================================
[Load] Loaded 100 compressed bitmaps: 212.332 ms
  1.bm → cardinality: 1000000
  2.bm → cardinality: 1000000
  3.bm → cardinality: 1000000
  4.bm → cardinality: 1000000
  5.bm → cardinality: 1000000
  ... (95 more)

[Storage] Total compressed: 352397728 bytes (344138 KB) | Ratio: 0.281918x

[Compute] Pairwise ops on first 2 bitmaps:
  bitOr:  10.329 ms (card: 2000000)
  bitAnd: 6.27065 ms (card: 0)
  bitXor: 10.3842 ms (card: 2000000)

[Compute] Multi-way OR of 100 bitmaps: 852.369 ms (card: 100000000)

[Pure Ops] EWAH operation-only:
  AND: 6.21176 ms
  OR:  7.93762 ms
  XOR: 8.07274 ms
  NOT: 2.2495 ms
  COMP (~((A|B)&(B|C))): 28.564 ms
---------------------------------------
