CSV output: /home/lichenhang/lee/thesis/check/lee/combit-cr-native-20260820/experiments/cr_run_btv_literal_20260821/raw/cluster_r2_f1024_ewah.csv
=== Compressed .bm Benchmark Mode ===
Directory: /home/lichenhang/lee/thesis/check/lee/R2W1_clustering_micro_100m_20260813/data/f1024/bitmap/bm_100m_c100_ewah
Rows: 100000000 | Cardinality: 100
AND caliber: PAIR (A&B, real op)

=======================================
Benchmark [EWAH] — Compressed .bm Files
Source: /home/lichenhang/lee/thesis/check/lee/R2W1_clustering_micro_100m_20260813/data/f1024/bitmap/bm_100m_c100_ewah
Rows: 100000000 | Cardinality: 100 | Loaded: 100
=======================================
[Load] Loaded 100 compressed bitmaps: 1.88702 ms
  1.bm → cardinality: 1000000
  2.bm → cardinality: 1000000
  3.bm → cardinality: 1000000
  4.bm → cardinality: 1000000
  5.bm → cardinality: 1000000
  ... (95 more)

[Storage] Total compressed: 3009824 bytes (2939.28 KB) | Ratio: 0.00240786x

[Compute] Pairwise ops on first 2 bitmaps:
  bitOr:  0.077456 ms (card: 2000000)
  bitAnd: 0.040348 ms (card: 0)
  bitXor: 0.078377 ms (card: 2000000)

[Compute] Multi-way OR of 100 bitmaps: 30.8986 ms (card: 100000000)

[Pure Ops] EWAH operation-only:
  AND: 0.019445 ms
  OR:  0.040578 ms
  XOR: 0.04266 ms
  NOT: 0.016733 ms
  COMP (~((A|B)&(B|C))): 0.172861 ms
---------------------------------------
