CSV output: /home/lichenhang/lee/thesis/check/lee/combit-cr-native-20260820/experiments/cr_run_btv_literal_20260821/raw/cluster_r1_iid_wah.csv
=== Compressed .bm Benchmark Mode ===
Directory: /home/lichenhang/lee/thesis/check/lee/R2W1_clustering_micro_100m_20260813/data/iid/bitmap/bm_100m_c100_wah
Rows: 100000000 | Cardinality: 100
AND caliber: PAIR (A&B, real op)

=======================================
Benchmark [WAH (FastBit)] — Compressed .bm Files
Source: /home/lichenhang/lee/thesis/check/lee/R2W1_clustering_micro_100m_20260813/data/iid/bitmap/bm_100m_c100_wah
Rows: 100000000 | Cardinality: 100 | Loaded: 100
=======================================
[Load] Loaded 100 compressed bitmaps: 841.313 ms
  1.bm → cardinality: 1000000
  2.bm → cardinality: 1000000
  3.bm → cardinality: 1000000
  4.bm → cardinality: 1000000
  5.bm → cardinality: 1000000
  ... (95 more)

[Storage] Total compressed: 598413828 bytes (584389 KB) | Ratio: 0.478731x

[Compute] Pairwise ops on first 2 bitmaps:
  bitOr:  45.3208 ms (card: 2000000)
  bitAnd: 21.9934 ms (card: 0)
  bitXor: 30.3278 ms (card: 2000000)

[Compute] Multi-way OR of 100 bitmaps: 601.902 ms (card: 100000000)

[Pure Ops] WAH (FastBit) operation-only:
  AND: 21.6108 ms
  OR:  31.5595 ms
  XOR: 25.7623 ms
  NOT: 0.67363 ms
  COMP (~((A|B)&(B|C))): 93.0532 ms
---------------------------------------
