CSV output: /home/lichenhang/lee/thesis/check/lee/combit-cr-native-20260820/experiments/cr_run_btv_literal_20260821/raw/cluster_r4_f32_ddc.csv
=== Compressed .bm Benchmark Mode ===
Directory: /home/lichenhang/lee/thesis/check/lee/R2W1_clustering_micro_100m_20260813/data/f32/bitmap/bm_100m_c100_ddc_w8
Rows: 100000000 | Cardinality: 100
AND caliber: PAIR (A&B, real op)

=======================================
Benchmark [DDC (New)] — Compressed .bm Files
Source: /home/lichenhang/lee/thesis/check/lee/R2W1_clustering_micro_100m_20260813/data/f32/bitmap/bm_100m_c100_ddc_w8
Rows: 100000000 | Cardinality: 100 | Loaded: 100
=======================================
[Load] Loaded 100 compressed bitmaps: 153.33 ms
  1.bm → cardinality: 1000000
  2.bm → cardinality: 1000000
  3.bm → cardinality: 1000000
  4.bm → cardinality: 1000000
  5.bm → cardinality: 1000000
  ... (95 more)

[Storage] Total compressed: 27589436 bytes (26942.8 KB) | Ratio: 0.0220715x
[DDC Storage] l4_bytes: 2.32831 MB | l3_bytes: 2.93399 MB | l2_bytes: 4.39565 MB | l1_bytes: 14.527 MB | total_bytes: 24.185 MB

[Compute] Pairwise ops on first 2 bitmaps:
  bitOr:  6.08261 ms (card: 2000000)
  bitAnd: 6.59437 ms (card: 0)
  bitXor: 6.31454 ms (card: 2000000)

[Compute] Multi-way OR of 100 bitmaps: 138.229 ms (card: 100000000)
  [MIRROR-IN-PROC] OR raw: 1.37654 1.37692 1.37724 1.3783 1.37834 1.37837 1.37868 1.37882 1.37883 1.37925 1.37943 1.37949 1.37957 1.38003 1.38009 1.38016 1.38048 1.38061 1.38067 1.38068 1.38089 1.38197 1.38207 1.38225 1.38235 1.38239 1.38257 1.38267 1.38269 1.38275 1.38312 1.38332 1.38359 1.3836 1.38425 1.38428 1.38444 1.38444 1.38456 1.38477 1.38495 1.3855 1.3856 1.38584 1.38628 1.3864 1.38643 1.3865 1.38651 1.38664 1.38669 1.38674 1.38676 1.38703 1.38711 1.38727 1.3873 1.38734 1.38744 1.38776 1.38785 1.38814 1.38834 1.38847 1.38851 1.38855 1.38864 1.3888 1.38882 1.38887 1.38889 1.38927 1.38939 1.38951 1.38981 1.39002 1.39024 1.39027 1.39083 1.39102 1.39106 1.39123 1.39124 1.39131 1.39138 1.39143 1.39144 1.39187 1.39234 1.39252 1.39277 1.39309 1.39324 1.39375 1.39401 1.39481 1.39838 1.39967 1.42779 1.50731  median=1.38669

[Pure Ops] DDC operation-only timing:
  AND: 1.4012 ms (card: 0)
  OR:  1.38754 ms (card: 2000000)
  XOR: 1.39501 ms (card: 2000000)
  NOT: 0.169948 ms (card: 99000000)
  COMP (~((A|B)&(B|C))): 4.2352 ms (card: 99000000 OK)
---------------------------------------
