CSV output: /home/lichenhang/lee/thesis/check/lee/combit-cr-native-20260820/experiments/cr_run_btv_literal_20260821/raw/cluster_r4_f64_ewah.csv
=== Compressed .bm Benchmark Mode ===
Directory: /home/lichenhang/lee/thesis/check/lee/R2W1_clustering_micro_100m_20260813/data/f64/bitmap/bm_100m_c100_ewah
Rows: 100000000 | Cardinality: 100
AND caliber: PAIR (A&B, real op)

=======================================
Benchmark [EWAH] — Compressed .bm Files
Source: /home/lichenhang/lee/thesis/check/lee/R2W1_clustering_micro_100m_20260813/data/f64/bitmap/bm_100m_c100_ewah
Rows: 100000000 | Cardinality: 100 | Loaded: 100
=======================================
[Load] Loaded 100 compressed bitmaps: 19.4409 ms
  1.bm → cardinality: 1000000
  2.bm → cardinality: 1000000
  3.bm → cardinality: 1000000
  4.bm → cardinality: 1000000
  5.bm → cardinality: 1000000
  ... (95 more)

[Storage] Total compressed: 35375960 bytes (34546.8 KB) | Ratio: 0.0283008x

[Compute] Pairwise ops on first 2 bitmaps:
  bitOr:  1.13467 ms (card: 2000000)
  bitAnd: 0.500644 ms (card: 0)
  bitXor: 1.14137 ms (card: 2000000)

[Compute] Multi-way OR of 100 bitmaps: 547.042 ms (card: 100000000)

[Pure Ops] EWAH operation-only:
  AND: 0.44475 ms
  OR:  0.824649 ms
  XOR: 0.836092 ms
  NOT: 0.287326 ms
  COMP (~((A|B)&(B|C))): 3.15468 ms
---------------------------------------
