CSV output: /home/lichenhang/lee/thesis/check/lee/combit-cr-native-20260820/experiments/cr_run_btv_literal_20260821/raw/cluster_r4_f8_ewah.csv
=== Compressed .bm Benchmark Mode ===
Directory: /home/lichenhang/lee/thesis/check/lee/R2W1_clustering_micro_100m_20260813/data/f8/bitmap/bm_100m_c100_ewah
Rows: 100000000 | Cardinality: 100
AND caliber: PAIR (A&B, real op)

=======================================
Benchmark [EWAH] — Compressed .bm Files
Source: /home/lichenhang/lee/thesis/check/lee/R2W1_clustering_micro_100m_20260813/data/f8/bitmap/bm_100m_c100_ewah
Rows: 100000000 | Cardinality: 100 | Loaded: 100
=======================================
[Load] Loaded 100 compressed bitmaps: 107.083 ms
  1.bm → cardinality: 1000000
  2.bm → cardinality: 1000000
  3.bm → cardinality: 1000000
  4.bm → cardinality: 1000000
  5.bm → cardinality: 1000000
  ... (95 more)

[Storage] Total compressed: 195965440 bytes (191372 KB) | Ratio: 0.156772x

[Compute] Pairwise ops on first 2 bitmaps:
  bitOr:  5.78667 ms (card: 2000000)
  bitAnd: 3.3055 ms (card: 0)
  bitXor: 6.06394 ms (card: 2000000)

[Compute] Multi-way OR of 100 bitmaps: 798.364 ms (card: 100000000)

[Pure Ops] EWAH operation-only:
  AND: 3.22447 ms
  OR:  4.36095 ms
  XOR: 4.43332 ms
  NOT: 1.23827 ms
  COMP (~((A|B)&(B|C))): 16.1943 ms
---------------------------------------
