CSV output: /home/lichenhang/lee/thesis/check/lee/combit-cr-native-20260820/experiments/cr_run_btv_literal_20260821/raw/density_r3_A66_B66_bitset_avx512.csv
=== Compressed .bm Benchmark Mode ===
Directory: /home/lichenhang/lee/thesis/check/lee/combit/gridindep/bitmap/bm_100m_A66_B66_bitset
Rows: 100000000 | Cardinality: 66
AND caliber: PAIR (A&B, real op)

=======================================
Benchmark [Bitset (AVX512)] — Compressed .bm Files
Source: /home/lichenhang/lee/thesis/check/lee/combit/gridindep/bitmap/bm_100m_A66_B66_bitset
Rows: 100000000 | Cardinality: 66 | Loaded: 2
=======================================
[Load] Loaded 2 compressed bitmaps: 13.6028 ms
  1.bm → cardinality: 100706
  2.bm → cardinality: 100711

[Storage] Total compressed: 25000000 bytes (24414.1 KB) | Ratio: 1x

[Compute] Pairwise ops on first 2 bitmaps:
  bitOr:  5.08612 ms (card: 201329)
  bitAnd: 5.04654 ms (card: 88)
  bitXor: 5.00011 ms (card: 201241)

[Pure Ops] Bitset (AVX512) operation+alloc:
  AND (with alloc): 1.732 ms
  OR  (with alloc): 1.75362 ms
  XOR (with alloc): 1.75495 ms
  NOT (with alloc): 1.3035 ms
  AND (in-place):   1.14584 ms
  COMP (~((A|B)&(B|C))): 5.44581 ms
---------------------------------------
