CSV output: /home/lichenhang/lee/thesis/check/lee/combit-cr-native-20260820/experiments/cr_run_btv_literal_20260821/raw/density_r1_A1311_B13107_bitset_avx512.csv
=== Compressed .bm Benchmark Mode ===
Directory: /home/lichenhang/lee/thesis/check/lee/combit/gridindep/bitmap/bm_100m_A1311_B13107_bitset
Rows: 100000000 | Cardinality: 1311
AND caliber: PAIR (A&B, real op)

=======================================
Benchmark [Bitset (AVX512)] — Compressed .bm Files
Source: /home/lichenhang/lee/thesis/check/lee/combit/gridindep/bitmap/bm_100m_A1311_B13107_bitset
Rows: 100000000 | Cardinality: 1311 | Loaded: 2
=======================================
[Load] Loaded 2 compressed bitmaps: 12.0323 ms
  1.bm → cardinality: 2000409
  2.bm → cardinality: 19999673

[Storage] Total compressed: 25000000 bytes (24414.1 KB) | Ratio: 1x

[Compute] Pairwise ops on first 2 bitmaps:
  bitOr:  4.91451 ms (card: 21599311)
  bitAnd: 4.32125 ms (card: 400771)
  bitXor: 4.22744 ms (card: 21198540)

[Pure Ops] Bitset (AVX512) operation+alloc:
  AND (with alloc): 1.58904 ms
  OR  (with alloc): 1.62175 ms
  XOR (with alloc): 1.72593 ms
  NOT (with alloc): 1.22068 ms
  AND (in-place):   1.15415 ms
  COMP (~((A|B)&(B|C))): 5.40133 ms
---------------------------------------
