CSV output: /home/lichenhang/lee/thesis/check/lee/combit-cr-native-20260820/experiments/cr_run_btv_literal_20260821/raw/density_r2_A328_B32768_ewah.csv
=== Compressed .bm Benchmark Mode ===
Directory: /home/lichenhang/lee/thesis/check/lee/combit/gridindep/bitmap/bm_100m_A328_B32768_ewah
Rows: 100000000 | Cardinality: 328
AND caliber: PAIR (A&B, real op)

=======================================
Benchmark [EWAH] — Compressed .bm Files
Source: /home/lichenhang/lee/thesis/check/lee/combit/gridindep/bitmap/bm_100m_A328_B32768_ewah
Rows: 100000000 | Cardinality: 328 | Loaded: 2
=======================================
[Load] Loaded 2 compressed bitmaps: 9.18948 ms
  1.bm → cardinality: 500493
  2.bm → cardinality: 50000004

[Storage] Total compressed: 18427480 bytes (17995.6 KB) | Ratio: 0.737099x

[Compute] Pairwise ops on first 2 bitmaps:
  bitOr:  13.346 ms (card: 50250648)
  bitAnd: 9.72818 ms (card: 249849)
  bitXor: 14.0742 ms (card: 50000799)

[Pure Ops] EWAH operation-only:
  AND: 8.53963 ms
  OR:  9.4854 ms
  XOR: 10.0875 ms
  NOT: 4.00258 ms
  COMP (~((A|B)&(B|C))): 29.9492 ms
---------------------------------------
