CSV output: /home/lichenhang/lee/thesis/check/lee/combit-cr-native-20260820/experiments/cr_run_btv_literal_20260821/raw/density_r1_A66_B26214_bitset_avx512.csv
=== Compressed .bm Benchmark Mode ===
Directory: /home/lichenhang/lee/thesis/check/lee/combit/gridindep/bitmap/bm_100m_A66_B26214_bitset
Rows: 100000000 | Cardinality: 66
AND caliber: PAIR (A&B, real op)

=======================================
Benchmark [Bitset (AVX512)] — Compressed .bm Files
Source: /home/lichenhang/lee/thesis/check/lee/combit/gridindep/bitmap/bm_100m_A66_B26214_bitset
Rows: 100000000 | Cardinality: 66 | Loaded: 2
=======================================
[Load] Loaded 2 compressed bitmaps: 12.1807 ms
  1.bm → cardinality: 100706
  2.bm → cardinality: 39999373

[Storage] Total compressed: 25000000 bytes (24414.1 KB) | Ratio: 1x

[Compute] Pairwise ops on first 2 bitmaps:
  bitOr:  4.41772 ms (card: 40059632)
  bitAnd: 4.23564 ms (card: 40447)
  bitXor: 4.50636 ms (card: 40019185)

[Pure Ops] Bitset (AVX512) operation+alloc:
  AND (with alloc): 1.81251 ms
  OR  (with alloc): 1.79025 ms
  XOR (with alloc): 1.77436 ms
  NOT (with alloc): 1.3503 ms
  AND (in-place):   1.15046 ms
  COMP (~((A|B)&(B|C))): 5.63331 ms
---------------------------------------
