CSV output: /home/lichenhang/lee/thesis/check/lee/combit-cr-native-20260820/experiments/cr_run_btv_literal_20260821/raw/density_r2_A655_B3277_concise.csv
=== Compressed .bm Benchmark Mode ===
Directory: /home/lichenhang/lee/thesis/check/lee/combit/gridindep/bitmap/bm_100m_A655_B3277_concise
Rows: 100000000 | Cardinality: 655
AND caliber: PAIR (A&B, real op)

=======================================
Benchmark [Concise] — Compressed .bm Files
Source: /home/lichenhang/lee/thesis/check/lee/combit/gridindep/bitmap/bm_100m_A655_B3277_concise
Rows: 100000000 | Cardinality: 655 | Loaded: 2
=======================================
[Load] Loaded 2 compressed bitmaps: 7.49064 ms
  1.bm → cardinality: 999453
  2.bm → cardinality: 5000323

[Storage] Total compressed: 15306540 bytes (14947.8 KB) | Ratio: 0.612262x

[Compute] Pairwise ops on first 2 bitmaps:
  bitOr:  37.8888 ms (card: 5949767)
  bitAnd: 44.673 ms (card: 50009)
  bitXor: 40.5318 ms (card: 5899758)

[Pure Ops] Concise operation-only:
  AND: 39.3878 ms
  OR:  46.1304 ms
  XOR: 45.7657 ms
  NOT: 19.4016 ms (XOR with all-ones)
  COMP (~((A|B)&(B|C))): 148.684 ms
---------------------------------------
