CSV output: /home/lichenhang/lee/thesis/check/lee/combit-cr-native-20260820/experiments/cr_run_btv_literal_20260821/raw/density_r2_A6554_B13107_wah.csv
=== Compressed .bm Benchmark Mode ===
Directory: /home/lichenhang/lee/thesis/check/lee/combit/gridindep/bitmap/bm_100m_A6554_B13107_wah
Rows: 100000000 | Cardinality: 6554
AND caliber: PAIR (A&B, real op)

=======================================
Benchmark [WAH (FastBit)] — Compressed .bm Files
Source: /home/lichenhang/lee/thesis/check/lee/combit/gridindep/bitmap/bm_100m_A6554_B13107_wah
Rows: 100000000 | Cardinality: 6554 | Loaded: 2
=======================================
[Load] Loaded 2 compressed bitmaps: 18.5962 ms
  1.bm → cardinality: 10000633
  2.bm → cardinality: 19999673

[Storage] Total compressed: 25788048 bytes (25183.6 KB) | Ratio: 1.03152x

[Compute] Pairwise ops on first 2 bitmaps:
  bitOr:  23.0987 ms (card: 27999151)
  bitAnd: 22.5745 ms (card: 2001155)
  bitXor: 10.8526 ms (card: 25997996)

[Pure Ops] WAH (FastBit) operation-only:
  AND: 15.1647 ms
  OR:  16.045 ms
  XOR: 5.98302 ms
  NOT: 1.50828 ms
  COMP (~((A|B)&(B|C))): 35.706 ms
---------------------------------------
