CSV output: /home/lichenhang/lee/thesis/check/lee/combit-cr-native-20260820/experiments/cr_run_btv_literal_20260821/raw/density_r1_A66_B655_wah.csv
=== Compressed .bm Benchmark Mode ===
Directory: /home/lichenhang/lee/thesis/check/lee/combit/gridindep/bitmap/bm_100m_A66_B655_wah
Rows: 100000000 | Cardinality: 66
AND caliber: PAIR (A&B, real op)

=======================================
Benchmark [WAH (FastBit)] — Compressed .bm Files
Source: /home/lichenhang/lee/thesis/check/lee/combit/gridindep/bitmap/bm_100m_A66_B655_wah
Rows: 100000000 | Cardinality: 66 | Loaded: 2
=======================================
[Load] Loaded 2 compressed bitmaps: 8.83223 ms
  1.bm → cardinality: 100706
  2.bm → cardinality: 999453

[Storage] Total compressed: 6765776 bytes (6607.2 KB) | Ratio: 0.270631x

[Compute] Pairwise ops on first 2 bitmaps:
  bitOr:  18.9564 ms (card: 1099204)
  bitAnd: 7.60245 ms (card: 955)
  bitXor: 9.94772 ms (card: 1098249)

[Pure Ops] WAH (FastBit) operation-only:
  AND: 7.56928 ms
  OR:  13.4083 ms
  XOR: 9.92242 ms
  NOT: 0.04364 ms
  COMP (~((A|B)&(B|C))): 47.0061 ms
---------------------------------------
