CSV output: /home/lichenhang/lee/thesis/check/lee/combit-cr-native-20260820/experiments/cr_run_btv_literal_20260821/raw/density_r3_A328_B32768_concise.csv
=== Compressed .bm Benchmark Mode ===
Directory: /home/lichenhang/lee/thesis/check/lee/combit/gridindep/bitmap/bm_100m_A328_B32768_concise
Rows: 100000000 | Cardinality: 328
AND caliber: PAIR (A&B, real op)

=======================================
Benchmark [Concise] — Compressed .bm Files
Source: /home/lichenhang/lee/thesis/check/lee/combit/gridindep/bitmap/bm_100m_A328_B32768_concise
Rows: 100000000 | Cardinality: 328 | Loaded: 2
=======================================
[Load] Loaded 2 compressed bitmaps: 7.08813 ms
  1.bm → cardinality: 500493
  2.bm → cardinality: 50000004

[Storage] Total compressed: 14878480 bytes (14529.8 KB) | Ratio: 0.595139x

[Compute] Pairwise ops on first 2 bitmaps:
  bitOr:  22.2653 ms (card: 50250648)
  bitAnd: 33.5967 ms (card: 249849)
  bitXor: 23.461 ms (card: 50000799)

[Pure Ops] Concise operation-only:
  AND: 28.7015 ms
  OR:  26.8432 ms
  XOR: 26.8995 ms
  NOT: 8.50443 ms (XOR with all-ones)
  COMP (~((A|B)&(B|C))): 100.878 ms
---------------------------------------
