CSV output: /home/lichenhang/lee/thesis/check/lee/combit-cr-native-20260820/experiments/cr_run_btv_literal_20260821/raw/density_r2_A1311_B32768_wah.csv
=== Compressed .bm Benchmark Mode ===
Directory: /home/lichenhang/lee/thesis/check/lee/combit/gridindep/bitmap/bm_100m_A1311_B32768_wah
Rows: 100000000 | Cardinality: 1311
AND caliber: PAIR (A&B, real op)

=======================================
Benchmark [WAH (FastBit)] — Compressed .bm Files
Source: /home/lichenhang/lee/thesis/check/lee/combit/gridindep/bitmap/bm_100m_A1311_B32768_wah
Rows: 100000000 | Cardinality: 1311 | Loaded: 2
=======================================
[Load] Loaded 2 compressed bitmaps: 18.7445 ms
  1.bm → cardinality: 2000409
  2.bm → cardinality: 50000004

[Storage] Total compressed: 22119808 bytes (21601.4 KB) | Ratio: 0.884792x

[Compute] Pairwise ops on first 2 bitmaps:
  bitOr:  13.0606 ms (card: 51001694)
  bitAnd: 12.7259 ms (card: 998719)
  bitXor: 21.744 ms (card: 50002975)

[Pure Ops] WAH (FastBit) operation-only:
  AND: 8.954 ms
  OR:  7.5172 ms
  XOR: 16.561 ms
  NOT: 1.0869 ms
  COMP (~((A|B)&(B|C))): 17.7847 ms
---------------------------------------
