CSV output: /home/lichenhang/lee/thesis/check/lee/combit-cr-native-20260820/experiments/cr_run_btv_literal_20260821/raw/density_r2_A3277_B19661_concise.csv
=== Compressed .bm Benchmark Mode ===
Directory: /home/lichenhang/lee/thesis/check/lee/combit/gridindep/bitmap/bm_100m_A3277_B19661_concise
Rows: 100000000 | Cardinality: 3277
AND caliber: PAIR (A&B, real op)

=======================================
Benchmark [Concise] — Compressed .bm Files
Source: /home/lichenhang/lee/thesis/check/lee/combit/gridindep/bitmap/bm_100m_A3277_B19661_concise
Rows: 100000000 | Cardinality: 3277 | Loaded: 2
=======================================
[Load] Loaded 2 compressed bitmaps: 11.8942 ms
  1.bm → cardinality: 5000333
  2.bm → cardinality: 30000288

[Storage] Total compressed: 24396796 bytes (23825 KB) | Ratio: 0.975872x

[Compute] Pairwise ops on first 2 bitmaps:
  bitOr:  25.7064 ms (card: 33501086)
  bitAnd: 62.1588 ms (card: 1499535)
  bitXor: 26.6993 ms (card: 32001551)

[Pure Ops] Concise operation-only:
  AND: 53.1613 ms
  OR:  30.3188 ms
  XOR: 30.53 ms
  NOT: 22.1649 ms (XOR with all-ones)
  COMP (~((A|B)&(B|C))): 107.627 ms
---------------------------------------
