CSV output: /home/lichenhang/lee/thesis/check/lee/combit-cr-native-20260820/experiments/cr_run_btv_literal_20260821/raw/density_r3_A13107_B32768_ddc.csv
=== Compressed .bm Benchmark Mode ===
Directory: /home/lichenhang/lee/thesis/check/lee/combit/gridindep/bitmap/bm_100m_A13107_B32768_ddc_w8
Rows: 100000000 | Cardinality: 13107
AND caliber: PAIR (A&B, real op)

=======================================
Benchmark [DDC (New)] — Compressed .bm Files
Source: /home/lichenhang/lee/thesis/check/lee/combit/gridindep/bitmap/bm_100m_A13107_B32768_ddc_w8
Rows: 100000000 | Cardinality: 13107 | Loaded: 2
=======================================
[Load] Loaded 2 compressed bitmaps: 15.4805 ms
  1.bm → cardinality: 19999726
  2.bm → cardinality: 50000004

[Storage] Total compressed: 24576684 bytes (24000.7 KB) | Ratio: 0.983067x
[DDC Storage] l4_bytes: 0.0465662 MB | l3_bytes: 0.204096 MB | l2_bytes: 1.19247 MB | l1_bytes: 21.7971 MB | total_bytes: 23.2402 MB

[Compute] Pairwise ops on first 2 bitmaps:
  bitOr:  6.36007 ms (card: 59999261)
  bitAnd: 6.5672 ms (card: 10000469)
  bitXor: 6.34521 ms (card: 49998792)
  [MIRROR-IN-PROC] OR raw: 1.54802 1.54853 1.55032 1.55046 1.55104 1.55106 1.55171 1.55236 1.55237 1.55258 1.55258 1.5527 1.55286 1.55288 1.55299 1.553 1.55305 1.55319 1.55344 1.55413 1.55421 1.55421 1.55421 1.55436 1.55441 1.55444 1.5545 1.55506 1.55521 1.55547 1.55561 1.55587 1.55693 1.55716 1.55727 1.55758 1.55761 1.55772 1.55773 1.55791 1.55872 1.55879 1.55903 1.55913 1.55918 1.5593 1.55933 1.55934 1.55947 1.5595 1.55958 1.55958 1.55962 1.5598 1.55982 1.55988 1.55997 1.56 1.56015 1.56024 1.56025 1.56044 1.56046 1.56113 1.5615 1.56205 1.56232 1.56273 1.56297 1.56299 1.56331 1.56337 1.56341 1.56392 1.56402 1.56422 1.5644 1.56442 1.56482 1.56496 1.56497 1.56514 1.56547 1.56564 1.56608 1.5673 1.56738 1.56899 1.56912 1.5694 1.56954 1.57011 1.57046 1.57233 1.57887 1.5789 1.58301 1.5831 1.94042 2.02834  median=1.55958

[Pure Ops] DDC operation-only timing:
  AND: 1.65939 ms (card: 10000469)
  OR:  1.56008 ms (card: 59999261)
  XOR: 1.64337 ms (card: 49998792)
  NOT: 1.14904 ms (card: 80000274)
  COMP (~((A|B)&(B|C))): 4.52398 ms (card: 40000739 OK)
---------------------------------------
  [Breakdown] DDC   L1=43.59 MiB  L2=2.38 MiB  L3=0.41 MiB  L4=0.09 MiB  total=46.48 MiB
