CSV output: /home/lichenhang/lee/thesis/check/lee/combit-cr-native-20260820/experiments/cr_run_btv_literal_20260821/raw/density_r1_A13107_B13107_wah.csv
=== Compressed .bm Benchmark Mode ===
Directory: /home/lichenhang/lee/thesis/check/lee/combit/gridindep/bitmap/bm_100m_A13107_B13107_wah
Rows: 100000000 | Cardinality: 13107
AND caliber: PAIR (A&B, real op)

=======================================
Benchmark [WAH (FastBit)] — Compressed .bm Files
Source: /home/lichenhang/lee/thesis/check/lee/combit/gridindep/bitmap/bm_100m_A13107_B13107_wah
Rows: 100000000 | Cardinality: 13107 | Loaded: 2
=======================================
[Load] Loaded 2 compressed bitmaps: 17.9964 ms
  1.bm → cardinality: 19999726
  2.bm → cardinality: 19999673

[Storage] Total compressed: 25806448 bytes (25201.6 KB) | Ratio: 1.03226x

[Compute] Pairwise ops on first 2 bitmaps:
  bitOr:  23.06 ms (card: 36000237)
  bitAnd: 23.4902 ms (card: 3999162)
  bitXor: 10.9514 ms (card: 32001075)

[Pure Ops] WAH (FastBit) operation-only:
  AND: 15.1651 ms
  OR:  16.2894 ms
  XOR: 5.98177 ms
  NOT: 1.5206 ms
  COMP (~((A|B)&(B|C))): 36.1841 ms
---------------------------------------
