CSV output: /home/lichenhang/lee/thesis/check/lee/combit-cr-native-20260820/experiments/cr_run_btv_literal_20260821/raw/density_r3_A66_B328_ewah.csv
=== Compressed .bm Benchmark Mode ===
Directory: /home/lichenhang/lee/thesis/check/lee/combit/gridindep/bitmap/bm_100m_A66_B328_ewah
Rows: 100000000 | Cardinality: 66
AND caliber: PAIR (A&B, real op)

=======================================
Benchmark [EWAH] — Compressed .bm Files
Source: /home/lichenhang/lee/thesis/check/lee/combit/gridindep/bitmap/bm_100m_A66_B328_ewah
Rows: 100000000 | Cardinality: 66 | Loaded: 2
=======================================
[Load] Loaded 2 compressed bitmaps: 3.63937 ms
  1.bm → cardinality: 100706
  2.bm → cardinality: 500481

[Storage] Total compressed: 7447080 bytes (7272.54 KB) | Ratio: 0.297883x

[Compute] Pairwise ops on first 2 bitmaps:
  bitOr:  8.57906 ms (card: 600699)
  bitAnd: 4.4451 ms (card: 488)
  bitXor: 8.75997 ms (card: 600211)

[Pure Ops] EWAH operation-only:
  AND: 4.35558 ms
  OR:  6.63679 ms
  XOR: 6.77892 ms
  NOT: 0.863282 ms
  COMP (~((A|B)&(B|C))): 24.8218 ms
---------------------------------------
