CSV output: /home/lichenhang/lee/thesis/check/lee/combit-cr-native-20260820/experiments/cr_run_btv_literal_20260821/raw/density_r3_A13107_B32768_croaring.csv
=== Compressed .bm Benchmark Mode ===
Directory: /home/lichenhang/lee/thesis/check/lee/combit/gridindep/bitmap/bm_100m_A13107_B32768_roaring
Rows: 100000000 | Cardinality: 13107
AND caliber: PAIR (A&B, real op)

=======================================
Benchmark [CRoaring] — Compressed .bm Files
Source: /home/lichenhang/lee/thesis/check/lee/combit/gridindep/bitmap/bm_100m_A13107_B32768_roaring
Rows: 100000000 | Cardinality: 13107 | Loaded: 2
=======================================
[Load] Loaded 2 compressed bitmaps: 19.2297 ms
  1.bm → cardinality: 19999726
  2.bm → cardinality: 50000004

[Storage] Total compressed: 25026424 bytes (24439.9 KB) | Ratio: 1.00106x
[CRoaring Storage] array=0 (0 MB) | run=0 (0 MB) | bitset=3052 (23.8438 MB) | total_bytes=25001984

[Compute] Pairwise ops on first 2 bitmaps:
  bitOr:  6.81243 ms (card: 59999261)
  bitAnd: 7.6581 ms (card: 10000469)
  bitXor: 6.87653 ms (card: 49998792)

[Pure Ops] CRoaring operation-only (+ to-btv conversion):
  AND: 2.86607 ms (card: 10000469)
  OR:  2.85583 ms (card: 59999261)
  OR (CR internal only, no to-btv): 1.45292 ms
  XOR: 2.8657 ms (card: 49998792)
  NOT: 2.93105 ms (card: 80000274)
  AND (in-place): 6.4006 ms
  [AND result containers] array=0 (0 MB) bitset=1526 (11.9219 MB) run=0 (0 MB) total_bytes=12500992
  [OR  result containers] array=0 (0 MB) bitset=1526 (11.9219 MB) run=0 (0 MB) total_bytes=12500992
  [XOR result containers] array=0 (0 MB) bitset=1526 (11.9219 MB) run=0 (0 MB) total_bytes=12500992
  [NOT result containers] array=0 (0 MB) bitset=1526 (11.9219 MB) run=0 (0 MB) total_bytes=12500992
  [Input A containers] array=0 (0 MB) bitset=1526 (11.9219 MB) run=0 (0 MB) total_bytes=12500992
  [Input B containers] array=0 (0 MB) bitset=1526 (11.9219 MB) run=0 (0 MB) total_bytes=12500992
  COMP native (~((A|B)&(B|C))): 4.94148 ms
  COMP (~((A|B)&(B|C))): 6.30127 ms
---------------------------------------
