CSV output: /home/lichenhang/lee/thesis/check/lee/combit-cr-native-20260820/experiments/cr_run_btv_literal_20260821/raw/density_r3_A655_B1311_ddc.csv
=== Compressed .bm Benchmark Mode ===
Directory: /home/lichenhang/lee/thesis/check/lee/combit/gridindep/bitmap/bm_100m_A655_B1311_ddc_w8
Rows: 100000000 | Cardinality: 655
AND caliber: PAIR (A&B, real op)

=======================================
Benchmark [DDC (New)] — Compressed .bm Files
Source: /home/lichenhang/lee/thesis/check/lee/combit/gridindep/bitmap/bm_100m_A655_B1311_ddc_w8
Rows: 100000000 | Cardinality: 655 | Loaded: 2
=======================================
[Load] Loaded 2 compressed bitmaps: 4.42646 ms
  1.bm → cardinality: 999453
  2.bm → cardinality: 2000427

[Storage] Total compressed: 5337569 bytes (5212.47 KB) | Ratio: 0.213503x
[DDC Storage] l4_bytes: 0.0465662 MB | l3_bytes: 0.357038 MB | l2_bytes: 1.78873 MB | l1_bytes: 2.7 MB | total_bytes: 4.89233 MB

[Compute] Pairwise ops on first 2 bitmaps:
  bitOr:  6.51896 ms (card: 2979808)
  bitAnd: 6.78435 ms (card: 20072)
  bitXor: 6.43616 ms (card: 2959736)
  [MIRROR-IN-PROC] OR raw: 1.4138 1.41488 1.41637 1.41705 1.41706 1.41711 1.41717 1.41773 1.41782 1.41787 1.41792 1.41829 1.41829 1.4188 1.42006 1.42045 1.42099 1.42168 1.42177 1.42195 1.42241 1.42242 1.42268 1.42277 1.42292 1.42296 1.423 1.42327 1.42333 1.42347 1.42372 1.42379 1.42386 1.42399 1.42419 1.42428 1.4247 1.4248 1.42497 1.42508 1.4253 1.42549 1.42592 1.426 1.42604 1.42628 1.42644 1.42666 1.42682 1.42687 1.42694 1.42695 1.42706 1.42717 1.42722 1.42732 1.42745 1.42765 1.42783 1.42787 1.42794 1.42822 1.42836 1.42837 1.4284 1.42854 1.42873 1.42881 1.42894 1.42899 1.42903 1.42913 1.42935 1.42942 1.42948 1.42958 1.42959 1.42961 1.42962 1.42971 1.42992 1.43032 1.43073 1.43073 1.43128 1.43323 1.43368 1.4338 1.43467 1.43536 1.43572 1.43574 1.43607 1.43642 1.43675 1.43721 1.43759 1.43808 1.44075 1.44216  median=1.42694

[Pure Ops] DDC operation-only timing:
  AND: 1.56183 ms (card: 20072)
  OR:  1.42707 ms (card: 2979808)
  XOR: 1.45057 ms (card: 2959736)
  NOT: 0.261603 ms (card: 99000547)
  COMP (~((A|B)&(B|C))): 4.27919 ms (card: 97020192 OK)
---------------------------------------
  [Breakdown] DDC   L1=5.40 MiB  L2=3.58 MiB  L3=0.71 MiB  L4=0.09 MiB  total=9.78 MiB
