CSV output: /home/lichenhang/lee/thesis/check/lee/combit-cr-native-20260820/experiments/cr_run_btv_literal_20260821/raw/density_r2_A3277_B32768_bitset_avx512.csv
=== Compressed .bm Benchmark Mode ===
Directory: /home/lichenhang/lee/thesis/check/lee/combit/gridindep/bitmap/bm_100m_A3277_B32768_bitset
Rows: 100000000 | Cardinality: 3277
AND caliber: PAIR (A&B, real op)

=======================================
Benchmark [Bitset (AVX512)] — Compressed .bm Files
Source: /home/lichenhang/lee/thesis/check/lee/combit/gridindep/bitmap/bm_100m_A3277_B32768_bitset
Rows: 100000000 | Cardinality: 3277 | Loaded: 2
=======================================
[Load] Loaded 2 compressed bitmaps: 12.1402 ms
  1.bm → cardinality: 5000333
  2.bm → cardinality: 50000004

[Storage] Total compressed: 25000000 bytes (24414.1 KB) | Ratio: 1x

[Compute] Pairwise ops on first 2 bitmaps:
  bitOr:  4.03873 ms (card: 52500566)
  bitAnd: 4.13523 ms (card: 2499771)
  bitXor: 4.2165 ms (card: 50000795)

[Pure Ops] Bitset (AVX512) operation+alloc:
  AND (with alloc): 1.80855 ms
  OR  (with alloc): 1.78505 ms
  XOR (with alloc): 1.7889 ms
  NOT (with alloc): 1.30951 ms
  AND (in-place):   1.17353 ms
  COMP (~((A|B)&(B|C))): 5.35565 ms
---------------------------------------
