CSV output: /home/lichenhang/lee/thesis/check/lee/combit-cr-native-20260820/experiments/cr_run_btv_literal_20260821/raw/density_r1_A328_B1311_wah.csv
=== Compressed .bm Benchmark Mode ===
Directory: /home/lichenhang/lee/thesis/check/lee/combit/gridindep/bitmap/bm_100m_A328_B1311_wah
Rows: 100000000 | Cardinality: 328
AND caliber: PAIR (A&B, real op)

=======================================
Benchmark [WAH (FastBit)] — Compressed .bm Files
Source: /home/lichenhang/lee/thesis/check/lee/combit/gridindep/bitmap/bm_100m_A328_B1311_wah
Rows: 100000000 | Cardinality: 328 | Loaded: 2
=======================================
[Load] Loaded 2 compressed bitmaps: 14.2113 ms
  1.bm → cardinality: 500493
  2.bm → cardinality: 2000427

[Storage] Total compressed: 12669232 bytes (12372.3 KB) | Ratio: 0.506769x

[Compute] Pairwise ops on first 2 bitmaps:
  bitOr:  38.1991 ms (card: 2490719)
  bitAnd: 16.5112 ms (card: 10201)
  bitXor: 20.4174 ms (card: 2480518)

[Pure Ops] WAH (FastBit) operation-only:
  AND: 16.5612 ms
  OR:  26.4297 ms
  XOR: 20.2403 ms
  NOT: 0.401073 ms
  COMP (~((A|B)&(B|C))): 72.541 ms
---------------------------------------
