CSV output: /home/lichenhang/lee/thesis/check/lee/combit-cr-native-20260820/experiments/cr_run_btv_literal_20260821/raw/density_r2_A328_B655_wah.csv
=== Compressed .bm Benchmark Mode ===
Directory: /home/lichenhang/lee/thesis/check/lee/combit/gridindep/bitmap/bm_100m_A328_B655_wah
Rows: 100000000 | Cardinality: 328
AND caliber: PAIR (A&B, real op)

=======================================
Benchmark [WAH (FastBit)] — Compressed .bm Files
Source: /home/lichenhang/lee/thesis/check/lee/combit/gridindep/bitmap/bm_100m_A328_B655_wah
Rows: 100000000 | Cardinality: 328 | Loaded: 2
=======================================
[Load] Loaded 2 compressed bitmaps: 14.0604 ms
  1.bm → cardinality: 500493
  2.bm → cardinality: 999453

[Storage] Total compressed: 9435684 bytes (9214.54 KB) | Ratio: 0.377427x

[Compute] Pairwise ops on first 2 bitmaps:
  bitOr:  35.7966 ms (card: 1494888)
  bitAnd: 15.3942 ms (card: 5058)
  bitXor: 18.7118 ms (card: 1489830)

[Pure Ops] WAH (FastBit) operation-only:
  AND: 15.3604 ms
  OR:  24.3382 ms
  XOR: 18.6846 ms
  NOT: 0.397839 ms
  COMP (~((A|B)&(B|C))): 71.0204 ms
---------------------------------------
