CSV output: /home/lichenhang/lee/thesis/check/lee/combit-cr-native-20260820/experiments/cr_run_btv_literal_20260821/raw/density_r1_A328_B19661_bitset_avx512.csv
=== Compressed .bm Benchmark Mode ===
Directory: /home/lichenhang/lee/thesis/check/lee/combit/gridindep/bitmap/bm_100m_A328_B19661_bitset
Rows: 100000000 | Cardinality: 328
AND caliber: PAIR (A&B, real op)

=======================================
Benchmark [Bitset (AVX512)] — Compressed .bm Files
Source: /home/lichenhang/lee/thesis/check/lee/combit/gridindep/bitmap/bm_100m_A328_B19661_bitset
Rows: 100000000 | Cardinality: 328 | Loaded: 2
=======================================
[Load] Loaded 2 compressed bitmaps: 12.0038 ms
  1.bm → cardinality: 500493
  2.bm → cardinality: 30000288

[Storage] Total compressed: 25000000 bytes (24414.1 KB) | Ratio: 1x

[Compute] Pairwise ops on first 2 bitmaps:
  bitOr:  4.28781 ms (card: 30350933)
  bitAnd: 4.36423 ms (card: 149848)
  bitXor: 4.59546 ms (card: 30201085)

[Pure Ops] Bitset (AVX512) operation+alloc:
  AND (with alloc): 1.78354 ms
  OR  (with alloc): 1.78862 ms
  XOR (with alloc): 1.79273 ms
  NOT (with alloc): 1.32559 ms
  AND (in-place):   1.17718 ms
  COMP (~((A|B)&(B|C))): 5.57698 ms
---------------------------------------
