CSV output: /home/lichenhang/lee/thesis/check/lee/combit-cr-native-20260820/experiments/cr_run_btv_literal_20260821/raw/density_r1_A13107_B19661_concise.csv
=== Compressed .bm Benchmark Mode ===
Directory: /home/lichenhang/lee/thesis/check/lee/combit/gridindep/bitmap/bm_100m_A13107_B19661_concise
Rows: 100000000 | Cardinality: 13107
AND caliber: PAIR (A&B, real op)

=======================================
Benchmark [Concise] — Compressed .bm Files
Source: /home/lichenhang/lee/thesis/check/lee/combit/gridindep/bitmap/bm_100m_A13107_B19661_concise
Rows: 100000000 | Cardinality: 13107 | Loaded: 2
=======================================
[Load] Loaded 2 compressed bitmaps: 12.4344 ms
  1.bm → cardinality: 19999726
  2.bm → cardinality: 30000288

[Storage] Total compressed: 25806376 bytes (25201.5 KB) | Ratio: 1.03226x

[Compute] Pairwise ops on first 2 bitmaps:
  bitOr:  20.084 ms (card: 44000071)
  bitAnd: 46.7625 ms (card: 5999943)
  bitXor: 22.4227 ms (card: 38000128)

[Pure Ops] Concise operation-only:
  AND: 36.7981 ms
  OR:  25.5478 ms
  XOR: 25.5522 ms
  NOT: 13.6952 ms (XOR with all-ones)
  COMP (~((A|B)&(B|C))): 99.1597 ms
---------------------------------------
