CSV output: /home/lichenhang/lee/thesis/check/lee/combit-cr-native-20260820/experiments/cr_run_btv_literal_20260821/raw/density_r3_A13107_B26214_ewah.csv
=== Compressed .bm Benchmark Mode ===
Directory: /home/lichenhang/lee/thesis/check/lee/combit/gridindep/bitmap/bm_100m_A13107_B26214_ewah
Rows: 100000000 | Cardinality: 13107
AND caliber: PAIR (A&B, real op)

=======================================
Benchmark [EWAH] — Compressed .bm Files
Source: /home/lichenhang/lee/thesis/check/lee/combit/gridindep/bitmap/bm_100m_A13107_B26214_ewah
Rows: 100000000 | Cardinality: 13107 | Loaded: 2
=======================================
[Load] Loaded 2 compressed bitmaps: 12.3425 ms
  1.bm → cardinality: 19999726
  2.bm → cardinality: 39999373

[Storage] Total compressed: 25000064 bytes (24414.1 KB) | Ratio: 1x

[Compute] Pairwise ops on first 2 bitmaps:
  bitOr:  8.82957 ms (card: 52000887)
  bitAnd: 9.04923 ms (card: 7998212)
  bitXor: 9.03575 ms (card: 44002675)

[Pure Ops] EWAH operation-only:
  AND: 6.09816 ms
  OR:  5.6508 ms
  XOR: 5.98999 ms
  NOT: 4.77171 ms
  COMP (~((A|B)&(B|C))): 21.7503 ms
---------------------------------------
