CSV output: /home/lichenhang/lee/thesis/check/lee/combit-cr-native-20260820/experiments/cr_run_btv_literal_20260821/raw/density_r2_A6554_B13107_bitset_avx512.csv
=== Compressed .bm Benchmark Mode ===
Directory: /home/lichenhang/lee/thesis/check/lee/combit/gridindep/bitmap/bm_100m_A6554_B13107_bitset
Rows: 100000000 | Cardinality: 6554
AND caliber: PAIR (A&B, real op)

=======================================
Benchmark [Bitset (AVX512)] — Compressed .bm Files
Source: /home/lichenhang/lee/thesis/check/lee/combit/gridindep/bitmap/bm_100m_A6554_B13107_bitset
Rows: 100000000 | Cardinality: 6554 | Loaded: 2
=======================================
[Load] Loaded 2 compressed bitmaps: 12.2538 ms
  1.bm → cardinality: 10000633
  2.bm → cardinality: 19999673

[Storage] Total compressed: 25000000 bytes (24414.1 KB) | Ratio: 1x

[Compute] Pairwise ops on first 2 bitmaps:
  bitOr:  4.93469 ms (card: 27999151)
  bitAnd: 4.17787 ms (card: 2001155)
  bitXor: 5.13869 ms (card: 25997996)

[Pure Ops] Bitset (AVX512) operation+alloc:
  AND (with alloc): 2.08442 ms
  OR  (with alloc): 1.74913 ms
  XOR (with alloc): 1.70084 ms
  NOT (with alloc): 1.00839 ms
  AND (in-place):   1.1264 ms
  COMP (~((A|B)&(B|C))): 5.32464 ms
---------------------------------------
