CSV output: /home/lichenhang/lee/thesis/check/lee/combit-cr-native-20260820/experiments/cr_run_btv_literal_20260821/raw/density_r2_A3277_B6554_concise.csv
=== Compressed .bm Benchmark Mode ===
Directory: /home/lichenhang/lee/thesis/check/lee/combit/gridindep/bitmap/bm_100m_A3277_B6554_concise
Rows: 100000000 | Cardinality: 3277
AND caliber: PAIR (A&B, real op)

=======================================
Benchmark [Concise] — Compressed .bm Files
Source: /home/lichenhang/lee/thesis/check/lee/combit/gridindep/bitmap/bm_100m_A3277_B6554_concise
Rows: 100000000 | Cardinality: 3277 | Loaded: 2
=======================================
[Load] Loaded 2 compressed bitmaps: 12.5399 ms
  1.bm → cardinality: 5000333
  2.bm → cardinality: 10000600

[Storage] Total compressed: 24314756 bytes (23744.9 KB) | Ratio: 0.97259x

[Compute] Pairwise ops on first 2 bitmaps:
  bitOr:  26.0852 ms (card: 14501254)
  bitAnd: 50.2866 ms (card: 499679)
  bitXor: 27.9448 ms (card: 14001575)

[Pure Ops] Concise operation-only:
  AND: 39.117 ms
  OR:  31.3274 ms
  XOR: 31.4744 ms
  NOT: 22.1344 ms (XOR with all-ones)
  COMP (~((A|B)&(B|C))): 107.688 ms
---------------------------------------
