CSV output: /home/lichenhang/lee/thesis/check/lee/combit-cr-native-20260820/experiments/cr_run_btv_literal_20260821/raw/density_r3_A328_B26214_concise.csv
=== Compressed .bm Benchmark Mode ===
Directory: /home/lichenhang/lee/thesis/check/lee/combit/gridindep/bitmap/bm_100m_A328_B26214_concise
Rows: 100000000 | Cardinality: 328
AND caliber: PAIR (A&B, real op)

=======================================
Benchmark [Concise] — Compressed .bm Files
Source: /home/lichenhang/lee/thesis/check/lee/combit/gridindep/bitmap/bm_100m_A328_B26214_concise
Rows: 100000000 | Cardinality: 328 | Loaded: 2
=======================================
[Load] Loaded 2 compressed bitmaps: 6.99523 ms
  1.bm → cardinality: 500493
  2.bm → cardinality: 39999373

[Storage] Total compressed: 14878480 bytes (14529.8 KB) | Ratio: 0.595139x

[Compute] Pairwise ops on first 2 bitmaps:
  bitOr:  22.0083 ms (card: 40300175)
  bitAnd: 34.3638 ms (card: 199691)
  bitXor: 23.3925 ms (card: 40100484)

[Pure Ops] Concise operation-only:
  AND: 28.2081 ms
  OR:  26.9063 ms
  XOR: 26.86 ms
  NOT: 8.51115 ms (XOR with all-ones)
  COMP (~((A|B)&(B|C))): 100.26 ms
---------------------------------------
