CSV output: /home/lichenhang/lee/thesis/check/lee/combit-cr-native-20260820/experiments/cr_run_btv_literal_20260821/raw/density_r2_A66_B3277_wah.csv
=== Compressed .bm Benchmark Mode ===
Directory: /home/lichenhang/lee/thesis/check/lee/combit/gridindep/bitmap/bm_100m_A66_B3277_wah
Rows: 100000000 | Cardinality: 66
AND caliber: PAIR (A&B, real op)

=======================================
Benchmark [WAH (FastBit)] — Compressed .bm Files
Source: /home/lichenhang/lee/thesis/check/lee/combit/gridindep/bitmap/bm_100m_A66_B3277_wah
Rows: 100000000 | Cardinality: 66 | Loaded: 2
=======================================
[Load] Loaded 2 compressed bitmaps: 10.5649 ms
  1.bm → cardinality: 100706
  2.bm → cardinality: 5000323

[Storage] Total compressed: 13147236 bytes (12839.1 KB) | Ratio: 0.525889x

[Compute] Pairwise ops on first 2 bitmaps:
  bitOr:  11.4093 ms (card: 5096027)
  bitAnd: 11.7459 ms (card: 5002)
  bitXor: 9.94094 ms (card: 5091025)

[Pure Ops] WAH (FastBit) operation-only:
  AND: 7.5161 ms
  OR:  7.12387 ms
  XOR: 5.24026 ms
  NOT: 0.041929 ms
  COMP (~((A|B)&(B|C))): 19.1201 ms
---------------------------------------
