CSV output: /home/lichenhang/lee/thesis/check/lee/combit-cr-native-20260820/experiments/cr_run_btv_literal_20260821/raw/density_r2_A328_B19661_bitset_avx512.csv
=== Compressed .bm Benchmark Mode ===
Directory: /home/lichenhang/lee/thesis/check/lee/combit/gridindep/bitmap/bm_100m_A328_B19661_bitset
Rows: 100000000 | Cardinality: 328
AND caliber: PAIR (A&B, real op)

=======================================
Benchmark [Bitset (AVX512)] — Compressed .bm Files
Source: /home/lichenhang/lee/thesis/check/lee/combit/gridindep/bitmap/bm_100m_A328_B19661_bitset
Rows: 100000000 | Cardinality: 328 | Loaded: 2
=======================================
[Load] Loaded 2 compressed bitmaps: 12.621 ms
  1.bm → cardinality: 500493
  2.bm → cardinality: 30000288

[Storage] Total compressed: 25000000 bytes (24414.1 KB) | Ratio: 1x

[Compute] Pairwise ops on first 2 bitmaps:
  bitOr:  4.9008 ms (card: 30350933)
  bitAnd: 4.37982 ms (card: 149848)
  bitXor: 4.53197 ms (card: 30201085)

[Pure Ops] Bitset (AVX512) operation+alloc:
  AND (with alloc): 1.7872 ms
  OR  (with alloc): 1.74221 ms
  XOR (with alloc): 1.74056 ms
  NOT (with alloc): 1.36664 ms
  AND (in-place):   1.15301 ms
  COMP (~((A|B)&(B|C))): 5.57968 ms
---------------------------------------
