CSV output: /home/lichenhang/lee/thesis/check/lee/combit-cr-native-20260820/experiments/cr_run_btv_literal_20260821/raw/density_r2_A19661_B32768_bitset_avx512.csv
=== Compressed .bm Benchmark Mode ===
Directory: /home/lichenhang/lee/thesis/check/lee/combit/gridindep/bitmap/bm_100m_A19661_B32768_bitset
Rows: 100000000 | Cardinality: 19661
AND caliber: PAIR (A&B, real op)

=======================================
Benchmark [Bitset (AVX512)] — Compressed .bm Files
Source: /home/lichenhang/lee/thesis/check/lee/combit/gridindep/bitmap/bm_100m_A19661_B32768_bitset
Rows: 100000000 | Cardinality: 19661 | Loaded: 2
=======================================
[Load] Loaded 2 compressed bitmaps: 12 ms
  1.bm → cardinality: 30000235
  2.bm → cardinality: 50000004

[Storage] Total compressed: 25000000 bytes (24414.1 KB) | Ratio: 1x

[Compute] Pairwise ops on first 2 bitmaps:
  bitOr:  4.13626 ms (card: 64999375)
  bitAnd: 4.13218 ms (card: 15000864)
  bitXor: 4.12991 ms (card: 49998511)

[Pure Ops] Bitset (AVX512) operation+alloc:
  AND (with alloc): 1.68677 ms
  OR  (with alloc): 1.71596 ms
  XOR (with alloc): 1.69412 ms
  NOT (with alloc): 1.30431 ms
  AND (in-place):   1.12594 ms
  COMP (~((A|B)&(B|C))): 5.37505 ms
---------------------------------------
