CSV output: /home/lichenhang/lee/thesis/check/lee/combit-cr-native-20260820/experiments/cr_run_btv_literal_20260821/raw/density_r1_A1311_B19661_ddc.csv
=== Compressed .bm Benchmark Mode ===
Directory: /home/lichenhang/lee/thesis/check/lee/combit/gridindep/bitmap/bm_100m_A1311_B19661_ddc_w8
Rows: 100000000 | Cardinality: 1311
AND caliber: PAIR (A&B, real op)

=======================================
Benchmark [DDC (New)] — Compressed .bm Files
Source: /home/lichenhang/lee/thesis/check/lee/combit/gridindep/bitmap/bm_100m_A1311_B19661_ddc_w8
Rows: 100000000 | Cardinality: 1311 | Loaded: 2
=======================================
[Load] Loaded 2 compressed bitmaps: 10.2272 ms
  1.bm → cardinality: 2000409
  2.bm → cardinality: 30000288

[Storage] Total compressed: 15997324 bytes (15622.4 KB) | Ratio: 0.639893x
[DDC Storage] l4_bytes: 0.0465662 MB | l3_bytes: 0.354033 MB | l2_bytes: 1.64407 MB | l1_bytes: 13.0136 MB | total_bytes: 15.0583 MB

[Compute] Pairwise ops on first 2 bitmaps:
  bitOr:  6.4719 ms (card: 31400811)
  bitAnd: 6.80046 ms (card: 599886)
  bitXor: 6.96837 ms (card: 30800925)
  [MIRROR-IN-PROC] OR raw: 1.43414 1.45198 1.45749 1.45769 1.4578 1.45849 1.45918 1.45953 1.46 1.46005 1.46007 1.46016 1.46047 1.46052 1.46091 1.46117 1.46124 1.46143 1.46191 1.46196 1.46208 1.46225 1.46231 1.463 1.46348 1.46375 1.46385 1.46402 1.46437 1.46454 1.46472 1.46474 1.46475 1.46506 1.46631 1.46634 1.46645 1.46737 1.46752 1.46792 1.46804 1.46808 1.4683 1.46844 1.46851 1.46893 1.46939 1.46948 1.4696 1.46984 1.47007 1.47044 1.47046 1.47077 1.47162 1.47217 1.47231 1.47477 1.47484 1.47494 1.47504 1.47544 1.47547 1.4757 1.47586 1.4759 1.47613 1.47724 1.47724 1.47726 1.47765 1.47766 1.47801 1.47802 1.47847 1.47855 1.47863 1.47864 1.47877 1.4789 1.47913 1.47922 1.47924 1.47999 1.48 1.48006 1.48048 1.48079 1.48341 1.48367 1.48398 1.48617 1.48649 1.48695 1.48912 1.49054 1.50217 1.53487 1.5416 1.57761  median=1.47007

[Pure Ops] DDC operation-only timing:
  AND: 1.59241 ms (card: 599886)
  OR:  1.46794 ms (card: 31400811)
  XOR: 1.53659 ms (card: 30800925)
  NOT: 0.400113 ms (card: 97999591)
  COMP (~((A|B)&(B|C))): 4.43877 ms (card: 68599189 OK)
---------------------------------------
  [Breakdown] DDC   L1=26.03 MiB  L2=3.29 MiB  L3=0.71 MiB  L4=0.09 MiB  total=30.12 MiB
