CSV output: /home/lichenhang/lee/thesis/check/lee/combit-cr-native-20260820/experiments/cr_run_btv_literal_20260821/raw/density_r1_A328_B26214_concise.csv
=== Compressed .bm Benchmark Mode ===
Directory: /home/lichenhang/lee/thesis/check/lee/combit/gridindep/bitmap/bm_100m_A328_B26214_concise
Rows: 100000000 | Cardinality: 328
AND caliber: PAIR (A&B, real op)

=======================================
Benchmark [Concise] — Compressed .bm Files
Source: /home/lichenhang/lee/thesis/check/lee/combit/gridindep/bitmap/bm_100m_A328_B26214_concise
Rows: 100000000 | Cardinality: 328 | Loaded: 2
=======================================
[Load] Loaded 2 compressed bitmaps: 7.16437 ms
  1.bm → cardinality: 500493
  2.bm → cardinality: 39999373

[Storage] Total compressed: 14878480 bytes (14529.8 KB) | Ratio: 0.595139x

[Compute] Pairwise ops on first 2 bitmaps:
  bitOr:  22.0661 ms (card: 40300175)
  bitAnd: 33.6056 ms (card: 199691)
  bitXor: 24.3873 ms (card: 40100484)

[Pure Ops] Concise operation-only:
  AND: 28.3062 ms
  OR:  26.8064 ms
  XOR: 26.8602 ms
  NOT: 8.53041 ms (XOR with all-ones)
  COMP (~((A|B)&(B|C))): 99.2796 ms
---------------------------------------
