CSV output: /home/lichenhang/lee/thesis/check/lee/combit-cr-native-20260820/experiments/cr_run_btv_literal_20260821/raw/density_r2_A655_B13107_bitset_avx512.csv
=== Compressed .bm Benchmark Mode ===
Directory: /home/lichenhang/lee/thesis/check/lee/combit/gridindep/bitmap/bm_100m_A655_B13107_bitset
Rows: 100000000 | Cardinality: 655
AND caliber: PAIR (A&B, real op)

=======================================
Benchmark [Bitset (AVX512)] — Compressed .bm Files
Source: /home/lichenhang/lee/thesis/check/lee/combit/gridindep/bitmap/bm_100m_A655_B13107_bitset
Rows: 100000000 | Cardinality: 655 | Loaded: 2
=======================================
[Load] Loaded 2 compressed bitmaps: 12.4092 ms
  1.bm → cardinality: 999453
  2.bm → cardinality: 19999673

[Storage] Total compressed: 25000000 bytes (24414.1 KB) | Ratio: 1x

[Compute] Pairwise ops on first 2 bitmaps:
  bitOr:  5.09169 ms (card: 20798394)
  bitAnd: 4.6799 ms (card: 200732)
  bitXor: 5.19738 ms (card: 20597662)

[Pure Ops] Bitset (AVX512) operation+alloc:
  AND (with alloc): 1.56535 ms
  OR  (with alloc): 1.72384 ms
  XOR (with alloc): 1.77496 ms
  NOT (with alloc): 1.40635 ms
  AND (in-place):   1.14308 ms
  COMP (~((A|B)&(B|C))): 5.52542 ms
---------------------------------------
