CSV output: /home/lichenhang/lee/thesis/check/lee/combit-cr-native-20260820/experiments/cr_run_btv_literal_20260821/raw/density_r2_A1311_B1311_concise.csv
=== Compressed .bm Benchmark Mode ===
Directory: /home/lichenhang/lee/thesis/check/lee/combit/gridindep/bitmap/bm_100m_A1311_B1311_concise
Rows: 100000000 | Cardinality: 1311
AND caliber: PAIR (A&B, real op)

=======================================
Benchmark [Concise] — Compressed .bm Files
Source: /home/lichenhang/lee/thesis/check/lee/combit/gridindep/bitmap/bm_100m_A1311_B1311_concise
Rows: 100000000 | Cardinality: 1311 | Loaded: 2
=======================================
[Load] Loaded 2 compressed bitmaps: 6.85411 ms
  1.bm → cardinality: 2000409
  2.bm → cardinality: 2000427

[Storage] Total compressed: 13771960 bytes (13449.2 KB) | Ratio: 0.550878x

[Compute] Pairwise ops on first 2 bitmaps:
  bitOr:  46.3214 ms (card: 3960615)
  bitAnd: 60.3488 ms (card: 40221)
  bitXor: 49.8476 ms (card: 3920394)

[Pure Ops] Concise operation-only:
  AND: 55.6209 ms
  OR:  56.8861 ms
  XOR: 56.8464 ms
  NOT: 34.488 ms (XOR with all-ones)
  COMP (~((A|B)&(B|C))): 189.31 ms
---------------------------------------
