CSV output: /home/lichenhang/lee/thesis/check/lee/combit-cr-native-20260820/experiments/cr_run_btv_literal_20260821/raw/density_r2_A655_B6554_ewah.csv
=== Compressed .bm Benchmark Mode ===
Directory: /home/lichenhang/lee/thesis/check/lee/combit/gridindep/bitmap/bm_100m_A655_B6554_ewah
Rows: 100000000 | Cardinality: 655
AND caliber: PAIR (A&B, real op)

=======================================
Benchmark [EWAH] — Compressed .bm Files
Source: /home/lichenhang/lee/thesis/check/lee/combit/gridindep/bitmap/bm_100m_A655_B6554_ewah
Rows: 100000000 | Cardinality: 655 | Loaded: 2
=======================================
[Load] Loaded 2 compressed bitmaps: 10.1794 ms
  1.bm → cardinality: 999453
  2.bm → cardinality: 10000600

[Storage] Total compressed: 21543560 bytes (21038.6 KB) | Ratio: 0.861742x

[Compute] Pairwise ops on first 2 bitmaps:
  bitOr:  16.7573 ms (card: 10900091)
  bitAnd: 11.4573 ms (card: 99962)
  bitXor: 17.9886 ms (card: 10800129)

[Pure Ops] EWAH operation-only:
  AND: 10.7464 ms
  OR:  13.16 ms
  XOR: 14.0735 ms
  NOT: 6.803 ms
  COMP (~((A|B)&(B|C))): 36.3672 ms
---------------------------------------
