CSV output: /home/lichenhang/lee/thesis/check/lee/combit-cr-native-20260820/experiments/cr_run_btv_literal_20260821/raw/density_r2_A26214_B26214_bitset_avx512.csv
=== Compressed .bm Benchmark Mode ===
Directory: /home/lichenhang/lee/thesis/check/lee/combit/gridindep/bitmap/bm_100m_A26214_B26214_bitset
Rows: 100000000 | Cardinality: 26214
AND caliber: PAIR (A&B, real op)

=======================================
Benchmark [Bitset (AVX512)] — Compressed .bm Files
Source: /home/lichenhang/lee/thesis/check/lee/combit/gridindep/bitmap/bm_100m_A26214_B26214_bitset
Rows: 100000000 | Cardinality: 26214 | Loaded: 2
=======================================
[Load] Loaded 2 compressed bitmaps: 15.9917 ms
  1.bm → cardinality: 39999368
  2.bm → cardinality: 39999373

[Storage] Total compressed: 25000000 bytes (24414.1 KB) | Ratio: 1x

[Compute] Pairwise ops on first 2 bitmaps:
  bitOr:  4.83453 ms (card: 63998168)
  bitAnd: 3.99963 ms (card: 16000573)
  bitXor: 4.08896 ms (card: 47997595)

[Pure Ops] Bitset (AVX512) operation+alloc:
  AND (with alloc): 1.38118 ms
  OR  (with alloc): 1.76569 ms
  XOR (with alloc): 1.70849 ms
  NOT (with alloc): 1.36231 ms
  AND (in-place):   1.13134 ms
  COMP (~((A|B)&(B|C))): 5.48818 ms
---------------------------------------
