CSV output: /home/lichenhang/lee/thesis/check/lee/combit-cr-native-20260820/experiments/cr_run_btv_literal_20260821/raw/density_r2_A6554_B13107_ddc.csv
=== Compressed .bm Benchmark Mode ===
Directory: /home/lichenhang/lee/thesis/check/lee/combit/gridindep/bitmap/bm_100m_A6554_B13107_ddc_w8
Rows: 100000000 | Cardinality: 6554
AND caliber: PAIR (A&B, real op)

=======================================
Benchmark [DDC (New)] — Compressed .bm Files
Source: /home/lichenhang/lee/thesis/check/lee/combit/gridindep/bitmap/bm_100m_A6554_B13107_ddc_w8
Rows: 100000000 | Cardinality: 6554 | Loaded: 2
=======================================
[Load] Loaded 2 compressed bitmaps: 12.4085 ms
  1.bm → cardinality: 10000633
  2.bm → cardinality: 19999673

[Storage] Total compressed: 20716150 bytes (20230.6 KB) | Ratio: 0.828646x
[DDC Storage] l4_bytes: 0.0465662 MB | l3_bytes: 0.179174 MB | l2_bytes: 2.62135 MB | l1_bytes: 16.7114 MB | total_bytes: 19.5585 MB

[Compute] Pairwise ops on first 2 bitmaps:
  bitOr:  5.57033 ms (card: 27999151)
  bitAnd: 6.3403 ms (card: 2001155)
  bitXor: 6.41301 ms (card: 25997996)
  [MIRROR-IN-PROC] OR raw: 1.50537 1.50558 1.50711 1.50729 1.50745 1.50758 1.50783 1.50789 1.50802 1.50811 1.50811 1.50851 1.50873 1.50883 1.50883 1.50907 1.50911 1.50916 1.50947 1.50968 1.50986 1.51001 1.51008 1.51012 1.51013 1.51035 1.5104 1.51048 1.51051 1.51061 1.51065 1.51082 1.51094 1.51155 1.51158 1.5116 1.51184 1.51208 1.51216 1.51227 1.51231 1.51264 1.51266 1.51274 1.51277 1.51279 1.513 1.51301 1.51357 1.51364 1.51411 1.51418 1.5142 1.51454 1.51455 1.51455 1.51486 1.5149 1.51496 1.51498 1.51521 1.51547 1.51558 1.51572 1.51579 1.51583 1.516 1.51627 1.51637 1.51638 1.51645 1.51678 1.51688 1.51699 1.51824 1.51828 1.51893 1.51917 1.51947 1.51975 1.52042 1.52086 1.52185 1.52251 1.52286 1.52307 1.52327 1.52332 1.52384 1.52413 1.52538 1.52621 1.52786 1.5288 1.53182 1.5329 1.53597 1.55701 1.83917 1.90547  median=1.51411

[Pure Ops] DDC operation-only timing:
  AND: 1.65708 ms (card: 2001155)
  OR:  1.51307 ms (card: 27999151)
  XOR: 1.57251 ms (card: 25997996)
  NOT: 0.945591 ms (card: 89999367)
  COMP (~((A|B)&(B|C))): 4.51065 ms (card: 72000849 OK)
---------------------------------------
  [Breakdown] DDC   L1=33.42 MiB  L2=5.24 MiB  L3=0.36 MiB  L4=0.09 MiB  total=39.12 MiB
