CSV output: /home/lichenhang/lee/thesis/check/lee/combit-cr-native-20260820/experiments/cr_run_btv_literal_20260821/raw/density_r1_A655_B32768_concise.csv
=== Compressed .bm Benchmark Mode ===
Directory: /home/lichenhang/lee/thesis/check/lee/combit/gridindep/bitmap/bm_100m_A655_B32768_concise
Rows: 100000000 | Cardinality: 655
AND caliber: PAIR (A&B, real op)

=======================================
Benchmark [Concise] — Compressed .bm Files
Source: /home/lichenhang/lee/thesis/check/lee/combit/gridindep/bitmap/bm_100m_A655_B32768_concise
Rows: 100000000 | Cardinality: 655 | Loaded: 2
=======================================
[Load] Loaded 2 compressed bitmaps: 7.58632 ms
  1.bm → cardinality: 999453
  2.bm → cardinality: 50000004

[Storage] Total compressed: 16718252 bytes (16326.4 KB) | Ratio: 0.66873x

[Compute] Pairwise ops on first 2 bitmaps:
  bitOr:  29.024 ms (card: 50499833)
  bitAnd: 45.8024 ms (card: 499624)
  bitXor: 32.0106 ms (card: 50000209)

[Pure Ops] Concise operation-only:
  AND: 39.895 ms
  OR:  35.9062 ms
  XOR: 35.6104 ms
  NOT: 19.4005 ms (XOR with all-ones)
  COMP (~((A|B)&(B|C))): 120.293 ms
---------------------------------------
