CSV output: /home/lichenhang/lee/thesis/check/lee/combit-cr-native-20260820/experiments/cr_run_btv_literal_20260821/raw/density_r2_A3277_B3277_bitset_avx512.csv
=== Compressed .bm Benchmark Mode ===
Directory: /home/lichenhang/lee/thesis/check/lee/combit/gridindep/bitmap/bm_100m_A3277_B3277_bitset
Rows: 100000000 | Cardinality: 3277
AND caliber: PAIR (A&B, real op)

=======================================
Benchmark [Bitset (AVX512)] — Compressed .bm Files
Source: /home/lichenhang/lee/thesis/check/lee/combit/gridindep/bitmap/bm_100m_A3277_B3277_bitset
Rows: 100000000 | Cardinality: 3277 | Loaded: 2
=======================================
[Load] Loaded 2 compressed bitmaps: 12.329 ms
  1.bm → cardinality: 5000333
  2.bm → cardinality: 5000323

[Storage] Total compressed: 25000000 bytes (24414.1 KB) | Ratio: 1x

[Compute] Pairwise ops on first 2 bitmaps:
  bitOr:  4.80571 ms (card: 9750699)
  bitAnd: 4.1871 ms (card: 249957)
  bitXor: 4.21566 ms (card: 9500742)

[Pure Ops] Bitset (AVX512) operation+alloc:
  AND (with alloc): 1.46915 ms
  OR  (with alloc): 1.72992 ms
  XOR (with alloc): 1.74831 ms
  NOT (with alloc): 1.33639 ms
  AND (in-place):   1.14473 ms
  COMP (~((A|B)&(B|C))): 5.5846 ms
---------------------------------------
