CSV output: /home/lichenhang/lee/thesis/check/lee/combit-cr-native-20260820/experiments/cr_run_btv_literal_20260821/raw/density_r1_A1311_B13107_ddc.csv
=== Compressed .bm Benchmark Mode ===
Directory: /home/lichenhang/lee/thesis/check/lee/combit/gridindep/bitmap/bm_100m_A1311_B13107_ddc_w8
Rows: 100000000 | Cardinality: 1311
AND caliber: PAIR (A&B, real op)

=======================================
Benchmark [DDC (New)] — Compressed .bm Files
Source: /home/lichenhang/lee/thesis/check/lee/combit/gridindep/bitmap/bm_100m_A1311_B13107_ddc_w8
Rows: 100000000 | Cardinality: 1311 | Loaded: 2
=======================================
[Load] Loaded 2 compressed bitmaps: 9.22204 ms
  1.bm → cardinality: 2000409
  2.bm → cardinality: 19999673

[Storage] Total compressed: 15213415 bytes (14856.9 KB) | Ratio: 0.608537x
[DDC Storage] l4_bytes: 0.0465662 MB | l3_bytes: 0.335099 MB | l2_bytes: 2.22938 MB | l1_bytes: 11.6996 MB | total_bytes: 14.3107 MB

[Compute] Pairwise ops on first 2 bitmaps:
  bitOr:  5.72171 ms (card: 21599311)
  bitAnd: 5.89928 ms (card: 400771)
  bitXor: 6.28359 ms (card: 21198540)
  [MIRROR-IN-PROC] OR raw: 1.43422 1.4344 1.43454 1.43457 1.43609 1.43638 1.4375 1.4379 1.43809 1.43876 1.44065 1.4415 1.44155 1.44182 1.44232 1.44289 1.44297 1.44337 1.44518 1.44547 1.44564 1.44577 1.44712 1.44753 1.4481 1.44824 1.44826 1.44831 1.44895 1.44946 1.45035 1.45062 1.45063 1.45133 1.45178 1.45471 1.45492 1.45835 1.4592 1.46335 1.46455 1.46663 1.46692 1.46728 1.46788 1.46798 1.47279 1.47916 1.48206 1.48448 1.48603 1.52062 1.53175 1.53391 1.5349 1.55358 1.58983 1.62601 1.80647 1.84354 1.85534 1.86277 1.88375 1.88483 1.88976 1.89807 1.89846 1.89942 1.89987 1.90058 1.90088 1.90196 1.9024 1.90249 1.90321 1.90322 1.90354 1.90461 1.90661 1.90695 1.90718 1.90941 1.90992 1.91023 1.91093 1.912 1.91255 1.91291 1.91321 1.9142 1.91477 1.91508 1.91572 1.91644 1.91881 1.92051 1.92159 1.92186 2.00824 2.05268  median=1.48603

[Pure Ops] DDC operation-only timing:
  AND: 1.57533 ms (card: 400771)
  OR:  1.44546 ms (card: 21599311)
  XOR: 1.48405 ms (card: 21198540)
  NOT: 0.410682 ms (card: 97999591)
  COMP (~((A|B)&(B|C))): 4.38299 ms (card: 78400689 OK)
---------------------------------------
  [Breakdown] DDC   L1=23.40 MiB  L2=4.46 MiB  L3=0.67 MiB  L4=0.09 MiB  total=28.62 MiB
