CSV output: /home/lichenhang/lee/thesis/check/lee/combit-cr-native-20260820/experiments/cr_run_btv_literal_20260821/raw/density_r2_A1311_B1311_bitset_avx512.csv
=== Compressed .bm Benchmark Mode ===
Directory: /home/lichenhang/lee/thesis/check/lee/combit/gridindep/bitmap/bm_100m_A1311_B1311_bitset
Rows: 100000000 | Cardinality: 1311
AND caliber: PAIR (A&B, real op)

=======================================
Benchmark [Bitset (AVX512)] — Compressed .bm Files
Source: /home/lichenhang/lee/thesis/check/lee/combit/gridindep/bitmap/bm_100m_A1311_B1311_bitset
Rows: 100000000 | Cardinality: 1311 | Loaded: 2
=======================================
[Load] Loaded 2 compressed bitmaps: 14.0835 ms
  1.bm → cardinality: 2000409
  2.bm → cardinality: 2000427

[Storage] Total compressed: 25000000 bytes (24414.1 KB) | Ratio: 1x

[Compute] Pairwise ops on first 2 bitmaps:
  bitOr:  4.17544 ms (card: 3960615)
  bitAnd: 4.09838 ms (card: 40221)
  bitXor: 4.36847 ms (card: 3920394)

[Pure Ops] Bitset (AVX512) operation+alloc:
  AND (with alloc): 1.78214 ms
  OR  (with alloc): 1.81341 ms
  XOR (with alloc): 1.79499 ms
  NOT (with alloc): 1.32902 ms
  AND (in-place):   1.15554 ms
  COMP (~((A|B)&(B|C))): 5.21922 ms
---------------------------------------
