CSV output: /home/lichenhang/lee/thesis/check/lee/combit-cr-native-20260820/experiments/cr_run_btv_literal_20260821/raw/density_r2_A1311_B19661_ddc.csv
=== Compressed .bm Benchmark Mode ===
Directory: /home/lichenhang/lee/thesis/check/lee/combit/gridindep/bitmap/bm_100m_A1311_B19661_ddc_w8
Rows: 100000000 | Cardinality: 1311
AND caliber: PAIR (A&B, real op)

=======================================
Benchmark [DDC (New)] — Compressed .bm Files
Source: /home/lichenhang/lee/thesis/check/lee/combit/gridindep/bitmap/bm_100m_A1311_B19661_ddc_w8
Rows: 100000000 | Cardinality: 1311 | Loaded: 2
=======================================
[Load] Loaded 2 compressed bitmaps: 10.9334 ms
  1.bm → cardinality: 2000409
  2.bm → cardinality: 30000288

[Storage] Total compressed: 15997324 bytes (15622.4 KB) | Ratio: 0.639893x
[DDC Storage] l4_bytes: 0.0465662 MB | l3_bytes: 0.354033 MB | l2_bytes: 1.64407 MB | l1_bytes: 13.0136 MB | total_bytes: 15.0583 MB

[Compute] Pairwise ops on first 2 bitmaps:
  bitOr:  6.74375 ms (card: 31400811)
  bitAnd: 7.02644 ms (card: 599886)
  bitXor: 6.73462 ms (card: 30800925)
  [MIRROR-IN-PROC] OR raw: 1.49195 1.49212 1.49298 1.49327 1.49427 1.49457 1.49481 1.49633 1.49663 1.49726 1.49768 1.49771 1.49789 1.49789 1.4981 1.49834 1.49839 1.49848 1.49867 1.49869 1.49877 1.49886 1.49902 1.49903 1.49906 1.49907 1.49909 1.49926 1.49928 1.49934 1.49952 1.49958 1.50001 1.50047 1.50058 1.50128 1.50131 1.50145 1.50155 1.50157 1.50209 1.50216 1.50272 1.50279 1.50297 1.50327 1.50344 1.50361 1.50419 1.50425 1.50426 1.50429 1.50439 1.5046 1.50518 1.50525 1.50538 1.50545 1.50551 1.50554 1.5056 1.50562 1.50565 1.50571 1.50585 1.50589 1.5062 1.5066 1.50661 1.50673 1.50687 1.50699 1.50711 1.50734 1.50761 1.50796 1.50878 1.50911 1.50919 1.50933 1.50935 1.51003 1.51007 1.5101 1.51031 1.51042 1.51062 1.51077 1.51085 1.511 1.51158 1.51158 1.51504 1.51665 1.5177 1.51924 1.52018 1.52118 1.52148 1.52568  median=1.50426

[Pure Ops] DDC operation-only timing:
  AND: 1.6277 ms (card: 599886)
  OR:  1.50259 ms (card: 31400811)
  XOR: 1.54517 ms (card: 30800925)
  NOT: 0.415848 ms (card: 97999591)
  COMP (~((A|B)&(B|C))): 4.5092 ms (card: 68599189 OK)
---------------------------------------
  [Breakdown] DDC   L1=26.03 MiB  L2=3.29 MiB  L3=0.71 MiB  L4=0.09 MiB  total=30.12 MiB
