CSV output: /home/lichenhang/lee/thesis/check/lee/combit-cr-native-20260820/experiments/cr_run_btv_literal_20260821/raw/density_r2_A655_B13107_concise.csv
=== Compressed .bm Benchmark Mode ===
Directory: /home/lichenhang/lee/thesis/check/lee/combit/gridindep/bitmap/bm_100m_A655_B13107_concise
Rows: 100000000 | Cardinality: 655
AND caliber: PAIR (A&B, real op)

=======================================
Benchmark [Concise] — Compressed .bm Files
Source: /home/lichenhang/lee/thesis/check/lee/combit/gridindep/bitmap/bm_100m_A655_B13107_concise
Rows: 100000000 | Cardinality: 655 | Loaded: 2
=======================================
[Load] Loaded 2 compressed bitmaps: 8.12073 ms
  1.bm → cardinality: 999453
  2.bm → cardinality: 19999673

[Storage] Total compressed: 16718120 bytes (16326.3 KB) | Ratio: 0.668725x

[Compute] Pairwise ops on first 2 bitmaps:
  bitOr:  29.1035 ms (card: 20798394)
  bitAnd: 42.6898 ms (card: 200732)
  bitXor: 32.2148 ms (card: 20597662)

[Pure Ops] Concise operation-only:
  AND: 36.7418 ms
  OR:  36.63 ms
  XOR: 36.3506 ms
  NOT: 19.4345 ms (XOR with all-ones)
  COMP (~((A|B)&(B|C))): 117.238 ms
---------------------------------------
