CSV output: /home/lichenhang/lee/thesis/check/lee/combit-cr-native-20260820/experiments/cr_run_btv_literal_20260821/raw/density_r1_A655_B32768_ewah.csv
=== Compressed .bm Benchmark Mode ===
Directory: /home/lichenhang/lee/thesis/check/lee/combit/gridindep/bitmap/bm_100m_A655_B32768_ewah
Rows: 100000000 | Cardinality: 655
AND caliber: PAIR (A&B, real op)

=======================================
Benchmark [EWAH] — Compressed .bm Files
Source: /home/lichenhang/lee/thesis/check/lee/combit/gridindep/bitmap/bm_100m_A655_B32768_ewah
Rows: 100000000 | Cardinality: 655 | Loaded: 2
=======================================
[Load] Loaded 2 compressed bitmaps: 9.98033 ms
  1.bm → cardinality: 999453
  2.bm → cardinality: 50000004

[Storage] Total compressed: 21543584 bytes (21038.7 KB) | Ratio: 0.861743x

[Compute] Pairwise ops on first 2 bitmaps:
  bitOr:  16.7448 ms (card: 50499833)
  bitAnd: 16.3662 ms (card: 499624)
  bitXor: 17.9674 ms (card: 50000209)

[Pure Ops] EWAH operation-only:
  AND: 14.3394 ms
  OR:  13.086 ms
  XOR: 14.1012 ms
  NOT: 6.77843 ms
  COMP (~((A|B)&(B|C))): 37.2054 ms
---------------------------------------
