CSV output: /home/lichenhang/lee/thesis/check/lee/combit-cr-native-20260820/experiments/cr_run_btv_literal_20260821/raw/density_r1_A3277_B19661_ewah.csv
=== Compressed .bm Benchmark Mode ===
Directory: /home/lichenhang/lee/thesis/check/lee/combit/gridindep/bitmap/bm_100m_A3277_B19661_ewah
Rows: 100000000 | Cardinality: 3277
AND caliber: PAIR (A&B, real op)

=======================================
Benchmark [EWAH] — Compressed .bm Files
Source: /home/lichenhang/lee/thesis/check/lee/combit/gridindep/bitmap/bm_100m_A3277_B19661_ewah
Rows: 100000000 | Cardinality: 3277 | Loaded: 2
=======================================
[Load] Loaded 2 compressed bitmaps: 11.9208 ms
  1.bm → cardinality: 5000333
  2.bm → cardinality: 30000288

[Storage] Total compressed: 24983128 bytes (24397.6 KB) | Ratio: 0.999325x

[Compute] Pairwise ops on first 2 bitmaps:
  bitOr:  9.3619 ms (card: 33501086)
  bitAnd: 18.9238 ms (card: 1499535)
  bitXor: 9.8605 ms (card: 32001551)

[Pure Ops] EWAH operation-only:
  AND: 15.9603 ms
  OR:  6.21742 ms
  XOR: 6.64158 ms
  NOT: 5.25987 ms
  COMP (~((A|B)&(B|C))): 22.854 ms
---------------------------------------
