CSV output: /home/lichenhang/lee/thesis/check/lee/combit-cr-native-20260820/experiments/cr_run_btv_literal_20260821/raw/density_r1_A66_B6554_bitset_avx512.csv
=== Compressed .bm Benchmark Mode ===
Directory: /home/lichenhang/lee/thesis/check/lee/combit/gridindep/bitmap/bm_100m_A66_B6554_bitset
Rows: 100000000 | Cardinality: 66
AND caliber: PAIR (A&B, real op)

=======================================
Benchmark [Bitset (AVX512)] — Compressed .bm Files
Source: /home/lichenhang/lee/thesis/check/lee/combit/gridindep/bitmap/bm_100m_A66_B6554_bitset
Rows: 100000000 | Cardinality: 66 | Loaded: 2
=======================================
[Load] Loaded 2 compressed bitmaps: 12.2152 ms
  1.bm → cardinality: 100706
  2.bm → cardinality: 10000600

[Storage] Total compressed: 25000000 bytes (24414.1 KB) | Ratio: 1x

[Compute] Pairwise ops on first 2 bitmaps:
  bitOr:  4.26245 ms (card: 10091048)
  bitAnd: 4.49985 ms (card: 10258)
  bitXor: 4.27152 ms (card: 10080790)

[Pure Ops] Bitset (AVX512) operation+alloc:
  AND (with alloc): 1.82093 ms
  OR  (with alloc): 1.80276 ms
  XOR (with alloc): 1.77225 ms
  NOT (with alloc): 1.36839 ms
  AND (in-place):   1.15011 ms
  COMP (~((A|B)&(B|C))): 5.61297 ms
---------------------------------------
