CSV output: /home/lichenhang/lee/thesis/check/lee/combit-cr-native-20260820/experiments/cr_run_btv_literal_20260821/raw/density_r1_A19661_B26214_concise.csv
=== Compressed .bm Benchmark Mode ===
Directory: /home/lichenhang/lee/thesis/check/lee/combit/gridindep/bitmap/bm_100m_A19661_B26214_concise
Rows: 100000000 | Cardinality: 19661
AND caliber: PAIR (A&B, real op)

=======================================
Benchmark [Concise] — Compressed .bm Files
Source: /home/lichenhang/lee/thesis/check/lee/combit/gridindep/bitmap/bm_100m_A19661_B26214_concise
Rows: 100000000 | Cardinality: 19661 | Loaded: 2
=======================================
[Load] Loaded 2 compressed bitmaps: 14.0768 ms
  1.bm → cardinality: 30000235
  2.bm → cardinality: 39999373

[Storage] Total compressed: 25806488 bytes (25201.6 KB) | Ratio: 1.03226x

[Compute] Pairwise ops on first 2 bitmaps:
  bitOr:  20.8654 ms (card: 57996264)
  bitAnd: 39.2617 ms (card: 12003344)
  bitXor: 22.3452 ms (card: 45992920)

[Pure Ops] Concise operation-only:
  AND: 29.2247 ms
  OR:  25.2592 ms
  XOR: 25.4789 ms
  NOT: 16.2658 ms (XOR with all-ones)
  COMP (~((A|B)&(B|C))): 102.342 ms
---------------------------------------
