CSV output: /home/lichenhang/lee/thesis/check/lee/combit-cr-native-20260820/experiments/cr_run_btv_literal_20260821/raw/density_r1_A66_B19661_bitset_avx512.csv
=== Compressed .bm Benchmark Mode ===
Directory: /home/lichenhang/lee/thesis/check/lee/combit/gridindep/bitmap/bm_100m_A66_B19661_bitset
Rows: 100000000 | Cardinality: 66
AND caliber: PAIR (A&B, real op)

=======================================
Benchmark [Bitset (AVX512)] — Compressed .bm Files
Source: /home/lichenhang/lee/thesis/check/lee/combit/gridindep/bitmap/bm_100m_A66_B19661_bitset
Rows: 100000000 | Cardinality: 66 | Loaded: 2
=======================================
[Load] Loaded 2 compressed bitmaps: 12.1134 ms
  1.bm → cardinality: 100706
  2.bm → cardinality: 30000288

[Storage] Total compressed: 25000000 bytes (24414.1 KB) | Ratio: 1x

[Compute] Pairwise ops on first 2 bitmaps:
  bitOr:  4.48118 ms (card: 30070755)
  bitAnd: 4.45222 ms (card: 30239)
  bitXor: 4.57214 ms (card: 30040516)

[Pure Ops] Bitset (AVX512) operation+alloc:
  AND (with alloc): 1.79962 ms
  OR  (with alloc): 1.80345 ms
  XOR (with alloc): 1.80576 ms
  NOT (with alloc): 1.30116 ms
  AND (in-place):   1.17344 ms
  COMP (~((A|B)&(B|C))): 5.59892 ms
---------------------------------------
