CSV output: /home/lichenhang/lee/thesis/check/lee/combit-cr-native-20260820/experiments/cr_run_btv_literal_20260821/raw/density_r3_A328_B328_bitset_avx512.csv
=== Compressed .bm Benchmark Mode ===
Directory: /home/lichenhang/lee/thesis/check/lee/combit/gridindep/bitmap/bm_100m_A328_B328_bitset
Rows: 100000000 | Cardinality: 328
AND caliber: PAIR (A&B, real op)

=======================================
Benchmark [Bitset (AVX512)] — Compressed .bm Files
Source: /home/lichenhang/lee/thesis/check/lee/combit/gridindep/bitmap/bm_100m_A328_B328_bitset
Rows: 100000000 | Cardinality: 328 | Loaded: 2
=======================================
[Load] Loaded 2 compressed bitmaps: 12.6501 ms
  1.bm → cardinality: 500493
  2.bm → cardinality: 500481

[Storage] Total compressed: 25000000 bytes (24414.1 KB) | Ratio: 1x

[Compute] Pairwise ops on first 2 bitmaps:
  bitOr:  4.44273 ms (card: 998497)
  bitAnd: 4.51659 ms (card: 2477)
  bitXor: 5.10453 ms (card: 996020)

[Pure Ops] Bitset (AVX512) operation+alloc:
  AND (with alloc): 1.77836 ms
  OR  (with alloc): 1.72184 ms
  XOR (with alloc): 1.69888 ms
  NOT (with alloc): 1.35114 ms
  AND (in-place):   1.12527 ms
  COMP (~((A|B)&(B|C))): 5.5053 ms
---------------------------------------
