CSV output: /home/lichenhang/lee/thesis/check/lee/combit-cr-native-20260820/experiments/cr_run_btv_literal_20260821/raw/density_r2_A66_B19661_concise.csv
=== Compressed .bm Benchmark Mode ===
Directory: /home/lichenhang/lee/thesis/check/lee/combit/gridindep/bitmap/bm_100m_A66_B19661_concise
Rows: 100000000 | Cardinality: 66
AND caliber: PAIR (A&B, real op)

=======================================
Benchmark [Concise] — Compressed .bm Files
Source: /home/lichenhang/lee/thesis/check/lee/combit/gridindep/bitmap/bm_100m_A66_B19661_concise
Rows: 100000000 | Cardinality: 66 | Loaded: 2
=======================================
[Load] Loaded 2 compressed bitmaps: 10.093 ms
  1.bm → cardinality: 100706
  2.bm → cardinality: 30000288

[Storage] Total compressed: 13305836 bytes (12994 KB) | Ratio: 0.532233x

[Compute] Pairwise ops on first 2 bitmaps:
  bitOr:  17.769 ms (card: 30070755)
  bitAnd: 22.3462 ms (card: 30239)
  bitXor: 18.9964 ms (card: 30040516)

[Pure Ops] Concise operation-only:
  AND: 17.8557 ms
  OR:  19.3494 ms
  XOR: 19.0418 ms
  NOT: 1.29418 ms (XOR with all-ones)
  COMP (~((A|B)&(B|C))): 85.8211 ms
---------------------------------------
