CSV output: /home/lichenhang/lee/thesis/check/lee/combit-cr-native-20260820/experiments/cr_run_btv_literal_20260821/raw/density_r2_A66_B1311_concise.csv
=== Compressed .bm Benchmark Mode ===
Directory: /home/lichenhang/lee/thesis/check/lee/combit/gridindep/bitmap/bm_100m_A66_B1311_concise
Rows: 100000000 | Cardinality: 66
AND caliber: PAIR (A&B, real op)

=======================================
Benchmark [Concise] — Compressed .bm Files
Source: /home/lichenhang/lee/thesis/check/lee/combit/gridindep/bitmap/bm_100m_A66_B1311_concise
Rows: 100000000 | Cardinality: 66 | Loaded: 2
=======================================
[Load] Loaded 2 compressed bitmaps: 3.41027 ms
  1.bm → cardinality: 100706
  2.bm → cardinality: 2000427

[Storage] Total compressed: 7289268 bytes (7118.43 KB) | Ratio: 0.291571x

[Compute] Pairwise ops on first 2 bitmaps:
  bitOr:  33.8896 ms (card: 2099110)
  bitAnd: 32.0542 ms (card: 2023)
  bitXor: 34.1332 ms (card: 2097087)

[Pure Ops] Concise operation-only:
  AND: 29.3628 ms
  OR:  39.1263 ms
  XOR: 39.5183 ms
  NOT: 1.29383 ms (XOR with all-ones)
  COMP (~((A|B)&(B|C))): 154.963 ms
---------------------------------------
