CSV output: /home/lichenhang/lee/thesis/check/lee/combit-cr-native-20260820/experiments/cr_run_btv_literal_20260821/raw/density_r1_A19661_B19661_bitset_avx512.csv
=== Compressed .bm Benchmark Mode ===
Directory: /home/lichenhang/lee/thesis/check/lee/combit/gridindep/bitmap/bm_100m_A19661_B19661_bitset
Rows: 100000000 | Cardinality: 19661
AND caliber: PAIR (A&B, real op)

=======================================
Benchmark [Bitset (AVX512)] — Compressed .bm Files
Source: /home/lichenhang/lee/thesis/check/lee/combit/gridindep/bitmap/bm_100m_A19661_B19661_bitset
Rows: 100000000 | Cardinality: 19661 | Loaded: 2
=======================================
[Load] Loaded 2 compressed bitmaps: 12.1749 ms
  1.bm → cardinality: 30000235
  2.bm → cardinality: 30000288

[Storage] Total compressed: 25000000 bytes (24414.1 KB) | Ratio: 1x

[Compute] Pairwise ops on first 2 bitmaps:
  bitOr:  5.11578 ms (card: 51003874)
  bitAnd: 4.35445 ms (card: 8996649)
  bitXor: 4.31529 ms (card: 42007225)

[Pure Ops] Bitset (AVX512) operation+alloc:
  AND (with alloc): 1.4971 ms
  OR  (with alloc): 1.7983 ms
  XOR (with alloc): 1.78996 ms
  NOT (with alloc): 1.32392 ms
  AND (in-place):   1.16227 ms
  COMP (~((A|B)&(B|C))): 5.5047 ms
---------------------------------------
