CSV output: /home/lichenhang/lee/thesis/check/lee/combit-cr-native-20260820/experiments/cr_run_btv_literal_20260821/raw/density_r2_A328_B13107_bitset_avx512.csv
=== Compressed .bm Benchmark Mode ===
Directory: /home/lichenhang/lee/thesis/check/lee/combit/gridindep/bitmap/bm_100m_A328_B13107_bitset
Rows: 100000000 | Cardinality: 328
AND caliber: PAIR (A&B, real op)

=======================================
Benchmark [Bitset (AVX512)] — Compressed .bm Files
Source: /home/lichenhang/lee/thesis/check/lee/combit/gridindep/bitmap/bm_100m_A328_B13107_bitset
Rows: 100000000 | Cardinality: 328 | Loaded: 2
=======================================
[Load] Loaded 2 compressed bitmaps: 12.3328 ms
  1.bm → cardinality: 500493
  2.bm → cardinality: 19999673

[Storage] Total compressed: 25000000 bytes (24414.1 KB) | Ratio: 1x

[Compute] Pairwise ops on first 2 bitmaps:
  bitOr:  4.22271 ms (card: 20400429)
  bitAnd: 4.47828 ms (card: 99737)
  bitXor: 4.30156 ms (card: 20300692)

[Pure Ops] Bitset (AVX512) operation+alloc:
  AND (with alloc): 1.5868 ms
  OR  (with alloc): 1.7747 ms
  XOR (with alloc): 1.79902 ms
  NOT (with alloc): 1.39572 ms
  AND (in-place):   1.16085 ms
  COMP (~((A|B)&(B|C))): 5.60025 ms
---------------------------------------
