CSV output: /home/lichenhang/lee/thesis/check/lee/combit-cr-native-20260820/experiments/cr_run_btv_literal_20260821/raw/density_r3_A13107_B32768_bitset_avx512.csv
=== Compressed .bm Benchmark Mode ===
Directory: /home/lichenhang/lee/thesis/check/lee/combit/gridindep/bitmap/bm_100m_A13107_B32768_bitset
Rows: 100000000 | Cardinality: 13107
AND caliber: PAIR (A&B, real op)

=======================================
Benchmark [Bitset (AVX512)] — Compressed .bm Files
Source: /home/lichenhang/lee/thesis/check/lee/combit/gridindep/bitmap/bm_100m_A13107_B32768_bitset
Rows: 100000000 | Cardinality: 13107 | Loaded: 2
=======================================
[Load] Loaded 2 compressed bitmaps: 12.2132 ms
  1.bm → cardinality: 19999726
  2.bm → cardinality: 50000004

[Storage] Total compressed: 25000000 bytes (24414.1 KB) | Ratio: 1x

[Compute] Pairwise ops on first 2 bitmaps:
  bitOr:  4.98791 ms (card: 59999261)
  bitAnd: 4.35074 ms (card: 10000469)
  bitXor: 4.43644 ms (card: 49998792)

[Pure Ops] Bitset (AVX512) operation+alloc:
  AND (with alloc): 1.55598 ms
  OR  (with alloc): 1.77676 ms
  XOR (with alloc): 1.72323 ms
  NOT (with alloc): 1.33543 ms
  AND (in-place):   1.12559 ms
  COMP (~((A|B)&(B|C))): 5.39654 ms
---------------------------------------
