CSV output: /home/lichenhang/lee/thesis/check/lee/combit-cr-native-20260820/experiments/cr_run_btv_literal_20260821/raw/density_r3_A13107_B19661_ewah.csv
=== Compressed .bm Benchmark Mode ===
Directory: /home/lichenhang/lee/thesis/check/lee/combit/gridindep/bitmap/bm_100m_A13107_B19661_ewah
Rows: 100000000 | Cardinality: 13107
AND caliber: PAIR (A&B, real op)

=======================================
Benchmark [EWAH] — Compressed .bm Files
Source: /home/lichenhang/lee/thesis/check/lee/combit/gridindep/bitmap/bm_100m_A13107_B19661_ewah
Rows: 100000000 | Cardinality: 13107 | Loaded: 2
=======================================
[Load] Loaded 2 compressed bitmaps: 11.9546 ms
  1.bm → cardinality: 19999726
  2.bm → cardinality: 30000288

[Storage] Total compressed: 25000064 bytes (24414.1 KB) | Ratio: 1x

[Compute] Pairwise ops on first 2 bitmaps:
  bitOr:  8.78362 ms (card: 44000071)
  bitAnd: 9.4385 ms (card: 5999943)
  bitXor: 9.10282 ms (card: 38000128)

[Pure Ops] EWAH operation-only:
  AND: 6.63856 ms
  OR:  5.66413 ms
  XOR: 6.00595 ms
  NOT: 4.76217 ms
  COMP (~((A|B)&(B|C))): 21.8659 ms
---------------------------------------
