CSV output: /home/lichenhang/lee/thesis/check/lee/combit-cr-native-20260820/experiments/cr_run_btv_literal_20260821/raw/density_r1_A655_B1311_croaring.csv
=== Compressed .bm Benchmark Mode ===
Directory: /home/lichenhang/lee/thesis/check/lee/combit/gridindep/bitmap/bm_100m_A655_B1311_roaring
Rows: 100000000 | Cardinality: 655
AND caliber: PAIR (A&B, real op)

=======================================
Benchmark [CRoaring] — Compressed .bm Files
Source: /home/lichenhang/lee/thesis/check/lee/combit/gridindep/bitmap/bm_100m_A655_B1311_roaring
Rows: 100000000 | Cardinality: 655 | Loaded: 2
=======================================
[Load] Loaded 2 compressed bitmaps: 4.97878 ms
  1.bm → cardinality: 999453
  2.bm → cardinality: 2000427

[Storage] Total compressed: 6024200 bytes (5883.01 KB) | Ratio: 0.240968x
[CRoaring Storage] array=3052 (5.72182 MB) | run=0 (0 MB) | bitset=0 (0 MB) | total_bytes=5999760

[Compute] Pairwise ops on first 2 bitmaps:
  bitOr:  12.6795 ms (card: 2979808)
  bitAnd: 2.78775 ms (card: 20072)
  bitXor: 7.04346 ms (card: 2959736)

[Pure Ops] CRoaring operation-only (+ to-btv conversion):
  AND: 2.05401 ms (card: 20072)
  OR:  4.80171 ms (card: 2979808)
  OR (CR internal only, no to-btv): 2.94773 ms
  XOR: 5.07432 ms (card: 2959736)
  NOT: 3.14598 ms (card: 99000547)
  AND (in-place): 9.46882 ms
  [AND result containers] array=1526 (0.0382843 MB) bitset=0 (0 MB) run=0 (0 MB) total_bytes=40144
  [OR  result containers] array=1526 (5.68353 MB) bitset=0 (0 MB) run=0 (0 MB) total_bytes=5959616
  [XOR result containers] array=1526 (5.64525 MB) bitset=0 (0 MB) run=0 (0 MB) total_bytes=5919472
  [NOT result containers] array=0 (0 MB) bitset=1526 (11.9219 MB) run=0 (0 MB) total_bytes=12500992
  [Input A containers] array=1526 (1.90631 MB) bitset=0 (0 MB) run=0 (0 MB) total_bytes=1998906
  [Input B containers] array=1526 (3.81551 MB) bitset=0 (0 MB) run=0 (0 MB) total_bytes=4000854
  COMP native (~((A|B)&(B|C))): 9.32634 ms
  COMP (~((A|B)&(B|C))): 11.1093 ms
---------------------------------------
