CSV output: /home/lichenhang/lee/thesis/check/lee/combit-cr-native-20260820/experiments/cr_run_btv_literal_20260821/raw/density_r1_A3277_B6554_ewah.csv
=== Compressed .bm Benchmark Mode ===
Directory: /home/lichenhang/lee/thesis/check/lee/combit/gridindep/bitmap/bm_100m_A3277_B6554_ewah
Rows: 100000000 | Cardinality: 3277
AND caliber: PAIR (A&B, real op)

=======================================
Benchmark [EWAH] — Compressed .bm Files
Source: /home/lichenhang/lee/thesis/check/lee/combit/gridindep/bitmap/bm_100m_A3277_B6554_ewah
Rows: 100000000 | Cardinality: 3277 | Loaded: 2
=======================================
[Load] Loaded 2 compressed bitmaps: 11.9168 ms
  1.bm → cardinality: 5000333
  2.bm → cardinality: 10000600

[Storage] Total compressed: 24983104 bytes (24397.6 KB) | Ratio: 0.999324x

[Compute] Pairwise ops on first 2 bitmaps:
  bitOr:  9.75617 ms (card: 14501254)
  bitAnd: 15.8098 ms (card: 499679)
  bitXor: 10.4662 ms (card: 14001575)

[Pure Ops] EWAH operation-only:
  AND: 13.6679 ms
  OR:  6.25615 ms
  XOR: 6.76587 ms
  NOT: 5.23346 ms
  COMP (~((A|B)&(B|C))): 22.1207 ms
---------------------------------------
