CSV output: /home/lichenhang/lee/thesis/check/lee/combit-cr-native-20260820/experiments/cr_run_btv_literal_20260821/raw/density_r3_A6554_B13107_concise.csv
=== Compressed .bm Benchmark Mode ===
Directory: /home/lichenhang/lee/thesis/check/lee/combit/gridindep/bitmap/bm_100m_A6554_B13107_concise
Rows: 100000000 | Cardinality: 6554
AND caliber: PAIR (A&B, real op)

=======================================
Benchmark [Concise] — Compressed .bm Files
Source: /home/lichenhang/lee/thesis/check/lee/combit/gridindep/bitmap/bm_100m_A6554_B13107_concise
Rows: 100000000 | Cardinality: 6554 | Loaded: 2
=======================================
[Load] Loaded 2 compressed bitmaps: 12.1597 ms
  1.bm → cardinality: 10000633
  2.bm → cardinality: 19999673

[Storage] Total compressed: 25722944 bytes (25120.1 KB) | Ratio: 1.02892x

[Compute] Pairwise ops on first 2 bitmaps:
  bitOr:  22.2412 ms (card: 27999151)
  bitAnd: 61.8524 ms (card: 2001155)
  bitXor: 24.0084 ms (card: 25997996)

[Pure Ops] Concise operation-only:
  AND: 52.5403 ms
  OR:  26.2939 ms
  XOR: 26.5961 ms
  NOT: 17.1623 ms (XOR with all-ones)
  COMP (~((A|B)&(B|C))): 101.311 ms
---------------------------------------
