CSV output: /home/lichenhang/lee/thesis/check/lee/combit-cr-native-20260820/experiments/cr_run_btv_literal_20260821/raw/density_r1_A1311_B3277_concise.csv
=== Compressed .bm Benchmark Mode ===
Directory: /home/lichenhang/lee/thesis/check/lee/combit/gridindep/bitmap/bm_100m_A1311_B3277_concise
Rows: 100000000 | Cardinality: 1311
AND caliber: PAIR (A&B, real op)

=======================================
Benchmark [Concise] — Compressed .bm Files
Source: /home/lichenhang/lee/thesis/check/lee/combit/gridindep/bitmap/bm_100m_A1311_B3277_concise
Rows: 100000000 | Cardinality: 1311 | Loaded: 2
=======================================
[Load] Loaded 2 compressed bitmaps: 8.38787 ms
  1.bm → cardinality: 2000409
  2.bm → cardinality: 5000323

[Storage] Total compressed: 18376816 bytes (17946.1 KB) | Ratio: 0.735073x

[Compute] Pairwise ops on first 2 bitmaps:
  bitOr:  42.7405 ms (card: 6900853)
  bitAnd: 55.3991 ms (card: 99879)
  bitXor: 47.0224 ms (card: 6800974)

[Pure Ops] Concise operation-only:
  AND: 48.7551 ms
  OR:  52.7287 ms
  XOR: 52.5068 ms
  NOT: 34.4504 ms (XOR with all-ones)
  COMP (~((A|B)&(B|C))): 158.736 ms
---------------------------------------
