CSV output: /home/lichenhang/lee/thesis/check/lee/combit-cr-native-20260820/experiments/cr_run_btv_literal_20260821/raw/density_r3_A13107_B13107_concise.csv
=== Compressed .bm Benchmark Mode ===
Directory: /home/lichenhang/lee/thesis/check/lee/combit/gridindep/bitmap/bm_100m_A13107_B13107_concise
Rows: 100000000 | Cardinality: 13107
AND caliber: PAIR (A&B, real op)

=======================================
Benchmark [Concise] — Compressed .bm Files
Source: /home/lichenhang/lee/thesis/check/lee/combit/gridindep/bitmap/bm_100m_A13107_B13107_concise
Rows: 100000000 | Cardinality: 13107 | Loaded: 2
=======================================
[Load] Loaded 2 compressed bitmaps: 12.294 ms
  1.bm → cardinality: 19999726
  2.bm → cardinality: 19999673

[Storage] Total compressed: 25806244 bytes (25201.4 KB) | Ratio: 1.03225x

[Compute] Pairwise ops on first 2 bitmaps:
  bitOr:  21.0428 ms (card: 36000237)
  bitAnd: 54.4679 ms (card: 3999162)
  bitXor: 23.3639 ms (card: 32001075)

[Pure Ops] Concise operation-only:
  AND: 45.5269 ms
  OR:  25.5917 ms
  XOR: 25.701 ms
  NOT: 14.3745 ms (XOR with all-ones)
  COMP (~((A|B)&(B|C))): 99.7258 ms
---------------------------------------
