CSV output: /home/lichenhang/lee/thesis/check/lee/combit-cr-native-20260820/experiments/cr_run_btv_literal_20260821/raw/density_r2_A328_B328_bitset_avx512.csv
=== Compressed .bm Benchmark Mode ===
Directory: /home/lichenhang/lee/thesis/check/lee/combit/gridindep/bitmap/bm_100m_A328_B328_bitset
Rows: 100000000 | Cardinality: 328
AND caliber: PAIR (A&B, real op)

=======================================
Benchmark [Bitset (AVX512)] — Compressed .bm Files
Source: /home/lichenhang/lee/thesis/check/lee/combit/gridindep/bitmap/bm_100m_A328_B328_bitset
Rows: 100000000 | Cardinality: 328 | Loaded: 2
=======================================
[Load] Loaded 2 compressed bitmaps: 16.3254 ms
  1.bm → cardinality: 500493
  2.bm → cardinality: 500481

[Storage] Total compressed: 25000000 bytes (24414.1 KB) | Ratio: 1x

[Compute] Pairwise ops on first 2 bitmaps:
  bitOr:  4.63534 ms (card: 998497)
  bitAnd: 4.79211 ms (card: 2477)
  bitXor: 4.77971 ms (card: 996020)

[Pure Ops] Bitset (AVX512) operation+alloc:
  AND (with alloc): 1.78261 ms
  OR  (with alloc): 1.78515 ms
  XOR (with alloc): 1.77371 ms
  NOT (with alloc): 1.37954 ms
  AND (in-place):   1.1701 ms
  COMP (~((A|B)&(B|C))): 5.55521 ms
---------------------------------------
