CSV output: /home/lichenhang/lee/thesis/check/lee/combit-cr-native-20260820/experiments/cr_run_btv_literal_20260821/raw/density_r3_A3277_B19661_bitset_avx512.csv
=== Compressed .bm Benchmark Mode ===
Directory: /home/lichenhang/lee/thesis/check/lee/combit/gridindep/bitmap/bm_100m_A3277_B19661_bitset
Rows: 100000000 | Cardinality: 3277
AND caliber: PAIR (A&B, real op)

=======================================
Benchmark [Bitset (AVX512)] — Compressed .bm Files
Source: /home/lichenhang/lee/thesis/check/lee/combit/gridindep/bitmap/bm_100m_A3277_B19661_bitset
Rows: 100000000 | Cardinality: 3277 | Loaded: 2
=======================================
[Load] Loaded 2 compressed bitmaps: 12.129 ms
  1.bm → cardinality: 5000333
  2.bm → cardinality: 30000288

[Storage] Total compressed: 25000000 bytes (24414.1 KB) | Ratio: 1x

[Compute] Pairwise ops on first 2 bitmaps:
  bitOr:  4.88562 ms (card: 33501086)
  bitAnd: 4.47174 ms (card: 1499535)
  bitXor: 4.96173 ms (card: 32001551)

[Pure Ops] Bitset (AVX512) operation+alloc:
  AND (with alloc): 1.40511 ms
  OR  (with alloc): 1.46144 ms
  XOR (with alloc): 1.51832 ms
  NOT (with alloc): 1.22317 ms
  AND (in-place):   1.13293 ms
  COMP (~((A|B)&(B|C))): 5.41784 ms
---------------------------------------
