CSV output: /home/lichenhang/lee/thesis/check/lee/combit-cr-native-20260820/experiments/cr_run_btv_literal_20260821/raw/density_r3_A6554_B6554_wah.csv
=== Compressed .bm Benchmark Mode ===
Directory: /home/lichenhang/lee/thesis/check/lee/combit/gridindep/bitmap/bm_100m_A6554_B6554_wah
Rows: 100000000 | Cardinality: 6554
AND caliber: PAIR (A&B, real op)

=======================================
Benchmark [WAH (FastBit)] — Compressed .bm Files
Source: /home/lichenhang/lee/thesis/check/lee/combit/gridindep/bitmap/bm_100m_A6554_B6554_wah
Rows: 100000000 | Cardinality: 6554 | Loaded: 2
=======================================
[Load] Loaded 2 compressed bitmaps: 18.6276 ms
  1.bm → cardinality: 10000633
  2.bm → cardinality: 10000600

[Storage] Total compressed: 25769712 bytes (25165.7 KB) | Ratio: 1.03079x

[Compute] Pairwise ops on first 2 bitmaps:
  bitOr:  23.7741 ms (card: 19001500)
  bitAnd: 23.0115 ms (card: 999733)
  bitXor: 10.7598 ms (card: 18001767)

[Pure Ops] WAH (FastBit) operation-only:
  AND: 15.0434 ms
  OR:  15.9861 ms
  XOR: 6.02552 ms
  NOT: 1.46673 ms
  COMP (~((A|B)&(B|C))): 35.972 ms
---------------------------------------
