CSV output: /home/lichenhang/lee/thesis/check/lee/combit-cr-native-20260820/experiments/cr_run_btv_literal_20260821/raw/density_r1_A3277_B26214_bitset_avx512.csv
=== Compressed .bm Benchmark Mode ===
Directory: /home/lichenhang/lee/thesis/check/lee/combit/gridindep/bitmap/bm_100m_A3277_B26214_bitset
Rows: 100000000 | Cardinality: 3277
AND caliber: PAIR (A&B, real op)

=======================================
Benchmark [Bitset (AVX512)] — Compressed .bm Files
Source: /home/lichenhang/lee/thesis/check/lee/combit/gridindep/bitmap/bm_100m_A3277_B26214_bitset
Rows: 100000000 | Cardinality: 3277 | Loaded: 2
=======================================
[Load] Loaded 2 compressed bitmaps: 12.3576 ms
  1.bm → cardinality: 5000333
  2.bm → cardinality: 39999373

[Storage] Total compressed: 25000000 bytes (24414.1 KB) | Ratio: 1x

[Compute] Pairwise ops on first 2 bitmaps:
  bitOr:  5.06034 ms (card: 42998881)
  bitAnd: 4.58106 ms (card: 2000825)
  bitXor: 4.51264 ms (card: 40998056)

[Pure Ops] Bitset (AVX512) operation+alloc:
  AND (with alloc): 1.6974 ms
  OR  (with alloc): 1.80686 ms
  XOR (with alloc): 1.77785 ms
  NOT (with alloc): 1.3768 ms
  AND (in-place):   1.1551 ms
  COMP (~((A|B)&(B|C))): 5.57115 ms
---------------------------------------
