CSV output: /home/lichenhang/lee/thesis/check/lee/combit-cr-native-20260820/experiments/cr_run_btv_literal_20260821/raw/density_r2_A328_B655_ewah.csv
=== Compressed .bm Benchmark Mode ===
Directory: /home/lichenhang/lee/thesis/check/lee/combit/gridindep/bitmap/bm_100m_A328_B655_ewah
Rows: 100000000 | Cardinality: 328
AND caliber: PAIR (A&B, real op)

=======================================
Benchmark [EWAH] — Compressed .bm Files
Source: /home/lichenhang/lee/thesis/check/lee/combit/gridindep/bitmap/bm_100m_A328_B655_ewah
Rows: 100000000 | Cardinality: 328 | Loaded: 2
=======================================
[Load] Loaded 2 compressed bitmaps: 7.66662 ms
  1.bm → cardinality: 500493
  2.bm → cardinality: 999453

[Storage] Total compressed: 14977848 bytes (14626.8 KB) | Ratio: 0.599114x

[Compute] Pairwise ops on first 2 bitmaps:
  bitOr:  21.1002 ms (card: 1494888)
  bitAnd: 13.1569 ms (card: 5058)
  bitXor: 21.6427 ms (card: 1489830)

[Pure Ops] EWAH operation-only:
  AND: 13.0353 ms
  OR:  17.0276 ms
  XOR: 17.2387 ms
  NOT: 3.98298 ms
  COMP (~((A|B)&(B|C))): 52.634 ms
---------------------------------------
