CSV output: /home/lichenhang/lee/thesis/check/lee/combit-cr-native-20260820/experiments/cr_run_btv_literal_20260821/raw/density_r1_A66_B1311_bitset_avx512.csv
=== Compressed .bm Benchmark Mode ===
Directory: /home/lichenhang/lee/thesis/check/lee/combit/gridindep/bitmap/bm_100m_A66_B1311_bitset
Rows: 100000000 | Cardinality: 66
AND caliber: PAIR (A&B, real op)

=======================================
Benchmark [Bitset (AVX512)] — Compressed .bm Files
Source: /home/lichenhang/lee/thesis/check/lee/combit/gridindep/bitmap/bm_100m_A66_B1311_bitset
Rows: 100000000 | Cardinality: 66 | Loaded: 2
=======================================
[Load] Loaded 2 compressed bitmaps: 12.6138 ms
  1.bm → cardinality: 100706
  2.bm → cardinality: 2000427

[Storage] Total compressed: 25000000 bytes (24414.1 KB) | Ratio: 1x

[Compute] Pairwise ops on first 2 bitmaps:
  bitOr:  4.52543 ms (card: 2099110)
  bitAnd: 4.41798 ms (card: 2023)
  bitXor: 4.71084 ms (card: 2097087)

[Pure Ops] Bitset (AVX512) operation+alloc:
  AND (with alloc): 1.79378 ms
  OR  (with alloc): 1.80922 ms
  XOR (with alloc): 1.80725 ms
  NOT (with alloc): 1.3785 ms
  AND (in-place):   1.1733 ms
  COMP (~((A|B)&(B|C))): 5.63106 ms
---------------------------------------
