CSV output: /home/lichenhang/lee/thesis/check/lee/combit-cr-native-20260820/experiments/cr_run_btv_literal_20260821/raw/density_r2_A655_B655_croaring.csv
=== Compressed .bm Benchmark Mode ===
Directory: /home/lichenhang/lee/thesis/check/lee/combit/gridindep/bitmap/bm_100m_A655_B655_roaring
Rows: 100000000 | Cardinality: 655
AND caliber: PAIR (A&B, real op)

=======================================
Benchmark [CRoaring] — Compressed .bm Files
Source: /home/lichenhang/lee/thesis/check/lee/combit/gridindep/bitmap/bm_100m_A655_B655_roaring
Rows: 100000000 | Cardinality: 655 | Loaded: 2
=======================================
[Load] Loaded 2 compressed bitmaps: 3.22361 ms
  1.bm → cardinality: 999453
  2.bm → cardinality: 999453

[Storage] Total compressed: 4022252 bytes (3927.98 KB) | Ratio: 0.16089x
[CRoaring Storage] array=3052 (3.81261 MB) | run=0 (0 MB) | bitset=0 (0 MB) | total_bytes=3997812

[Compute] Pairwise ops on first 2 bitmaps:
  bitOr:  11.3082 ms (card: 1988943)
  bitAnd: 2.17334 ms (card: 9963)
  bitXor: 5.06733 ms (card: 1978980)

[Pure Ops] CRoaring operation-only (+ to-btv conversion):
  AND: 1.54336 ms (card: 9963)
  OR:  3.60216 ms (card: 1988943)
  OR (CR internal only, no to-btv): 2.17258 ms
  XOR: 3.81299 ms (card: 1978980)
  NOT: 3.08404 ms (card: 99000547)
  AND (in-place): 7.52671 ms
  [AND result containers] array=1523 (0.0190029 MB) bitset=0 (0 MB) run=0 (0 MB) total_bytes=19926
  [OR  result containers] array=1526 (3.79361 MB) bitset=0 (0 MB) run=0 (0 MB) total_bytes=3977886
  [XOR result containers] array=1526 (3.7746 MB) bitset=0 (0 MB) run=0 (0 MB) total_bytes=3957960
  [NOT result containers] array=0 (0 MB) bitset=1526 (11.9219 MB) run=0 (0 MB) total_bytes=12500992
  [Input A containers] array=1526 (1.90631 MB) bitset=0 (0 MB) run=0 (0 MB) total_bytes=1998906
  [Input B containers] array=1526 (1.90631 MB) bitset=0 (0 MB) run=0 (0 MB) total_bytes=1998906
  COMP native (~((A|B)&(B|C))): 6.92564 ms
  COMP (~((A|B)&(B|C))): 8.47684 ms
---------------------------------------
