CSV output: /home/lichenhang/lee/thesis/check/lee/combit-cr-native-20260820/experiments/cr_run_btv_literal_20260821/raw/density_r2_A19661_B26214_ewah.csv
=== Compressed .bm Benchmark Mode ===
Directory: /home/lichenhang/lee/thesis/check/lee/combit/gridindep/bitmap/bm_100m_A19661_B26214_ewah
Rows: 100000000 | Cardinality: 19661
AND caliber: PAIR (A&B, real op)

=======================================
Benchmark [EWAH] — Compressed .bm Files
Source: /home/lichenhang/lee/thesis/check/lee/combit/gridindep/bitmap/bm_100m_A19661_B26214_ewah
Rows: 100000000 | Cardinality: 19661 | Loaded: 2
=======================================
[Load] Loaded 2 compressed bitmaps: 11.9561 ms
  1.bm → cardinality: 30000235
  2.bm → cardinality: 39999373

[Storage] Total compressed: 25000064 bytes (24414.1 KB) | Ratio: 1x

[Compute] Pairwise ops on first 2 bitmaps:
  bitOr:  8.64262 ms (card: 57996264)
  bitAnd: 8.64585 ms (card: 12003344)
  bitXor: 9.72019 ms (card: 45992920)

[Pure Ops] EWAH operation-only:
  AND: 5.89962 ms
  OR:  5.61171 ms
  XOR: 5.94817 ms
  NOT: 4.7139 ms
  COMP (~((A|B)&(B|C))): 21.6256 ms
---------------------------------------
