CSV output: /home/lichenhang/lee/thesis/check/lee/combit-cr-native-20260820/experiments/cr_run_btv_literal_20260821/raw/density_r3_A655_B1311_concise.csv
=== Compressed .bm Benchmark Mode ===
Directory: /home/lichenhang/lee/thesis/check/lee/combit/gridindep/bitmap/bm_100m_A655_B1311_concise
Rows: 100000000 | Cardinality: 655
AND caliber: PAIR (A&B, real op)

=======================================
Benchmark [Concise] — Compressed .bm Files
Source: /home/lichenhang/lee/thesis/check/lee/combit/gridindep/bitmap/bm_100m_A655_B1311_concise
Rows: 100000000 | Cardinality: 655 | Loaded: 2
=======================================
[Load] Loaded 2 compressed bitmaps: 5.13804 ms
  1.bm → cardinality: 999453
  2.bm → cardinality: 2000427

[Storage] Total compressed: 10701684 bytes (10450.9 KB) | Ratio: 0.428067x

[Compute] Pairwise ops on first 2 bitmaps:
  bitOr:  39.6598 ms (card: 2979808)
  bitAnd: 50.875 ms (card: 20072)
  bitXor: 42.111 ms (card: 2959736)

[Pure Ops] Concise operation-only:
  AND: 47.1836 ms
  OR:  48.9664 ms
  XOR: 48.9042 ms
  NOT: 19.3851 ms (XOR with all-ones)
  COMP (~((A|B)&(B|C))): 176.137 ms
---------------------------------------
