CSV output: /home/lichenhang/lee/thesis/check/lee/combit-cr-native-20260820/experiments/cr_run_btv_literal_20260821/raw/density_r2_A66_B3277_ddc.csv
=== Compressed .bm Benchmark Mode ===
Directory: /home/lichenhang/lee/thesis/check/lee/combit/gridindep/bitmap/bm_100m_A66_B3277_ddc_w8
Rows: 100000000 | Cardinality: 66
AND caliber: PAIR (A&B, real op)

=======================================
Benchmark [DDC (New)] — Compressed .bm Files
Source: /home/lichenhang/lee/thesis/check/lee/combit/gridindep/bitmap/bm_100m_A66_B3277_ddc_w8
Rows: 100000000 | Cardinality: 66 | Loaded: 2
=======================================
[Load] Loaded 2 compressed bitmaps: 8.31565 ms
  1.bm → cardinality: 100706
  2.bm → cardinality: 5000323

[Storage] Total compressed: 6295761 bytes (6148.2 KB) | Ratio: 0.25183x
[DDC Storage] l4_bytes: 0.0465662 MB | l3_bytes: 0.124058 MB | l2_bytes: 1.52745 MB | l1_bytes: 4.10806 MB | total_bytes: 5.80614 MB

[Compute] Pairwise ops on first 2 bitmaps:
  bitOr:  8.05681 ms (card: 5096027)
  bitAnd: 8.20458 ms (card: 5002)
  bitXor: 6.86451 ms (card: 5091025)
  [MIRROR-IN-PROC] OR raw: 1.41658 1.4336 1.43772 1.43831 1.43957 1.4396 1.43961 1.44005 1.44034 1.44052 1.44053 1.44067 1.44119 1.44156 1.44169 1.44171 1.44187 1.4419 1.44199 1.44245 1.44257 1.44277 1.44295 1.44335 1.44364 1.44403 1.44463 1.44475 1.4448 1.44547 1.44567 1.44685 1.44724 1.44736 1.44762 1.44786 1.44801 1.44806 1.44814 1.44859 1.44885 1.44889 1.44908 1.44943 1.44973 1.44989 1.451 1.45233 1.45248 1.45256 1.45288 1.45318 1.45335 1.45335 1.45338 1.45349 1.4535 1.45379 1.4543 1.45457 1.45507 1.4552 1.45576 1.45617 1.45621 1.45628 1.45698 1.45707 1.45721 1.45727 1.45793 1.45812 1.4582 1.45821 1.45852 1.45885 1.45897 1.459 1.45914 1.45944 1.4596 1.4605 1.46051 1.46087 1.46235 1.46276 1.4639 1.46408 1.4656 1.4666 1.46694 1.46774 1.46801 1.46818 1.46906 1.47365 1.47506 1.47656 1.53881 1.55574  median=1.45288

[Pure Ops] DDC operation-only timing:
  AND: 1.9509 ms (card: 5002)
  OR:  1.44563 ms (card: 5096027)
  XOR: 1.92285 ms (card: 5091025)
  NOT: 0.149573 ms (card: 99899294)
  COMP (~((A|B)&(B|C))): 4.35782 ms (card: 94903973 OK)
---------------------------------------
  [Breakdown] DDC   L1=8.22 MiB  L2=3.05 MiB  L3=0.25 MiB  L4=0.09 MiB  total=11.61 MiB
