CSV output: /home/lichenhang/lee/thesis/check/lee/combit-cr-native-20260820/experiments/cr_run_btv_literal_20260821/raw/density_r1_A328_B1311_concise.csv
=== Compressed .bm Benchmark Mode ===
Directory: /home/lichenhang/lee/thesis/check/lee/combit/gridindep/bitmap/bm_100m_A328_B1311_concise
Rows: 100000000 | Cardinality: 328
AND caliber: PAIR (A&B, real op)

=======================================
Benchmark [Concise] — Compressed .bm Files
Source: /home/lichenhang/lee/thesis/check/lee/combit/gridindep/bitmap/bm_100m_A328_B1311_concise
Rows: 100000000 | Cardinality: 328 | Loaded: 2
=======================================
[Load] Loaded 2 compressed bitmaps: 4.31082 ms
  1.bm → cardinality: 500493
  2.bm → cardinality: 2000427

[Storage] Total compressed: 8861912 bytes (8654.21 KB) | Ratio: 0.354476x

[Compute] Pairwise ops on first 2 bitmaps:
  bitOr:  39.6687 ms (card: 2490719)
  bitAnd: 40.8285 ms (card: 10201)
  bitXor: 40.6828 ms (card: 2480518)

[Pure Ops] Concise operation-only:
  AND: 37.8484 ms
  OR:  47.6135 ms
  XOR: 47.5404 ms
  NOT: 8.53037 ms (XOR with all-ones)
  COMP (~((A|B)&(B|C))): 173.495 ms
---------------------------------------
