CSV output: /home/lichenhang/lee/thesis/check/lee/combit-cr-native-20260820/experiments/cr_run_btv_literal_20260821/raw/density_r2_A66_B655_ddc.csv
=== Compressed .bm Benchmark Mode ===
Directory: /home/lichenhang/lee/thesis/check/lee/combit/gridindep/bitmap/bm_100m_A66_B655_ddc_w8
Rows: 100000000 | Cardinality: 66
AND caliber: PAIR (A&B, real op)

=======================================
Benchmark [DDC (New)] — Compressed .bm Files
Source: /home/lichenhang/lee/thesis/check/lee/combit/gridindep/bitmap/bm_100m_A66_B655_ddc_w8
Rows: 100000000 | Cardinality: 66 | Loaded: 2
=======================================
[Load] Loaded 2 compressed bitmaps: 2.43267 ms
  1.bm → cardinality: 100706
  2.bm → cardinality: 999453

[Storage] Total compressed: 2433747 bytes (2376.71 KB) | Ratio: 0.0973499x
[DDC Storage] l4_bytes: 0.0465662 MB | l3_bytes: 0.260117 MB | l2_bytes: 0.800082 MB | l1_bytes: 1.01627 MB | total_bytes: 2.12303 MB

[Compute] Pairwise ops on first 2 bitmaps:
  bitOr:  5.473 ms (card: 1099204)
  bitAnd: 6.77911 ms (card: 955)
  bitXor: 6.80366 ms (card: 1098249)
  [MIRROR-IN-PROC] OR raw: 1.39543 1.39771 1.39932 1.39938 1.39969 1.4 1.4 1.4001 1.40018 1.40032 1.40052 1.40053 1.40093 1.40098 1.4011 1.40117 1.40141 1.40145 1.40163 1.4017 1.40181 1.40217 1.4023 1.40237 1.40239 1.40305 1.40308 1.40411 1.40458 1.40536 1.40543 1.4058 1.40616 1.40659 1.40668 1.40672 1.40683 1.40697 1.40704 1.40709 1.40723 1.40729 1.40729 1.40733 1.40747 1.40781 1.40809 1.40837 1.40839 1.40843 1.40865 1.40881 1.40887 1.40895 1.40925 1.40938 1.40938 1.40962 1.41018 1.41023 1.4104 1.41048 1.41128 1.41142 1.41158 1.41159 1.41161 1.41176 1.41227 1.41258 1.41301 1.41313 1.41357 1.41359 1.41417 1.41417 1.41417 1.4148 1.41488 1.41507 1.41513 1.4152 1.41547 1.41557 1.41584 1.41611 1.41619 1.41665 1.4167 1.41782 1.41836 1.41838 1.41862 1.41871 1.42056 1.4208 1.42139 1.42495 1.42648 1.43395  median=1.40865

[Pure Ops] DDC operation-only timing:
  AND: 1.88813 ms (card: 955)
  OR:  1.4063 ms (card: 1099204)
  XOR: 1.87051 ms (card: 1098249)
  NOT: 0.155866 ms (card: 99899294)
  COMP (~((A|B)&(B|C))): 4.37153 ms (card: 98900796 OK)
---------------------------------------
  [Breakdown] DDC   L1=2.03 MiB  L2=1.60 MiB  L3=0.52 MiB  L4=0.09 MiB  total=4.25 MiB
