CSV output: /home/lichenhang/lee/thesis/check/lee/combit-cr-native-20260820/experiments/cr_run_btv_literal_20260821/raw/density_r3_A26214_B26214_concise.csv
=== Compressed .bm Benchmark Mode ===
Directory: /home/lichenhang/lee/thesis/check/lee/combit/gridindep/bitmap/bm_100m_A26214_B26214_concise
Rows: 100000000 | Cardinality: 26214
AND caliber: PAIR (A&B, real op)

=======================================
Benchmark [Concise] — Compressed .bm Files
Source: /home/lichenhang/lee/thesis/check/lee/combit/gridindep/bitmap/bm_100m_A26214_B26214_concise
Rows: 100000000 | Cardinality: 26214 | Loaded: 2
=======================================
[Load] Loaded 2 compressed bitmaps: 12.448 ms
  1.bm → cardinality: 39999368
  2.bm → cardinality: 39999373

[Storage] Total compressed: 25806488 bytes (25201.6 KB) | Ratio: 1.03226x

[Compute] Pairwise ops on first 2 bitmaps:
  bitOr:  20.2598 ms (card: 63998168)
  bitAnd: 38.9227 ms (card: 16000573)
  bitXor: 21.684 ms (card: 47997595)

[Pure Ops] Concise operation-only:
  AND: 28.6998 ms
  OR:  25.2598 ms
  XOR: 25.4636 ms
  NOT: 16.9258 ms (XOR with all-ones)
  COMP (~((A|B)&(B|C))): 98.3323 ms
---------------------------------------
