CSV output: /home/lichenhang/lee/thesis/check/lee/combit-cr-native-20260820/experiments/cr_run_btv_literal_20260821/raw/density_r2_A32768_B32768_ewah.csv
=== Compressed .bm Benchmark Mode ===
Directory: /home/lichenhang/lee/thesis/check/lee/combit/gridindep/bitmap/bm_100m_A32768_B32768_ewah
Rows: 100000000 | Cardinality: 32768
AND caliber: PAIR (A&B, real op)

=======================================
Benchmark [EWAH] — Compressed .bm Files
Source: /home/lichenhang/lee/thesis/check/lee/combit/gridindep/bitmap/bm_100m_A32768_B32768_ewah
Rows: 100000000 | Cardinality: 32768 | Loaded: 2
=======================================
[Load] Loaded 2 compressed bitmaps: 15.9999 ms
  1.bm → cardinality: 50000025
  2.bm → cardinality: 50000004

[Storage] Total compressed: 25000064 bytes (24414.1 KB) | Ratio: 1x

[Compute] Pairwise ops on first 2 bitmaps:
  bitOr:  8.77684 ms (card: 75001341)
  bitAnd: 8.94323 ms (card: 24998688)
  bitXor: 9.12833 ms (card: 50002653)

[Pure Ops] EWAH operation-only:
  AND: 5.90369 ms
  OR:  5.60929 ms
  XOR: 5.95009 ms
  NOT: 4.72337 ms
  COMP (~((A|B)&(B|C))): 21.7513 ms
---------------------------------------
