CSV output: /home/lichenhang/lee/thesis/check/lee/combit-cr-native-20260820/experiments/cr_run_btv_literal_20260821/raw/density_r1_A3277_B13107_wah.csv
=== Compressed .bm Benchmark Mode ===
Directory: /home/lichenhang/lee/thesis/check/lee/combit/gridindep/bitmap/bm_100m_A3277_B13107_wah
Rows: 100000000 | Cardinality: 3277
AND caliber: PAIR (A&B, real op)

=======================================
Benchmark [WAH (FastBit)] — Compressed .bm Files
Source: /home/lichenhang/lee/thesis/check/lee/combit/gridindep/bitmap/bm_100m_A3277_B13107_wah
Rows: 100000000 | Cardinality: 3277 | Loaded: 2
=======================================
[Load] Loaded 2 compressed bitmaps: 18.6627 ms
  1.bm → cardinality: 5000333
  2.bm → cardinality: 19999673

[Storage] Total compressed: 25271832 bytes (24679.5 KB) | Ratio: 1.01087x

[Compute] Pairwise ops on first 2 bitmaps:
  bitOr:  24.4728 ms (card: 24000440)
  bitAnd: 23.9348 ms (card: 999566)
  bitXor: 12.3245 ms (card: 23000874)

[Pure Ops] WAH (FastBit) operation-only:
  AND: 14.8885 ms
  OR:  15.3787 ms
  XOR: 7.58882 ms
  NOT: 1.42202 ms
  COMP (~((A|B)&(B|C))): 34.1541 ms
---------------------------------------
