CSV output: /home/lichenhang/lee/thesis/check/lee/combit-cr-native-20260820/experiments/cr_run_btv_literal_20260821/raw/density_r2_A655_B1311_bitset_avx512.csv
=== Compressed .bm Benchmark Mode ===
Directory: /home/lichenhang/lee/thesis/check/lee/combit/gridindep/bitmap/bm_100m_A655_B1311_bitset
Rows: 100000000 | Cardinality: 655
AND caliber: PAIR (A&B, real op)

=======================================
Benchmark [Bitset (AVX512)] — Compressed .bm Files
Source: /home/lichenhang/lee/thesis/check/lee/combit/gridindep/bitmap/bm_100m_A655_B1311_bitset
Rows: 100000000 | Cardinality: 655 | Loaded: 2
=======================================
[Load] Loaded 2 compressed bitmaps: 13.3867 ms
  1.bm → cardinality: 999453
  2.bm → cardinality: 2000427

[Storage] Total compressed: 25000000 bytes (24414.1 KB) | Ratio: 1x

[Compute] Pairwise ops on first 2 bitmaps:
  bitOr:  4.70741 ms (card: 2979808)
  bitAnd: 4.66918 ms (card: 20072)
  bitXor: 4.53648 ms (card: 2959736)

[Pure Ops] Bitset (AVX512) operation+alloc:
  AND (with alloc): 1.66099 ms
  OR  (with alloc): 1.77063 ms
  XOR (with alloc): 1.76614 ms
  NOT (with alloc): 1.38522 ms
  AND (in-place):   1.1378 ms
  COMP (~((A|B)&(B|C))): 5.59618 ms
---------------------------------------
