CSV output: /home/lichenhang/lee/thesis/check/lee/combit-cr-native-20260820/experiments/cr_run_btv_literal_20260821/raw/density_r2_A3277_B13107_concise.csv
=== Compressed .bm Benchmark Mode ===
Directory: /home/lichenhang/lee/thesis/check/lee/combit/gridindep/bitmap/bm_100m_A3277_B13107_concise
Rows: 100000000 | Cardinality: 3277
AND caliber: PAIR (A&B, real op)

=======================================
Benchmark [Concise] — Compressed .bm Files
Source: /home/lichenhang/lee/thesis/check/lee/combit/gridindep/bitmap/bm_100m_A3277_B13107_concise
Rows: 100000000 | Cardinality: 3277 | Loaded: 2
=======================================
[Load] Loaded 2 compressed bitmaps: 12.3493 ms
  1.bm → cardinality: 5000333
  2.bm → cardinality: 19999673

[Storage] Total compressed: 24396664 bytes (23824.9 KB) | Ratio: 0.975867x

[Compute] Pairwise ops on first 2 bitmaps:
  bitOr:  25.4577 ms (card: 24000440)
  bitAnd: 54.8824 ms (card: 999566)
  bitXor: 26.9174 ms (card: 23000874)

[Pure Ops] Concise operation-only:
  AND: 45.9918 ms
  OR:  30.6451 ms
  XOR: 30.8159 ms
  NOT: 22.149 ms (XOR with all-ones)
  COMP (~((A|B)&(B|C))): 107.531 ms
---------------------------------------
