CSV output: /home/lichenhang/lee/thesis/check/lee/combit-cr-native-20260820/experiments/cr_run_btv_literal_20260821/raw/density_r1_A66_B6554_wah.csv
=== Compressed .bm Benchmark Mode ===
Directory: /home/lichenhang/lee/thesis/check/lee/combit/gridindep/bitmap/bm_100m_A66_B6554_wah
Rows: 100000000 | Cardinality: 66
AND caliber: PAIR (A&B, real op)

=======================================
Benchmark [WAH (FastBit)] — Compressed .bm Files
Source: /home/lichenhang/lee/thesis/check/lee/combit/gridindep/bitmap/bm_100m_A66_B6554_wah
Rows: 100000000 | Cardinality: 66 | Loaded: 2
=======================================
[Load] Loaded 2 compressed bitmaps: 9.82319 ms
  1.bm → cardinality: 100706
  2.bm → cardinality: 10000600

[Storage] Total compressed: 13666480 bytes (13346.2 KB) | Ratio: 0.546659x

[Compute] Pairwise ops on first 2 bitmaps:
  bitOr:  10.4245 ms (card: 10091048)
  bitAnd: 10.0194 ms (card: 10258)
  bitXor: 8.66405 ms (card: 10080790)

[Pure Ops] WAH (FastBit) operation-only:
  AND: 5.74574 ms
  OR:  5.97229 ms
  XOR: 4.10259 ms
  NOT: 0.04281 ms
  COMP (~((A|B)&(B|C))): 16.7688 ms
---------------------------------------
