CSV output: /home/lichenhang/lee/thesis/check/lee/combit-cr-native-20260820/experiments/cr_run_btv_literal_20260821/raw/density_r1_A328_B26214_bitset_avx512.csv
=== Compressed .bm Benchmark Mode ===
Directory: /home/lichenhang/lee/thesis/check/lee/combit/gridindep/bitmap/bm_100m_A328_B26214_bitset
Rows: 100000000 | Cardinality: 328
AND caliber: PAIR (A&B, real op)

=======================================
Benchmark [Bitset (AVX512)] — Compressed .bm Files
Source: /home/lichenhang/lee/thesis/check/lee/combit/gridindep/bitmap/bm_100m_A328_B26214_bitset
Rows: 100000000 | Cardinality: 328 | Loaded: 2
=======================================
[Load] Loaded 2 compressed bitmaps: 12.1298 ms
  1.bm → cardinality: 500493
  2.bm → cardinality: 39999373

[Storage] Total compressed: 25000000 bytes (24414.1 KB) | Ratio: 1x

[Compute] Pairwise ops on first 2 bitmaps:
  bitOr:  4.76243 ms (card: 40300175)
  bitAnd: 4.69516 ms (card: 199691)
  bitXor: 4.54916 ms (card: 40100484)

[Pure Ops] Bitset (AVX512) operation+alloc:
  AND (with alloc): 1.81576 ms
  OR  (with alloc): 1.84601 ms
  XOR (with alloc): 1.84819 ms
  NOT (with alloc): 1.39282 ms
  AND (in-place):   1.17579 ms
  COMP (~((A|B)&(B|C))): 5.63116 ms
---------------------------------------
