CSV output: /home/lichenhang/lee/thesis/check/lee/combit-cr-native-20260820/experiments/cr_run_btv_literal_20260821/raw/density_r1_A1311_B19661_bitset_avx512.csv
=== Compressed .bm Benchmark Mode ===
Directory: /home/lichenhang/lee/thesis/check/lee/combit/gridindep/bitmap/bm_100m_A1311_B19661_bitset
Rows: 100000000 | Cardinality: 1311
AND caliber: PAIR (A&B, real op)

=======================================
Benchmark [Bitset (AVX512)] — Compressed .bm Files
Source: /home/lichenhang/lee/thesis/check/lee/combit/gridindep/bitmap/bm_100m_A1311_B19661_bitset
Rows: 100000000 | Cardinality: 1311 | Loaded: 2
=======================================
[Load] Loaded 2 compressed bitmaps: 12.0707 ms
  1.bm → cardinality: 2000409
  2.bm → cardinality: 30000288

[Storage] Total compressed: 25000000 bytes (24414.1 KB) | Ratio: 1x

[Compute] Pairwise ops on first 2 bitmaps:
  bitOr:  4.87825 ms (card: 31400811)
  bitAnd: 4.38051 ms (card: 599886)
  bitXor: 4.3375 ms (card: 30800925)

[Pure Ops] Bitset (AVX512) operation+alloc:
  AND (with alloc): 1.75897 ms
  OR  (with alloc): 1.46645 ms
  XOR (with alloc): 1.73528 ms
  NOT (with alloc): 1.33422 ms
  AND (in-place):   1.12791 ms
  COMP (~((A|B)&(B|C))): 5.47413 ms
---------------------------------------
