CSV output: /home/lichenhang/lee/thesis/check/lee/combit-cr-native-20260820/experiments/cr_run_btv_literal_20260821/raw/density_r2_A1311_B19661_concise.csv
=== Compressed .bm Benchmark Mode ===
Directory: /home/lichenhang/lee/thesis/check/lee/combit/gridindep/bitmap/bm_100m_A1311_B19661_concise
Rows: 100000000 | Cardinality: 1311
AND caliber: PAIR (A&B, real op)

=======================================
Benchmark [Concise] — Compressed .bm Files
Source: /home/lichenhang/lee/thesis/check/lee/combit/gridindep/bitmap/bm_100m_A1311_B19661_concise
Rows: 100000000 | Cardinality: 1311 | Loaded: 2
=======================================
[Load] Loaded 2 compressed bitmaps: 9.69726 ms
  1.bm → cardinality: 2000409
  2.bm → cardinality: 30000288

[Storage] Total compressed: 19788528 bytes (19324.7 KB) | Ratio: 0.791541x

[Compute] Pairwise ops on first 2 bitmaps:
  bitOr:  35.76 ms (card: 31400811)
  bitAnd: 58.0615 ms (card: 599886)
  bitXor: 38.8788 ms (card: 30800925)

[Pure Ops] Concise operation-only:
  AND: 50.9575 ms
  OR:  44.6091 ms
  XOR: 44.5648 ms
  NOT: 34.4664 ms (XOR with all-ones)
  COMP (~((A|B)&(B|C))): 136.625 ms
---------------------------------------
