CSV output: /home/lichenhang/lee/thesis/check/lee/combit-cr-native-20260820/experiments/cr_run_btv_literal_20260821/raw/density_r2_A13107_B13107_concise.csv
=== Compressed .bm Benchmark Mode ===
Directory: /home/lichenhang/lee/thesis/check/lee/combit/gridindep/bitmap/bm_100m_A13107_B13107_concise
Rows: 100000000 | Cardinality: 13107
AND caliber: PAIR (A&B, real op)

=======================================
Benchmark [Concise] — Compressed .bm Files
Source: /home/lichenhang/lee/thesis/check/lee/combit/gridindep/bitmap/bm_100m_A13107_B13107_concise
Rows: 100000000 | Cardinality: 13107 | Loaded: 2
=======================================
[Load] Loaded 2 compressed bitmaps: 18.2604 ms
  1.bm → cardinality: 19999726
  2.bm → cardinality: 19999673

[Storage] Total compressed: 25806244 bytes (25201.4 KB) | Ratio: 1.03225x

[Compute] Pairwise ops on first 2 bitmaps:
  bitOr:  20.4593 ms (card: 36000237)
  bitAnd: 55.5144 ms (card: 3999162)
  bitXor: 22.9175 ms (card: 32001075)

[Pure Ops] Concise operation-only:
  AND: 45.5179 ms
  OR:  25.3239 ms
  XOR: 25.4033 ms
  NOT: 15.7941 ms (XOR with all-ones)
  COMP (~((A|B)&(B|C))): 99.845 ms
---------------------------------------
