CSV output: /home/lichenhang/lee/thesis/check/lee/combit-cr-native-20260820/experiments/cr_run_btv_literal_20260821/raw/density_r1_A3277_B6554_wah.csv
=== Compressed .bm Benchmark Mode ===
Directory: /home/lichenhang/lee/thesis/check/lee/combit/gridindep/bitmap/bm_100m_A3277_B6554_wah
Rows: 100000000 | Cardinality: 3277
AND caliber: PAIR (A&B, real op)

=======================================
Benchmark [WAH (FastBit)] — Compressed .bm Files
Source: /home/lichenhang/lee/thesis/check/lee/combit/gridindep/bitmap/bm_100m_A3277_B6554_wah
Rows: 100000000 | Cardinality: 3277 | Loaded: 2
=======================================
[Load] Loaded 2 compressed bitmaps: 18.5343 ms
  1.bm → cardinality: 5000333
  2.bm → cardinality: 10000600

[Storage] Total compressed: 25253496 bytes (24661.6 KB) | Ratio: 1.01014x

[Compute] Pairwise ops on first 2 bitmaps:
  bitOr:  22.2589 ms (card: 14501254)
  bitAnd: 21.7568 ms (card: 499679)
  bitXor: 12.2591 ms (card: 14001575)

[Pure Ops] WAH (FastBit) operation-only:
  AND: 14.4701 ms
  OR:  14.9002 ms
  XOR: 7.39569 ms
  NOT: 1.41094 ms
  COMP (~((A|B)&(B|C))): 34.986 ms
---------------------------------------
