CSV output: /home/lichenhang/lee/thesis/check/lee/combit-cr-native-20260820/experiments/cr_run_btv_literal_20260821/raw/density_r3_A655_B6554_ddc.csv
=== Compressed .bm Benchmark Mode ===
Directory: /home/lichenhang/lee/thesis/check/lee/combit/gridindep/bitmap/bm_100m_A655_B6554_ddc_w8
Rows: 100000000 | Cardinality: 655
AND caliber: PAIR (A&B, real op)

=======================================
Benchmark [DDC (New)] — Compressed .bm Files
Source: /home/lichenhang/lee/thesis/check/lee/combit/gridindep/bitmap/bm_100m_A655_B6554_ddc_w8
Rows: 100000000 | Cardinality: 655 | Loaded: 2
=======================================
[Load] Loaded 2 compressed bitmaps: 6.82071 ms
  1.bm → cardinality: 999453
  2.bm → cardinality: 10000600

[Storage] Total compressed: 10838194 bytes (10584.2 KB) | Ratio: 0.433528x
[DDC Storage] l4_bytes: 0.0465662 MB | l3_bytes: 0.200903 MB | l2_bytes: 2.18026 MB | l1_bytes: 7.71041 MB | total_bytes: 10.1381 MB

[Compute] Pairwise ops on first 2 bitmaps:
  bitOr:  5.56321 ms (card: 10900091)
  bitAnd: 5.58807 ms (card: 99962)
  bitXor: 6.14552 ms (card: 10800129)
  [MIRROR-IN-PROC] OR raw: 1.41931 1.41948 1.41975 1.42034 1.42035 1.42097 1.42115 1.4215 1.422 1.42214 1.42263 1.42269 1.42373 1.42384 1.42391 1.42408 1.42426 1.42433 1.42456 1.42478 1.42577 1.426 1.42629 1.4267 1.42689 1.42692 1.42698 1.42707 1.4271 1.42713 1.42739 1.42805 1.42809 1.42815 1.42816 1.42859 1.42863 1.42911 1.42921 1.42922 1.42925 1.42933 1.42941 1.42945 1.42945 1.42966 1.43014 1.43027 1.43043 1.43059 1.43071 1.43078 1.43094 1.4312 1.43134 1.4314 1.43148 1.43189 1.43255 1.43271 1.4329 1.43314 1.43341 1.43355 1.43385 1.43405 1.43406 1.43431 1.43434 1.43466 1.43477 1.43483 1.43502 1.43518 1.43582 1.43596 1.43626 1.43651 1.43658 1.43719 1.43742 1.43748 1.43753 1.43785 1.43798 1.43835 1.43874 1.43877 1.4388 1.43881 1.44156 1.44164 1.4426 1.44479 1.44883 1.47231 1.4776 1.48425 1.48981 1.50544  median=1.43071

[Pure Ops] DDC operation-only timing:
  AND: 1.56353 ms (card: 99962)
  OR:  1.43154 ms (card: 10900091)
  XOR: 1.48642 ms (card: 10800129)
  NOT: 0.25992 ms (card: 99000547)
  COMP (~((A|B)&(B|C))): 4.29402 ms (card: 89099909 OK)
---------------------------------------
  [Breakdown] DDC   L1=15.42 MiB  L2=4.36 MiB  L3=0.40 MiB  L4=0.09 MiB  total=20.28 MiB
