CSV output: /home/lichenhang/lee/thesis/check/lee/combit-cr-native-20260820/experiments/cr_run_btv_literal_20260821/raw/density_r3_A1311_B32768_croaring.csv
=== Compressed .bm Benchmark Mode ===
Directory: /home/lichenhang/lee/thesis/check/lee/combit/gridindep/bitmap/bm_100m_A1311_B32768_roaring
Rows: 100000000 | Cardinality: 1311
AND caliber: PAIR (A&B, real op)

=======================================
Benchmark [CRoaring] — Compressed .bm Files
Source: /home/lichenhang/lee/thesis/check/lee/combit/gridindep/bitmap/bm_100m_A1311_B32768_roaring
Rows: 100000000 | Cardinality: 1311 | Loaded: 2
=======================================
[Load] Loaded 2 compressed bitmaps: 14.0011 ms
  1.bm → cardinality: 2000409
  2.bm → cardinality: 50000004

[Storage] Total compressed: 16526250 bytes (16138.9 KB) | Ratio: 0.66105x
[CRoaring Storage] array=1526 (3.81548 MB) | run=0 (0 MB) | bitset=1526 (11.9219 MB) | total_bytes=16501810

[Compute] Pairwise ops on first 2 bitmaps:
  bitOr:  7.2082 ms (card: 51001694)
  bitAnd: 4.57645 ms (card: 998719)
  bitXor: 9.7217 ms (card: 50002975)

[Pure Ops] CRoaring operation-only (+ to-btv conversion):
  AND: 2.7623 ms (card: 998719)
  OR:  3.62868 ms (card: 51001694)
  OR (CR internal only, no to-btv): 2.24061 ms
  XOR: 5.2301 ms (card: 50002975)
  NOT: 3.73635 ms (card: 97999591)
  AND (in-place): 10.2683 ms
  [AND result containers] array=1526 (1.90491 MB) bitset=0 (0 MB) run=0 (0 MB) total_bytes=1997438
  [OR  result containers] array=0 (0 MB) bitset=1526 (11.9219 MB) run=0 (0 MB) total_bytes=12500992
  [XOR result containers] array=0 (0 MB) bitset=1526 (11.9219 MB) run=0 (0 MB) total_bytes=12500992
  [NOT result containers] array=0 (0 MB) bitset=1526 (11.9219 MB) run=0 (0 MB) total_bytes=12500992
  [Input A containers] array=1526 (3.81548 MB) bitset=0 (0 MB) run=0 (0 MB) total_bytes=4000818
  [Input B containers] array=0 (0 MB) bitset=1526 (11.9219 MB) run=0 (0 MB) total_bytes=12500992
  COMP native (~((A|B)&(B|C))): 6.58726 ms
  COMP (~((A|B)&(B|C))): 7.9192 ms
---------------------------------------
