CSV output: /home/lichenhang/lee/thesis/check/lee/combit-cr-native-20260820/experiments/cr_run_btv_literal_20260821/raw/density_r3_A1311_B13107_ewah.csv
=== Compressed .bm Benchmark Mode ===
Directory: /home/lichenhang/lee/thesis/check/lee/combit/gridindep/bitmap/bm_100m_A1311_B13107_ewah
Rows: 100000000 | Cardinality: 1311
AND caliber: PAIR (A&B, real op)

=======================================
Benchmark [EWAH] — Compressed .bm Files
Source: /home/lichenhang/lee/thesis/check/lee/combit/gridindep/bitmap/bm_100m_A1311_B13107_ewah
Rows: 100000000 | Cardinality: 1311 | Loaded: 2
=======================================
[Load] Loaded 2 compressed bitmaps: 11.5851 ms
  1.bm → cardinality: 2000409
  2.bm → cardinality: 19999673

[Storage] Total compressed: 24059192 bytes (23495.3 KB) | Ratio: 0.962368x

[Compute] Pairwise ops on first 2 bitmaps:
  bitOr:  13.9193 ms (card: 21599311)
  bitAnd: 16.9402 ms (card: 400771)
  bitXor: 14.8523 ms (card: 21198540)

[Pure Ops] EWAH operation-only:
  AND: 15.1785 ms
  OR:  10.1934 ms
  XOR: 10.8074 ms
  NOT: 6.85747 ms
  COMP (~((A|B)&(B|C))): 31.2496 ms
---------------------------------------
