CSV output: /home/lichenhang/lee/thesis/check/lee/combit-cr-native-20260820/experiments/cr_run_btv_literal_20260821/raw/density_r1_A328_B32768_croaring.csv
=== Compressed .bm Benchmark Mode ===
Directory: /home/lichenhang/lee/thesis/check/lee/combit/gridindep/bitmap/bm_100m_A328_B32768_roaring
Rows: 100000000 | Cardinality: 328
AND caliber: PAIR (A&B, real op)

=======================================
Benchmark [CRoaring] — Compressed .bm Files
Source: /home/lichenhang/lee/thesis/check/lee/combit/gridindep/bitmap/bm_100m_A328_B32768_roaring
Rows: 100000000 | Cardinality: 328 | Loaded: 2
=======================================
[Load] Loaded 2 compressed bitmaps: 12.1589 ms
  1.bm → cardinality: 500493
  2.bm → cardinality: 50000004

[Storage] Total compressed: 13526418 bytes (13209.4 KB) | Ratio: 0.541057x
[CRoaring Storage] array=1526 (0.954615 MB) | run=0 (0 MB) | bitset=1526 (11.9219 MB) | total_bytes=13501978

[Compute] Pairwise ops on first 2 bitmaps:
  bitOr:  6.22749 ms (card: 50250648)
  bitAnd: 2.3625 ms (card: 249849)
  bitXor: 8.35898 ms (card: 50000799)

[Pure Ops] CRoaring operation-only (+ to-btv conversion):
  AND: 1.76734 ms (card: 249849)
  OR:  2.86737 ms (card: 50250648)
  OR (CR internal only, no to-btv): 1.43749 ms
  XOR: 3.22396 ms (card: 50000799)
  NOT: 2.65132 ms (card: 99499507)
  AND (in-place): 9.17575 ms
  [AND result containers] array=1526 (0.476549 MB) bitset=0 (0 MB) run=0 (0 MB) total_bytes=499698
  [OR  result containers] array=0 (0 MB) bitset=1526 (11.9219 MB) run=0 (0 MB) total_bytes=12500992
  [XOR result containers] array=0 (0 MB) bitset=1526 (11.9219 MB) run=0 (0 MB) total_bytes=12500992
  [NOT result containers] array=0 (0 MB) bitset=1526 (11.9219 MB) run=0 (0 MB) total_bytes=12500992
  [Input A containers] array=1526 (0.954615 MB) bitset=0 (0 MB) run=0 (0 MB) total_bytes=1000986
  [Input B containers] array=0 (0 MB) bitset=1526 (11.9219 MB) run=0 (0 MB) total_bytes=12500992
  COMP native (~((A|B)&(B|C))): 5.03375 ms
  COMP (~((A|B)&(B|C))): 6.46757 ms
---------------------------------------
