CSV output: /home/lichenhang/lee/thesis/check/lee/combit-cr-native-20260820/experiments/cr_run_btv_literal_20260821/raw/density_r2_A13107_B26214_bitset_avx512.csv
=== Compressed .bm Benchmark Mode ===
Directory: /home/lichenhang/lee/thesis/check/lee/combit/gridindep/bitmap/bm_100m_A13107_B26214_bitset
Rows: 100000000 | Cardinality: 13107
AND caliber: PAIR (A&B, real op)

=======================================
Benchmark [Bitset (AVX512)] — Compressed .bm Files
Source: /home/lichenhang/lee/thesis/check/lee/combit/gridindep/bitmap/bm_100m_A13107_B26214_bitset
Rows: 100000000 | Cardinality: 13107 | Loaded: 2
=======================================
[Load] Loaded 2 compressed bitmaps: 12.009 ms
  1.bm → cardinality: 19999726
  2.bm → cardinality: 39999373

[Storage] Total compressed: 25000000 bytes (24414.1 KB) | Ratio: 1x

[Compute] Pairwise ops on first 2 bitmaps:
  bitOr:  4.99573 ms (card: 52000887)
  bitAnd: 4.08405 ms (card: 7998212)
  bitXor: 4.82421 ms (card: 44002675)

[Pure Ops] Bitset (AVX512) operation+alloc:
  AND (with alloc): 1.78011 ms
  OR  (with alloc): 1.70391 ms
  XOR (with alloc): 1.70513 ms
  NOT (with alloc): 1.35083 ms
  AND (in-place):   1.12954 ms
  COMP (~((A|B)&(B|C))): 5.39933 ms
---------------------------------------
