CSV output: /home/lichenhang/lee/thesis/check/lee/combit-cr-native-20260820/experiments/cr_run_btv_literal_20260821/raw/density_r3_A32768_B32768_ewah.csv
=== Compressed .bm Benchmark Mode ===
Directory: /home/lichenhang/lee/thesis/check/lee/combit/gridindep/bitmap/bm_100m_A32768_B32768_ewah
Rows: 100000000 | Cardinality: 32768
AND caliber: PAIR (A&B, real op)

=======================================
Benchmark [EWAH] — Compressed .bm Files
Source: /home/lichenhang/lee/thesis/check/lee/combit/gridindep/bitmap/bm_100m_A32768_B32768_ewah
Rows: 100000000 | Cardinality: 32768 | Loaded: 2
=======================================
[Load] Loaded 2 compressed bitmaps: 12.4333 ms
  1.bm → cardinality: 50000025
  2.bm → cardinality: 50000004

[Storage] Total compressed: 25000064 bytes (24414.1 KB) | Ratio: 1x

[Compute] Pairwise ops on first 2 bitmaps:
  bitOr:  8.75615 ms (card: 75001341)
  bitAnd: 8.85641 ms (card: 24998688)
  bitXor: 8.99096 ms (card: 50002653)

[Pure Ops] EWAH operation-only:
  AND: 6.04441 ms
  OR:  5.79421 ms
  XOR: 6.02171 ms
  NOT: 4.78084 ms
  COMP (~((A|B)&(B|C))): 24.9259 ms
---------------------------------------
