CSV output: /home/lichenhang/lee/thesis/check/lee/combit-cr-native-20260820/experiments/cr_run_btv_literal_20260821/raw/density_r1_A3277_B3277_ddc.csv
=== Compressed .bm Benchmark Mode ===
Directory: /home/lichenhang/lee/thesis/check/lee/combit/gridindep/bitmap/bm_100m_A3277_B3277_ddc_w8
Rows: 100000000 | Cardinality: 3277
AND caliber: PAIR (A&B, real op)

=======================================
Benchmark [DDC (New)] — Compressed .bm Files
Source: /home/lichenhang/lee/thesis/check/lee/combit/gridindep/bitmap/bm_100m_A3277_B3277_ddc_w8
Rows: 100000000 | Cardinality: 3277 | Loaded: 2
=======================================
[Load] Loaded 2 compressed bitmaps: 7.39521 ms
  1.bm → cardinality: 5000333
  2.bm → cardinality: 5000323

[Storage] Total compressed: 11782735 bytes (11506.6 KB) | Ratio: 0.471309x
[DDC Storage] l4_bytes: 0.0465662 MB | l3_bytes: 0.0982237 MB | l2_bytes: 2.8683 MB | l1_bytes: 8.02583 MB | total_bytes: 11.0389 MB

[Compute] Pairwise ops on first 2 bitmaps:
  bitOr:  6.49082 ms (card: 9750699)
  bitAnd: 5.8149 ms (card: 249957)
  bitXor: 6.35419 ms (card: 9500742)
  [MIRROR-IN-PROC] OR raw: 1.46367 1.46391 1.46393 1.46429 1.46446 1.46456 1.46486 1.46498 1.46523 1.46542 1.46557 1.46566 1.46569 1.46571 1.46585 1.4659 1.46605 1.4661 1.46627 1.46645 1.46649 1.46655 1.46693 1.46694 1.46704 1.46705 1.46731 1.46735 1.4682 1.46821 1.46852 1.46861 1.46948 1.46955 1.46956 1.46968 1.46972 1.47052 1.4706 1.47069 1.47072 1.47095 1.47097 1.47141 1.47165 1.4718 1.47223 1.47269 1.47346 1.47523 1.4759 1.47598 1.47663 1.47693 1.47699 1.47773 1.47781 1.47787 1.478 1.4782 1.47834 1.47837 1.47885 1.47938 1.47968 1.47984 1.47994 1.48068 1.48073 1.48076 1.48084 1.48112 1.48121 1.48133 1.48142 1.48151 1.48159 1.48165 1.48186 1.48197 1.48223 1.48243 1.48243 1.4828 1.48313 1.48325 1.48342 1.48351 1.48363 1.48385 1.48435 1.48446 1.48494 1.48499 1.48529 1.48639 1.49566 1.49992 1.50071 1.50321  median=1.4759

[Pure Ops] DDC operation-only timing:
  AND: 1.65081 ms (card: 249957)
  OR:  1.47723 ms (card: 9750699)
  XOR: 1.51904 ms (card: 9500742)
  NOT: 0.639169 ms (card: 94999667)
  COMP (~((A|B)&(B|C))): 4.37067 ms (card: 90249301 OK)
---------------------------------------
  [Breakdown] DDC   L1=16.05 MiB  L2=5.74 MiB  L3=0.20 MiB  L4=0.09 MiB  total=22.08 MiB
