CSV output: /home/lichenhang/lee/thesis/check/lee/combit-cr-native-20260820/experiments/cr_run_btv_literal_20260821/raw/density_r1_A6554_B6554_concise.csv
=== Compressed .bm Benchmark Mode ===
Directory: /home/lichenhang/lee/thesis/check/lee/combit/gridindep/bitmap/bm_100m_A6554_B6554_concise
Rows: 100000000 | Cardinality: 6554
AND caliber: PAIR (A&B, real op)

=======================================
Benchmark [Concise] — Compressed .bm Files
Source: /home/lichenhang/lee/thesis/check/lee/combit/gridindep/bitmap/bm_100m_A6554_B6554_concise
Rows: 100000000 | Cardinality: 6554 | Loaded: 2
=======================================
[Load] Loaded 2 compressed bitmaps: 12.27 ms
  1.bm → cardinality: 10000633
  2.bm → cardinality: 10000600

[Storage] Total compressed: 25641036 bytes (25040.1 KB) | Ratio: 1.02564x

[Compute] Pairwise ops on first 2 bitmaps:
  bitOr:  23.93 ms (card: 19001500)
  bitAnd: 50.8525 ms (card: 999733)
  bitXor: 25.5643 ms (card: 18001767)

[Pure Ops] Concise operation-only:
  AND: 41.4958 ms
  OR:  28.1661 ms
  XOR: 28.3249 ms
  NOT: 17.5232 ms (XOR with all-ones)
  COMP (~((A|B)&(B|C))): 101.392 ms
---------------------------------------
