CSV output: /home/lichenhang/lee/thesis/check/lee/combit-cr-native-20260820/experiments/cr_run_btv_literal_20260821/raw/density_r2_A3277_B19661_ewah.csv
=== Compressed .bm Benchmark Mode ===
Directory: /home/lichenhang/lee/thesis/check/lee/combit/gridindep/bitmap/bm_100m_A3277_B19661_ewah
Rows: 100000000 | Cardinality: 3277
AND caliber: PAIR (A&B, real op)

=======================================
Benchmark [EWAH] — Compressed .bm Files
Source: /home/lichenhang/lee/thesis/check/lee/combit/gridindep/bitmap/bm_100m_A3277_B19661_ewah
Rows: 100000000 | Cardinality: 3277 | Loaded: 2
=======================================
[Load] Loaded 2 compressed bitmaps: 12.1973 ms
  1.bm → cardinality: 5000333
  2.bm → cardinality: 30000288

[Storage] Total compressed: 24983128 bytes (24397.6 KB) | Ratio: 0.999325x

[Compute] Pairwise ops on first 2 bitmaps:
  bitOr:  9.54597 ms (card: 33501086)
  bitAnd: 19.3421 ms (card: 1499535)
  bitXor: 10.38 ms (card: 32001551)

[Pure Ops] EWAH operation-only:
  AND: 15.9335 ms
  OR:  6.28058 ms
  XOR: 6.72781 ms
  NOT: 5.2519 ms
  COMP (~((A|B)&(B|C))): 23.1064 ms
---------------------------------------
