CSV output: /home/lichenhang/lee/thesis/check/lee/combit-cr-native-20260820/experiments/cr_run_btv_literal_20260821/raw/density_r3_A66_B6554_ddc.csv
=== Compressed .bm Benchmark Mode ===
Directory: /home/lichenhang/lee/thesis/check/lee/combit/gridindep/bitmap/bm_100m_A66_B6554_ddc_w8
Rows: 100000000 | Cardinality: 66
AND caliber: PAIR (A&B, real op)

=======================================
Benchmark [DDC (New)] — Compressed .bm Files
Source: /home/lichenhang/lee/thesis/check/lee/combit/gridindep/bitmap/bm_100m_A66_B6554_ddc_w8
Rows: 100000000 | Cardinality: 66 | Loaded: 2
=======================================
[Load] Loaded 2 compressed bitmaps: 6.22296 ms
  1.bm → cardinality: 100706
  2.bm → cardinality: 10000600

[Storage] Total compressed: 9214853 bytes (8998.88 KB) | Ratio: 0.368594x
[DDC Storage] l4_bytes: 0.0465662 MB | l3_bytes: 0.0910959 MB | l2_bytes: 1.56661 MB | l1_bytes: 6.88573 MB | total_bytes: 8.59 MB

[Compute] Pairwise ops on first 2 bitmaps:
  bitOr:  6.32945 ms (card: 10091048)
  bitAnd: 6.5007 ms (card: 10258)
  bitXor: 7.23053 ms (card: 10080790)
  [MIRROR-IN-PROC] OR raw: 1.47791 1.4789 1.47895 1.48102 1.48175 1.48229 1.48307 1.48334 1.48335 1.48337 1.4835 1.48354 1.48385 1.48392 1.48392 1.48393 1.48428 1.48469 1.4847 1.48495 1.48501 1.48513 1.48518 1.48522 1.48559 1.48573 1.48581 1.48635 1.48638 1.48643 1.48646 1.48681 1.48685 1.48707 1.48716 1.48721 1.48723 1.48725 1.48725 1.48781 1.48784 1.4879 1.48812 1.48831 1.48844 1.48859 1.48866 1.48874 1.48884 1.48887 1.48894 1.48903 1.48921 1.48929 1.4893 1.48931 1.48934 1.48941 1.48947 1.48953 1.4898 1.48995 1.4901 1.49011 1.49011 1.49033 1.49051 1.49064 1.49067 1.49082 1.49085 1.49091 1.49137 1.49143 1.49148 1.49148 1.49151 1.49159 1.49168 1.49214 1.49247 1.49271 1.49277 1.49302 1.49338 1.49348 1.49379 1.49411 1.49443 1.49453 1.4955 1.4962 1.49679 1.49747 1.50068 1.5008 1.50144 1.50323 1.50536 1.5065  median=1.48894

[Pure Ops] DDC operation-only timing:
  AND: 1.90116 ms (card: 10258)
  OR:  1.48972 ms (card: 10091048)
  XOR: 1.89805 ms (card: 10080790)
  NOT: 0.150051 ms (card: 99899294)
  COMP (~((A|B)&(B|C))): 4.43069 ms (card: 89908952 OK)
---------------------------------------
  [Breakdown] DDC   L1=13.77 MiB  L2=3.13 MiB  L3=0.18 MiB  L4=0.09 MiB  total=17.18 MiB
