CSV output: /home/lichenhang/lee/thesis/check/lee/combit-cr-native-20260820/experiments/cr_run_btv_literal_20260821/raw/density_r1_A26214_B32768_bitset_avx512.csv
=== Compressed .bm Benchmark Mode ===
Directory: /home/lichenhang/lee/thesis/check/lee/combit/gridindep/bitmap/bm_100m_A26214_B32768_bitset
Rows: 100000000 | Cardinality: 26214
AND caliber: PAIR (A&B, real op)

=======================================
Benchmark [Bitset (AVX512)] — Compressed .bm Files
Source: /home/lichenhang/lee/thesis/check/lee/combit/gridindep/bitmap/bm_100m_A26214_B32768_bitset
Rows: 100000000 | Cardinality: 26214 | Loaded: 2
=======================================
[Load] Loaded 2 compressed bitmaps: 11.8185 ms
  1.bm → cardinality: 39999368
  2.bm → cardinality: 50000004

[Storage] Total compressed: 25000000 bytes (24414.1 KB) | Ratio: 1x

[Compute] Pairwise ops on first 2 bitmaps:
  bitOr:  5.06637 ms (card: 69998613)
  bitAnd: 4.14585 ms (card: 20000759)
  bitXor: 4.38594 ms (card: 49997854)

[Pure Ops] Bitset (AVX512) operation+alloc:
  AND (with alloc): 1.43179 ms
  OR  (with alloc): 1.76916 ms
  XOR (with alloc): 1.80401 ms
  NOT (with alloc): 1.4019 ms
  AND (in-place):   1.16551 ms
  COMP (~((A|B)&(B|C))): 5.57763 ms
---------------------------------------
