CSV output: /home/lichenhang/lee/thesis/check/lee/combit-cr-native-20260820/experiments/cr_run_btv_literal_20260821/raw/density_r3_A19661_B32768_ddc.csv
=== Compressed .bm Benchmark Mode ===
Directory: /home/lichenhang/lee/thesis/check/lee/combit/gridindep/bitmap/bm_100m_A19661_B32768_ddc_w8
Rows: 100000000 | Cardinality: 19661
AND caliber: PAIR (A&B, real op)

=======================================
Benchmark [DDC (New)] — Compressed .bm Files
Source: /home/lichenhang/lee/thesis/check/lee/combit/gridindep/bitmap/bm_100m_A19661_B32768_ddc_w8
Rows: 100000000 | Cardinality: 19661 | Loaded: 2
=======================================
[Load] Loaded 2 compressed bitmaps: 16.3638 ms
  1.bm → cardinality: 30000235
  2.bm → cardinality: 50000004

[Storage] Total compressed: 25359413 bytes (24765.1 KB) | Ratio: 1.01438x
[DDC Storage] l4_bytes: 0.0465662 MB | l3_bytes: 0.222973 MB | l2_bytes: 0.608979 MB | l1_bytes: 23.1081 MB | total_bytes: 23.9867 MB

[Compute] Pairwise ops on first 2 bitmaps:
  bitOr:  6.65075 ms (card: 64999375)
  bitAnd: 6.55494 ms (card: 15000864)
  bitXor: 6.38115 ms (card: 49998511)
  [MIRROR-IN-PROC] OR raw: 1.54786 1.54853 1.54906 1.55038 1.55092 1.55092 1.5521 1.55214 1.55274 1.55289 1.55313 1.5532 1.55367 1.5537 1.55374 1.55397 1.55408 1.55438 1.55438 1.55445 1.55447 1.55449 1.55452 1.55476 1.55479 1.55486 1.55519 1.55535 1.5555 1.55603 1.55607 1.55609 1.55613 1.55617 1.55652 1.55654 1.55697 1.55737 1.55748 1.55752 1.55763 1.55777 1.55794 1.55799 1.55816 1.55837 1.55867 1.55882 1.55885 1.55907 1.5592 1.55933 1.55934 1.55955 1.55956 1.55975 1.55976 1.55976 1.56002 1.56019 1.56024 1.56033 1.56053 1.56091 1.56098 1.56127 1.56127 1.56158 1.5625 1.56271 1.5629 1.56297 1.56394 1.56401 1.56415 1.56426 1.56436 1.56437 1.56453 1.56471 1.56547 1.56559 1.56606 1.56636 1.56655 1.56669 1.56694 1.57006 1.57275 1.57377 1.57378 1.57692 1.58201 1.58461 1.58536 1.58666 1.58753 1.63771 2.08498 2.14562  median=1.5592

[Pure Ops] DDC operation-only timing:
  AND: 1.65621 ms (card: 15000864)
  OR:  1.56074 ms (card: 64999375)
  XOR: 1.6419 ms (card: 49998511)
  NOT: 1.17352 ms (card: 69999765)
  COMP (~((A|B)&(B|C))): 4.51088 ms (card: 35000625 OK)
---------------------------------------
  [Breakdown] DDC   L1=46.22 MiB  L2=1.22 MiB  L3=0.45 MiB  L4=0.09 MiB  total=47.97 MiB
