CSV output: /home/lichenhang/lee/thesis/check/lee/combit-cr-native-20260820/experiments/cr_run_btv_literal_20260821/raw/density_r2_A655_B26214_ddc.csv
=== Compressed .bm Benchmark Mode ===
Directory: /home/lichenhang/lee/thesis/check/lee/combit/gridindep/bitmap/bm_100m_A655_B26214_ddc_w8
Rows: 100000000 | Cardinality: 655
AND caliber: PAIR (A&B, real op)

=======================================
Benchmark [DDC (New)] — Compressed .bm Files
Source: /home/lichenhang/lee/thesis/check/lee/combit/gridindep/bitmap/bm_100m_A655_B26214_ddc_w8
Rows: 100000000 | Cardinality: 655 | Loaded: 2
=======================================
[Load] Loaded 2 compressed bitmaps: 10.0456 ms
  1.bm → cardinality: 999453
  2.bm → cardinality: 39999373

[Storage] Total compressed: 14773917 bytes (14427.7 KB) | Ratio: 0.590957x
[DDC Storage] l4_bytes: 0.0465662 MB | l3_bytes: 0.308259 MB | l2_bytes: 0.895975 MB | l1_bytes: 12.6407 MB | total_bytes: 13.8915 MB

[Compute] Pairwise ops on first 2 bitmaps:
  bitOr:  6.86625 ms (card: 40598950)
  bitAnd: 6.78689 ms (card: 399876)
  bitXor: 6.96405 ms (card: 40199074)
  [MIRROR-IN-PROC] OR raw: 1.46215 1.46235 1.46266 1.46324 1.46329 1.46367 1.46426 1.46454 1.46483 1.46569 1.4657 1.46706 1.46749 1.4678 1.46797 1.46814 1.4683 1.46845 1.46859 1.46865 1.46874 1.46885 1.46894 1.46907 1.46907 1.46912 1.4692 1.46925 1.46983 1.46989 1.46997 1.46999 1.47003 1.4701 1.47011 1.47012 1.47019 1.47043 1.4705 1.47069 1.47121 1.47146 1.47181 1.47205 1.47211 1.47212 1.47218 1.47229 1.47287 1.4732 1.47331 1.47337 1.47365 1.47368 1.47388 1.47401 1.47408 1.47417 1.47426 1.47448 1.47456 1.47458 1.47463 1.47468 1.47487 1.47497 1.47499 1.47517 1.47521 1.47538 1.4754 1.4755 1.4756 1.47595 1.47629 1.4765 1.47668 1.47703 1.47712 1.47732 1.47743 1.47808 1.47825 1.4783 1.47838 1.4784 1.47942 1.47943 1.47975 1.4798 1.48 1.48001 1.48099 1.48123 1.48167 1.48206 1.48221 1.48641 1.48803 1.48914  median=1.47331

[Pure Ops] DDC operation-only timing:
  AND: 1.60196 ms (card: 399876)
  OR:  1.47348 ms (card: 40598950)
  XOR: 1.52145 ms (card: 40199074)
  NOT: 0.267593 ms (card: 99000547)
  COMP (~((A|B)&(B|C))): 4.44536 ms (card: 59401050 OK)
---------------------------------------
  [Breakdown] DDC   L1=25.28 MiB  L2=1.79 MiB  L3=0.62 MiB  L4=0.09 MiB  total=27.78 MiB
