CSV output: /home/lichenhang/lee/thesis/check/lee/combit-cr-native-20260820/experiments/cr_run_btv_literal_20260821/raw/density_r1_A655_B19661_bitset_avx512.csv
=== Compressed .bm Benchmark Mode ===
Directory: /home/lichenhang/lee/thesis/check/lee/combit/gridindep/bitmap/bm_100m_A655_B19661_bitset
Rows: 100000000 | Cardinality: 655
AND caliber: PAIR (A&B, real op)

=======================================
Benchmark [Bitset (AVX512)] — Compressed .bm Files
Source: /home/lichenhang/lee/thesis/check/lee/combit/gridindep/bitmap/bm_100m_A655_B19661_bitset
Rows: 100000000 | Cardinality: 655 | Loaded: 2
=======================================
[Load] Loaded 2 compressed bitmaps: 11.8798 ms
  1.bm → cardinality: 999453
  2.bm → cardinality: 30000288

[Storage] Total compressed: 25000000 bytes (24414.1 KB) | Ratio: 1x

[Compute] Pairwise ops on first 2 bitmaps:
  bitOr:  4.84113 ms (card: 30698855)
  bitAnd: 5.45851 ms (card: 300886)
  bitXor: 5.40939 ms (card: 30397969)

[Pure Ops] Bitset (AVX512) operation+alloc:
  AND (with alloc): 1.74538 ms
  OR  (with alloc): 1.74476 ms
  XOR (with alloc): 1.76061 ms
  NOT (with alloc): 1.31917 ms
  AND (in-place):   1.15236 ms
  COMP (~((A|B)&(B|C))): 5.34681 ms
---------------------------------------
