CSV output: /home/lichenhang/lee/thesis/check/lee/combit-cr-native-20260820/experiments/cr_run_btv_literal_20260821/raw/density_r2_A6554_B26214_ddc.csv
=== Compressed .bm Benchmark Mode ===
Directory: /home/lichenhang/lee/thesis/check/lee/combit/gridindep/bitmap/bm_100m_A6554_B26214_ddc_w8
Rows: 100000000 | Cardinality: 6554
AND caliber: PAIR (A&B, real op)

=======================================
Benchmark [DDC (New)] — Compressed .bm Files
Source: /home/lichenhang/lee/thesis/check/lee/combit/gridindep/bitmap/bm_100m_A6554_B26214_ddc_w8
Rows: 100000000 | Cardinality: 6554 | Loaded: 2
=======================================
[Load] Loaded 2 compressed bitmaps: 13.6514 ms
  1.bm → cardinality: 10000633
  2.bm → cardinality: 39999373

[Storage] Total compressed: 21556166 bytes (21050.9 KB) | Ratio: 0.862247x
[DDC Storage] l4_bytes: 0.0465662 MB | l3_bytes: 0.139348 MB | l2_bytes: 1.66271 MB | l1_bytes: 18.511 MB | total_bytes: 20.3596 MB

[Compute] Pairwise ops on first 2 bitmaps:
  bitOr:  6.25178 ms (card: 45998770)
  bitAnd: 6.57456 ms (card: 4001236)
  bitXor: 6.70224 ms (card: 41997534)
  [MIRROR-IN-PROC] OR raw: 1.48808 1.49046 1.49073 1.49169 1.49213 1.49214 1.49219 1.49235 1.49248 1.49257 1.49293 1.49322 1.49324 1.49324 1.49328 1.49364 1.49386 1.4939 1.49402 1.49412 1.49415 1.49425 1.49435 1.49454 1.49456 1.49484 1.495 1.49505 1.49512 1.49513 1.49532 1.49533 1.4957 1.49577 1.49587 1.49596 1.49608 1.49628 1.49664 1.49679 1.497 1.49724 1.4977 1.4978 1.49788 1.49792 1.49793 1.49796 1.49803 1.49805 1.49819 1.4982 1.49825 1.49825 1.49835 1.49862 1.49868 1.49877 1.49878 1.49902 1.49903 1.49917 1.49917 1.49925 1.49934 1.49935 1.49958 1.4999 1.50002 1.50018 1.50021 1.50029 1.50068 1.50087 1.50091 1.50113 1.50142 1.50168 1.50215 1.50236 1.50354 1.50402 1.50515 1.50622 1.50766 1.50815 1.50825 1.50847 1.50871 1.50891 1.50955 1.5113 1.51285 1.51359 1.51535 1.51615 1.52012 1.53293 1.98406 2.04694  median=1.49819

[Pure Ops] DDC operation-only timing:
  AND: 1.6292 ms (card: 4001236)
  OR:  1.4975 ms (card: 45998770)
  XOR: 1.57035 ms (card: 41997534)
  NOT: 0.914415 ms (card: 89999367)
  COMP (~((A|B)&(B|C))): 4.41704 ms (card: 54001230 OK)
---------------------------------------
  [Breakdown] DDC   L1=37.02 MiB  L2=3.33 MiB  L3=0.28 MiB  L4=0.09 MiB  total=40.72 MiB
