CSV output: /home/lichenhang/lee/thesis/check/lee/combit-cr-native-20260820/experiments/cr_run_btv_literal_20260821/raw/density_r1_A6554_B19661_ewah.csv
=== Compressed .bm Benchmark Mode ===
Directory: /home/lichenhang/lee/thesis/check/lee/combit/gridindep/bitmap/bm_100m_A6554_B19661_ewah
Rows: 100000000 | Cardinality: 6554
AND caliber: PAIR (A&B, real op)

=======================================
Benchmark [EWAH] — Compressed .bm Files
Source: /home/lichenhang/lee/thesis/check/lee/combit/gridindep/bitmap/bm_100m_A6554_B19661_ewah
Rows: 100000000 | Cardinality: 6554 | Loaded: 2
=======================================
[Load] Loaded 2 compressed bitmaps: 11.8881 ms
  1.bm → cardinality: 10000633
  2.bm → cardinality: 30000288

[Storage] Total compressed: 25000040 bytes (24414.1 KB) | Ratio: 1x

[Compute] Pairwise ops on first 2 bitmaps:
  bitOr:  8.84643 ms (card: 37000887)
  bitAnd: 13.0016 ms (card: 3000034)
  bitXor: 9.28031 ms (card: 34000853)

[Pure Ops] EWAH operation-only:
  AND: 9.47055 ms
  OR:  5.70277 ms
  XOR: 6.06618 ms
  NOT: 3.54527 ms
  COMP (~((A|B)&(B|C))): 21.9692 ms
---------------------------------------
