CSV output: /home/lichenhang/lee/thesis/check/lee/combit-cr-native-20260820/experiments/cr_run_btv_literal_20260821/raw/density_r2_A1311_B6554_croaring.csv
=== Compressed .bm Benchmark Mode ===
Directory: /home/lichenhang/lee/thesis/check/lee/combit/gridindep/bitmap/bm_100m_A1311_B6554_roaring
Rows: 100000000 | Cardinality: 1311
AND caliber: PAIR (A&B, real op)

=======================================
Benchmark [CRoaring] — Compressed .bm Files
Source: /home/lichenhang/lee/thesis/check/lee/combit/gridindep/bitmap/bm_100m_A1311_B6554_roaring
Rows: 100000000 | Cardinality: 1311 | Loaded: 2
=======================================
[Load] Loaded 2 compressed bitmaps: 13.9713 ms
  1.bm → cardinality: 2000409
  2.bm → cardinality: 10000600

[Storage] Total compressed: 16526250 bytes (16138.9 KB) | Ratio: 0.66105x
[CRoaring Storage] array=1526 (3.81548 MB) | run=0 (0 MB) | bitset=1526 (11.9219 MB) | total_bytes=16501810

[Compute] Pairwise ops on first 2 bitmaps:
  bitOr:  7.08535 ms (card: 11800290)
  bitAnd: 4.28711 ms (card: 200719)
  bitXor: 10.0054 ms (card: 11599571)

[Pure Ops] CRoaring operation-only (+ to-btv conversion):
  AND: 2.55189 ms (card: 200719)
  OR:  3.71293 ms (card: 11800290)
  OR (CR internal only, no to-btv): 2.28073 ms
  XOR: 5.31297 ms (card: 11599571)
  NOT: 3.83239 ms (card: 97999591)
  AND (in-place): 9.70014 ms
  [AND result containers] array=1526 (0.382841 MB) bitset=0 (0 MB) run=0 (0 MB) total_bytes=401438
  [OR  result containers] array=0 (0 MB) bitset=1526 (11.9219 MB) run=0 (0 MB) total_bytes=12500992
  [XOR result containers] array=0 (0 MB) bitset=1526 (11.9219 MB) run=0 (0 MB) total_bytes=12500992
  [NOT result containers] array=0 (0 MB) bitset=1526 (11.9219 MB) run=0 (0 MB) total_bytes=12500992
  [Input A containers] array=1526 (3.81548 MB) bitset=0 (0 MB) run=0 (0 MB) total_bytes=4000818
  [Input B containers] array=0 (0 MB) bitset=1526 (11.9219 MB) run=0 (0 MB) total_bytes=12500992
  COMP native (~((A|B)&(B|C))): 6.73299 ms
  COMP (~((A|B)&(B|C))): 8.08685 ms
---------------------------------------
