CSV output: /home/lichenhang/lee/thesis/check/lee/combit-cr-native-20260820/experiments/cr_run_btv_literal_20260821/raw/density_r2_A66_B66_ddc.csv
=== Compressed .bm Benchmark Mode ===
Directory: /home/lichenhang/lee/thesis/check/lee/combit/gridindep/bitmap/bm_100m_A66_B66_ddc_w8
Rows: 100000000 | Cardinality: 66
AND caliber: PAIR (A&B, real op)

=======================================
Benchmark [DDC (New)] — Compressed .bm Files
Source: /home/lichenhang/lee/thesis/check/lee/combit/gridindep/bitmap/bm_100m_A66_B66_ddc_w8
Rows: 100000000 | Cardinality: 66 | Loaded: 2
=======================================
[Load] Loaded 2 compressed bitmaps: 1.70717 ms
  1.bm → cardinality: 100706
  2.bm → cardinality: 100711

[Storage] Total compressed: 810148 bytes (791.16 KB) | Ratio: 0.0324059x
[DDC Storage] l4_bytes: 0.0465662 MB | l3_bytes: 0.150409 MB | l2_bytes: 0.186216 MB | l1_bytes: 0.191457 MB | total_bytes: 0.574648 MB

[Compute] Pairwise ops on first 2 bitmaps:
  bitOr:  5.81399 ms (card: 201329)
  bitAnd: 7.20032 ms (card: 88)
  bitXor: 7.08488 ms (card: 201241)
  [MIRROR-IN-PROC] OR raw: 1.4138 1.41388 1.41411 1.41466 1.41522 1.41565 1.41618 1.41681 1.41688 1.41693 1.41721 1.41749 1.41806 1.41849 1.4189 1.41979 1.41995 1.4203 1.42122 1.42132 1.42136 1.42141 1.42151 1.42152 1.42172 1.42177 1.42193 1.42196 1.42205 1.42209 1.42211 1.4223 1.42238 1.42243 1.42255 1.42279 1.42296 1.423 1.42301 1.42347 1.4235 1.42359 1.42373 1.42376 1.42399 1.42402 1.42407 1.42426 1.42429 1.42443 1.42455 1.42489 1.42513 1.42522 1.42564 1.42566 1.42579 1.42584 1.42588 1.42626 1.42634 1.4265 1.42672 1.42672 1.42692 1.42697 1.42705 1.42709 1.4271 1.42711 1.42716 1.42718 1.42721 1.42745 1.42754 1.42759 1.42774 1.42775 1.42795 1.42804 1.4281 1.42826 1.42858 1.42866 1.429 1.42938 1.42944 1.42948 1.42961 1.42964 1.42992 1.4305 1.43082 1.43084 1.43235 1.43656 1.43844 1.44856 1.50261 1.51634  median=1.42455

[Pure Ops] DDC operation-only timing:
  AND: 2.40977 ms (card: 88)
  OR:  1.42284 ms (card: 201329)
  XOR: 2.30481 ms (card: 201241)
  NOT: 0.160103 ms (card: 99899294)
  COMP (~((A|B)&(B|C))): 4.32164 ms (card: 99798671 OK)
---------------------------------------
  [Breakdown] DDC   L1=0.38 MiB  L2=0.37 MiB  L3=0.30 MiB  L4=0.09 MiB  total=1.15 MiB
