CSV output: /home/lichenhang/lee/thesis/check/lee/combit-cr-native-20260820/experiments/cr_run_btv_literal_20260821/raw/density_r2_A3277_B3277_croaring.csv
=== Compressed .bm Benchmark Mode ===
Directory: /home/lichenhang/lee/thesis/check/lee/combit/gridindep/bitmap/bm_100m_A3277_B3277_roaring
Rows: 100000000 | Cardinality: 3277
AND caliber: PAIR (A&B, real op)

=======================================
Benchmark [CRoaring] — Compressed .bm Files
Source: /home/lichenhang/lee/thesis/check/lee/combit/gridindep/bitmap/bm_100m_A3277_B3277_roaring
Rows: 100000000 | Cardinality: 3277 | Loaded: 2
=======================================
[Load] Loaded 2 compressed bitmaps: 15.358 ms
  1.bm → cardinality: 5000333
  2.bm → cardinality: 5000323

[Storage] Total compressed: 20025752 bytes (19556.4 KB) | Ratio: 0.80103x
[CRoaring Storage] array=3052 (19.0747 MB) | run=0 (0 MB) | bitset=0 (0 MB) | total_bytes=20001312

[Compute] Pairwise ops on first 2 bitmaps:
  bitOr:  11.679 ms (card: 9750699)
  bitAnd: 7.85126 ms (card: 249957)
  bitXor: 17.6558 ms (card: 9500742)

[Pure Ops] CRoaring operation-only (+ to-btv conversion):
  AND: 5.06142 ms (card: 249957)
  OR:  7.43716 ms (card: 9750699)
  OR (CR internal only, no to-btv): 5.96751 ms
  XOR: 13.4373 ms (card: 9500742)
  NOT: 5.90477 ms (card: 94999667)
  AND (in-place): 12.7923 ms
  [AND result containers] array=1526 (0.476755 MB) bitset=0 (0 MB) run=0 (0 MB) total_bytes=499914
  [OR  result containers] array=0 (0 MB) bitset=1526 (11.9219 MB) run=0 (0 MB) total_bytes=12500992
  [XOR result containers] array=0 (0 MB) bitset=1526 (11.9219 MB) run=0 (0 MB) total_bytes=12500992
  [NOT result containers] array=0 (0 MB) bitset=1526 (11.9219 MB) run=0 (0 MB) total_bytes=12500992
  [Input A containers] array=1526 (9.53738 MB) bitset=0 (0 MB) run=0 (0 MB) total_bytes=10000666
  [Input B containers] array=1526 (9.53736 MB) bitset=0 (0 MB) run=0 (0 MB) total_bytes=10000646
  COMP native (~((A|B)&(B|C))): 14.226 ms
  COMP (~((A|B)&(B|C))): 15.5808 ms
---------------------------------------
