CSV output: /home/lichenhang/lee/thesis/check/lee/combit-cr-native-20260820/experiments/cr_run_btv_literal_20260821/raw/density_r3_A3277_B3277_wah.csv
=== Compressed .bm Benchmark Mode ===
Directory: /home/lichenhang/lee/thesis/check/lee/combit/gridindep/bitmap/bm_100m_A3277_B3277_wah
Rows: 100000000 | Cardinality: 3277
AND caliber: PAIR (A&B, real op)

=======================================
Benchmark [WAH (FastBit)] — Compressed .bm Files
Source: /home/lichenhang/lee/thesis/check/lee/combit/gridindep/bitmap/bm_100m_A3277_B3277_wah
Rows: 100000000 | Cardinality: 3277 | Loaded: 2
=======================================
[Load] Loaded 2 compressed bitmaps: 19.7392 ms
  1.bm → cardinality: 5000333
  2.bm → cardinality: 5000323

[Storage] Total compressed: 24734252 bytes (24154.5 KB) | Ratio: 0.98937x

[Compute] Pairwise ops on first 2 bitmaps:
  bitOr:  22.5968 ms (card: 9750699)
  bitAnd: 19.8555 ms (card: 249957)
  bitXor: 13.6475 ms (card: 9500742)

[Pure Ops] WAH (FastBit) operation-only:
  AND: 14.6527 ms
  OR:  15.2181 ms
  XOR: 8.64986 ms
  NOT: 1.41584 ms
  COMP (~((A|B)&(B|C))): 34.1078 ms
---------------------------------------
