CSV output: /home/lichenhang/lee/thesis/check/lee/combit-cr-native-20260820/experiments/cr_run_btv_literal_20260821/raw/density_r2_A26214_B32768_ewah.csv
=== Compressed .bm Benchmark Mode ===
Directory: /home/lichenhang/lee/thesis/check/lee/combit/gridindep/bitmap/bm_100m_A26214_B32768_ewah
Rows: 100000000 | Cardinality: 26214
AND caliber: PAIR (A&B, real op)

=======================================
Benchmark [EWAH] — Compressed .bm Files
Source: /home/lichenhang/lee/thesis/check/lee/combit/gridindep/bitmap/bm_100m_A26214_B32768_ewah
Rows: 100000000 | Cardinality: 26214 | Loaded: 2
=======================================
[Load] Loaded 2 compressed bitmaps: 12.1683 ms
  1.bm → cardinality: 39999368
  2.bm → cardinality: 50000004

[Storage] Total compressed: 25000064 bytes (24414.1 KB) | Ratio: 1x

[Compute] Pairwise ops on first 2 bitmaps:
  bitOr:  8.63743 ms (card: 69998613)
  bitAnd: 8.78331 ms (card: 20000759)
  bitXor: 10.2855 ms (card: 49997854)

[Pure Ops] EWAH operation-only:
  AND: 5.88801 ms
  OR:  5.60259 ms
  XOR: 5.93991 ms
  NOT: 4.69606 ms
  COMP (~((A|B)&(B|C))): 21.721 ms
---------------------------------------
