CSV output: /home/lichenhang/lee/thesis/check/lee/combit-cr-native-20260820/experiments/cr_run_btv_literal_20260821/raw/density_r2_A66_B3277_ewah.csv
=== Compressed .bm Benchmark Mode ===
Directory: /home/lichenhang/lee/thesis/check/lee/combit/gridindep/bitmap/bm_100m_A66_B3277_ewah
Rows: 100000000 | Cardinality: 66
AND caliber: PAIR (A&B, real op)

=======================================
Benchmark [EWAH] — Compressed .bm Files
Source: /home/lichenhang/lee/thesis/check/lee/combit/gridindep/bitmap/bm_100m_A66_B3277_ewah
Rows: 100000000 | Cardinality: 66 | Loaded: 2
=======================================
[Load] Loaded 2 compressed bitmaps: 11.5807 ms
  1.bm → cardinality: 100706
  2.bm → cardinality: 5000323

[Storage] Total compressed: 13994656 bytes (13666.7 KB) | Ratio: 0.559786x

[Compute] Pairwise ops on first 2 bitmaps:
  bitOr:  9.31323 ms (card: 5096027)
  bitAnd: 2.60143 ms (card: 5002)
  bitXor: 9.66751 ms (card: 5091025)

[Pure Ops] EWAH operation-only:
  AND: 2.54872 ms
  OR:  5.37286 ms
  XOR: 5.83611 ms
  NOT: 0.865138 ms
  COMP (~((A|B)&(B|C))): 23.1953 ms
---------------------------------------
