CSV output: /home/lichenhang/lee/thesis/check/lee/combit-cr-native-20260820/experiments/cr_run_btv_literal_20260821/raw/density_r3_A66_B26214_bitset_avx512.csv
=== Compressed .bm Benchmark Mode ===
Directory: /home/lichenhang/lee/thesis/check/lee/combit/gridindep/bitmap/bm_100m_A66_B26214_bitset
Rows: 100000000 | Cardinality: 66
AND caliber: PAIR (A&B, real op)

=======================================
Benchmark [Bitset (AVX512)] — Compressed .bm Files
Source: /home/lichenhang/lee/thesis/check/lee/combit/gridindep/bitmap/bm_100m_A66_B26214_bitset
Rows: 100000000 | Cardinality: 66 | Loaded: 2
=======================================
[Load] Loaded 2 compressed bitmaps: 12.0869 ms
  1.bm → cardinality: 100706
  2.bm → cardinality: 39999373

[Storage] Total compressed: 25000000 bytes (24414.1 KB) | Ratio: 1x

[Compute] Pairwise ops on first 2 bitmaps:
  bitOr:  4.20255 ms (card: 40059632)
  bitAnd: 4.10941 ms (card: 40447)
  bitXor: 4.10071 ms (card: 40019185)

[Pure Ops] Bitset (AVX512) operation+alloc:
  AND (with alloc): 1.75467 ms
  OR  (with alloc): 1.70982 ms
  XOR (with alloc): 1.73605 ms
  NOT (with alloc): 1.3833 ms
  AND (in-place):   1.12466 ms
  COMP (~((A|B)&(B|C))): 5.42692 ms
---------------------------------------
