CSV output: /home/lichenhang/lee/thesis/check/lee/combit-cr-native-20260820/experiments/cr_run_btv_literal_20260821/raw/density_r3_A655_B26214_wah.csv
=== Compressed .bm Benchmark Mode ===
Directory: /home/lichenhang/lee/thesis/check/lee/combit/gridindep/bitmap/bm_100m_A655_B26214_wah
Rows: 100000000 | Cardinality: 655
AND caliber: PAIR (A&B, real op)

=======================================
Benchmark [WAH (FastBit)] — Compressed .bm Files
Source: /home/lichenhang/lee/thesis/check/lee/combit/gridindep/bitmap/bm_100m_A655_B26214_wah
Rows: 100000000 | Cardinality: 655 | Loaded: 2
=======================================
[Load] Loaded 2 compressed bitmaps: 16.875 ms
  1.bm → cardinality: 999453
  2.bm → cardinality: 39999373

[Storage] Total compressed: 18883072 bytes (18440.5 KB) | Ratio: 0.755323x

[Compute] Pairwise ops on first 2 bitmaps:
  bitOr:  10.315 ms (card: 40598950)
  bitAnd: 10.6151 ms (card: 399876)
  bitXor: 20.2997 ms (card: 40199074)

[Pure Ops] WAH (FastBit) operation-only:
  AND: 7.3916 ms
  OR:  5.90063 ms
  XOR: 15.1469 ms
  NOT: 0.683372 ms
  COMP (~((A|B)&(B|C))): 14.7106 ms
---------------------------------------
