CSV output: /home/lichenhang/lee/thesis/check/lee/combit-cr-native-20260820/experiments/cr_run_btv_literal_20260821/raw/density_r2_A13107_B13107_bitset_avx512.csv
=== Compressed .bm Benchmark Mode ===
Directory: /home/lichenhang/lee/thesis/check/lee/combit/gridindep/bitmap/bm_100m_A13107_B13107_bitset
Rows: 100000000 | Cardinality: 13107
AND caliber: PAIR (A&B, real op)

=======================================
Benchmark [Bitset (AVX512)] — Compressed .bm Files
Source: /home/lichenhang/lee/thesis/check/lee/combit/gridindep/bitmap/bm_100m_A13107_B13107_bitset
Rows: 100000000 | Cardinality: 13107 | Loaded: 2
=======================================
[Load] Loaded 2 compressed bitmaps: 16.6366 ms
  1.bm → cardinality: 19999726
  2.bm → cardinality: 19999673

[Storage] Total compressed: 25000000 bytes (24414.1 KB) | Ratio: 1x

[Compute] Pairwise ops on first 2 bitmaps:
  bitOr:  4.18342 ms (card: 36000237)
  bitAnd: 4.12295 ms (card: 3999162)
  bitXor: 4.19259 ms (card: 32001075)

[Pure Ops] Bitset (AVX512) operation+alloc:
  AND (with alloc): 1.73368 ms
  OR  (with alloc): 1.76741 ms
  XOR (with alloc): 1.69421 ms
  NOT (with alloc): 1.33275 ms
  AND (in-place):   1.14653 ms
  COMP (~((A|B)&(B|C))): 5.36905 ms
---------------------------------------
