CSV output: /home/lichenhang/lee/thesis/check/lee/combit-cr-native-20260820/experiments/cr_run_btv_literal_20260821/raw/density_r1_A3277_B6554_bitset_avx512.csv
=== Compressed .bm Benchmark Mode ===
Directory: /home/lichenhang/lee/thesis/check/lee/combit/gridindep/bitmap/bm_100m_A3277_B6554_bitset
Rows: 100000000 | Cardinality: 3277
AND caliber: PAIR (A&B, real op)

=======================================
Benchmark [Bitset (AVX512)] — Compressed .bm Files
Source: /home/lichenhang/lee/thesis/check/lee/combit/gridindep/bitmap/bm_100m_A3277_B6554_bitset
Rows: 100000000 | Cardinality: 3277 | Loaded: 2
=======================================
[Load] Loaded 2 compressed bitmaps: 12.0348 ms
  1.bm → cardinality: 5000333
  2.bm → cardinality: 10000600

[Storage] Total compressed: 25000000 bytes (24414.1 KB) | Ratio: 1x

[Compute] Pairwise ops on first 2 bitmaps:
  bitOr:  5.05591 ms (card: 14501254)
  bitAnd: 4.31512 ms (card: 499679)
  bitXor: 4.38815 ms (card: 14001575)

[Pure Ops] Bitset (AVX512) operation+alloc:
  AND (with alloc): 1.52074 ms
  OR  (with alloc): 1.74791 ms
  XOR (with alloc): 1.72835 ms
  NOT (with alloc): 1.37516 ms
  AND (in-place):   1.12539 ms
  COMP (~((A|B)&(B|C))): 5.42131 ms
---------------------------------------
