CSV output: /home/lichenhang/lee/thesis/check/lee/combit-cr-native-20260820/experiments/cr_run_btv_literal_20260821/raw/density_r1_A19661_B32768_ewah.csv
=== Compressed .bm Benchmark Mode ===
Directory: /home/lichenhang/lee/thesis/check/lee/combit/gridindep/bitmap/bm_100m_A19661_B32768_ewah
Rows: 100000000 | Cardinality: 19661
AND caliber: PAIR (A&B, real op)

=======================================
Benchmark [EWAH] — Compressed .bm Files
Source: /home/lichenhang/lee/thesis/check/lee/combit/gridindep/bitmap/bm_100m_A19661_B32768_ewah
Rows: 100000000 | Cardinality: 19661 | Loaded: 2
=======================================
[Load] Loaded 2 compressed bitmaps: 11.6755 ms
  1.bm → cardinality: 30000235
  2.bm → cardinality: 50000004

[Storage] Total compressed: 25000064 bytes (24414.1 KB) | Ratio: 1x

[Compute] Pairwise ops on first 2 bitmaps:
  bitOr:  8.82766 ms (card: 64999375)
  bitAnd: 9.02713 ms (card: 15000864)
  bitXor: 9.86757 ms (card: 49998511)

[Pure Ops] EWAH operation-only:
  AND: 5.98721 ms
  OR:  5.67921 ms
  XOR: 6.01323 ms
  NOT: 4.86058 ms
  COMP (~((A|B)&(B|C))): 22.0462 ms
---------------------------------------
