CSV output: /home/lichenhang/lee/thesis/check/lee/combit-cr-native-20260820/experiments/cr_run_btv_literal_20260821/raw/density_r3_A1311_B6554_bitset_avx512.csv
=== Compressed .bm Benchmark Mode ===
Directory: /home/lichenhang/lee/thesis/check/lee/combit/gridindep/bitmap/bm_100m_A1311_B6554_bitset
Rows: 100000000 | Cardinality: 1311
AND caliber: PAIR (A&B, real op)

=======================================
Benchmark [Bitset (AVX512)] — Compressed .bm Files
Source: /home/lichenhang/lee/thesis/check/lee/combit/gridindep/bitmap/bm_100m_A1311_B6554_bitset
Rows: 100000000 | Cardinality: 1311 | Loaded: 2
=======================================
[Load] Loaded 2 compressed bitmaps: 12.2118 ms
  1.bm → cardinality: 2000409
  2.bm → cardinality: 10000600

[Storage] Total compressed: 25000000 bytes (24414.1 KB) | Ratio: 1x

[Compute] Pairwise ops on first 2 bitmaps:
  bitOr:  4.92053 ms (card: 11800290)
  bitAnd: 4.4397 ms (card: 200719)
  bitXor: 4.58053 ms (card: 11599571)

[Pure Ops] Bitset (AVX512) operation+alloc:
  AND (with alloc): 1.54196 ms
  OR  (with alloc): 1.75521 ms
  XOR (with alloc): 1.7462 ms
  NOT (with alloc): 1.29058 ms
  AND (in-place):   1.1347 ms
  COMP (~((A|B)&(B|C))): 5.39333 ms
---------------------------------------
