CSV output: /home/lichenhang/lee/thesis/check/lee/combit-cr-native-20260820/experiments/cr_run_btv_literal_20260821/raw/density_r1_A655_B6554_bitset_avx512.csv
=== Compressed .bm Benchmark Mode ===
Directory: /home/lichenhang/lee/thesis/check/lee/combit/gridindep/bitmap/bm_100m_A655_B6554_bitset
Rows: 100000000 | Cardinality: 655
AND caliber: PAIR (A&B, real op)

=======================================
Benchmark [Bitset (AVX512)] — Compressed .bm Files
Source: /home/lichenhang/lee/thesis/check/lee/combit/gridindep/bitmap/bm_100m_A655_B6554_bitset
Rows: 100000000 | Cardinality: 655 | Loaded: 2
=======================================
[Load] Loaded 2 compressed bitmaps: 11.963 ms
  1.bm → cardinality: 999453
  2.bm → cardinality: 10000600

[Storage] Total compressed: 25000000 bytes (24414.1 KB) | Ratio: 1x

[Compute] Pairwise ops on first 2 bitmaps:
  bitOr:  4.27066 ms (card: 10900091)
  bitAnd: 4.43071 ms (card: 99962)
  bitXor: 4.32874 ms (card: 10800129)

[Pure Ops] Bitset (AVX512) operation+alloc:
  AND (with alloc): 1.45471 ms
  OR  (with alloc): 1.70884 ms
  XOR (with alloc): 1.74852 ms
  NOT (with alloc): 1.37188 ms
  AND (in-place):   1.15631 ms
  COMP (~((A|B)&(B|C))): 5.41852 ms
---------------------------------------
