CSV output: /home/lichenhang/lee/thesis/check/lee/combit-cr-native-20260820/experiments/cr_run_btv_literal_20260821/raw/density_r1_A328_B1311_bitset_avx512.csv
=== Compressed .bm Benchmark Mode ===
Directory: /home/lichenhang/lee/thesis/check/lee/combit/gridindep/bitmap/bm_100m_A328_B1311_bitset
Rows: 100000000 | Cardinality: 328
AND caliber: PAIR (A&B, real op)

=======================================
Benchmark [Bitset (AVX512)] — Compressed .bm Files
Source: /home/lichenhang/lee/thesis/check/lee/combit/gridindep/bitmap/bm_100m_A328_B1311_bitset
Rows: 100000000 | Cardinality: 328 | Loaded: 2
=======================================
[Load] Loaded 2 compressed bitmaps: 12.4979 ms
  1.bm → cardinality: 500493
  2.bm → cardinality: 2000427

[Storage] Total compressed: 25000000 bytes (24414.1 KB) | Ratio: 1x

[Compute] Pairwise ops on first 2 bitmaps:
  bitOr:  5.05065 ms (card: 2490719)
  bitAnd: 4.58505 ms (card: 10201)
  bitXor: 4.94398 ms (card: 2480518)

[Pure Ops] Bitset (AVX512) operation+alloc:
  AND (with alloc): 1.80961 ms
  OR  (with alloc): 1.81127 ms
  XOR (with alloc): 1.78004 ms
  NOT (with alloc): 1.35285 ms
  AND (in-place):   1.1845 ms
  COMP (~((A|B)&(B|C))): 5.64684 ms
---------------------------------------
