CSV output: /home/lichenhang/lee/thesis/check/lee/combit-cr-native-20260820/experiments/cr_run_btv_literal_20260821/raw/density_r3_A655_B6554_wah.csv
=== Compressed .bm Benchmark Mode ===
Directory: /home/lichenhang/lee/thesis/check/lee/combit/gridindep/bitmap/bm_100m_A655_B6554_wah
Rows: 100000000 | Cardinality: 655
AND caliber: PAIR (A&B, real op)

=======================================
Benchmark [WAH (FastBit)] — Compressed .bm Files
Source: /home/lichenhang/lee/thesis/check/lee/combit/gridindep/bitmap/bm_100m_A655_B6554_wah
Rows: 100000000 | Cardinality: 655 | Loaded: 2
=======================================
[Load] Loaded 2 compressed bitmaps: 16.8212 ms
  1.bm → cardinality: 999453
  2.bm → cardinality: 10000600

[Storage] Total compressed: 18864728 bytes (18422.6 KB) | Ratio: 0.754589x

[Compute] Pairwise ops on first 2 bitmaps:
  bitOr:  22.609 ms (card: 10900091)
  bitAnd: 21.3568 ms (card: 99962)
  bitXor: 17.8641 ms (card: 10800129)

[Pure Ops] WAH (FastBit) operation-only:
  AND: 17.4665 ms
  OR:  17.141 ms
  XOR: 13.1618 ms
  NOT: 0.679254 ms
  COMP (~((A|B)&(B|C))): 39.6248 ms
---------------------------------------
