CSV output: /home/lichenhang/lee/thesis/check/lee/combit-cr-native-20260820/experiments/cr_run_btv_literal_20260821/raw/density_r2_A655_B19661_ddc.csv
=== Compressed .bm Benchmark Mode ===
Directory: /home/lichenhang/lee/thesis/check/lee/combit/gridindep/bitmap/bm_100m_A655_B19661_ddc_w8
Rows: 100000000 | Cardinality: 655
AND caliber: PAIR (A&B, real op)

=======================================
Benchmark [DDC (New)] — Compressed .bm Files
Source: /home/lichenhang/lee/thesis/check/lee/combit/gridindep/bitmap/bm_100m_A655_B19661_ddc_w8
Rows: 100000000 | Cardinality: 655 | Loaded: 2
=======================================
[Load] Loaded 2 compressed bitmaps: 9.62966 ms
  1.bm → cardinality: 999453
  2.bm → cardinality: 30000288

[Storage] Total compressed: 14717810 bytes (14372.9 KB) | Ratio: 0.588712x
[DDC Storage] l4_bytes: 0.0465662 MB | l3_bytes: 0.36702 MB | l2_bytes: 1.26931 MB | l1_bytes: 12.1551 MB | total_bytes: 13.838 MB

[Compute] Pairwise ops on first 2 bitmaps:
  bitOr:  6.14792 ms (card: 30698855)
  bitAnd: 6.7966 ms (card: 300886)
  bitXor: 7.02413 ms (card: 30397969)
  [MIRROR-IN-PROC] OR raw: 1.44939 1.44955 1.44991 1.45016 1.45068 1.45131 1.45176 1.45188 1.45252 1.45268 1.45274 1.45326 1.45337 1.45376 1.45389 1.45402 1.45407 1.45427 1.45492 1.45541 1.45558 1.45629 1.4564 1.4565 1.45725 1.45761 1.45811 1.45838 1.45849 1.45858 1.45861 1.45862 1.45884 1.45892 1.45896 1.45927 1.45933 1.45937 1.45957 1.45986 1.46019 1.46026 1.46032 1.46039 1.4604 1.46044 1.46049 1.46066 1.46084 1.46124 1.46128 1.4615 1.46178 1.46204 1.46234 1.46268 1.46268 1.46287 1.46294 1.46297 1.46307 1.46321 1.46418 1.46424 1.46449 1.46449 1.46457 1.46458 1.46463 1.4648 1.46507 1.4651 1.46515 1.46548 1.46569 1.4659 1.46611 1.4663 1.46636 1.46637 1.4669 1.46736 1.46796 1.46839 1.46868 1.46876 1.46877 1.46893 1.46898 1.46925 1.46958 1.4701 1.47023 1.47054 1.47151 1.47309 1.47397 1.47943 1.4967 1.53583  median=1.46128

[Pure Ops] DDC operation-only timing:
  AND: 1.58905 ms (card: 300886)
  OR:  1.4629 ms (card: 30698855)
  XOR: 1.50586 ms (card: 30397969)
  NOT: 0.267222 ms (card: 99000547)
  COMP (~((A|B)&(B|C))): 4.47413 ms (card: 69301145 OK)
---------------------------------------
  [Breakdown] DDC   L1=24.31 MiB  L2=2.54 MiB  L3=0.73 MiB  L4=0.09 MiB  total=27.68 MiB
