CSV output: /home/lichenhang/lee/thesis/check/lee/combit-cr-native-20260820/experiments/cr_run_btv_literal_20260821/raw/density_r3_A655_B1311_bitset_avx512.csv
=== Compressed .bm Benchmark Mode ===
Directory: /home/lichenhang/lee/thesis/check/lee/combit/gridindep/bitmap/bm_100m_A655_B1311_bitset
Rows: 100000000 | Cardinality: 655
AND caliber: PAIR (A&B, real op)

=======================================
Benchmark [Bitset (AVX512)] — Compressed .bm Files
Source: /home/lichenhang/lee/thesis/check/lee/combit/gridindep/bitmap/bm_100m_A655_B1311_bitset
Rows: 100000000 | Cardinality: 655 | Loaded: 2
=======================================
[Load] Loaded 2 compressed bitmaps: 13.1425 ms
  1.bm → cardinality: 999453
  2.bm → cardinality: 2000427

[Storage] Total compressed: 25000000 bytes (24414.1 KB) | Ratio: 1x

[Compute] Pairwise ops on first 2 bitmaps:
  bitOr:  5.22284 ms (card: 2979808)
  bitAnd: 5.06558 ms (card: 20072)
  bitXor: 4.81985 ms (card: 2959736)

[Pure Ops] Bitset (AVX512) operation+alloc:
  AND (with alloc): 1.68411 ms
  OR  (with alloc): 1.76469 ms
  XOR (with alloc): 1.74197 ms
  NOT (with alloc): 1.33476 ms
  AND (in-place):   1.13598 ms
  COMP (~((A|B)&(B|C))): 5.44334 ms
---------------------------------------
