CSV output: /home/lichenhang/lee/thesis/check/lee/combit-cr-native-20260820/experiments/cr_run_btv_literal_20260821/raw/density_r2_A655_B19661_croaring.csv
=== Compressed .bm Benchmark Mode ===
Directory: /home/lichenhang/lee/thesis/check/lee/combit/gridindep/bitmap/bm_100m_A655_B19661_roaring
Rows: 100000000 | Cardinality: 655
AND caliber: PAIR (A&B, real op)

=======================================
Benchmark [CRoaring] — Compressed .bm Files
Source: /home/lichenhang/lee/thesis/check/lee/combit/gridindep/bitmap/bm_100m_A655_B19661_roaring
Rows: 100000000 | Cardinality: 655 | Loaded: 2
=======================================
[Load] Loaded 2 compressed bitmaps: 14.8362 ms
  1.bm → cardinality: 999453
  2.bm → cardinality: 30000288

[Storage] Total compressed: 14524338 bytes (14183.9 KB) | Ratio: 0.580974x
[CRoaring Storage] array=1526 (1.90631 MB) | run=0 (0 MB) | bitset=1526 (11.9219 MB) | total_bytes=14499898

[Compute] Pairwise ops on first 2 bitmaps:
  bitOr:  7.51993 ms (card: 30698855)
  bitAnd: 3.66281 ms (card: 300886)
  bitXor: 9.78584 ms (card: 30397969)

[Pure Ops] CRoaring operation-only (+ to-btv conversion):
  AND: 2.03085 ms (card: 300886)
  OR:  3.13458 ms (card: 30698855)
  OR (CR internal only, no to-btv): 1.71405 ms
  XOR: 3.88733 ms (card: 30397969)
  NOT: 3.11521 ms (card: 99000547)
  AND (in-place): 9.65641 ms
  [AND result containers] array=1526 (0.573895 MB) bitset=0 (0 MB) run=0 (0 MB) total_bytes=601772
  [OR  result containers] array=0 (0 MB) bitset=1526 (11.9219 MB) run=0 (0 MB) total_bytes=12500992
  [XOR result containers] array=0 (0 MB) bitset=1526 (11.9219 MB) run=0 (0 MB) total_bytes=12500992
  [NOT result containers] array=0 (0 MB) bitset=1526 (11.9219 MB) run=0 (0 MB) total_bytes=12500992
  [Input A containers] array=1526 (1.90631 MB) bitset=0 (0 MB) run=0 (0 MB) total_bytes=1998906
  [Input B containers] array=0 (0 MB) bitset=1526 (11.9219 MB) run=0 (0 MB) total_bytes=12500992
  COMP native (~((A|B)&(B|C))): 5.60942 ms
  COMP (~((A|B)&(B|C))): 6.95964 ms
---------------------------------------
