CSV output: /home/lichenhang/lee/thesis/check/lee/combit-cr-native-20260820/experiments/cr_run_btv_literal_20260821/raw/density_r3_A1311_B19661_concise.csv
=== Compressed .bm Benchmark Mode ===
Directory: /home/lichenhang/lee/thesis/check/lee/combit/gridindep/bitmap/bm_100m_A1311_B19661_concise
Rows: 100000000 | Cardinality: 1311
AND caliber: PAIR (A&B, real op)

=======================================
Benchmark [Concise] — Compressed .bm Files
Source: /home/lichenhang/lee/thesis/check/lee/combit/gridindep/bitmap/bm_100m_A1311_B19661_concise
Rows: 100000000 | Cardinality: 1311 | Loaded: 2
=======================================
[Load] Loaded 2 compressed bitmaps: 9.50526 ms
  1.bm → cardinality: 2000409
  2.bm → cardinality: 30000288

[Storage] Total compressed: 19788528 bytes (19324.7 KB) | Ratio: 0.791541x

[Compute] Pairwise ops on first 2 bitmaps:
  bitOr:  36.235 ms (card: 31400811)
  bitAnd: 57.9858 ms (card: 599886)
  bitXor: 39.1355 ms (card: 30800925)

[Pure Ops] Concise operation-only:
  AND: 50.8426 ms
  OR:  44.7468 ms
  XOR: 44.4097 ms
  NOT: 34.4341 ms (XOR with all-ones)
  COMP (~((A|B)&(B|C))): 136.362 ms
---------------------------------------
