CSV output: /home/lichenhang/lee/thesis/check/lee/combit-cr-native-20260820/experiments/cr_run_btv_literal_20260821/raw/density_r3_A66_B1311_bitset_avx512.csv
=== Compressed .bm Benchmark Mode ===
Directory: /home/lichenhang/lee/thesis/check/lee/combit/gridindep/bitmap/bm_100m_A66_B1311_bitset
Rows: 100000000 | Cardinality: 66
AND caliber: PAIR (A&B, real op)

=======================================
Benchmark [Bitset (AVX512)] — Compressed .bm Files
Source: /home/lichenhang/lee/thesis/check/lee/combit/gridindep/bitmap/bm_100m_A66_B1311_bitset
Rows: 100000000 | Cardinality: 66 | Loaded: 2
=======================================
[Load] Loaded 2 compressed bitmaps: 12.7281 ms
  1.bm → cardinality: 100706
  2.bm → cardinality: 2000427

[Storage] Total compressed: 25000000 bytes (24414.1 KB) | Ratio: 1x

[Compute] Pairwise ops on first 2 bitmaps:
  bitOr:  4.52775 ms (card: 2099110)
  bitAnd: 4.66861 ms (card: 2023)
  bitXor: 5.05366 ms (card: 2097087)

[Pure Ops] Bitset (AVX512) operation+alloc:
  AND (with alloc): 1.729 ms
  OR  (with alloc): 1.75423 ms
  XOR (with alloc): 1.73088 ms
  NOT (with alloc): 1.30484 ms
  AND (in-place):   1.13892 ms
  COMP (~((A|B)&(B|C))): 5.36188 ms
---------------------------------------
