CSV output: /home/lichenhang/lee/thesis/check/lee/combit-cr-native-20260820/experiments/cr_run_btv_literal_20260821/raw/density_r3_A328_B26214_ewah.csv
=== Compressed .bm Benchmark Mode ===
Directory: /home/lichenhang/lee/thesis/check/lee/combit/gridindep/bitmap/bm_100m_A328_B26214_ewah
Rows: 100000000 | Cardinality: 328
AND caliber: PAIR (A&B, real op)

=======================================
Benchmark [EWAH] — Compressed .bm Files
Source: /home/lichenhang/lee/thesis/check/lee/combit/gridindep/bitmap/bm_100m_A328_B26214_ewah
Rows: 100000000 | Cardinality: 328 | Loaded: 2
=======================================
[Load] Loaded 2 compressed bitmaps: 9.03149 ms
  1.bm → cardinality: 500493
  2.bm → cardinality: 39999373

[Storage] Total compressed: 18427480 bytes (17995.6 KB) | Ratio: 0.737099x

[Compute] Pairwise ops on first 2 bitmaps:
  bitOr:  13.2353 ms (card: 40300175)
  bitAnd: 9.26818 ms (card: 199691)
  bitXor: 13.8673 ms (card: 40100484)

[Pure Ops] EWAH operation-only:
  AND: 8.23836 ms
  OR:  9.40786 ms
  XOR: 10.0608 ms
  NOT: 3.97316 ms
  COMP (~((A|B)&(B|C))): 29.5365 ms
---------------------------------------
