CSV output: /home/lichenhang/lee/thesis/check/lee/combit-cr-native-20260820/experiments/cr_run_btv_literal_20260821/raw/density_r2_A66_B328_ewah.csv
=== Compressed .bm Benchmark Mode ===
Directory: /home/lichenhang/lee/thesis/check/lee/combit/gridindep/bitmap/bm_100m_A66_B328_ewah
Rows: 100000000 | Cardinality: 66
AND caliber: PAIR (A&B, real op)

=======================================
Benchmark [EWAH] — Compressed .bm Files
Source: /home/lichenhang/lee/thesis/check/lee/combit/gridindep/bitmap/bm_100m_A66_B328_ewah
Rows: 100000000 | Cardinality: 66 | Loaded: 2
=======================================
[Load] Loaded 2 compressed bitmaps: 3.93777 ms
  1.bm → cardinality: 100706
  2.bm → cardinality: 500481

[Storage] Total compressed: 7447080 bytes (7272.54 KB) | Ratio: 0.297883x

[Compute] Pairwise ops on first 2 bitmaps:
  bitOr:  8.98471 ms (card: 600699)
  bitAnd: 4.48599 ms (card: 488)
  bitXor: 9.13743 ms (card: 600211)

[Pure Ops] EWAH operation-only:
  AND: 4.37451 ms
  OR:  6.6921 ms
  XOR: 6.81001 ms
  NOT: 0.864046 ms
  COMP (~((A|B)&(B|C))): 24.9524 ms
---------------------------------------
