CSV output: /home/lichenhang/lee/thesis/check/lee/combit-cr-native-20260820/experiments/cr_run_btv_literal_20260821/raw/density_r1_A328_B655_wah.csv
=== Compressed .bm Benchmark Mode ===
Directory: /home/lichenhang/lee/thesis/check/lee/combit/gridindep/bitmap/bm_100m_A328_B655_wah
Rows: 100000000 | Cardinality: 328
AND caliber: PAIR (A&B, real op)

=======================================
Benchmark [WAH (FastBit)] — Compressed .bm Files
Source: /home/lichenhang/lee/thesis/check/lee/combit/gridindep/bitmap/bm_100m_A328_B655_wah
Rows: 100000000 | Cardinality: 328 | Loaded: 2
=======================================
[Load] Loaded 2 compressed bitmaps: 11.8949 ms
  1.bm → cardinality: 500493
  2.bm → cardinality: 999453

[Storage] Total compressed: 9435684 bytes (9214.54 KB) | Ratio: 0.377427x

[Compute] Pairwise ops on first 2 bitmaps:
  bitOr:  36.2587 ms (card: 1494888)
  bitAnd: 15.4141 ms (card: 5058)
  bitXor: 18.8948 ms (card: 1489830)

[Pure Ops] WAH (FastBit) operation-only:
  AND: 15.4668 ms
  OR:  24.4435 ms
  XOR: 18.7269 ms
  NOT: 0.39864 ms
  COMP (~((A|B)&(B|C))): 71.4843 ms
---------------------------------------
