CSV output: /home/lichenhang/lee/thesis/check/lee/combit-cr-native-20260820/experiments/cr_run_btv_literal_20260821/raw/density_r1_A328_B26214_wah.csv
=== Compressed .bm Benchmark Mode ===
Directory: /home/lichenhang/lee/thesis/check/lee/combit/gridindep/bitmap/bm_100m_A328_B26214_wah
Rows: 100000000 | Cardinality: 328
AND caliber: PAIR (A&B, real op)

=======================================
Benchmark [WAH (FastBit)] — Compressed .bm Files
Source: /home/lichenhang/lee/thesis/check/lee/combit/gridindep/bitmap/bm_100m_A328_B26214_wah
Rows: 100000000 | Cardinality: 328 | Loaded: 2
=======================================
[Load] Loaded 2 compressed bitmaps: 13.031 ms
  1.bm → cardinality: 500493
  2.bm → cardinality: 39999373

[Storage] Total compressed: 16354732 bytes (15971.4 KB) | Ratio: 0.654189x

[Compute] Pairwise ops on first 2 bitmaps:
  bitOr:  7.46829 ms (card: 40300175)
  bitAnd: 7.79561 ms (card: 199691)
  bitXor: 14.9281 ms (card: 40100484)

[Pure Ops] WAH (FastBit) operation-only:
  AND: 4.45387 ms
  OR:  3.32676 ms
  XOR: 10.1443 ms
  NOT: 0.399727 ms
  COMP (~((A|B)&(B|C))): 9.95821 ms
---------------------------------------
