CSV output: /home/lichenhang/lee/thesis/check/lee/combit-cr-native-20260820/experiments/cr_run_btv_literal_20260821/raw/density_r3_A1311_B32768_ewah.csv
=== Compressed .bm Benchmark Mode ===
Directory: /home/lichenhang/lee/thesis/check/lee/combit/gridindep/bitmap/bm_100m_A1311_B32768_ewah
Rows: 100000000 | Cardinality: 1311
AND caliber: PAIR (A&B, real op)

=======================================
Benchmark [EWAH] — Compressed .bm Files
Source: /home/lichenhang/lee/thesis/check/lee/combit/gridindep/bitmap/bm_100m_A1311_B32768_ewah
Rows: 100000000 | Cardinality: 1311 | Loaded: 2
=======================================
[Load] Loaded 2 compressed bitmaps: 11.5967 ms
  1.bm → cardinality: 2000409
  2.bm → cardinality: 50000004

[Storage] Total compressed: 24059192 bytes (23495.3 KB) | Ratio: 0.962368x

[Compute] Pairwise ops on first 2 bitmaps:
  bitOr:  13.766 ms (card: 51001694)
  bitAnd: 19.2956 ms (card: 998719)
  bitXor: 14.9348 ms (card: 50002975)

[Pure Ops] EWAH operation-only:
  AND: 16.2746 ms
  OR:  10.2111 ms
  XOR: 10.8455 ms
  NOT: 6.91348 ms
  COMP (~((A|B)&(B|C))): 31.1374 ms
---------------------------------------
