CSV output: /home/lichenhang/lee/thesis/check/lee/combit-cr-native-20260820/experiments/cr_run_btv_literal_20260821/raw/density_r3_A66_B3277_concise.csv
=== Compressed .bm Benchmark Mode ===
Directory: /home/lichenhang/lee/thesis/check/lee/combit/gridindep/bitmap/bm_100m_A66_B3277_concise
Rows: 100000000 | Cardinality: 66
AND caliber: PAIR (A&B, real op)

=======================================
Benchmark [Concise] — Compressed .bm Files
Source: /home/lichenhang/lee/thesis/check/lee/combit/gridindep/bitmap/bm_100m_A66_B3277_concise
Rows: 100000000 | Cardinality: 66 | Loaded: 2
=======================================
[Load] Loaded 2 compressed bitmaps: 5.5786 ms
  1.bm → cardinality: 100706
  2.bm → cardinality: 5000323

[Storage] Total compressed: 11894124 bytes (11615.4 KB) | Ratio: 0.475765x

[Compute] Pairwise ops on first 2 bitmaps:
  bitOr:  28.0149 ms (card: 5096027)
  bitAnd: 26.4617 ms (card: 5002)
  bitXor: 27.8158 ms (card: 5091025)

[Pure Ops] Concise operation-only:
  AND: 22.5683 ms
  OR:  31.6379 ms
  XOR: 31.9584 ms
  NOT: 1.29519 ms (XOR with all-ones)
  COMP (~((A|B)&(B|C))): 123.623 ms
---------------------------------------
