CSV output: /home/lichenhang/lee/thesis/check/lee/combit-cr-native-20260820/experiments/cr_run_btv_literal_20260821/raw/density_r2_A19661_B32768_wah.csv
=== Compressed .bm Benchmark Mode ===
Directory: /home/lichenhang/lee/thesis/check/lee/combit/gridindep/bitmap/bm_100m_A19661_B32768_wah
Rows: 100000000 | Cardinality: 19661
AND caliber: PAIR (A&B, real op)

=======================================
Benchmark [WAH (FastBit)] — Compressed .bm Files
Source: /home/lichenhang/lee/thesis/check/lee/combit/gridindep/bitmap/bm_100m_A19661_B32768_wah
Rows: 100000000 | Cardinality: 19661 | Loaded: 2
=======================================
[Load] Loaded 2 compressed bitmaps: 18.0977 ms
  1.bm → cardinality: 30000235
  2.bm → cardinality: 50000004

[Storage] Total compressed: 25806464 bytes (25201.6 KB) | Ratio: 1.03226x

[Compute] Pairwise ops on first 2 bitmaps:
  bitOr:  4.87098 ms (card: 64999375)
  bitAnd: 5.05486 ms (card: 15000864)
  bitXor: 5.9917 ms (card: 49998511)

[Pure Ops] WAH (FastBit) operation-only:
  AND: 1.87641 ms
  OR:  1.87604 ms
  XOR: 1.87565 ms
  NOT: 1.4677 ms
  COMP (~((A|B)&(B|C))): 7.20341 ms
---------------------------------------
