CSV output: /home/lichenhang/lee/thesis/check/lee/combit-cr-native-20260820/experiments/cr_run_btv_literal_20260821/raw/density_r1_A655_B1311_concise.csv
=== Compressed .bm Benchmark Mode ===
Directory: /home/lichenhang/lee/thesis/check/lee/combit/gridindep/bitmap/bm_100m_A655_B1311_concise
Rows: 100000000 | Cardinality: 655
AND caliber: PAIR (A&B, real op)

=======================================
Benchmark [Concise] — Compressed .bm Files
Source: /home/lichenhang/lee/thesis/check/lee/combit/gridindep/bitmap/bm_100m_A655_B1311_concise
Rows: 100000000 | Cardinality: 655 | Loaded: 2
=======================================
[Load] Loaded 2 compressed bitmaps: 5.15609 ms
  1.bm → cardinality: 999453
  2.bm → cardinality: 2000427

[Storage] Total compressed: 10701684 bytes (10450.9 KB) | Ratio: 0.428067x

[Compute] Pairwise ops on first 2 bitmaps:
  bitOr:  40.9087 ms (card: 2979808)
  bitAnd: 52.2852 ms (card: 20072)
  bitXor: 45.0618 ms (card: 2959736)

[Pure Ops] Concise operation-only:
  AND: 47.3978 ms
  OR:  49.3248 ms
  XOR: 49.1518 ms
  NOT: 19.51 ms (XOR with all-ones)
  COMP (~((A|B)&(B|C))): 178.068 ms
---------------------------------------
