CSV output: /home/lichenhang/lee/thesis/check/lee/combit-cr-native-20260820/experiments/cr_run_btv_literal_20260821/raw/density_r2_A66_B13107_croaring.csv
=== Compressed .bm Benchmark Mode ===
Directory: /home/lichenhang/lee/thesis/check/lee/combit/gridindep/bitmap/bm_100m_A66_B13107_roaring
Rows: 100000000 | Cardinality: 66
AND caliber: PAIR (A&B, real op)

=======================================
Benchmark [CRoaring] — Compressed .bm Files
Source: /home/lichenhang/lee/thesis/check/lee/combit/gridindep/bitmap/bm_100m_A66_B13107_roaring
Rows: 100000000 | Cardinality: 66 | Loaded: 2
=======================================
[Load] Loaded 2 compressed bitmaps: 17.2637 ms
  1.bm → cardinality: 100706
  2.bm → cardinality: 19999673

[Storage] Total compressed: 12726844 bytes (12428.6 KB) | Ratio: 0.509074x
[CRoaring Storage] array=1526 (0.192081 MB) | run=0 (0 MB) | bitset=1526 (11.9219 MB) | total_bytes=12702404

[Compute] Pairwise ops on first 2 bitmaps:
  bitOr:  8.56537 ms (card: 20080036)
  bitAnd: 1.958 ms (card: 20343)
  bitXor: 9.83871 ms (card: 20059693)

[Pure Ops] CRoaring operation-only (+ to-btv conversion):
  AND: 1.15238 ms (card: 20343)
  OR:  2.54939 ms (card: 20080036)
  OR (CR internal only, no to-btv): 1.28035 ms
  XOR: 2.64487 ms (card: 20059693)
  NOT: 2.32618 ms (card: 99899294)
  AND (in-place): 8.81966 ms
  [AND result containers] array=1526 (0.0388012 MB) bitset=0 (0 MB) run=0 (0 MB) total_bytes=40686
  [OR  result containers] array=0 (0 MB) bitset=1526 (11.9219 MB) run=0 (0 MB) total_bytes=12500992
  [XOR result containers] array=0 (0 MB) bitset=1526 (11.9219 MB) run=0 (0 MB) total_bytes=12500992
  [NOT result containers] array=0 (0 MB) bitset=1526 (11.9219 MB) run=0 (0 MB) total_bytes=12500992
  [Input A containers] array=1526 (0.192081 MB) bitset=0 (0 MB) run=0 (0 MB) total_bytes=201412
  [Input B containers] array=0 (0 MB) bitset=1526 (11.9219 MB) run=0 (0 MB) total_bytes=12500992
  COMP native (~((A|B)&(B|C))): 4.38998 ms
  COMP (~((A|B)&(B|C))): 5.78558 ms
---------------------------------------
