CSV output: /home/lichenhang/lee/thesis/check/lee/combit-cr-native-20260820/experiments/cr_run_btv_literal_20260821/raw/density_r3_A6554_B19661_wah.csv
=== Compressed .bm Benchmark Mode ===
Directory: /home/lichenhang/lee/thesis/check/lee/combit/gridindep/bitmap/bm_100m_A6554_B19661_wah
Rows: 100000000 | Cardinality: 6554
AND caliber: PAIR (A&B, real op)

=======================================
Benchmark [WAH (FastBit)] — Compressed .bm Files
Source: /home/lichenhang/lee/thesis/check/lee/combit/gridindep/bitmap/bm_100m_A6554_B19661_wah
Rows: 100000000 | Cardinality: 6554 | Loaded: 2
=======================================
[Load] Loaded 2 compressed bitmaps: 19.1175 ms
  1.bm → cardinality: 10000633
  2.bm → cardinality: 30000288

[Storage] Total compressed: 25788056 bytes (25183.6 KB) | Ratio: 1.03152x

[Compute] Pairwise ops on first 2 bitmaps:
  bitOr:  11.0463 ms (card: 37000887)
  bitAnd: 7.55618 ms (card: 3000034)
  bitXor: 14.856 ms (card: 34000853)

[Pure Ops] WAH (FastBit) operation-only:
  AND: 3.29632 ms
  OR:  3.23493 ms
  XOR: 10.4477 ms
  NOT: 1.45896 ms
  COMP (~((A|B)&(B|C))): 8.95871 ms
---------------------------------------
