CSV output: /home/lichenhang/lee/thesis/check/lee/combit-cr-native-20260820/experiments/cr_run_btv_literal_20260821/raw/density_r1_A655_B1311_ewah.csv
=== Compressed .bm Benchmark Mode ===
Directory: /home/lichenhang/lee/thesis/check/lee/combit/gridindep/bitmap/bm_100m_A655_B1311_ewah
Rows: 100000000 | Cardinality: 655
AND caliber: PAIR (A&B, real op)

=======================================
Benchmark [EWAH] — Compressed .bm Files
Source: /home/lichenhang/lee/thesis/check/lee/combit/gridindep/bitmap/bm_100m_A655_B1311_ewah
Rows: 100000000 | Cardinality: 655 | Loaded: 2
=======================================
[Load] Loaded 2 compressed bitmaps: 9.85913 ms
  1.bm → cardinality: 999453
  2.bm → cardinality: 2000427

[Storage] Total compressed: 20605976 bytes (20123 KB) | Ratio: 0.824239x

[Compute] Pairwise ops on first 2 bitmaps:
  bitOr:  24.8529 ms (card: 2979808)
  bitAnd: 16.3249 ms (card: 20072)
  bitXor: 25.9716 ms (card: 2959736)

[Pure Ops] EWAH operation-only:
  AND: 16.182 ms
  OR:  20.7785 ms
  XOR: 21.6974 ms
  NOT: 6.84864 ms
  COMP (~((A|B)&(B|C))): 56.0116 ms
---------------------------------------
