CSV output: /home/lichenhang/lee/thesis/check/lee/combit-cr-native-20260820/experiments/cr_run_btv_literal_20260821/raw/density_r1_A1311_B32768_wah.csv
=== Compressed .bm Benchmark Mode ===
Directory: /home/lichenhang/lee/thesis/check/lee/combit/gridindep/bitmap/bm_100m_A1311_B32768_wah
Rows: 100000000 | Cardinality: 1311
AND caliber: PAIR (A&B, real op)

=======================================
Benchmark [WAH (FastBit)] — Compressed .bm Files
Source: /home/lichenhang/lee/thesis/check/lee/combit/gridindep/bitmap/bm_100m_A1311_B32768_wah
Rows: 100000000 | Cardinality: 1311 | Loaded: 2
=======================================
[Load] Loaded 2 compressed bitmaps: 18.1371 ms
  1.bm → cardinality: 2000409
  2.bm → cardinality: 50000004

[Storage] Total compressed: 22119808 bytes (21601.4 KB) | Ratio: 0.884792x

[Compute] Pairwise ops on first 2 bitmaps:
  bitOr:  12.5605 ms (card: 51001694)
  bitAnd: 12.5591 ms (card: 998719)
  bitXor: 21.7282 ms (card: 50002975)

[Pure Ops] WAH (FastBit) operation-only:
  AND: 8.90044 ms
  OR:  7.45438 ms
  XOR: 16.4401 ms
  NOT: 1.05936 ms
  COMP (~((A|B)&(B|C))): 17.615 ms
---------------------------------------
