CSV output: /home/lichenhang/lee/thesis/check/lee/combit-cr-native-20260820/experiments/cr_run_btv_literal_20260821/raw/density_r1_A1311_B13107_concise.csv
=== Compressed .bm Benchmark Mode ===
Directory: /home/lichenhang/lee/thesis/check/lee/combit/gridindep/bitmap/bm_100m_A1311_B13107_concise
Rows: 100000000 | Cardinality: 1311
AND caliber: PAIR (A&B, real op)

=======================================
Benchmark [Concise] — Compressed .bm Files
Source: /home/lichenhang/lee/thesis/check/lee/combit/gridindep/bitmap/bm_100m_A1311_B13107_concise
Rows: 100000000 | Cardinality: 1311 | Loaded: 2
=======================================
[Load] Loaded 2 compressed bitmaps: 9.15685 ms
  1.bm → cardinality: 2000409
  2.bm → cardinality: 19999673

[Storage] Total compressed: 19788396 bytes (19324.6 KB) | Ratio: 0.791536x

[Compute] Pairwise ops on first 2 bitmaps:
  bitOr:  35.749 ms (card: 21599311)
  bitAnd: 55.2702 ms (card: 400771)
  bitXor: 39.0843 ms (card: 21198540)

[Pure Ops] Concise operation-only:
  AND: 48.1325 ms
  OR:  44.751 ms
  XOR: 44.6109 ms
  NOT: 34.4419 ms (XOR with all-ones)
  COMP (~((A|B)&(B|C))): 134.869 ms
---------------------------------------
