CSV output: /home/lichenhang/lee/thesis/check/lee/combit-cr-native-20260820/experiments/cr_run_btv_literal_20260821/raw/density_r3_A1311_B26214_croaring.csv
=== Compressed .bm Benchmark Mode ===
Directory: /home/lichenhang/lee/thesis/check/lee/combit/gridindep/bitmap/bm_100m_A1311_B26214_roaring
Rows: 100000000 | Cardinality: 1311
AND caliber: PAIR (A&B, real op)

=======================================
Benchmark [CRoaring] — Compressed .bm Files
Source: /home/lichenhang/lee/thesis/check/lee/combit/gridindep/bitmap/bm_100m_A1311_B26214_roaring
Rows: 100000000 | Cardinality: 1311 | Loaded: 2
=======================================
[Load] Loaded 2 compressed bitmaps: 13.9007 ms
  1.bm → cardinality: 2000409
  2.bm → cardinality: 39999373

[Storage] Total compressed: 16526250 bytes (16138.9 KB) | Ratio: 0.66105x
[CRoaring Storage] array=1526 (3.81548 MB) | run=0 (0 MB) | bitset=1526 (11.9219 MB) | total_bytes=16501810

[Compute] Pairwise ops on first 2 bitmaps:
  bitOr:  7.13693 ms (card: 41199829)
  bitAnd: 4.80138 ms (card: 799953)
  bitXor: 10.0049 ms (card: 40399876)

[Pure Ops] CRoaring operation-only (+ to-btv conversion):
  AND: 2.72411 ms (card: 799953)
  OR:  3.63173 ms (card: 41199829)
  OR (CR internal only, no to-btv): 2.23705 ms
  XOR: 5.23015 ms (card: 40399876)
  NOT: 3.73794 ms (card: 97999591)
  AND (in-place): 9.96067 ms
  [AND result containers] array=1526 (1.52579 MB) bitset=0 (0 MB) run=0 (0 MB) total_bytes=1599906
  [OR  result containers] array=0 (0 MB) bitset=1526 (11.9219 MB) run=0 (0 MB) total_bytes=12500992
  [XOR result containers] array=0 (0 MB) bitset=1526 (11.9219 MB) run=0 (0 MB) total_bytes=12500992
  [NOT result containers] array=0 (0 MB) bitset=1526 (11.9219 MB) run=0 (0 MB) total_bytes=12500992
  [Input A containers] array=1526 (3.81548 MB) bitset=0 (0 MB) run=0 (0 MB) total_bytes=4000818
  [Input B containers] array=0 (0 MB) bitset=1526 (11.9219 MB) run=0 (0 MB) total_bytes=12500992
  COMP native (~((A|B)&(B|C))): 6.56344 ms
  COMP (~((A|B)&(B|C))): 7.91512 ms
---------------------------------------
