CSV output: /home/lichenhang/lee/thesis/check/lee/combit-cr-native-20260820/experiments/cr_run_btv_literal_20260821/raw/density_r3_A328_B13107_ewah.csv
=== Compressed .bm Benchmark Mode ===
Directory: /home/lichenhang/lee/thesis/check/lee/combit/gridindep/bitmap/bm_100m_A328_B13107_ewah
Rows: 100000000 | Cardinality: 328
AND caliber: PAIR (A&B, real op)

=======================================
Benchmark [EWAH] — Compressed .bm Files
Source: /home/lichenhang/lee/thesis/check/lee/combit/gridindep/bitmap/bm_100m_A328_B13107_ewah
Rows: 100000000 | Cardinality: 328 | Loaded: 2
=======================================
[Load] Loaded 2 compressed bitmaps: 8.81972 ms
  1.bm → cardinality: 500493
  2.bm → cardinality: 19999673

[Storage] Total compressed: 18427480 bytes (17995.6 KB) | Ratio: 0.737099x

[Compute] Pairwise ops on first 2 bitmaps:
  bitOr:  13.1717 ms (card: 20400429)
  bitAnd: 7.26284 ms (card: 99737)
  bitXor: 13.7244 ms (card: 20300692)

[Pure Ops] EWAH operation-only:
  AND: 6.65908 ms
  OR:  9.3692 ms
  XOR: 10.0312 ms
  NOT: 3.97663 ms
  COMP (~((A|B)&(B|C))): 29.6673 ms
---------------------------------------
