CSV output: /home/lichenhang/lee/thesis/check/lee/combit-cr-native-20260820/experiments/cr_run_btv_literal_20260821/raw/density_r3_A32768_B32768_ddc.csv
=== Compressed .bm Benchmark Mode ===
Directory: /home/lichenhang/lee/thesis/check/lee/combit/gridindep/bitmap/bm_100m_A32768_B32768_ddc_w8
Rows: 100000000 | Cardinality: 32768
AND caliber: PAIR (A&B, real op)

=======================================
Benchmark [DDC (New)] — Compressed .bm Files
Source: /home/lichenhang/lee/thesis/check/lee/combit/gridindep/bitmap/bm_100m_A32768_B32768_ddc_w8
Rows: 100000000 | Cardinality: 32768 | Loaded: 2
=======================================
[Load] Loaded 2 compressed bitmaps: 16.297 ms
  1.bm → cardinality: 50000025
  2.bm → cardinality: 50000004

[Storage] Total compressed: 25341373 bytes (24747.4 KB) | Ratio: 1.01365x
[DDC Storage] l4_bytes: 0.0465662 MB | l3_bytes: 0.0822372 MB | l2_bytes: 0.0914984 MB | l1_bytes: 23.7491 MB | total_bytes: 23.9694 MB

[Compute] Pairwise ops on first 2 bitmaps:
  bitOr:  6.24834 ms (card: 75001341)
  bitAnd: 6.44573 ms (card: 24998688)
  bitXor: 6.30652 ms (card: 50002653)
  [MIRROR-IN-PROC] OR raw: 1.59027 1.59102 1.592 1.59276 1.59283 1.59333 1.59549 1.59585 1.59654 1.59708 1.59716 1.59725 1.59728 1.5973 1.5975 1.5975 1.59793 1.59802 1.59808 1.59811 1.59836 1.59863 1.59867 1.59876 1.5991 1.59921 1.59921 1.59923 1.59925 1.59969 1.59972 1.6 1.60026 1.60026 1.6004 1.60059 1.60079 1.60114 1.60118 1.60119 1.60135 1.60139 1.60152 1.60184 1.60215 1.60217 1.60223 1.60229 1.60251 1.60256 1.60259 1.60264 1.60268 1.60271 1.60381 1.60431 1.60508 1.60513 1.60521 1.6058 1.60613 1.60637 1.60668 1.60676 1.60676 1.60694 1.60711 1.60736 1.60759 1.60759 1.60763 1.60772 1.60793 1.60809 1.60812 1.6083 1.60831 1.6084 1.60851 1.60872 1.60902 1.61043 1.6114 1.61153 1.6117 1.61208 1.61297 1.61482 1.61521 1.6169 1.62059 1.62089 1.6226 1.62505 1.63787 1.64046 1.64332 1.66018 1.94042 1.99697  median=1.60259

[Pure Ops] DDC operation-only timing:
  AND: 1.62379 ms (card: 24998688)
  OR:  1.59241 ms (card: 75001341)
  XOR: 1.61213 ms (card: 50002653)
  NOT: 1.20064 ms (card: 49999975)
  COMP (~((A|B)&(B|C))): 4.6358 ms (card: 24998659 OK)
---------------------------------------
  [Breakdown] DDC   L1=47.50 MiB  L2=0.18 MiB  L3=0.16 MiB  L4=0.09 MiB  total=47.94 MiB
