CSV output: /home/lichenhang/lee/thesis/check/lee/combit-cr-native-20260820/experiments/cr_run_btv_literal_20260821/raw/density_r3_A655_B13107_bitset_avx512.csv
=== Compressed .bm Benchmark Mode ===
Directory: /home/lichenhang/lee/thesis/check/lee/combit/gridindep/bitmap/bm_100m_A655_B13107_bitset
Rows: 100000000 | Cardinality: 655
AND caliber: PAIR (A&B, real op)

=======================================
Benchmark [Bitset (AVX512)] — Compressed .bm Files
Source: /home/lichenhang/lee/thesis/check/lee/combit/gridindep/bitmap/bm_100m_A655_B13107_bitset
Rows: 100000000 | Cardinality: 655 | Loaded: 2
=======================================
[Load] Loaded 2 compressed bitmaps: 12.0396 ms
  1.bm → cardinality: 999453
  2.bm → cardinality: 19999673

[Storage] Total compressed: 25000000 bytes (24414.1 KB) | Ratio: 1x

[Compute] Pairwise ops on first 2 bitmaps:
  bitOr:  4.82533 ms (card: 20798394)
  bitAnd: 4.30279 ms (card: 200732)
  bitXor: 4.2179 ms (card: 20597662)

[Pure Ops] Bitset (AVX512) operation+alloc:
  AND (with alloc): 1.75027 ms
  OR  (with alloc): 1.61962 ms
  XOR (with alloc): 1.71969 ms
  NOT (with alloc): 1.35059 ms
  AND (in-place):   1.13411 ms
  COMP (~((A|B)&(B|C))): 5.39775 ms
---------------------------------------
