CSV output: /home/lichenhang/lee/thesis/check/lee/combit-cr-native-20260820/experiments/cr_run_btv_literal_20260821/raw/density_r3_A328_B328_ddc.csv
=== Compressed .bm Benchmark Mode ===
Directory: /home/lichenhang/lee/thesis/check/lee/combit/gridindep/bitmap/bm_100m_A328_B328_ddc_w8
Rows: 100000000 | Cardinality: 328
AND caliber: PAIR (A&B, real op)

=======================================
Benchmark [DDC (New)] — Compressed .bm Files
Source: /home/lichenhang/lee/thesis/check/lee/combit/gridindep/bitmap/bm_100m_A328_B328_ddc_w8
Rows: 100000000 | Cardinality: 328 | Loaded: 2
=======================================
[Load] Loaded 2 compressed bitmaps: 2.41784 ms
  1.bm → cardinality: 500493
  2.bm → cardinality: 500481

[Storage] Total compressed: 2460759 bytes (2403.08 KB) | Ratio: 0.0984304x
[DDC Storage] l4_bytes: 0.0465662 MB | l3_bytes: 0.344464 MB | l2_bytes: 0.819729 MB | l1_bytes: 0.938034 MB | total_bytes: 2.14879 MB

[Compute] Pairwise ops on first 2 bitmaps:
  bitOr:  5.23404 ms (card: 998497)
  bitAnd: 5.7676 ms (card: 2477)
  bitXor: 5.74292 ms (card: 996020)
  [MIRROR-IN-PROC] OR raw: 1.38777 1.39082 1.39085 1.3909 1.39106 1.39127 1.39197 1.39204 1.39233 1.39261 1.3927 1.39359 1.39391 1.39401 1.39434 1.3946 1.39468 1.39502 1.39523 1.39525 1.39531 1.39544 1.39546 1.39546 1.39559 1.39567 1.39568 1.3958 1.39586 1.39598 1.39628 1.39632 1.39645 1.39655 1.39655 1.3969 1.39703 1.39712 1.39715 1.39742 1.3975 1.39765 1.39777 1.3978 1.39782 1.39808 1.39837 1.39866 1.39872 1.39899 1.39911 1.39912 1.39924 1.39935 1.39944 1.39954 1.39956 1.39971 1.39972 1.39977 1.39998 1.40036 1.40037 1.40055 1.40092 1.40102 1.40112 1.40122 1.40125 1.40134 1.40135 1.40177 1.4018 1.40189 1.40193 1.40194 1.402 1.40203 1.40203 1.40209 1.40219 1.40226 1.40233 1.40234 1.40237 1.4025 1.40255 1.40297 1.40304 1.4036 1.40378 1.40419 1.40434 1.40531 1.41213 1.41271 1.4133 1.41403 1.41766 1.42268  median=1.39911

[Pure Ops] DDC operation-only timing:
  AND: 1.73402 ms (card: 2477)
  OR:  1.3979 ms (card: 998497)
  XOR: 1.51361 ms (card: 996020)
  NOT: 0.200172 ms (card: 99499507)
  COMP (~((A|B)&(B|C))): 4.25077 ms (card: 99001503 OK)
---------------------------------------
  [Breakdown] DDC   L1=1.88 MiB  L2=1.64 MiB  L3=0.69 MiB  L4=0.09 MiB  total=4.30 MiB
