CSV output: /home/lichenhang/lee/thesis/check/lee/combit-cr-native-20260820/experiments/cr_run_btv_literal_20260821/raw/density_r1_A66_B32768_bitset_avx512.csv
=== Compressed .bm Benchmark Mode ===
Directory: /home/lichenhang/lee/thesis/check/lee/combit/gridindep/bitmap/bm_100m_A66_B32768_bitset
Rows: 100000000 | Cardinality: 66
AND caliber: PAIR (A&B, real op)

=======================================
Benchmark [Bitset (AVX512)] — Compressed .bm Files
Source: /home/lichenhang/lee/thesis/check/lee/combit/gridindep/bitmap/bm_100m_A66_B32768_bitset
Rows: 100000000 | Cardinality: 66 | Loaded: 2
=======================================
[Load] Loaded 2 compressed bitmaps: 12.1172 ms
  1.bm → cardinality: 100706
  2.bm → cardinality: 50000004

[Storage] Total compressed: 25000000 bytes (24414.1 KB) | Ratio: 1x

[Compute] Pairwise ops on first 2 bitmaps:
  bitOr:  4.32307 ms (card: 50050276)
  bitAnd: 4.2455 ms (card: 50434)
  bitXor: 4.20337 ms (card: 49999842)

[Pure Ops] Bitset (AVX512) operation+alloc:
  AND (with alloc): 1.81331 ms
  OR  (with alloc): 1.77429 ms
  XOR (with alloc): 1.78071 ms
  NOT (with alloc): 1.36376 ms
  AND (in-place):   1.14705 ms
  COMP (~((A|B)&(B|C))): 5.56031 ms
---------------------------------------
