CSV output: /home/lichenhang/lee/thesis/check/lee/combit-cr-native-20260820/experiments/cr_run_btv_literal_20260821/raw/density_r2_A655_B26214_bitset_avx512.csv
=== Compressed .bm Benchmark Mode ===
Directory: /home/lichenhang/lee/thesis/check/lee/combit/gridindep/bitmap/bm_100m_A655_B26214_bitset
Rows: 100000000 | Cardinality: 655
AND caliber: PAIR (A&B, real op)

=======================================
Benchmark [Bitset (AVX512)] — Compressed .bm Files
Source: /home/lichenhang/lee/thesis/check/lee/combit/gridindep/bitmap/bm_100m_A655_B26214_bitset
Rows: 100000000 | Cardinality: 655 | Loaded: 2
=======================================
[Load] Loaded 2 compressed bitmaps: 12.5192 ms
  1.bm → cardinality: 999453
  2.bm → cardinality: 39999373

[Storage] Total compressed: 25000000 bytes (24414.1 KB) | Ratio: 1x

[Compute] Pairwise ops on first 2 bitmaps:
  bitOr:  4.4805 ms (card: 40598950)
  bitAnd: 4.61135 ms (card: 399876)
  bitXor: 4.67402 ms (card: 40199074)

[Pure Ops] Bitset (AVX512) operation+alloc:
  AND (with alloc): 1.62213 ms
  OR  (with alloc): 1.69608 ms
  XOR (with alloc): 1.79127 ms
  NOT (with alloc): 1.354 ms
  AND (in-place):   1.16764 ms
  COMP (~((A|B)&(B|C))): 5.53036 ms
---------------------------------------
