CSV output: /home/lichenhang/lee/thesis/check/lee/combit-cr-native-20260820/experiments/cr_run_btv_literal_20260821/raw/density_r1_A26214_B26214_ddc.csv
=== Compressed .bm Benchmark Mode ===
Directory: /home/lichenhang/lee/thesis/check/lee/combit/gridindep/bitmap/bm_100m_A26214_B26214_ddc_w8
Rows: 100000000 | Cardinality: 26214
AND caliber: PAIR (A&B, real op)

=======================================
Benchmark [DDC (New)] — Compressed .bm Files
Source: /home/lichenhang/lee/thesis/check/lee/combit/gridindep/bitmap/bm_100m_A26214_B26214_ddc_w8
Rows: 100000000 | Cardinality: 26214 | Loaded: 2
=======================================
[Load] Loaded 2 compressed bitmaps: 16.1466 ms
  1.bm → cardinality: 39999368
  2.bm → cardinality: 39999373

[Storage] Total compressed: 25491289 bytes (24893.8 KB) | Ratio: 1.01965x
[DDC Storage] l4_bytes: 0.0465662 MB | l3_bytes: 0.246527 MB | l2_bytes: 0.377699 MB | l1_bytes: 23.4416 MB | total_bytes: 24.1124 MB

[Compute] Pairwise ops on first 2 bitmaps:
  bitOr:  6.90304 ms (card: 63998168)
  bitAnd: 6.9298 ms (card: 16000573)
  bitXor: 6.80784 ms (card: 47997595)
  [MIRROR-IN-PROC] OR raw: 1.6029 1.60507 1.60532 1.60565 1.60606 1.60616 1.60629 1.60696 1.60699 1.60715 1.60788 1.60828 1.6086 1.6086 1.60953 1.61009 1.61072 1.61142 1.61337 1.61442 1.61478 1.616 1.61648 1.61651 1.61689 1.61712 1.6177 1.61801 1.61816 1.61823 1.61841 1.61946 1.61952 1.62016 1.62035 1.62053 1.62077 1.62096 1.62099 1.62165 1.62239 1.62317 1.6233 1.62333 1.62345 1.62359 1.62371 1.62394 1.62405 1.62427 1.62427 1.62464 1.62468 1.62472 1.62475 1.62477 1.62522 1.62576 1.62576 1.62582 1.62586 1.62605 1.62624 1.62657 1.62661 1.62702 1.62831 1.62858 1.62882 1.62904 1.62918 1.62979 1.6298 1.63051 1.63323 1.63348 1.63349 1.63428 1.63499 1.63511 1.63625 1.63715 1.63724 1.63915 1.6395 1.64182 1.64352 1.64468 1.64578 1.64681 1.6473 1.65107 1.65207 1.66079 1.66251 1.66319 1.66571 1.66713 2.11801 2.16061  median=1.62427

[Pure Ops] DDC operation-only timing:
  AND: 1.71328 ms (card: 16000573)
  OR:  1.62483 ms (card: 63998168)
  XOR: 1.68579 ms (card: 47997595)
  NOT: 1.24385 ms (card: 60000632)
  COMP (~((A|B)&(B|C))): 4.69671 ms (card: 36001832 OK)
---------------------------------------
  [Breakdown] DDC   L1=46.88 MiB  L2=0.76 MiB  L3=0.49 MiB  L4=0.09 MiB  total=48.22 MiB
