CSV output: /home/lichenhang/lee/thesis/check/lee/combit-cr-native-20260820/experiments/cr_run_btv_literal_20260821/raw/density_r3_A1311_B19661_croaring.csv
=== Compressed .bm Benchmark Mode ===
Directory: /home/lichenhang/lee/thesis/check/lee/combit/gridindep/bitmap/bm_100m_A1311_B19661_roaring
Rows: 100000000 | Cardinality: 1311
AND caliber: PAIR (A&B, real op)

=======================================
Benchmark [CRoaring] — Compressed .bm Files
Source: /home/lichenhang/lee/thesis/check/lee/combit/gridindep/bitmap/bm_100m_A1311_B19661_roaring
Rows: 100000000 | Cardinality: 1311 | Loaded: 2
=======================================
[Load] Loaded 2 compressed bitmaps: 13.4852 ms
  1.bm → cardinality: 2000409
  2.bm → cardinality: 30000288

[Storage] Total compressed: 16526250 bytes (16138.9 KB) | Ratio: 0.66105x
[CRoaring Storage] array=1526 (3.81548 MB) | run=0 (0 MB) | bitset=1526 (11.9219 MB) | total_bytes=16501810

[Compute] Pairwise ops on first 2 bitmaps:
  bitOr:  6.83424 ms (card: 31400811)
  bitAnd: 4.4963 ms (card: 599886)
  bitXor: 9.81793 ms (card: 30800925)

[Pure Ops] CRoaring operation-only (+ to-btv conversion):
  AND: 2.67982 ms (card: 599886)
  OR:  3.62612 ms (card: 31400811)
  OR (CR internal only, no to-btv): 2.23465 ms
  XOR: 5.23199 ms (card: 30800925)
  NOT: 3.73931 ms (card: 97999591)
  AND (in-place): 9.87054 ms
  [AND result containers] array=1526 (1.14419 MB) bitset=0 (0 MB) run=0 (0 MB) total_bytes=1199772
  [OR  result containers] array=0 (0 MB) bitset=1526 (11.9219 MB) run=0 (0 MB) total_bytes=12500992
  [XOR result containers] array=0 (0 MB) bitset=1526 (11.9219 MB) run=0 (0 MB) total_bytes=12500992
  [NOT result containers] array=0 (0 MB) bitset=1526 (11.9219 MB) run=0 (0 MB) total_bytes=12500992
  [Input A containers] array=1526 (3.81548 MB) bitset=0 (0 MB) run=0 (0 MB) total_bytes=4000818
  [Input B containers] array=0 (0 MB) bitset=1526 (11.9219 MB) run=0 (0 MB) total_bytes=12500992
  COMP native (~((A|B)&(B|C))): 6.58322 ms
  COMP (~((A|B)&(B|C))): 7.93528 ms
---------------------------------------
