CSV output: /home/lichenhang/lee/thesis/check/lee/combit-cr-native-20260820/experiments/cr_run_btv_literal_20260821/raw/density_r2_A328_B1311_croaring.csv
=== Compressed .bm Benchmark Mode ===
Directory: /home/lichenhang/lee/thesis/check/lee/combit/gridindep/bitmap/bm_100m_A328_B1311_roaring
Rows: 100000000 | Cardinality: 328
AND caliber: PAIR (A&B, real op)

=======================================
Benchmark [CRoaring] — Compressed .bm Files
Source: /home/lichenhang/lee/thesis/check/lee/combit/gridindep/bitmap/bm_100m_A328_B1311_roaring
Rows: 100000000 | Cardinality: 328 | Loaded: 2
=======================================
[Load] Loaded 2 compressed bitmaps: 5.69845 ms
  1.bm → cardinality: 500493
  2.bm → cardinality: 2000427

[Storage] Total compressed: 5026280 bytes (4908.48 KB) | Ratio: 0.201051x
[CRoaring Storage] array=3052 (4.77013 MB) | run=0 (0 MB) | bitset=0 (0 MB) | total_bytes=5001840

[Compute] Pairwise ops on first 2 bitmaps:
  bitOr:  12.2948 ms (card: 2490719)
  bitAnd: 2.33503 ms (card: 10201)
  bitXor: 5.89938 ms (card: 2480518)

[Pure Ops] CRoaring operation-only (+ to-btv conversion):
  AND: 1.5954 ms (card: 10201)
  OR:  3.94194 ms (card: 2490719)
  OR (CR internal only, no to-btv): 2.31119 ms
  XOR: 4.14355 ms (card: 2480518)
  NOT: 2.64957 ms (card: 99499507)
  AND (in-place): 8.62409 ms
  [AND result containers] array=1525 (0.0194569 MB) bitset=0 (0 MB) run=0 (0 MB) total_bytes=20402
  [OR  result containers] array=1526 (4.75067 MB) bitset=0 (0 MB) run=0 (0 MB) total_bytes=4981438
  [XOR result containers] array=1526 (4.73121 MB) bitset=0 (0 MB) run=0 (0 MB) total_bytes=4961036
  [NOT result containers] array=0 (0 MB) bitset=1526 (11.9219 MB) run=0 (0 MB) total_bytes=12500992
  [Input A containers] array=1526 (0.954615 MB) bitset=0 (0 MB) run=0 (0 MB) total_bytes=1000986
  [Input B containers] array=1526 (3.81551 MB) bitset=0 (0 MB) run=0 (0 MB) total_bytes=4000854
  COMP native (~((A|B)&(B|C))): 7.61616 ms
  COMP (~((A|B)&(B|C))): 9.16333 ms
---------------------------------------
