CSV output: /home/lichenhang/lee/thesis/check/lee/combit-cr-native-20260820/experiments/cr_run_btv_literal_20260821/raw/density_r1_A6554_B6554_bitset_avx512.csv
=== Compressed .bm Benchmark Mode ===
Directory: /home/lichenhang/lee/thesis/check/lee/combit/gridindep/bitmap/bm_100m_A6554_B6554_bitset
Rows: 100000000 | Cardinality: 6554
AND caliber: PAIR (A&B, real op)

=======================================
Benchmark [Bitset (AVX512)] — Compressed .bm Files
Source: /home/lichenhang/lee/thesis/check/lee/combit/gridindep/bitmap/bm_100m_A6554_B6554_bitset
Rows: 100000000 | Cardinality: 6554 | Loaded: 2
=======================================
[Load] Loaded 2 compressed bitmaps: 11.9091 ms
  1.bm → cardinality: 10000633
  2.bm → cardinality: 10000600

[Storage] Total compressed: 25000000 bytes (24414.1 KB) | Ratio: 1x

[Compute] Pairwise ops on first 2 bitmaps:
  bitOr:  4.20436 ms (card: 19001500)
  bitAnd: 4.13864 ms (card: 999733)
  bitXor: 4.40056 ms (card: 18001767)

[Pure Ops] Bitset (AVX512) operation+alloc:
  AND (with alloc): 1.82301 ms
  OR  (with alloc): 1.77728 ms
  XOR (with alloc): 1.78021 ms
  NOT (with alloc): 1.37854 ms
  AND (in-place):   1.15013 ms
  COMP (~((A|B)&(B|C))): 5.45414 ms
---------------------------------------
