CSV output: /home/lichenhang/lee/thesis/check/lee/combit-cr-native-20260820/experiments/cr_run_btv_literal_20260821/raw/density_r3_A655_B655_bitset_avx512.csv
=== Compressed .bm Benchmark Mode ===
Directory: /home/lichenhang/lee/thesis/check/lee/combit/gridindep/bitmap/bm_100m_A655_B655_bitset
Rows: 100000000 | Cardinality: 655
AND caliber: PAIR (A&B, real op)

=======================================
Benchmark [Bitset (AVX512)] — Compressed .bm Files
Source: /home/lichenhang/lee/thesis/check/lee/combit/gridindep/bitmap/bm_100m_A655_B655_bitset
Rows: 100000000 | Cardinality: 655 | Loaded: 2
=======================================
[Load] Loaded 2 compressed bitmaps: 12.4602 ms
  1.bm → cardinality: 999453
  2.bm → cardinality: 999453

[Storage] Total compressed: 25000000 bytes (24414.1 KB) | Ratio: 1x

[Compute] Pairwise ops on first 2 bitmaps:
  bitOr:  4.53055 ms (card: 1988943)
  bitAnd: 4.8658 ms (card: 9963)
  bitXor: 5.31575 ms (card: 1978980)

[Pure Ops] Bitset (AVX512) operation+alloc:
  AND (with alloc): 1.74524 ms
  OR  (with alloc): 1.75506 ms
  XOR (with alloc): 1.71004 ms
  NOT (with alloc): 1.35347 ms
  AND (in-place):   1.13821 ms
  COMP (~((A|B)&(B|C))): 5.59262 ms
---------------------------------------
