CSV output: /home/lichenhang/lee/thesis/check/lee/combit-cr-native-20260820/experiments/cr_run_btv_literal_20260821/raw/density_r1_A3277_B19661_ddc.csv
=== Compressed .bm Benchmark Mode ===
Directory: /home/lichenhang/lee/thesis/check/lee/combit/gridindep/bitmap/bm_100m_A3277_B19661_ddc_w8
Rows: 100000000 | Cardinality: 3277
AND caliber: PAIR (A&B, real op)

=======================================
Benchmark [DDC (New)] — Compressed .bm Files
Source: /home/lichenhang/lee/thesis/check/lee/combit/gridindep/bitmap/bm_100m_A3277_B19661_ddc_w8
Rows: 100000000 | Cardinality: 3277 | Loaded: 2
=======================================
[Load] Loaded 2 compressed bitmaps: 11.6548 ms
  1.bm → cardinality: 5000333
  2.bm → cardinality: 30000288

[Storage] Total compressed: 18581443 bytes (18145.9 KB) | Ratio: 0.743258x
[DDC Storage] l4_bytes: 0.0465662 MB | l3_bytes: 0.231379 MB | l2_bytes: 1.99651 MB | l1_bytes: 15.2482 MB | total_bytes: 17.5227 MB

[Compute] Pairwise ops on first 2 bitmaps:
  bitOr:  6.13233 ms (card: 33501086)
  bitAnd: 6.74437 ms (card: 1499535)
  bitXor: 6.14787 ms (card: 32001551)
  [MIRROR-IN-PROC] OR raw: 1.47245 1.47378 1.47384 1.474 1.4741 1.47444 1.47464 1.4749 1.47504 1.47512 1.47518 1.47522 1.47526 1.4754 1.47571 1.47597 1.47597 1.47626 1.4764 1.47652 1.47681 1.47683 1.47685 1.47708 1.47713 1.47713 1.47717 1.47739 1.47803 1.47822 1.47832 1.47842 1.47872 1.47892 1.479 1.47904 1.48104 1.48151 1.48183 1.4826 1.48282 1.48288 1.48341 1.48355 1.48384 1.48388 1.48468 1.48554 1.48601 1.48649 1.48688 1.48728 1.48729 1.48814 1.48875 1.48895 1.48921 1.48954 1.49013 1.49067 1.49086 1.49136 1.49141 1.49144 1.49149 1.49183 1.49194 1.49194 1.49208 1.49211 1.49217 1.49226 1.49236 1.49241 1.49246 1.49257 1.49263 1.49265 1.49266 1.49268 1.49289 1.49372 1.49372 1.49383 1.49395 1.49398 1.49406 1.49408 1.49433 1.49439 1.49459 1.49464 1.49488 1.49535 1.49614 1.49836 1.49874 1.54857 1.5592 1.59896  median=1.48688

[Pure Ops] DDC operation-only timing:
  AND: 1.59586 ms (card: 1499535)
  OR:  1.48443 ms (card: 33501086)
  XOR: 1.52336 ms (card: 32001551)
  NOT: 0.636971 ms (card: 94999667)
  COMP (~((A|B)&(B|C))): 4.39261 ms (card: 66498914 OK)
---------------------------------------
  [Breakdown] DDC   L1=30.50 MiB  L2=3.99 MiB  L3=0.46 MiB  L4=0.09 MiB  total=35.05 MiB
