CSV output: /home/lichenhang/lee/thesis/check/lee/combit-cr-native-20260820/experiments/cr_run_btv_literal_20260821/raw/density_r1_A328_B13107_bitset_avx512.csv
=== Compressed .bm Benchmark Mode ===
Directory: /home/lichenhang/lee/thesis/check/lee/combit/gridindep/bitmap/bm_100m_A328_B13107_bitset
Rows: 100000000 | Cardinality: 328
AND caliber: PAIR (A&B, real op)

=======================================
Benchmark [Bitset (AVX512)] — Compressed .bm Files
Source: /home/lichenhang/lee/thesis/check/lee/combit/gridindep/bitmap/bm_100m_A328_B13107_bitset
Rows: 100000000 | Cardinality: 328 | Loaded: 2
=======================================
[Load] Loaded 2 compressed bitmaps: 12.0915 ms
  1.bm → cardinality: 500493
  2.bm → cardinality: 19999673

[Storage] Total compressed: 25000000 bytes (24414.1 KB) | Ratio: 1x

[Compute] Pairwise ops on first 2 bitmaps:
  bitOr:  4.7115 ms (card: 20400429)
  bitAnd: 4.3248 ms (card: 99737)
  bitXor: 4.54402 ms (card: 20300692)

[Pure Ops] Bitset (AVX512) operation+alloc:
  AND (with alloc): 1.80151 ms
  OR  (with alloc): 1.79841 ms
  XOR (with alloc): 1.79862 ms
  NOT (with alloc): 1.34097 ms
  AND (in-place):   1.16202 ms
  COMP (~((A|B)&(B|C))): 5.6808 ms
---------------------------------------
