CSV output: /home/lichenhang/lee/thesis/check/lee/combit-cr-native-20260820/experiments/cr_run_btv_literal_20260821/raw/density_r2_A32768_B32768_bitset_avx512.csv
=== Compressed .bm Benchmark Mode ===
Directory: /home/lichenhang/lee/thesis/check/lee/combit/gridindep/bitmap/bm_100m_A32768_B32768_bitset
Rows: 100000000 | Cardinality: 32768
AND caliber: PAIR (A&B, real op)

=======================================
Benchmark [Bitset (AVX512)] — Compressed .bm Files
Source: /home/lichenhang/lee/thesis/check/lee/combit/gridindep/bitmap/bm_100m_A32768_B32768_bitset
Rows: 100000000 | Cardinality: 32768 | Loaded: 2
=======================================
[Load] Loaded 2 compressed bitmaps: 11.9071 ms
  1.bm → cardinality: 50000025
  2.bm → cardinality: 50000004

[Storage] Total compressed: 25000000 bytes (24414.1 KB) | Ratio: 1x

[Compute] Pairwise ops on first 2 bitmaps:
  bitOr:  4.86296 ms (card: 75001341)
  bitAnd: 4.06643 ms (card: 24998688)
  bitXor: 4.05825 ms (card: 50002653)

[Pure Ops] Bitset (AVX512) operation+alloc:
  AND (with alloc): 1.57345 ms
  OR  (with alloc): 1.7114 ms
  XOR (with alloc): 1.70452 ms
  NOT (with alloc): 1.33983 ms
  AND (in-place):   1.12659 ms
  COMP (~((A|B)&(B|C))): 5.5011 ms
---------------------------------------
