CSV output: /home/lichenhang/lee/thesis/check/lee/combit-cr-native-20260820/experiments/cr_run_btv_literal_20260821/raw/density_r3_A3277_B3277_concise.csv
=== Compressed .bm Benchmark Mode ===
Directory: /home/lichenhang/lee/thesis/check/lee/combit/gridindep/bitmap/bm_100m_A3277_B3277_concise
Rows: 100000000 | Cardinality: 3277
AND caliber: PAIR (A&B, real op)

=======================================
Benchmark [Concise] — Compressed .bm Files
Source: /home/lichenhang/lee/thesis/check/lee/combit/gridindep/bitmap/bm_100m_A3277_B3277_concise
Rows: 100000000 | Cardinality: 3277 | Loaded: 2
=======================================
[Load] Loaded 2 compressed bitmaps: 11.0921 ms
  1.bm → cardinality: 5000333
  2.bm → cardinality: 5000323

[Storage] Total compressed: 22985084 bytes (22446.4 KB) | Ratio: 0.919403x

[Compute] Pairwise ops on first 2 bitmaps:
  bitOr:  30.2887 ms (card: 9750699)
  bitAnd: 49.3039 ms (card: 249957)
  bitXor: 33.2492 ms (card: 9500742)

[Pure Ops] Concise operation-only:
  AND: 40.8583 ms
  OR:  36.7142 ms
  XOR: 37.0472 ms
  NOT: 22.0701 ms (XOR with all-ones)
  COMP (~((A|B)&(B|C))): 120.85 ms
---------------------------------------
