CSV output: /home/lichenhang/lee/thesis/check/lee/combit-cr-native-20260820/experiments/cr_run_btv_literal_20260821/raw/density_r2_A13107_B19661_bitset_avx512.csv
=== Compressed .bm Benchmark Mode ===
Directory: /home/lichenhang/lee/thesis/check/lee/combit/gridindep/bitmap/bm_100m_A13107_B19661_bitset
Rows: 100000000 | Cardinality: 13107
AND caliber: PAIR (A&B, real op)

=======================================
Benchmark [Bitset (AVX512)] — Compressed .bm Files
Source: /home/lichenhang/lee/thesis/check/lee/combit/gridindep/bitmap/bm_100m_A13107_B19661_bitset
Rows: 100000000 | Cardinality: 13107 | Loaded: 2
=======================================
[Load] Loaded 2 compressed bitmaps: 12.2101 ms
  1.bm → cardinality: 19999726
  2.bm → cardinality: 30000288

[Storage] Total compressed: 25000000 bytes (24414.1 KB) | Ratio: 1x

[Compute] Pairwise ops on first 2 bitmaps:
  bitOr:  4.76606 ms (card: 44000071)
  bitAnd: 4.15616 ms (card: 5999943)
  bitXor: 4.25994 ms (card: 38000128)

[Pure Ops] Bitset (AVX512) operation+alloc:
  AND (with alloc): 1.53936 ms
  OR  (with alloc): 1.73173 ms
  XOR (with alloc): 1.69953 ms
  NOT (with alloc): 1.32704 ms
  AND (in-place):   1.12936 ms
  COMP (~((A|B)&(B|C))): 5.27663 ms
---------------------------------------
