CSV output: /home/lichenhang/lee/thesis/check/lee/combit-cr-native-20260820/experiments/cr_run_btv_literal_20260821/raw/density_r2_A3277_B32768_ewah.csv
=== Compressed .bm Benchmark Mode ===
Directory: /home/lichenhang/lee/thesis/check/lee/combit/gridindep/bitmap/bm_100m_A3277_B32768_ewah
Rows: 100000000 | Cardinality: 3277
AND caliber: PAIR (A&B, real op)

=======================================
Benchmark [EWAH] — Compressed .bm Files
Source: /home/lichenhang/lee/thesis/check/lee/combit/gridindep/bitmap/bm_100m_A3277_B32768_ewah
Rows: 100000000 | Cardinality: 3277 | Loaded: 2
=======================================
[Load] Loaded 2 compressed bitmaps: 12.2526 ms
  1.bm → cardinality: 5000333
  2.bm → cardinality: 50000004

[Storage] Total compressed: 24983128 bytes (24397.6 KB) | Ratio: 0.999325x

[Compute] Pairwise ops on first 2 bitmaps:
  bitOr:  9.5594 ms (card: 52500566)
  bitAnd: 14.4448 ms (card: 2499771)
  bitXor: 10.3774 ms (card: 50000795)

[Pure Ops] EWAH operation-only:
  AND: 10.7111 ms
  OR:  6.23251 ms
  XOR: 6.68859 ms
  NOT: 4.99452 ms
  COMP (~((A|B)&(B|C))): 23.1024 ms
---------------------------------------
