CSV output: /home/lichenhang/lee/thesis/check/lee/combit-cr-native-20260820/experiments/cr_run_btv_literal_20260821/raw/density_r3_A328_B3277_ewah.csv
=== Compressed .bm Benchmark Mode ===
Directory: /home/lichenhang/lee/thesis/check/lee/combit/gridindep/bitmap/bm_100m_A328_B3277_ewah
Rows: 100000000 | Cardinality: 328
AND caliber: PAIR (A&B, real op)

=======================================
Benchmark [EWAH] — Compressed .bm Files
Source: /home/lichenhang/lee/thesis/check/lee/combit/gridindep/bitmap/bm_100m_A328_B3277_ewah
Rows: 100000000 | Cardinality: 328 | Loaded: 2
=======================================
[Load] Loaded 2 compressed bitmaps: 8.93147 ms
  1.bm → cardinality: 500493
  2.bm → cardinality: 5000323

[Storage] Total compressed: 18409624 bytes (17978.1 KB) | Ratio: 0.736385x

[Compute] Pairwise ops on first 2 bitmaps:
  bitOr:  15.2765 ms (card: 5475813)
  bitAnd: 7.20552 ms (card: 25003)
  bitXor: 16.6326 ms (card: 5450810)

[Pure Ops] EWAH operation-only:
  AND: 7.02142 ms
  OR:  11.47 ms
  XOR: 12.1848 ms
  NOT: 3.96871 ms
  COMP (~((A|B)&(B|C))): 35.2109 ms
---------------------------------------
