CSV output: /home/lichenhang/lee/thesis/check/lee/combit-cr-native-20260820/experiments/cr_run_btv_literal_20260821/raw/density_r3_A13107_B32768_wah.csv
=== Compressed .bm Benchmark Mode ===
Directory: /home/lichenhang/lee/thesis/check/lee/combit/gridindep/bitmap/bm_100m_A13107_B32768_wah
Rows: 100000000 | Cardinality: 13107
AND caliber: PAIR (A&B, real op)

=======================================
Benchmark [WAH (FastBit)] — Compressed .bm Files
Source: /home/lichenhang/lee/thesis/check/lee/combit/gridindep/bitmap/bm_100m_A13107_B32768_wah
Rows: 100000000 | Cardinality: 13107 | Loaded: 2
=======================================
[Load] Loaded 2 compressed bitmaps: 18.9941 ms
  1.bm → cardinality: 19999726
  2.bm → cardinality: 50000004

[Storage] Total compressed: 25806456 bytes (25201.6 KB) | Ratio: 1.03226x

[Compute] Pairwise ops on first 2 bitmaps:
  bitOr:  10.995 ms (card: 59999261)
  bitAnd: 7.31018 ms (card: 10000469)
  bitXor: 15.5245 ms (card: 49998792)

[Pure Ops] WAH (FastBit) operation-only:
  AND: 3.23226 ms
  OR:  3.22886 ms
  XOR: 10.9222 ms
  NOT: 1.47111 ms
  COMP (~((A|B)&(B|C))): 8.95442 ms
---------------------------------------
