CSV output: /home/lichenhang/lee/thesis/check/lee/combit-cr-native-20260820/experiments/cr_run_btv_literal_20260821/raw/density_r1_A19661_B32768_croaring.csv
=== Compressed .bm Benchmark Mode ===
Directory: /home/lichenhang/lee/thesis/check/lee/combit/gridindep/bitmap/bm_100m_A19661_B32768_roaring
Rows: 100000000 | Cardinality: 19661
AND caliber: PAIR (A&B, real op)

=======================================
Benchmark [CRoaring] — Compressed .bm Files
Source: /home/lichenhang/lee/thesis/check/lee/combit/gridindep/bitmap/bm_100m_A19661_B32768_roaring
Rows: 100000000 | Cardinality: 19661 | Loaded: 2
=======================================
[Load] Loaded 2 compressed bitmaps: 19.0864 ms
  1.bm → cardinality: 30000235
  2.bm → cardinality: 50000004

[Storage] Total compressed: 25026424 bytes (24439.9 KB) | Ratio: 1.00106x
[CRoaring Storage] array=0 (0 MB) | run=0 (0 MB) | bitset=3052 (23.8438 MB) | total_bytes=25001984

[Compute] Pairwise ops on first 2 bitmaps:
  bitOr:  7.21215 ms (card: 64999375)
  bitAnd: 7.90426 ms (card: 15000864)
  bitXor: 7.12905 ms (card: 49998511)

[Pure Ops] CRoaring operation-only (+ to-btv conversion):
  AND: 2.97937 ms (card: 15000864)
  OR:  2.96105 ms (card: 64999375)
  OR (CR internal only, no to-btv): 1.51537 ms
  XOR: 2.9791 ms (card: 49998511)
  NOT: 3.0338 ms (card: 69999765)
  AND (in-place): 6.64237 ms
  [AND result containers] array=0 (0 MB) bitset=1526 (11.9219 MB) run=0 (0 MB) total_bytes=12500992
  [OR  result containers] array=0 (0 MB) bitset=1526 (11.9219 MB) run=0 (0 MB) total_bytes=12500992
  [XOR result containers] array=0 (0 MB) bitset=1526 (11.9219 MB) run=0 (0 MB) total_bytes=12500992
  [NOT result containers] array=0 (0 MB) bitset=1526 (11.9219 MB) run=0 (0 MB) total_bytes=12500992
  [Input A containers] array=0 (0 MB) bitset=1526 (11.9219 MB) run=0 (0 MB) total_bytes=12500992
  [Input B containers] array=0 (0 MB) bitset=1526 (11.9219 MB) run=0 (0 MB) total_bytes=12500992
  COMP native (~((A|B)&(B|C))): 5.14907 ms
  COMP (~((A|B)&(B|C))): 6.55751 ms
---------------------------------------
