CSV output: /home/lichenhang/lee/thesis/check/lee/combit-cr-native-20260820/experiments/cr_run_btv_literal_20260821/raw/density_r3_A66_B13107_ddc.csv
=== Compressed .bm Benchmark Mode ===
Directory: /home/lichenhang/lee/thesis/check/lee/combit/gridindep/bitmap/bm_100m_A66_B13107_ddc_w8
Rows: 100000000 | Cardinality: 66
AND caliber: PAIR (A&B, real op)

=======================================
Benchmark [DDC (New)] — Compressed .bm Files
Source: /home/lichenhang/lee/thesis/check/lee/combit/gridindep/bitmap/bm_100m_A66_B13107_ddc_w8
Rows: 100000000 | Cardinality: 66 | Loaded: 2
=======================================
[Load] Loaded 2 compressed bitmaps: 7.87852 ms
  1.bm → cardinality: 100706
  2.bm → cardinality: 19999673

[Storage] Total compressed: 12310560 bytes (12022 KB) | Ratio: 0.492422x
[DDC Storage] l4_bytes: 0.0465662 MB | l3_bytes: 0.238278 MB | l2_bytes: 1.24097 MB | l1_bytes: 10.0165 MB | total_bytes: 11.5423 MB

[Compute] Pairwise ops on first 2 bitmaps:
  bitOr:  5.89081 ms (card: 20080036)
  bitAnd: 6.15844 ms (card: 20343)
  bitXor: 6.85671 ms (card: 20059693)
  [MIRROR-IN-PROC] OR raw: 1.48392 1.48483 1.48549 1.48554 1.48774 1.48834 1.48863 1.4887 1.48923 1.4893 1.48935 1.48938 1.48951 1.48956 1.48961 1.48976 1.48984 1.49003 1.4901 1.49021 1.49039 1.49047 1.49063 1.49101 1.49103 1.49105 1.49112 1.49119 1.4913 1.49131 1.49148 1.49168 1.49198 1.49198 1.49225 1.49239 1.49263 1.49315 1.49317 1.49321 1.4933 1.49458 1.49464 1.49465 1.49472 1.4948 1.49482 1.49498 1.49506 1.49508 1.49526 1.49527 1.49537 1.49542 1.49548 1.49551 1.49554 1.49556 1.49568 1.4957 1.49582 1.49589 1.4959 1.49592 1.49602 1.49602 1.49612 1.4962 1.49627 1.49628 1.49632 1.49637 1.49657 1.49667 1.49674 1.49677 1.49691 1.49716 1.49792 1.49796 1.49853 1.49935 1.49938 1.49973 1.49999 1.50001 1.50017 1.50052 1.50084 1.50186 1.50205 1.5023 1.50271 1.50296 1.50333 1.50378 1.50487 1.50494 1.50902 1.75416  median=1.49526

[Pure Ops] DDC operation-only timing:
  AND: 1.89465 ms (card: 20343)
  OR:  1.49379 ms (card: 20080036)
  XOR: 1.90962 ms (card: 20059693)
  NOT: 0.149646 ms (card: 99899294)
  COMP (~((A|B)&(B|C))): 4.4537 ms (card: 79919964 OK)
---------------------------------------
  [Breakdown] DDC   L1=20.03 MiB  L2=2.48 MiB  L3=0.48 MiB  L4=0.09 MiB  total=23.08 MiB
