CSV output: /home/lichenhang/lee/thesis/check/lee/combit-cr-native-20260820/experiments/cr_run_btv_literal_20260821/raw/density_r2_A655_B32768_bitset_avx512.csv
=== Compressed .bm Benchmark Mode ===
Directory: /home/lichenhang/lee/thesis/check/lee/combit/gridindep/bitmap/bm_100m_A655_B32768_bitset
Rows: 100000000 | Cardinality: 655
AND caliber: PAIR (A&B, real op)

=======================================
Benchmark [Bitset (AVX512)] — Compressed .bm Files
Source: /home/lichenhang/lee/thesis/check/lee/combit/gridindep/bitmap/bm_100m_A655_B32768_bitset
Rows: 100000000 | Cardinality: 655 | Loaded: 2
=======================================
[Load] Loaded 2 compressed bitmaps: 12.0995 ms
  1.bm → cardinality: 999453
  2.bm → cardinality: 50000004

[Storage] Total compressed: 25000000 bytes (24414.1 KB) | Ratio: 1x

[Compute] Pairwise ops on first 2 bitmaps:
  bitOr:  4.90652 ms (card: 50499833)
  bitAnd: 4.53653 ms (card: 499624)
  bitXor: 5.23177 ms (card: 50000209)

[Pure Ops] Bitset (AVX512) operation+alloc:
  AND (with alloc): 1.60248 ms
  OR  (with alloc): 1.48761 ms
  XOR (with alloc): 1.67842 ms
  NOT (with alloc): 1.35696 ms
  AND (in-place):   1.15782 ms
  COMP (~((A|B)&(B|C))): 5.50844 ms
---------------------------------------
