CSV output: /home/lichenhang/lee/thesis/check/lee/combit-cr-native-20260820/experiments/cr_run_btv_literal_20260821/raw/density_r3_A66_B6554_bitset_avx512.csv
=== Compressed .bm Benchmark Mode ===
Directory: /home/lichenhang/lee/thesis/check/lee/combit/gridindep/bitmap/bm_100m_A66_B6554_bitset
Rows: 100000000 | Cardinality: 66
AND caliber: PAIR (A&B, real op)

=======================================
Benchmark [Bitset (AVX512)] — Compressed .bm Files
Source: /home/lichenhang/lee/thesis/check/lee/combit/gridindep/bitmap/bm_100m_A66_B6554_bitset
Rows: 100000000 | Cardinality: 66 | Loaded: 2
=======================================
[Load] Loaded 2 compressed bitmaps: 12.2695 ms
  1.bm → cardinality: 100706
  2.bm → cardinality: 10000600

[Storage] Total compressed: 25000000 bytes (24414.1 KB) | Ratio: 1x

[Compute] Pairwise ops on first 2 bitmaps:
  bitOr:  4.22711 ms (card: 10091048)
  bitAnd: 4.1245 ms (card: 10258)
  bitXor: 4.40857 ms (card: 10080790)

[Pure Ops] Bitset (AVX512) operation+alloc:
  AND (with alloc): 1.77843 ms
  OR  (with alloc): 1.75465 ms
  XOR (with alloc): 1.69369 ms
  NOT (with alloc): 1.36411 ms
  AND (in-place):   1.13632 ms
  COMP (~((A|B)&(B|C))): 5.32409 ms
---------------------------------------
