CSV output: /home/lichenhang/lee/thesis/check/lee/combit-cr-native-20260820/experiments/cr_run_btv_literal_20260821/raw/density_r2_A655_B655_ewah.csv
=== Compressed .bm Benchmark Mode ===
Directory: /home/lichenhang/lee/thesis/check/lee/combit/gridindep/bitmap/bm_100m_A655_B655_ewah
Rows: 100000000 | Cardinality: 655
AND caliber: PAIR (A&B, real op)

=======================================
Benchmark [EWAH] — Compressed .bm Files
Source: /home/lichenhang/lee/thesis/check/lee/combit/gridindep/bitmap/bm_100m_A655_B655_ewah
Rows: 100000000 | Cardinality: 655 | Loaded: 2
=======================================
[Load] Loaded 2 compressed bitmaps: 9.67327 ms
  1.bm → cardinality: 999453
  2.bm → cardinality: 999453

[Storage] Total compressed: 18093952 bytes (17669.9 KB) | Ratio: 0.723758x

[Compute] Pairwise ops on first 2 bitmaps:
  bitOr:  24.5586 ms (card: 1988943)
  bitAnd: 16.2457 ms (card: 9963)
  bitXor: 24.9497 ms (card: 1978980)

[Pure Ops] EWAH operation-only:
  AND: 16.0314 ms
  OR:  20.0172 ms
  XOR: 20.11 ms
  NOT: 6.80179 ms
  COMP (~((A|B)&(B|C))): 57.3726 ms
---------------------------------------
