CSV output: /home/lichenhang/lee/thesis/check/lee/combit-cr-native-20260820/experiments/cr_run_btv_literal_20260821/raw/density_r2_A26214_B26214_croaring.csv
=== Compressed .bm Benchmark Mode ===
Directory: /home/lichenhang/lee/thesis/check/lee/combit/gridindep/bitmap/bm_100m_A26214_B26214_roaring
Rows: 100000000 | Cardinality: 26214
AND caliber: PAIR (A&B, real op)

=======================================
Benchmark [CRoaring] — Compressed .bm Files
Source: /home/lichenhang/lee/thesis/check/lee/combit/gridindep/bitmap/bm_100m_A26214_B26214_roaring
Rows: 100000000 | Cardinality: 26214 | Loaded: 2
=======================================
[Load] Loaded 2 compressed bitmaps: 26.5744 ms
  1.bm → cardinality: 39999368
  2.bm → cardinality: 39999373

[Storage] Total compressed: 25026424 bytes (24439.9 KB) | Ratio: 1.00106x
[CRoaring Storage] array=0 (0 MB) | run=0 (0 MB) | bitset=3052 (23.8438 MB) | total_bytes=25001984

[Compute] Pairwise ops on first 2 bitmaps:
  bitOr:  6.92728 ms (card: 63998168)
  bitAnd: 7.55591 ms (card: 16000573)
  bitXor: 6.83735 ms (card: 47997595)

[Pure Ops] CRoaring operation-only (+ to-btv conversion):
  AND: 2.8419 ms (card: 16000573)
  OR:  2.82665 ms (card: 63998168)
  OR (CR internal only, no to-btv): 1.43647 ms
  XOR: 2.83584 ms (card: 47997595)
  NOT: 2.89818 ms (card: 60000632)
  AND (in-place): 6.43032 ms
  [AND result containers] array=0 (0 MB) bitset=1526 (11.9219 MB) run=0 (0 MB) total_bytes=12500992
  [OR  result containers] array=0 (0 MB) bitset=1526 (11.9219 MB) run=0 (0 MB) total_bytes=12500992
  [XOR result containers] array=0 (0 MB) bitset=1526 (11.9219 MB) run=0 (0 MB) total_bytes=12500992
  [NOT result containers] array=0 (0 MB) bitset=1526 (11.9219 MB) run=0 (0 MB) total_bytes=12500992
  [Input A containers] array=0 (0 MB) bitset=1526 (11.9219 MB) run=0 (0 MB) total_bytes=12500992
  [Input B containers] array=0 (0 MB) bitset=1526 (11.9219 MB) run=0 (0 MB) total_bytes=12500992
  COMP native (~((A|B)&(B|C))): 4.91298 ms
  COMP (~((A|B)&(B|C))): 6.29312 ms
---------------------------------------
