CSV output: /home/lichenhang/lee/thesis/check/lee/combit-cr-native-20260820/experiments/cr_run_btv_literal_20260821/raw/density_r3_A66_B66_ddc.csv
=== Compressed .bm Benchmark Mode ===
Directory: /home/lichenhang/lee/thesis/check/lee/combit/gridindep/bitmap/bm_100m_A66_B66_ddc_w8
Rows: 100000000 | Cardinality: 66
AND caliber: PAIR (A&B, real op)

=======================================
Benchmark [DDC (New)] — Compressed .bm Files
Source: /home/lichenhang/lee/thesis/check/lee/combit/gridindep/bitmap/bm_100m_A66_B66_ddc_w8
Rows: 100000000 | Cardinality: 66 | Loaded: 2
=======================================
[Load] Loaded 2 compressed bitmaps: 1.64118 ms
  1.bm → cardinality: 100706
  2.bm → cardinality: 100711

[Storage] Total compressed: 810148 bytes (791.16 KB) | Ratio: 0.0324059x
[DDC Storage] l4_bytes: 0.0465662 MB | l3_bytes: 0.150409 MB | l2_bytes: 0.186216 MB | l1_bytes: 0.191457 MB | total_bytes: 0.574648 MB

[Compute] Pairwise ops on first 2 bitmaps:
  bitOr:  5.97786 ms (card: 201329)
  bitAnd: 7.32694 ms (card: 88)
  bitXor: 7.24479 ms (card: 201241)
  [MIRROR-IN-PROC] OR raw: 1.38474 1.38581 1.38641 1.38688 1.38723 1.38738 1.38744 1.38774 1.38787 1.38834 1.3887 1.38887 1.38916 1.38931 1.38944 1.38945 1.39022 1.39056 1.39104 1.39104 1.39107 1.39127 1.3913 1.39142 1.39144 1.3915 1.39152 1.39173 1.39185 1.39189 1.39213 1.39224 1.39234 1.39245 1.39262 1.39281 1.39312 1.39318 1.39366 1.39369 1.39476 1.39494 1.39536 1.39574 1.39582 1.39588 1.39592 1.39593 1.396 1.39612 1.39615 1.39621 1.39622 1.3963 1.39689 1.39702 1.39708 1.39711 1.39728 1.39734 1.3974 1.39742 1.39786 1.39803 1.39803 1.39824 1.39832 1.39835 1.3987 1.39921 1.39936 1.39959 1.39969 1.39976 1.39991 1.40001 1.40005 1.40007 1.40027 1.40027 1.40058 1.4012 1.40126 1.40133 1.40154 1.40167 1.40203 1.40402 1.4043 1.40436 1.405 1.4051 1.40587 1.40663 1.40687 1.40903 1.40963 1.42038 1.45361 1.48137  median=1.39615

[Pure Ops] DDC operation-only timing:
  AND: 2.45973 ms (card: 88)
  OR:  1.39616 ms (card: 201329)
  XOR: 2.34211 ms (card: 201241)
  NOT: 0.148866 ms (card: 99899294)
  COMP (~((A|B)&(B|C))): 4.2142 ms (card: 99798671 OK)
---------------------------------------
  [Breakdown] DDC   L1=0.38 MiB  L2=0.37 MiB  L3=0.30 MiB  L4=0.09 MiB  total=1.15 MiB
