CSV output: /home/lichenhang/lee/thesis/check/lee/combit-cr-native-20260820/experiments/cr_run_btv_literal_20260821/raw/density_r3_A26214_B26214_bitset_avx512.csv
=== Compressed .bm Benchmark Mode ===
Directory: /home/lichenhang/lee/thesis/check/lee/combit/gridindep/bitmap/bm_100m_A26214_B26214_bitset
Rows: 100000000 | Cardinality: 26214
AND caliber: PAIR (A&B, real op)

=======================================
Benchmark [Bitset (AVX512)] — Compressed .bm Files
Source: /home/lichenhang/lee/thesis/check/lee/combit/gridindep/bitmap/bm_100m_A26214_B26214_bitset
Rows: 100000000 | Cardinality: 26214 | Loaded: 2
=======================================
[Load] Loaded 2 compressed bitmaps: 12.1543 ms
  1.bm → cardinality: 39999368
  2.bm → cardinality: 39999373

[Storage] Total compressed: 25000000 bytes (24414.1 KB) | Ratio: 1x

[Compute] Pairwise ops on first 2 bitmaps:
  bitOr:  4.99658 ms (card: 63998168)
  bitAnd: 4.15431 ms (card: 16000573)
  bitXor: 4.21691 ms (card: 47997595)

[Pure Ops] Bitset (AVX512) operation+alloc:
  AND (with alloc): 1.41358 ms
  OR  (with alloc): 1.7378 ms
  XOR (with alloc): 1.75327 ms
  NOT (with alloc): 1.34096 ms
  AND (in-place):   1.14105 ms
  COMP (~((A|B)&(B|C))): 5.42413 ms
---------------------------------------
