CSV output: /home/lichenhang/lee/thesis/check/lee/combit-cr-native-20260820/experiments/cr_run_btv_literal_20260821/raw/density_r1_A655_B19661_ewah.csv
=== Compressed .bm Benchmark Mode ===
Directory: /home/lichenhang/lee/thesis/check/lee/combit/gridindep/bitmap/bm_100m_A655_B19661_ewah
Rows: 100000000 | Cardinality: 655
AND caliber: PAIR (A&B, real op)

=======================================
Benchmark [EWAH] — Compressed .bm Files
Source: /home/lichenhang/lee/thesis/check/lee/combit/gridindep/bitmap/bm_100m_A655_B19661_ewah
Rows: 100000000 | Cardinality: 655 | Loaded: 2
=======================================
[Load] Loaded 2 compressed bitmaps: 9.96009 ms
  1.bm → cardinality: 999453
  2.bm → cardinality: 30000288

[Storage] Total compressed: 21543584 bytes (21038.7 KB) | Ratio: 0.861743x

[Compute] Pairwise ops on first 2 bitmaps:
  bitOr:  16.7257 ms (card: 30698855)
  bitAnd: 14.867 ms (card: 300886)
  bitXor: 17.7353 ms (card: 30397969)

[Pure Ops] EWAH operation-only:
  AND: 13.5322 ms
  OR:  13.0849 ms
  XOR: 14.0706 ms
  NOT: 6.77194 ms
  COMP (~((A|B)&(B|C))): 37.0417 ms
---------------------------------------
