CSV output: /home/lichenhang/lee/thesis/check/lee/combit-cr-native-20260820/experiments/cr_run_btv_literal_20260821/raw/density_r2_A66_B26214_ewah.csv
=== Compressed .bm Benchmark Mode ===
Directory: /home/lichenhang/lee/thesis/check/lee/combit/gridindep/bitmap/bm_100m_A66_B26214_ewah
Rows: 100000000 | Cardinality: 66
AND caliber: PAIR (A&B, real op)

=======================================
Benchmark [EWAH] — Compressed .bm Files
Source: /home/lichenhang/lee/thesis/check/lee/combit/gridindep/bitmap/bm_100m_A66_B26214_ewah
Rows: 100000000 | Cardinality: 66 | Loaded: 2
=======================================
[Load] Loaded 2 compressed bitmaps: 9.10791 ms
  1.bm → cardinality: 100706
  2.bm → cardinality: 39999373

[Storage] Total compressed: 14012512 bytes (13684.1 KB) | Ratio: 0.5605x

[Compute] Pairwise ops on first 2 bitmaps:
  bitOr:  7.20621 ms (card: 40059632)
  bitAnd: 2.36802 ms (card: 40447)
  bitXor: 7.63556 ms (card: 40019185)

[Pure Ops] EWAH operation-only:
  AND: 2.10057 ms
  OR:  3.24676 ms
  XOR: 3.65812 ms
  NOT: 0.881868 ms
  COMP (~((A|B)&(B|C))): 17.1951 ms
---------------------------------------
