CSV output: /home/lichenhang/lee/thesis/check/lee/combit-cr-native-20260820/experiments/cr_run_btv_literal_20260821/raw/density_r3_A13107_B26214_concise.csv
=== Compressed .bm Benchmark Mode ===
Directory: /home/lichenhang/lee/thesis/check/lee/combit/gridindep/bitmap/bm_100m_A13107_B26214_concise
Rows: 100000000 | Cardinality: 13107
AND caliber: PAIR (A&B, real op)

=======================================
Benchmark [Concise] — Compressed .bm Files
Source: /home/lichenhang/lee/thesis/check/lee/combit/gridindep/bitmap/bm_100m_A13107_B26214_concise
Rows: 100000000 | Cardinality: 13107 | Loaded: 2
=======================================
[Load] Loaded 2 compressed bitmaps: 12.5242 ms
  1.bm → cardinality: 19999726
  2.bm → cardinality: 39999373

[Storage] Total compressed: 25806376 bytes (25201.5 KB) | Ratio: 1.03226x

[Compute] Pairwise ops on first 2 bitmaps:
  bitOr:  20.3308 ms (card: 52000887)
  bitAnd: 41.4181 ms (card: 7998212)
  bitXor: 22.0884 ms (card: 44002675)

[Pure Ops] Concise operation-only:
  AND: 31.691 ms
  OR:  25.6708 ms
  XOR: 25.778 ms
  NOT: 14.6453 ms (XOR with all-ones)
  COMP (~((A|B)&(B|C))): 99.8845 ms
---------------------------------------
