CSV output: /home/lichenhang/lee/thesis/check/lee/combit-cr-native-20260820/experiments/cr_run_btv_literal_20260821/raw/density_r1_A66_B328_ddc.csv
=== Compressed .bm Benchmark Mode ===
Directory: /home/lichenhang/lee/thesis/check/lee/combit/gridindep/bitmap/bm_100m_A66_B328_ddc_w8
Rows: 100000000 | Cardinality: 66
AND caliber: PAIR (A&B, real op)

=======================================
Benchmark [DDC (New)] — Compressed .bm Files
Source: /home/lichenhang/lee/thesis/check/lee/combit/gridindep/bitmap/bm_100m_A66_B328_ddc_w8
Rows: 100000000 | Cardinality: 66 | Loaded: 2
=======================================
[Load] Loaded 2 compressed bitmaps: 2.07146 ms
  1.bm → cardinality: 100706
  2.bm → cardinality: 500481

[Storage] Total compressed: 1635623 bytes (1597.29 KB) | Ratio: 0.0654249x
[DDC Storage] l4_bytes: 0.0465662 MB | l3_bytes: 0.247359 MB | l2_bytes: 0.503215 MB | l1_bytes: 0.564742 MB | total_bytes: 1.36188 MB

[Compute] Pairwise ops on first 2 bitmaps:
  bitOr:  5.51575 ms (card: 600699)
  bitAnd: 6.93787 ms (card: 488)
  bitXor: 6.85339 ms (card: 600211)
  [MIRROR-IN-PROC] OR raw: 1.41373 1.41379 1.4139 1.41572 1.41588 1.41595 1.41598 1.41615 1.41638 1.41638 1.41656 1.41659 1.41661 1.41662 1.41706 1.41709 1.4171 1.41712 1.41726 1.41741 1.41755 1.41758 1.41774 1.41775 1.41779 1.41802 1.41803 1.41844 1.41854 1.41866 1.41874 1.41884 1.41893 1.41911 1.41933 1.41945 1.41965 1.4197 1.41979 1.42019 1.42029 1.42039 1.42045 1.42156 1.42196 1.42204 1.42208 1.42312 1.42347 1.42395 1.42439 1.42528 1.42536 1.42538 1.42569 1.42607 1.42625 1.42647 1.42663 1.42678 1.42688 1.42727 1.42788 1.4281 1.42904 1.43031 1.43117 1.43149 1.43195 1.43197 1.43227 1.4324 1.43241 1.43251 1.43262 1.43277 1.43289 1.43307 1.43314 1.43315 1.43316 1.43317 1.43338 1.43347 1.43364 1.43401 1.43411 1.43429 1.43442 1.43445 1.43453 1.43467 1.43483 1.43504 1.43562 1.43661 1.43719 1.43745 1.43975 1.44407  median=1.42439

[Pure Ops] DDC operation-only timing:
  AND: 2.01571 ms (card: 488)
  OR:  1.42714 ms (card: 600699)
  XOR: 1.97642 ms (card: 600211)
  NOT: 0.149184 ms (card: 99899294)
  COMP (~((A|B)&(B|C))): 4.37691 ms (card: 99399301 OK)
---------------------------------------
  [Breakdown] DDC   L1=1.13 MiB  L2=1.01 MiB  L3=0.49 MiB  L4=0.09 MiB  total=2.72 MiB
