CSV output: /home/lichenhang/lee/thesis/check/lee/combit-cr-native-20260820/experiments/cr_run_btv_literal_20260821/raw/density_r3_A66_B13107_concise.csv
=== Compressed .bm Benchmark Mode ===
Directory: /home/lichenhang/lee/thesis/check/lee/combit/gridindep/bitmap/bm_100m_A66_B13107_concise
Rows: 100000000 | Cardinality: 66
AND caliber: PAIR (A&B, real op)

=======================================
Benchmark [Concise] — Compressed .bm Files
Source: /home/lichenhang/lee/thesis/check/lee/combit/gridindep/bitmap/bm_100m_A66_B13107_concise
Rows: 100000000 | Cardinality: 66 | Loaded: 2
=======================================
[Load] Loaded 2 compressed bitmaps: 6.68959 ms
  1.bm → cardinality: 100706
  2.bm → cardinality: 19999673

[Storage] Total compressed: 13305704 bytes (12993.9 KB) | Ratio: 0.532228x

[Compute] Pairwise ops on first 2 bitmaps:
  bitOr:  17.5681 ms (card: 20080036)
  bitAnd: 22.1601 ms (card: 20343)
  bitXor: 19.3151 ms (card: 20059693)

[Pure Ops] Concise operation-only:
  AND: 17.6513 ms
  OR:  19.7017 ms
  XOR: 19.8222 ms
  NOT: 1.29222 ms (XOR with all-ones)
  COMP (~((A|B)&(B|C))): 82.8518 ms
---------------------------------------
