CSV output: /home/lichenhang/lee/thesis/check/lee/combit-cr-native-20260820/experiments/cr_run_btv_literal_20260821/raw/density_r2_A3277_B26214_wah.csv
=== Compressed .bm Benchmark Mode ===
Directory: /home/lichenhang/lee/thesis/check/lee/combit/gridindep/bitmap/bm_100m_A3277_B26214_wah
Rows: 100000000 | Cardinality: 3277
AND caliber: PAIR (A&B, real op)

=======================================
Benchmark [WAH (FastBit)] — Compressed .bm Files
Source: /home/lichenhang/lee/thesis/check/lee/combit/gridindep/bitmap/bm_100m_A3277_B26214_wah
Rows: 100000000 | Cardinality: 3277 | Loaded: 2
=======================================
[Load] Loaded 2 compressed bitmaps: 18.997 ms
  1.bm → cardinality: 5000333
  2.bm → cardinality: 39999373

[Storage] Total compressed: 25271840 bytes (24679.5 KB) | Ratio: 1.01087x

[Compute] Pairwise ops on first 2 bitmaps:
  bitOr:  10.8117 ms (card: 42998881)
  bitAnd: 8.92685 ms (card: 2000825)
  bitXor: 16.6061 ms (card: 40998056)

[Pure Ops] WAH (FastBit) operation-only:
  AND: 5.02075 ms
  OR:  4.81689 ms
  XOR: 11.3551 ms
  NOT: 1.44215 ms
  COMP (~((A|B)&(B|C))): 12.1676 ms
---------------------------------------
