CSV output: /home/lichenhang/lee/thesis/check/lee/combit-cr-native-20260820/experiments/cr_run_btv_literal_20260821/raw/density_r1_A655_B13107_ewah.csv
=== Compressed .bm Benchmark Mode ===
Directory: /home/lichenhang/lee/thesis/check/lee/combit/gridindep/bitmap/bm_100m_A655_B13107_ewah
Rows: 100000000 | Cardinality: 655
AND caliber: PAIR (A&B, real op)

=======================================
Benchmark [EWAH] — Compressed .bm Files
Source: /home/lichenhang/lee/thesis/check/lee/combit/gridindep/bitmap/bm_100m_A655_B13107_ewah
Rows: 100000000 | Cardinality: 655 | Loaded: 2
=======================================
[Load] Loaded 2 compressed bitmaps: 10.0735 ms
  1.bm → cardinality: 999453
  2.bm → cardinality: 19999673

[Storage] Total compressed: 21543584 bytes (21038.7 KB) | Ratio: 0.861743x

[Compute] Pairwise ops on first 2 bitmaps:
  bitOr:  16.9565 ms (card: 20798394)
  bitAnd: 13.1047 ms (card: 200732)
  bitXor: 18.2483 ms (card: 20597662)

[Pure Ops] EWAH operation-only:
  AND: 12.1556 ms
  OR:  13.1243 ms
  XOR: 14.7973 ms
  NOT: 6.79406 ms
  COMP (~((A|B)&(B|C))): 37.064 ms
---------------------------------------
