CSV output: /home/lichenhang/lee/thesis/check/lee/combit-cr-native-20260820/experiments/cr_run_btv_literal_20260821/raw/density_r1_A6554_B19661_bitset_avx512.csv
=== Compressed .bm Benchmark Mode ===
Directory: /home/lichenhang/lee/thesis/check/lee/combit/gridindep/bitmap/bm_100m_A6554_B19661_bitset
Rows: 100000000 | Cardinality: 6554
AND caliber: PAIR (A&B, real op)

=======================================
Benchmark [Bitset (AVX512)] — Compressed .bm Files
Source: /home/lichenhang/lee/thesis/check/lee/combit/gridindep/bitmap/bm_100m_A6554_B19661_bitset
Rows: 100000000 | Cardinality: 6554 | Loaded: 2
=======================================
[Load] Loaded 2 compressed bitmaps: 12.0459 ms
  1.bm → cardinality: 10000633
  2.bm → cardinality: 30000288

[Storage] Total compressed: 25000000 bytes (24414.1 KB) | Ratio: 1x

[Compute] Pairwise ops on first 2 bitmaps:
  bitOr:  4.93255 ms (card: 37000887)
  bitAnd: 4.29418 ms (card: 3000034)
  bitXor: 4.36642 ms (card: 34000853)

[Pure Ops] Bitset (AVX512) operation+alloc:
  AND (with alloc): 1.54097 ms
  OR  (with alloc): 1.77226 ms
  XOR (with alloc): 1.76656 ms
  NOT (with alloc): 1.36982 ms
  AND (in-place):   1.17957 ms
  COMP (~((A|B)&(B|C))): 5.54983 ms
---------------------------------------
