CSV output: /home/lichenhang/lee/thesis/check/lee/combit-cr-native-20260820/experiments/cr_run_btv_literal_20260821/raw/density_r2_A13107_B26214_croaring.csv
=== Compressed .bm Benchmark Mode ===
Directory: /home/lichenhang/lee/thesis/check/lee/combit/gridindep/bitmap/bm_100m_A13107_B26214_roaring
Rows: 100000000 | Cardinality: 13107
AND caliber: PAIR (A&B, real op)

=======================================
Benchmark [CRoaring] — Compressed .bm Files
Source: /home/lichenhang/lee/thesis/check/lee/combit/gridindep/bitmap/bm_100m_A13107_B26214_roaring
Rows: 100000000 | Cardinality: 13107 | Loaded: 2
=======================================
[Load] Loaded 2 compressed bitmaps: 18.4324 ms
  1.bm → cardinality: 19999726
  2.bm → cardinality: 39999373

[Storage] Total compressed: 25026424 bytes (24439.9 KB) | Ratio: 1.00106x
[CRoaring Storage] array=0 (0 MB) | run=0 (0 MB) | bitset=3052 (23.8438 MB) | total_bytes=25001984

[Compute] Pairwise ops on first 2 bitmaps:
  bitOr:  6.75749 ms (card: 52000887)
  bitAnd: 7.37576 ms (card: 7998212)
  bitXor: 6.81624 ms (card: 44002675)

[Pure Ops] CRoaring operation-only (+ to-btv conversion):
  AND: 2.8446 ms (card: 7998212)
  OR:  2.8286 ms (card: 52000887)
  OR (CR internal only, no to-btv): 1.43775 ms
  XOR: 2.83739 ms (card: 44002675)
  NOT: 2.89984 ms (card: 80000274)
  AND (in-place): 6.37927 ms
  [AND result containers] array=0 (0 MB) bitset=1526 (11.9219 MB) run=0 (0 MB) total_bytes=12500992
  [OR  result containers] array=0 (0 MB) bitset=1526 (11.9219 MB) run=0 (0 MB) total_bytes=12500992
  [XOR result containers] array=0 (0 MB) bitset=1526 (11.9219 MB) run=0 (0 MB) total_bytes=12500992
  [NOT result containers] array=0 (0 MB) bitset=1526 (11.9219 MB) run=0 (0 MB) total_bytes=12500992
  [Input A containers] array=0 (0 MB) bitset=1526 (11.9219 MB) run=0 (0 MB) total_bytes=12500992
  [Input B containers] array=0 (0 MB) bitset=1526 (11.9219 MB) run=0 (0 MB) total_bytes=12500992
  COMP native (~((A|B)&(B|C))): 4.87434 ms
  COMP (~((A|B)&(B|C))): 6.29409 ms
---------------------------------------
