CSV output: /home/lichenhang/lee/thesis/check/lee/combit-cr-native-20260820/experiments/cr_run_btv_literal_20260821/raw/density_r2_A655_B6554_concise.csv
=== Compressed .bm Benchmark Mode ===
Directory: /home/lichenhang/lee/thesis/check/lee/combit/gridindep/bitmap/bm_100m_A655_B6554_concise
Rows: 100000000 | Cardinality: 655
AND caliber: PAIR (A&B, real op)

=======================================
Benchmark [Concise] — Compressed .bm Files
Source: /home/lichenhang/lee/thesis/check/lee/combit/gridindep/bitmap/bm_100m_A655_B6554_concise
Rows: 100000000 | Cardinality: 655 | Loaded: 2
=======================================
[Load] Loaded 2 compressed bitmaps: 8.2811 ms
  1.bm → cardinality: 999453
  2.bm → cardinality: 10000600

[Storage] Total compressed: 16636212 bytes (16246.3 KB) | Ratio: 0.665448x

[Compute] Pairwise ops on first 2 bitmaps:
  bitOr:  30.5513 ms (card: 10900091)
  bitAnd: 41.7863 ms (card: 99962)
  bitXor: 33.2677 ms (card: 10800129)

[Pure Ops] Concise operation-only:
  AND: 35.7772 ms
  OR:  37.7711 ms
  XOR: 37.4501 ms
  NOT: 19.427 ms (XOR with all-ones)
  COMP (~((A|B)&(B|C))): 120.665 ms
---------------------------------------
