CSV output: /home/lichenhang/lee/thesis/check/lee/combit-cr-native-20260820/experiments/cr_run_btv_literal_20260821/raw/density_r1_A1311_B26214_ddc.csv
=== Compressed .bm Benchmark Mode ===
Directory: /home/lichenhang/lee/thesis/check/lee/combit/gridindep/bitmap/bm_100m_A1311_B26214_ddc_w8
Rows: 100000000 | Cardinality: 1311
AND caliber: PAIR (A&B, real op)

=======================================
Benchmark [DDC (New)] — Compressed .bm Files
Source: /home/lichenhang/lee/thesis/check/lee/combit/gridindep/bitmap/bm_100m_A1311_B26214_ddc_w8
Rows: 100000000 | Cardinality: 1311 | Loaded: 2
=======================================
[Load] Loaded 2 compressed bitmaps: 10.5222 ms
  1.bm → cardinality: 2000409
  2.bm → cardinality: 39999373

[Storage] Total compressed: 16053431 bytes (15677.2 KB) | Ratio: 0.642137x
[DDC Storage] l4_bytes: 0.0465662 MB | l3_bytes: 0.295273 MB | l2_bytes: 1.27073 MB | l1_bytes: 13.4992 MB | total_bytes: 15.1118 MB

[Compute] Pairwise ops on first 2 bitmaps:
  bitOr:  6.77837 ms (card: 41199829)
  bitAnd: 6.86613 ms (card: 799953)
  bitXor: 6.88658 ms (card: 40399876)
  [MIRROR-IN-PROC] OR raw: 1.46761 1.46799 1.46832 1.46832 1.46839 1.46842 1.46845 1.46868 1.46893 1.46894 1.46903 1.46908 1.46915 1.46915 1.46935 1.4694 1.46945 1.46951 1.46954 1.46956 1.46966 1.4699 1.46999 1.47006 1.47022 1.47023 1.47038 1.47045 1.47047 1.47085 1.47123 1.47134 1.4714 1.47203 1.47229 1.4723 1.47261 1.47266 1.47268 1.47314 1.47326 1.47331 1.47398 1.47457 1.47493 1.47538 1.47593 1.476 1.47663 1.47678 1.47758 1.4783 1.4792 1.4795 1.48017 1.48036 1.48084 1.4809 1.48128 1.4815 1.48161 1.48225 1.48233 1.48312 1.48352 1.48362 1.48412 1.48418 1.48426 1.48436 1.48439 1.48453 1.48476 1.48489 1.48511 1.48517 1.48571 1.48575 1.48578 1.48583 1.48592 1.48611 1.48618 1.48649 1.4865 1.48664 1.48668 1.48669 1.48671 1.48765 1.48766 1.48774 1.48779 1.48832 1.48856 1.48871 1.4895 1.49407 1.53875 1.57544  median=1.47758

[Pure Ops] DDC operation-only timing:
  AND: 1.59973 ms (card: 799953)
  OR:  1.47996 ms (card: 41199829)
  XOR: 1.52379 ms (card: 40399876)
  NOT: 0.395323 ms (card: 97999591)
  COMP (~((A|B)&(B|C))): 4.39639 ms (card: 58800171 OK)
---------------------------------------
  [Breakdown] DDC   L1=27.00 MiB  L2=2.54 MiB  L3=0.59 MiB  L4=0.09 MiB  total=30.22 MiB
