CSV output: /home/lichenhang/lee/thesis/check/lee/combit-cr-native-20260820/experiments/cr_run_btv_literal_20260821/raw/density_r2_A328_B3277_bitset_avx512.csv
=== Compressed .bm Benchmark Mode ===
Directory: /home/lichenhang/lee/thesis/check/lee/combit/gridindep/bitmap/bm_100m_A328_B3277_bitset
Rows: 100000000 | Cardinality: 328
AND caliber: PAIR (A&B, real op)

=======================================
Benchmark [Bitset (AVX512)] — Compressed .bm Files
Source: /home/lichenhang/lee/thesis/check/lee/combit/gridindep/bitmap/bm_100m_A328_B3277_bitset
Rows: 100000000 | Cardinality: 328 | Loaded: 2
=======================================
[Load] Loaded 2 compressed bitmaps: 12.3781 ms
  1.bm → cardinality: 500493
  2.bm → cardinality: 5000323

[Storage] Total compressed: 25000000 bytes (24414.1 KB) | Ratio: 1x

[Compute] Pairwise ops on first 2 bitmaps:
  bitOr:  4.77073 ms (card: 5475813)
  bitAnd: 4.40479 ms (card: 25003)
  bitXor: 4.55355 ms (card: 5450810)

[Pure Ops] Bitset (AVX512) operation+alloc:
  AND (with alloc): 1.79765 ms
  OR  (with alloc): 1.78986 ms
  XOR (with alloc): 1.77158 ms
  NOT (with alloc): 1.34963 ms
  AND (in-place):   1.14982 ms
  COMP (~((A|B)&(B|C))): 5.59531 ms
---------------------------------------
