CSV output: /home/lichenhang/lee/thesis/check/lee/combit-cr-native-20260820/experiments/cr_run_btv_literal_20260821/raw/density_r1_A6554_B26214_wah.csv
=== Compressed .bm Benchmark Mode ===
Directory: /home/lichenhang/lee/thesis/check/lee/combit/gridindep/bitmap/bm_100m_A6554_B26214_wah
Rows: 100000000 | Cardinality: 6554
AND caliber: PAIR (A&B, real op)

=======================================
Benchmark [WAH (FastBit)] — Compressed .bm Files
Source: /home/lichenhang/lee/thesis/check/lee/combit/gridindep/bitmap/bm_100m_A6554_B26214_wah
Rows: 100000000 | Cardinality: 6554 | Loaded: 2
=======================================
[Load] Loaded 2 compressed bitmaps: 18.074 ms
  1.bm → cardinality: 10000633
  2.bm → cardinality: 39999373

[Storage] Total compressed: 25788056 bytes (25183.6 KB) | Ratio: 1.03152x

[Compute] Pairwise ops on first 2 bitmaps:
  bitOr:  9.65014 ms (card: 45998770)
  bitAnd: 7.85971 ms (card: 4001236)
  bitXor: 15.7619 ms (card: 41997534)

[Pure Ops] WAH (FastBit) operation-only:
  AND: 3.4061 ms
  OR:  3.33751 ms
  XOR: 10.6099 ms
  NOT: 1.51033 ms
  COMP (~((A|B)&(B|C))): 9.20224 ms
---------------------------------------
