CSV output: /home/lichenhang/lee/thesis/check/lee/combit-cr-native-20260820/experiments/cr_run_btv_literal_20260821/raw/density_r3_A66_B19661_concise.csv
=== Compressed .bm Benchmark Mode ===
Directory: /home/lichenhang/lee/thesis/check/lee/combit/gridindep/bitmap/bm_100m_A66_B19661_concise
Rows: 100000000 | Cardinality: 66
AND caliber: PAIR (A&B, real op)

=======================================
Benchmark [Concise] — Compressed .bm Files
Source: /home/lichenhang/lee/thesis/check/lee/combit/gridindep/bitmap/bm_100m_A66_B19661_concise
Rows: 100000000 | Cardinality: 66 | Loaded: 2
=======================================
[Load] Loaded 2 compressed bitmaps: 6.28416 ms
  1.bm → cardinality: 100706
  2.bm → cardinality: 30000288

[Storage] Total compressed: 13305836 bytes (12994 KB) | Ratio: 0.532233x

[Compute] Pairwise ops on first 2 bitmaps:
  bitOr:  16.6918 ms (card: 30070755)
  bitAnd: 22.3552 ms (card: 30239)
  bitXor: 18.5591 ms (card: 30040516)

[Pure Ops] Concise operation-only:
  AND: 17.8232 ms
  OR:  19.7913 ms
  XOR: 18.9992 ms
  NOT: 1.29838 ms (XOR with all-ones)
  COMP (~((A|B)&(B|C))): 84.9199 ms
---------------------------------------
