CSV output: /home/lichenhang/lee/thesis/check/lee/combit-cr-native-20260820/experiments/cr_run_btv_literal_20260821/raw/density_r2_A1311_B26214_ddc.csv
=== Compressed .bm Benchmark Mode ===
Directory: /home/lichenhang/lee/thesis/check/lee/combit/gridindep/bitmap/bm_100m_A1311_B26214_ddc_w8
Rows: 100000000 | Cardinality: 1311
AND caliber: PAIR (A&B, real op)

=======================================
Benchmark [DDC (New)] — Compressed .bm Files
Source: /home/lichenhang/lee/thesis/check/lee/combit/gridindep/bitmap/bm_100m_A1311_B26214_ddc_w8
Rows: 100000000 | Cardinality: 1311 | Loaded: 2
=======================================
[Load] Loaded 2 compressed bitmaps: 10.5926 ms
  1.bm → cardinality: 2000409
  2.bm → cardinality: 39999373

[Storage] Total compressed: 16053431 bytes (15677.2 KB) | Ratio: 0.642137x
[DDC Storage] l4_bytes: 0.0465662 MB | l3_bytes: 0.295273 MB | l2_bytes: 1.27073 MB | l1_bytes: 13.4992 MB | total_bytes: 15.1118 MB

[Compute] Pairwise ops on first 2 bitmaps:
  bitOr:  5.99992 ms (card: 41199829)
  bitAnd: 6.54181 ms (card: 799953)
  bitXor: 6.5089 ms (card: 40399876)
  [MIRROR-IN-PROC] OR raw: 1.4698 1.47237 1.4728 1.47303 1.4739 1.47433 1.47476 1.47571 1.47592 1.47617 1.47721 1.47771 1.47787 1.47798 1.47853 1.47854 1.47872 1.47907 1.47908 1.47912 1.47914 1.47921 1.47945 1.47955 1.47955 1.47968 1.47982 1.47998 1.47998 1.48001 1.48005 1.48027 1.48028 1.48036 1.48059 1.48066 1.48123 1.4813 1.48151 1.48185 1.48187 1.4821 1.48227 1.48244 1.48272 1.48294 1.48318 1.48336 1.48347 1.48348 1.48368 1.48381 1.48384 1.48404 1.48405 1.48408 1.48416 1.48424 1.48434 1.4845 1.48459 1.48476 1.48489 1.48514 1.48517 1.48521 1.48528 1.4855 1.48555 1.48595 1.48607 1.4865 1.48653 1.48671 1.48684 1.48697 1.48704 1.48728 1.48754 1.4878 1.48816 1.48875 1.48884 1.4889 1.4896 1.49001 1.49001 1.4901 1.49021 1.49058 1.49116 1.49118 1.49148 1.49201 1.49313 1.49386 1.50892 1.55657 1.60971 1.60988  median=1.48368

[Pure Ops] DDC operation-only timing:
  AND: 1.59765 ms (card: 799953)
  OR:  1.48262 ms (card: 41199829)
  XOR: 1.51821 ms (card: 40399876)
  NOT: 0.428104 ms (card: 97999591)
  COMP (~((A|B)&(B|C))): 4.49701 ms (card: 58800171 OK)
---------------------------------------
  [Breakdown] DDC   L1=27.00 MiB  L2=2.54 MiB  L3=0.59 MiB  L4=0.09 MiB  total=30.22 MiB
