CSV output: /home/lichenhang/lee/thesis/check/lee/combit-cr-native-20260820/experiments/cr_run_btv_literal_20260821/raw/density_r1_A19661_B26214_bitset_avx512.csv
=== Compressed .bm Benchmark Mode ===
Directory: /home/lichenhang/lee/thesis/check/lee/combit/gridindep/bitmap/bm_100m_A19661_B26214_bitset
Rows: 100000000 | Cardinality: 19661
AND caliber: PAIR (A&B, real op)

=======================================
Benchmark [Bitset (AVX512)] — Compressed .bm Files
Source: /home/lichenhang/lee/thesis/check/lee/combit/gridindep/bitmap/bm_100m_A19661_B26214_bitset
Rows: 100000000 | Cardinality: 19661 | Loaded: 2
=======================================
[Load] Loaded 2 compressed bitmaps: 12.0264 ms
  1.bm → cardinality: 30000235
  2.bm → cardinality: 39999373

[Storage] Total compressed: 25000000 bytes (24414.1 KB) | Ratio: 1x

[Compute] Pairwise ops on first 2 bitmaps:
  bitOr:  4.95153 ms (card: 57996264)
  bitAnd: 4.37175 ms (card: 12003344)
  bitXor: 4.51558 ms (card: 45992920)

[Pure Ops] Bitset (AVX512) operation+alloc:
  AND (with alloc): 1.84756 ms
  OR  (with alloc): 1.82505 ms
  XOR (with alloc): 1.65566 ms
  NOT (with alloc): 1.37321 ms
  AND (in-place):   1.14471 ms
  COMP (~((A|B)&(B|C))): 5.56257 ms
---------------------------------------
