CSV output: /home/lichenhang/lee/thesis/check/lee/combit-cr-native-20260820/experiments/cr_run_btv_literal_20260821/raw/density_r2_A655_B13107_ewah.csv
=== Compressed .bm Benchmark Mode ===
Directory: /home/lichenhang/lee/thesis/check/lee/combit/gridindep/bitmap/bm_100m_A655_B13107_ewah
Rows: 100000000 | Cardinality: 655
AND caliber: PAIR (A&B, real op)

=======================================
Benchmark [EWAH] — Compressed .bm Files
Source: /home/lichenhang/lee/thesis/check/lee/combit/gridindep/bitmap/bm_100m_A655_B13107_ewah
Rows: 100000000 | Cardinality: 655 | Loaded: 2
=======================================
[Load] Loaded 2 compressed bitmaps: 10.3812 ms
  1.bm → cardinality: 999453
  2.bm → cardinality: 19999673

[Storage] Total compressed: 21543584 bytes (21038.7 KB) | Ratio: 0.861743x

[Compute] Pairwise ops on first 2 bitmaps:
  bitOr:  17.0621 ms (card: 20798394)
  bitAnd: 13.0608 ms (card: 200732)
  bitXor: 18.4518 ms (card: 20597662)

[Pure Ops] EWAH operation-only:
  AND: 12.0226 ms
  OR:  13.0554 ms
  XOR: 13.9247 ms
  NOT: 6.77982 ms
  COMP (~((A|B)&(B|C))): 37.2834 ms
---------------------------------------
