CSV output: /home/lichenhang/lee/thesis/check/lee/combit-cr-native-20260820/experiments/cr_run_btv_literal_20260821/raw/density_r3_A26214_B26214_ddc.csv
=== Compressed .bm Benchmark Mode ===
Directory: /home/lichenhang/lee/thesis/check/lee/combit/gridindep/bitmap/bm_100m_A26214_B26214_ddc_w8
Rows: 100000000 | Cardinality: 26214
AND caliber: PAIR (A&B, real op)

=======================================
Benchmark [DDC (New)] — Compressed .bm Files
Source: /home/lichenhang/lee/thesis/check/lee/combit/gridindep/bitmap/bm_100m_A26214_B26214_ddc_w8
Rows: 100000000 | Cardinality: 26214 | Loaded: 2
=======================================
[Load] Loaded 2 compressed bitmaps: 15.3628 ms
  1.bm → cardinality: 39999368
  2.bm → cardinality: 39999373

[Storage] Total compressed: 25491289 bytes (24893.8 KB) | Ratio: 1.01965x
[DDC Storage] l4_bytes: 0.0465662 MB | l3_bytes: 0.246527 MB | l2_bytes: 0.377699 MB | l1_bytes: 23.4416 MB | total_bytes: 24.1124 MB

[Compute] Pairwise ops on first 2 bitmaps:
  bitOr:  5.81099 ms (card: 63998168)
  bitAnd: 6.62419 ms (card: 16000573)
  bitXor: 6.49105 ms (card: 47997595)
  [MIRROR-IN-PROC] OR raw: 1.54465 1.54492 1.54564 1.54586 1.5464 1.54747 1.54846 1.54847 1.54889 1.54963 1.55064 1.55104 1.55124 1.55181 1.55191 1.55195 1.55201 1.55238 1.55244 1.55247 1.55277 1.55277 1.55292 1.55319 1.55346 1.55357 1.55387 1.55445 1.55493 1.55496 1.55503 1.55535 1.55537 1.55567 1.55592 1.55601 1.55604 1.55611 1.55656 1.55665 1.55672 1.5568 1.55681 1.55695 1.55719 1.5573 1.55741 1.55741 1.55772 1.55799 1.5583 1.55839 1.55857 1.5591 1.55913 1.55927 1.55948 1.56 1.56095 1.56126 1.56174 1.56235 1.56244 1.56244 1.56251 1.56256 1.56278 1.56279 1.56284 1.56308 1.56309 1.5636 1.56389 1.56398 1.56438 1.56456 1.56489 1.565 1.56557 1.56647 1.56671 1.56771 1.56787 1.56863 1.56913 1.57016 1.57097 1.57129 1.57243 1.57273 1.57292 1.57296 1.57499 1.57565 1.57577 1.57776 1.58078 1.58718 2.00376 2.05217  median=1.5583

[Pure Ops] DDC operation-only timing:
  AND: 1.65247 ms (card: 16000573)
  OR:  1.55726 ms (card: 63998168)
  XOR: 1.64639 ms (card: 47997595)
  NOT: 1.20237 ms (card: 60000632)
  COMP (~((A|B)&(B|C))): 4.53929 ms (card: 36001832 OK)
---------------------------------------
  [Breakdown] DDC   L1=46.88 MiB  L2=0.76 MiB  L3=0.49 MiB  L4=0.09 MiB  total=48.22 MiB
