CSV output: /home/lichenhang/lee/thesis/check/lee/combit-cr-native-20260820/experiments/cr_run_btv_literal_20260821/raw/density_r2_A655_B19661_wah.csv
=== Compressed .bm Benchmark Mode ===
Directory: /home/lichenhang/lee/thesis/check/lee/combit/gridindep/bitmap/bm_100m_A655_B19661_wah
Rows: 100000000 | Cardinality: 655
AND caliber: PAIR (A&B, real op)

=======================================
Benchmark [WAH (FastBit)] — Compressed .bm Files
Source: /home/lichenhang/lee/thesis/check/lee/combit/gridindep/bitmap/bm_100m_A655_B19661_wah
Rows: 100000000 | Cardinality: 655 | Loaded: 2
=======================================
[Load] Loaded 2 compressed bitmaps: 17.2194 ms
  1.bm → cardinality: 999453
  2.bm → cardinality: 30000288

[Storage] Total compressed: 18883072 bytes (18440.5 KB) | Ratio: 0.755323x

[Compute] Pairwise ops on first 2 bitmaps:
  bitOr:  10.6309 ms (card: 30698855)
  bitAnd: 10.9148 ms (card: 300886)
  bitXor: 20.3587 ms (card: 30397969)

[Pure Ops] WAH (FastBit) operation-only:
  AND: 7.5237 ms
  OR:  5.94424 ms
  XOR: 15.1649 ms
  NOT: 0.699987 ms
  COMP (~((A|B)&(B|C))): 14.8952 ms
---------------------------------------
