CSV output: /home/lichenhang/lee/thesis/check/lee/combit-cr-native-20260820/experiments/cr_run_btv_literal_20260821/raw/density_r1_A655_B32768_bitset_avx512.csv
=== Compressed .bm Benchmark Mode ===
Directory: /home/lichenhang/lee/thesis/check/lee/combit/gridindep/bitmap/bm_100m_A655_B32768_bitset
Rows: 100000000 | Cardinality: 655
AND caliber: PAIR (A&B, real op)

=======================================
Benchmark [Bitset (AVX512)] — Compressed .bm Files
Source: /home/lichenhang/lee/thesis/check/lee/combit/gridindep/bitmap/bm_100m_A655_B32768_bitset
Rows: 100000000 | Cardinality: 655 | Loaded: 2
=======================================
[Load] Loaded 2 compressed bitmaps: 11.8158 ms
  1.bm → cardinality: 999453
  2.bm → cardinality: 50000004

[Storage] Total compressed: 25000000 bytes (24414.1 KB) | Ratio: 1x

[Compute] Pairwise ops on first 2 bitmaps:
  bitOr:  5.05506 ms (card: 50499833)
  bitAnd: 4.23678 ms (card: 499624)
  bitXor: 4.30352 ms (card: 50000209)

[Pure Ops] Bitset (AVX512) operation+alloc:
  AND (with alloc): 1.60833 ms
  OR  (with alloc): 1.75627 ms
  XOR (with alloc): 1.72501 ms
  NOT (with alloc): 1.2609 ms
  AND (in-place):   1.16238 ms
  COMP (~((A|B)&(B|C))): 5.46142 ms
---------------------------------------
