CSV output: /home/lichenhang/lee/thesis/check/lee/combit-cr-native-20260820/experiments/cr_run_btv_literal_20260821/raw/density_r1_A66_B32768_croaring.csv
=== Compressed .bm Benchmark Mode ===
Directory: /home/lichenhang/lee/thesis/check/lee/combit/gridindep/bitmap/bm_100m_A66_B32768_roaring
Rows: 100000000 | Cardinality: 66
AND caliber: PAIR (A&B, real op)

=======================================
Benchmark [CRoaring] — Compressed .bm Files
Source: /home/lichenhang/lee/thesis/check/lee/combit/gridindep/bitmap/bm_100m_A66_B32768_roaring
Rows: 100000000 | Cardinality: 66 | Loaded: 2
=======================================
[Load] Loaded 2 compressed bitmaps: 11.4852 ms
  1.bm → cardinality: 100706
  2.bm → cardinality: 50000004

[Storage] Total compressed: 12726844 bytes (12428.6 KB) | Ratio: 0.509074x
[CRoaring Storage] array=1526 (0.192081 MB) | run=0 (0 MB) | bitset=1526 (11.9219 MB) | total_bytes=12702404

[Compute] Pairwise ops on first 2 bitmaps:
  bitOr:  5.90089 ms (card: 50050276)
  bitAnd: 1.32483 ms (card: 50434)
  bitXor: 7.61834 ms (card: 49999842)

[Pure Ops] CRoaring operation-only (+ to-btv conversion):
  AND: 1.15899 ms (card: 50434)
  OR:  2.56652 ms (card: 50050276)
  OR (CR internal only, no to-btv): 1.15634 ms
  XOR: 2.6578 ms (card: 49999842)
  NOT: 2.3315 ms (card: 99899294)
  AND (in-place): 8.67534 ms
  [AND result containers] array=1526 (0.0961952 MB) bitset=0 (0 MB) run=0 (0 MB) total_bytes=100868
  [OR  result containers] array=0 (0 MB) bitset=1526 (11.9219 MB) run=0 (0 MB) total_bytes=12500992
  [XOR result containers] array=0 (0 MB) bitset=1526 (11.9219 MB) run=0 (0 MB) total_bytes=12500992
  [NOT result containers] array=0 (0 MB) bitset=1526 (11.9219 MB) run=0 (0 MB) total_bytes=12500992
  [Input A containers] array=1526 (0.192081 MB) bitset=0 (0 MB) run=0 (0 MB) total_bytes=201412
  [Input B containers] array=0 (0 MB) bitset=1526 (11.9219 MB) run=0 (0 MB) total_bytes=12500992
  COMP native (~((A|B)&(B|C))): 4.43772 ms
  COMP (~((A|B)&(B|C))): 5.87568 ms
---------------------------------------
