CSV output: /home/lichenhang/lee/thesis/check/lee/combit-cr-native-20260820/experiments/cr_run_btv_literal_20260821/raw/density_r2_A19661_B19661_bitset_avx512.csv
=== Compressed .bm Benchmark Mode ===
Directory: /home/lichenhang/lee/thesis/check/lee/combit/gridindep/bitmap/bm_100m_A19661_B19661_bitset
Rows: 100000000 | Cardinality: 19661
AND caliber: PAIR (A&B, real op)

=======================================
Benchmark [Bitset (AVX512)] — Compressed .bm Files
Source: /home/lichenhang/lee/thesis/check/lee/combit/gridindep/bitmap/bm_100m_A19661_B19661_bitset
Rows: 100000000 | Cardinality: 19661 | Loaded: 2
=======================================
[Load] Loaded 2 compressed bitmaps: 12.138 ms
  1.bm → cardinality: 30000235
  2.bm → cardinality: 30000288

[Storage] Total compressed: 25000000 bytes (24414.1 KB) | Ratio: 1x

[Compute] Pairwise ops on first 2 bitmaps:
  bitOr:  4.92782 ms (card: 51003874)
  bitAnd: 4.34961 ms (card: 8996649)
  bitXor: 4.52681 ms (card: 42007225)

[Pure Ops] Bitset (AVX512) operation+alloc:
  AND (with alloc): 1.72923 ms
  OR  (with alloc): 1.72719 ms
  XOR (with alloc): 1.72294 ms
  NOT (with alloc): 1.30613 ms
  AND (in-place):   1.12885 ms
  COMP (~((A|B)&(B|C))): 5.34425 ms
---------------------------------------
