CSV output: /home/lichenhang/lee/thesis/check/lee/combit-cr-native-20260820/experiments/cr_run_btv_literal_20260821/raw/density_r3_A66_B32768_ewah.csv
=== Compressed .bm Benchmark Mode ===
Directory: /home/lichenhang/lee/thesis/check/lee/combit/gridindep/bitmap/bm_100m_A66_B32768_ewah
Rows: 100000000 | Cardinality: 66
AND caliber: PAIR (A&B, real op)

=======================================
Benchmark [EWAH] — Compressed .bm Files
Source: /home/lichenhang/lee/thesis/check/lee/combit/gridindep/bitmap/bm_100m_A66_B32768_ewah
Rows: 100000000 | Cardinality: 66 | Loaded: 2
=======================================
[Load] Loaded 2 compressed bitmaps: 6.92777 ms
  1.bm → cardinality: 100706
  2.bm → cardinality: 50000004

[Storage] Total compressed: 14012512 bytes (13684.1 KB) | Ratio: 0.5605x

[Compute] Pairwise ops on first 2 bitmaps:
  bitOr:  7.17021 ms (card: 50050276)
  bitAnd: 2.48008 ms (card: 50434)
  bitXor: 7.57389 ms (card: 49999842)

[Pure Ops] EWAH operation-only:
  AND: 2.18474 ms
  OR:  3.20541 ms
  XOR: 3.65307 ms
  NOT: 0.878252 ms
  COMP (~((A|B)&(B|C))): 16.8462 ms
---------------------------------------
