CSV output: /home/lichenhang/lee/thesis/check/lee/combit-cr-native-20260820/experiments/cr_run_btv_literal_20260821/raw/density_r1_A3277_B13107_bitset_avx512.csv
=== Compressed .bm Benchmark Mode ===
Directory: /home/lichenhang/lee/thesis/check/lee/combit/gridindep/bitmap/bm_100m_A3277_B13107_bitset
Rows: 100000000 | Cardinality: 3277
AND caliber: PAIR (A&B, real op)

=======================================
Benchmark [Bitset (AVX512)] — Compressed .bm Files
Source: /home/lichenhang/lee/thesis/check/lee/combit/gridindep/bitmap/bm_100m_A3277_B13107_bitset
Rows: 100000000 | Cardinality: 3277 | Loaded: 2
=======================================
[Load] Loaded 2 compressed bitmaps: 11.6976 ms
  1.bm → cardinality: 5000333
  2.bm → cardinality: 19999673

[Storage] Total compressed: 25000000 bytes (24414.1 KB) | Ratio: 1x

[Compute] Pairwise ops on first 2 bitmaps:
  bitOr:  4.99316 ms (card: 24000440)
  bitAnd: 4.21248 ms (card: 999566)
  bitXor: 4.2968 ms (card: 23000874)

[Pure Ops] Bitset (AVX512) operation+alloc:
  AND (with alloc): 1.42464 ms
  OR  (with alloc): 1.74241 ms
  XOR (with alloc): 1.73897 ms
  NOT (with alloc): 1.34996 ms
  AND (in-place):   1.12748 ms
  COMP (~((A|B)&(B|C))): 5.35974 ms
---------------------------------------
