CSV output: /home/lichenhang/lee/thesis/check/lee/combit-cr-native-20260820/experiments/cr_run_btv_literal_20260821/raw/density_r3_A328_B19661_croaring.csv
=== Compressed .bm Benchmark Mode ===
Directory: /home/lichenhang/lee/thesis/check/lee/combit/gridindep/bitmap/bm_100m_A328_B19661_roaring
Rows: 100000000 | Cardinality: 328
AND caliber: PAIR (A&B, real op)

=======================================
Benchmark [CRoaring] — Compressed .bm Files
Source: /home/lichenhang/lee/thesis/check/lee/combit/gridindep/bitmap/bm_100m_A328_B19661_roaring
Rows: 100000000 | Cardinality: 328 | Loaded: 2
=======================================
[Load] Loaded 2 compressed bitmaps: 11.551 ms
  1.bm → cardinality: 500493
  2.bm → cardinality: 30000288

[Storage] Total compressed: 13526418 bytes (13209.4 KB) | Ratio: 0.541057x
[CRoaring Storage] array=1526 (0.954615 MB) | run=0 (0 MB) | bitset=1526 (11.9219 MB) | total_bytes=13501978

[Compute] Pairwise ops on first 2 bitmaps:
  bitOr:  5.96279 ms (card: 30350933)
  bitAnd: 2.09621 ms (card: 149848)
  bitXor: 8.20781 ms (card: 30201085)

[Pure Ops] CRoaring operation-only (+ to-btv conversion):
  AND: 1.53222 ms (card: 149848)
  OR:  2.75094 ms (card: 30350933)
  OR (CR internal only, no to-btv): 1.39033 ms
  XOR: 3.11749 ms (card: 30201085)
  NOT: 2.55832 ms (card: 99499507)
  AND (in-place): 8.83948 ms
  [AND result containers] array=1526 (0.285812 MB) bitset=0 (0 MB) run=0 (0 MB) total_bytes=299696
  [OR  result containers] array=0 (0 MB) bitset=1526 (11.9219 MB) run=0 (0 MB) total_bytes=12500992
  [XOR result containers] array=0 (0 MB) bitset=1526 (11.9219 MB) run=0 (0 MB) total_bytes=12500992
  [NOT result containers] array=0 (0 MB) bitset=1526 (11.9219 MB) run=0 (0 MB) total_bytes=12500992
  [Input A containers] array=1526 (0.954615 MB) bitset=0 (0 MB) run=0 (0 MB) total_bytes=1000986
  [Input B containers] array=0 (0 MB) bitset=1526 (11.9219 MB) run=0 (0 MB) total_bytes=12500992
  COMP native (~((A|B)&(B|C))): 4.80079 ms
  COMP (~((A|B)&(B|C))): 6.18374 ms
---------------------------------------
