CSV output: /home/lichenhang/lee/thesis/check/lee/combit-cr-native-20260820/experiments/cr_run_btv_literal_20260821/raw/density_r3_A6554_B13107_bitset_avx512.csv
=== Compressed .bm Benchmark Mode ===
Directory: /home/lichenhang/lee/thesis/check/lee/combit/gridindep/bitmap/bm_100m_A6554_B13107_bitset
Rows: 100000000 | Cardinality: 6554
AND caliber: PAIR (A&B, real op)

=======================================
Benchmark [Bitset (AVX512)] — Compressed .bm Files
Source: /home/lichenhang/lee/thesis/check/lee/combit/gridindep/bitmap/bm_100m_A6554_B13107_bitset
Rows: 100000000 | Cardinality: 6554 | Loaded: 2
=======================================
[Load] Loaded 2 compressed bitmaps: 12.0078 ms
  1.bm → cardinality: 10000633
  2.bm → cardinality: 19999673

[Storage] Total compressed: 25000000 bytes (24414.1 KB) | Ratio: 1x

[Compute] Pairwise ops on first 2 bitmaps:
  bitOr:  4.92807 ms (card: 27999151)
  bitAnd: 3.93843 ms (card: 2001155)
  bitXor: 4.00707 ms (card: 25997996)

[Pure Ops] Bitset (AVX512) operation+alloc:
  AND (with alloc): 1.7696 ms
  OR  (with alloc): 1.72211 ms
  XOR (with alloc): 1.6951 ms
  NOT (with alloc): 1.35867 ms
  AND (in-place):   1.11741 ms
  COMP (~((A|B)&(B|C))): 5.20433 ms
---------------------------------------
