CSV output: /home/lichenhang/lee/thesis/check/lee/combit-cr-native-20260820/experiments/cr_run_btv_literal_20260821/raw/density_r1_A1311_B32768_bitset_avx512.csv
=== Compressed .bm Benchmark Mode ===
Directory: /home/lichenhang/lee/thesis/check/lee/combit/gridindep/bitmap/bm_100m_A1311_B32768_bitset
Rows: 100000000 | Cardinality: 1311
AND caliber: PAIR (A&B, real op)

=======================================
Benchmark [Bitset (AVX512)] — Compressed .bm Files
Source: /home/lichenhang/lee/thesis/check/lee/combit/gridindep/bitmap/bm_100m_A1311_B32768_bitset
Rows: 100000000 | Cardinality: 1311 | Loaded: 2
=======================================
[Load] Loaded 2 compressed bitmaps: 11.9596 ms
  1.bm → cardinality: 2000409
  2.bm → cardinality: 50000004

[Storage] Total compressed: 25000000 bytes (24414.1 KB) | Ratio: 1x

[Compute] Pairwise ops on first 2 bitmaps:
  bitOr:  5.06399 ms (card: 51001694)
  bitAnd: 4.59055 ms (card: 998719)
  bitXor: 4.61606 ms (card: 50002975)

[Pure Ops] Bitset (AVX512) operation+alloc:
  AND (with alloc): 1.56707 ms
  OR  (with alloc): 1.55882 ms
  XOR (with alloc): 1.70166 ms
  NOT (with alloc): 1.29335 ms
  AND (in-place):   1.15589 ms
  COMP (~((A|B)&(B|C))): 5.404 ms
---------------------------------------
