CSV output: /home/lichenhang/lee/thesis/check/lee/combit-cr-native-20260820/experiments/cr_run_btv_literal_20260821/raw/density_r3_A6554_B13107_wah.csv
=== Compressed .bm Benchmark Mode ===
Directory: /home/lichenhang/lee/thesis/check/lee/combit/gridindep/bitmap/bm_100m_A6554_B13107_wah
Rows: 100000000 | Cardinality: 6554
AND caliber: PAIR (A&B, real op)

=======================================
Benchmark [WAH (FastBit)] — Compressed .bm Files
Source: /home/lichenhang/lee/thesis/check/lee/combit/gridindep/bitmap/bm_100m_A6554_B13107_wah
Rows: 100000000 | Cardinality: 6554 | Loaded: 2
=======================================
[Load] Loaded 2 compressed bitmaps: 18.2609 ms
  1.bm → cardinality: 10000633
  2.bm → cardinality: 19999673

[Storage] Total compressed: 25788048 bytes (25183.6 KB) | Ratio: 1.03152x

[Compute] Pairwise ops on first 2 bitmaps:
  bitOr:  22.7206 ms (card: 27999151)
  bitAnd: 21.872 ms (card: 2001155)
  bitXor: 10.7572 ms (card: 25997996)

[Pure Ops] WAH (FastBit) operation-only:
  AND: 14.5316 ms
  OR:  14.9956 ms
  XOR: 5.9408 ms
  NOT: 1.4663 ms
  COMP (~((A|B)&(B|C))): 34.3336 ms
---------------------------------------
