CSV output: /home/lichenhang/lee/thesis/check/lee/combit-cr-native-20260820/experiments/cr_run_btv_literal_20260821/raw/density_r3_A19661_B19661_wah.csv
=== Compressed .bm Benchmark Mode ===
Directory: /home/lichenhang/lee/thesis/check/lee/combit/gridindep/bitmap/bm_100m_A19661_B19661_wah
Rows: 100000000 | Cardinality: 19661
AND caliber: PAIR (A&B, real op)

=======================================
Benchmark [WAH (FastBit)] — Compressed .bm Files
Source: /home/lichenhang/lee/thesis/check/lee/combit/gridindep/bitmap/bm_100m_A19661_B19661_wah
Rows: 100000000 | Cardinality: 19661 | Loaded: 2
=======================================
[Load] Loaded 2 compressed bitmaps: 18.01 ms
  1.bm → cardinality: 30000235
  2.bm → cardinality: 30000288

[Storage] Total compressed: 25806464 bytes (25201.6 KB) | Ratio: 1.03226x

[Compute] Pairwise ops on first 2 bitmaps:
  bitOr:  4.75965 ms (card: 51003874)
  bitAnd: 4.99251 ms (card: 8996649)
  bitXor: 6.01315 ms (card: 42007225)

[Pure Ops] WAH (FastBit) operation-only:
  AND: 1.87627 ms
  OR:  1.87544 ms
  XOR: 1.8751 ms
  NOT: 1.46533 ms
  COMP (~((A|B)&(B|C))): 7.20613 ms
---------------------------------------
