CSV output: /home/lichenhang/lee/thesis/check/lee/combit-cr-native-20260820/experiments/cr_run_btv_literal_20260821/raw/density_r3_A328_B32768_ddc.csv
=== Compressed .bm Benchmark Mode ===
Directory: /home/lichenhang/lee/thesis/check/lee/combit/gridindep/bitmap/bm_100m_A328_B32768_ddc_w8
Rows: 100000000 | Cardinality: 328
AND caliber: PAIR (A&B, real op)

=======================================
Benchmark [DDC (New)] — Compressed .bm Files
Source: /home/lichenhang/lee/thesis/check/lee/combit/gridindep/bitmap/bm_100m_A328_B32768_ddc_w8
Rows: 100000000 | Cardinality: 328 | Loaded: 2
=======================================
[Load] Loaded 2 compressed bitmaps: 9.10248 ms
  1.bm → cardinality: 500493
  2.bm → cardinality: 50000004

[Storage] Total compressed: 13900673 bytes (13574.9 KB) | Ratio: 0.556027x
[DDC Storage] l4_bytes: 0.0465662 MB | l3_bytes: 0.213199 MB | l2_bytes: 0.45516 MB | l1_bytes: 12.3438 MB | total_bytes: 13.0587 MB

[Compute] Pairwise ops on first 2 bitmaps:
  bitOr:  6.33392 ms (card: 50250648)
  bitAnd: 7.05412 ms (card: 249849)
  bitXor: 6.75247 ms (card: 50000799)
  [MIRROR-IN-PROC] OR raw: 1.41065 1.41145 1.41148 1.41153 1.41153 1.41182 1.412 1.41201 1.41203 1.4124 1.41266 1.41273 1.41283 1.41296 1.41297 1.4135 1.41353 1.41361 1.41374 1.41618 1.41652 1.41673 1.41707 1.41727 1.41743 1.41748 1.41751 1.41754 1.41762 1.41777 1.41779 1.41821 1.41829 1.41838 1.41855 1.4188 1.41898 1.41908 1.41912 1.41931 1.41942 1.41944 1.41954 1.41961 1.41976 1.41984 1.41987 1.42037 1.42119 1.42127 1.42133 1.42179 1.42185 1.42195 1.42196 1.42198 1.4222 1.42222 1.42241 1.42267 1.42267 1.42274 1.42282 1.42288 1.42294 1.42309 1.42321 1.42335 1.42343 1.42343 1.42355 1.42358 1.42359 1.42384 1.42385 1.424 1.42415 1.4243 1.42437 1.42466 1.42468 1.42551 1.42572 1.42572 1.42598 1.42609 1.42705 1.42813 1.42823 1.42827 1.43024 1.43163 1.43249 1.43263 1.43437 1.436 1.43782 1.44101 1.44402 1.4443  median=1.42133

[Pure Ops] DDC operation-only timing:
  AND: 1.59004 ms (card: 249849)
  OR:  1.42139 ms (card: 50250648)
  XOR: 1.51235 ms (card: 50000799)
  NOT: 0.215141 ms (card: 99499507)
  COMP (~((A|B)&(B|C))): 4.30822 ms (card: 49749352 OK)
---------------------------------------
  [Breakdown] DDC   L1=24.69 MiB  L2=0.91 MiB  L3=0.43 MiB  L4=0.09 MiB  total=26.12 MiB
