CSV output: /home/lichenhang/lee/thesis/check/lee/combit-cr-native-20260820/experiments/cr_run_btv_literal_20260821/raw/density_r2_A328_B13107_concise.csv
=== Compressed .bm Benchmark Mode ===
Directory: /home/lichenhang/lee/thesis/check/lee/combit/gridindep/bitmap/bm_100m_A328_B13107_concise
Rows: 100000000 | Cardinality: 328
AND caliber: PAIR (A&B, real op)

=======================================
Benchmark [Concise] — Compressed .bm Files
Source: /home/lichenhang/lee/thesis/check/lee/combit/gridindep/bitmap/bm_100m_A328_B13107_concise
Rows: 100000000 | Cardinality: 328 | Loaded: 2
=======================================
[Load] Loaded 2 compressed bitmaps: 7.49901 ms
  1.bm → cardinality: 500493
  2.bm → cardinality: 19999673

[Storage] Total compressed: 14878348 bytes (14529.6 KB) | Ratio: 0.595134x

[Compute] Pairwise ops on first 2 bitmaps:
  bitOr:  22.3706 ms (card: 20400429)
  bitAnd: 32.2547 ms (card: 99737)
  bitXor: 23.6015 ms (card: 20300692)

[Pure Ops] Concise operation-only:
  AND: 26.9524 ms
  OR:  27.3483 ms
  XOR: 27.7027 ms
  NOT: 8.54949 ms (XOR with all-ones)
  COMP (~((A|B)&(B|C))): 98.7046 ms
---------------------------------------
