CSV output: /home/lichenhang/lee/thesis/check/lee/combit-cr-native-20260820/experiments/cr_run_btv_literal_20260821/raw/density_r2_A328_B655_croaring.csv
=== Compressed .bm Benchmark Mode ===
Directory: /home/lichenhang/lee/thesis/check/lee/combit/gridindep/bitmap/bm_100m_A328_B655_roaring
Rows: 100000000 | Cardinality: 328
AND caliber: PAIR (A&B, real op)

=======================================
Benchmark [CRoaring] — Compressed .bm Files
Source: /home/lichenhang/lee/thesis/check/lee/combit/gridindep/bitmap/bm_100m_A328_B655_roaring
Rows: 100000000 | Cardinality: 328 | Loaded: 2
=======================================
[Load] Loaded 2 compressed bitmaps: 2.56311 ms
  1.bm → cardinality: 500493
  2.bm → cardinality: 999453

[Storage] Total compressed: 3024332 bytes (2953.45 KB) | Ratio: 0.120973x
[CRoaring Storage] array=3052 (2.86092 MB) | run=0 (0 MB) | bitset=0 (0 MB) | total_bytes=2999892

[Compute] Pairwise ops on first 2 bitmaps:
  bitOr:  10.0858 ms (card: 1494888)
  bitAnd: 1.61914 ms (card: 5058)
  bitXor: 4.04575 ms (card: 1489830)

[Pure Ops] CRoaring operation-only (+ to-btv conversion):
  AND: 1.25795 ms (card: 5058)
  OR:  2.94271 ms (card: 1494888)
  OR (CR internal only, no to-btv): 1.65324 ms
  XOR: 3.08186 ms (card: 1489830)
  NOT: 2.62 ms (card: 99499507)
  AND (in-place): 4.82715 ms
  [AND result containers] array=1482 (0.00964737 MB) bitset=0 (0 MB) run=0 (0 MB) total_bytes=10116
  [OR  result containers] array=1526 (2.85127 MB) bitset=0 (0 MB) run=0 (0 MB) total_bytes=2989776
  [XOR result containers] array=1526 (2.84163 MB) bitset=0 (0 MB) run=0 (0 MB) total_bytes=2979660
  [NOT result containers] array=0 (0 MB) bitset=1526 (11.9219 MB) run=0 (0 MB) total_bytes=12500992
  [Input A containers] array=1526 (0.954615 MB) bitset=0 (0 MB) run=0 (0 MB) total_bytes=1000986
  [Input B containers] array=1526 (1.90631 MB) bitset=0 (0 MB) run=0 (0 MB) total_bytes=1998906
  COMP native (~((A|B)&(B|C))): 5.57577 ms
  COMP (~((A|B)&(B|C))): 7.05197 ms
---------------------------------------
