CSV output: /home/lichenhang/lee/thesis/check/lee/combit-cr-native-20260820/experiments/cr_run_btv_literal_20260821/raw/density_r3_A328_B6554_bitset_avx512.csv
=== Compressed .bm Benchmark Mode ===
Directory: /home/lichenhang/lee/thesis/check/lee/combit/gridindep/bitmap/bm_100m_A328_B6554_bitset
Rows: 100000000 | Cardinality: 328
AND caliber: PAIR (A&B, real op)

=======================================
Benchmark [Bitset (AVX512)] — Compressed .bm Files
Source: /home/lichenhang/lee/thesis/check/lee/combit/gridindep/bitmap/bm_100m_A328_B6554_bitset
Rows: 100000000 | Cardinality: 328 | Loaded: 2
=======================================
[Load] Loaded 2 compressed bitmaps: 11.9362 ms
  1.bm → cardinality: 500493
  2.bm → cardinality: 10000600

[Storage] Total compressed: 25000000 bytes (24414.1 KB) | Ratio: 1x

[Compute] Pairwise ops on first 2 bitmaps:
  bitOr:  3.99932 ms (card: 10450860)
  bitAnd: 4.46897 ms (card: 50233)
  bitXor: 4.49832 ms (card: 10400627)

[Pure Ops] Bitset (AVX512) operation+alloc:
  AND (with alloc): 1.46039 ms
  OR  (with alloc): 1.73413 ms
  XOR (with alloc): 1.73951 ms
  NOT (with alloc): 1.31585 ms
  AND (in-place):   1.12671 ms
  COMP (~((A|B)&(B|C))): 5.43251 ms
---------------------------------------
