CSV output: /home/lichenhang/lee/thesis/check/lee/combit-cr-native-20260820/experiments/cr_run_btv_literal_20260821/raw/density_r3_A328_B655_bitset_avx512.csv
=== Compressed .bm Benchmark Mode ===
Directory: /home/lichenhang/lee/thesis/check/lee/combit/gridindep/bitmap/bm_100m_A328_B655_bitset
Rows: 100000000 | Cardinality: 328
AND caliber: PAIR (A&B, real op)

=======================================
Benchmark [Bitset (AVX512)] — Compressed .bm Files
Source: /home/lichenhang/lee/thesis/check/lee/combit/gridindep/bitmap/bm_100m_A328_B655_bitset
Rows: 100000000 | Cardinality: 328 | Loaded: 2
=======================================
[Load] Loaded 2 compressed bitmaps: 12.8291 ms
  1.bm → cardinality: 500493
  2.bm → cardinality: 999453

[Storage] Total compressed: 25000000 bytes (24414.1 KB) | Ratio: 1x

[Compute] Pairwise ops on first 2 bitmaps:
  bitOr:  4.52669 ms (card: 1494888)
  bitAnd: 4.65548 ms (card: 5058)
  bitXor: 4.76692 ms (card: 1489830)

[Pure Ops] Bitset (AVX512) operation+alloc:
  AND (with alloc): 1.77984 ms
  OR  (with alloc): 1.71428 ms
  XOR (with alloc): 1.70527 ms
  NOT (with alloc): 1.37531 ms
  AND (in-place):   1.10604 ms
  COMP (~((A|B)&(B|C))): 5.46114 ms
---------------------------------------
