CSV output: /home/lichenhang/lee/thesis/check/lee/combit-cr-native-20260820/experiments/cr_run_btv_literal_20260821/raw/density_r3_A328_B3277_bitset_avx512.csv
=== Compressed .bm Benchmark Mode ===
Directory: /home/lichenhang/lee/thesis/check/lee/combit/gridindep/bitmap/bm_100m_A328_B3277_bitset
Rows: 100000000 | Cardinality: 328
AND caliber: PAIR (A&B, real op)

=======================================
Benchmark [Bitset (AVX512)] — Compressed .bm Files
Source: /home/lichenhang/lee/thesis/check/lee/combit/gridindep/bitmap/bm_100m_A328_B3277_bitset
Rows: 100000000 | Cardinality: 328 | Loaded: 2
=======================================
[Load] Loaded 2 compressed bitmaps: 12.0313 ms
  1.bm → cardinality: 500493
  2.bm → cardinality: 5000323

[Storage] Total compressed: 25000000 bytes (24414.1 KB) | Ratio: 1x

[Compute] Pairwise ops on first 2 bitmaps:
  bitOr:  4.72835 ms (card: 5475813)
  bitAnd: 4.30577 ms (card: 25003)
  bitXor: 4.50295 ms (card: 5450810)

[Pure Ops] Bitset (AVX512) operation+alloc:
  AND (with alloc): 1.7448 ms
  OR  (with alloc): 1.69511 ms
  XOR (with alloc): 1.64506 ms
  NOT (with alloc): 1.2615 ms
  AND (in-place):   1.12824 ms
  COMP (~((A|B)&(B|C))): 5.40771 ms
---------------------------------------
