CSV output: /home/lichenhang/lee/thesis/check/lee/combit-cr-native-20260820/experiments/cr_run_btv_literal_20260821/raw/density_r2_A6554_B32768_wah.csv
=== Compressed .bm Benchmark Mode ===
Directory: /home/lichenhang/lee/thesis/check/lee/combit/gridindep/bitmap/bm_100m_A6554_B32768_wah
Rows: 100000000 | Cardinality: 6554
AND caliber: PAIR (A&B, real op)

=======================================
Benchmark [WAH (FastBit)] — Compressed .bm Files
Source: /home/lichenhang/lee/thesis/check/lee/combit/gridindep/bitmap/bm_100m_A6554_B32768_wah
Rows: 100000000 | Cardinality: 6554 | Loaded: 2
=======================================
[Load] Loaded 2 compressed bitmaps: 18.0936 ms
  1.bm → cardinality: 10000633
  2.bm → cardinality: 50000004

[Storage] Total compressed: 25788056 bytes (25183.6 KB) | Ratio: 1.03152x

[Compute] Pairwise ops on first 2 bitmaps:
  bitOr:  9.35288 ms (card: 54999809)
  bitAnd: 7.83954 ms (card: 5000828)
  bitXor: 15.549 ms (card: 49998981)

[Pure Ops] WAH (FastBit) operation-only:
  AND: 3.31344 ms
  OR:  3.24868 ms
  XOR: 10.4385 ms
  NOT: 1.46041 ms
  COMP (~((A|B)&(B|C))): 8.96093 ms
---------------------------------------
