CSV output: /home/lichenhang/lee/thesis/check/lee/combit-cr-native-20260820/experiments/cr_run_btv_literal_20260821/raw/density_r3_A19661_B26214_concise.csv
=== Compressed .bm Benchmark Mode ===
Directory: /home/lichenhang/lee/thesis/check/lee/combit/gridindep/bitmap/bm_100m_A19661_B26214_concise
Rows: 100000000 | Cardinality: 19661
AND caliber: PAIR (A&B, real op)

=======================================
Benchmark [Concise] — Compressed .bm Files
Source: /home/lichenhang/lee/thesis/check/lee/combit/gridindep/bitmap/bm_100m_A19661_B26214_concise
Rows: 100000000 | Cardinality: 19661 | Loaded: 2
=======================================
[Load] Loaded 2 compressed bitmaps: 12.4223 ms
  1.bm → cardinality: 30000235
  2.bm → cardinality: 39999373

[Storage] Total compressed: 25806488 bytes (25201.6 KB) | Ratio: 1.03226x

[Compute] Pairwise ops on first 2 bitmaps:
  bitOr:  20.4152 ms (card: 57996264)
  bitAnd: 38.1607 ms (card: 12003344)
  bitXor: 22.3806 ms (card: 45992920)

[Pure Ops] Concise operation-only:
  AND: 29.1527 ms
  OR:  25.5994 ms
  XOR: 25.8126 ms
  NOT: 16.8427 ms (XOR with all-ones)
  COMP (~((A|B)&(B|C))): 98.1196 ms
---------------------------------------
