CSV output: /home/lichenhang/lee/thesis/check/lee/combit-cr-native-20260820/experiments/cr_run_btv_literal_20260821/raw/density_r3_A328_B6554_concise.csv
=== Compressed .bm Benchmark Mode ===
Directory: /home/lichenhang/lee/thesis/check/lee/combit/gridindep/bitmap/bm_100m_A328_B6554_concise
Rows: 100000000 | Cardinality: 328
AND caliber: PAIR (A&B, real op)

=======================================
Benchmark [Concise] — Compressed .bm Files
Source: /home/lichenhang/lee/thesis/check/lee/combit/gridindep/bitmap/bm_100m_A328_B6554_concise
Rows: 100000000 | Cardinality: 328 | Loaded: 2
=======================================
[Load] Loaded 2 compressed bitmaps: 7.338 ms
  1.bm → cardinality: 500493
  2.bm → cardinality: 10000600

[Storage] Total compressed: 14796440 bytes (14449.6 KB) | Ratio: 0.591858x

[Compute] Pairwise ops on first 2 bitmaps:
  bitOr:  24.1636 ms (card: 10450860)
  bitAnd: 31.8071 ms (card: 50233)
  bitXor: 25.1877 ms (card: 10400627)

[Pure Ops] Concise operation-only:
  AND: 26.2756 ms
  OR:  28.677 ms
  XOR: 28.6766 ms
  NOT: 8.53466 ms (XOR with all-ones)
  COMP (~((A|B)&(B|C))): 102.822 ms
---------------------------------------
