CSV output: /home/lichenhang/lee/thesis/check/lee/combit-cr-native-20260820/experiments/cr_run_btv_literal_20260821/raw/density_r2_A6554_B19661_ddc.csv
=== Compressed .bm Benchmark Mode ===
Directory: /home/lichenhang/lee/thesis/check/lee/combit/gridindep/bitmap/bm_100m_A6554_B19661_ddc_w8
Rows: 100000000 | Cardinality: 6554
AND caliber: PAIR (A&B, real op)

=======================================
Benchmark [DDC (New)] — Compressed .bm Files
Source: /home/lichenhang/lee/thesis/check/lee/combit/gridindep/bitmap/bm_100m_A6554_B19661_ddc_w8
Rows: 100000000 | Cardinality: 6554 | Loaded: 2
=======================================
[Load] Loaded 2 compressed bitmaps: 13.4971 ms
  1.bm → cardinality: 10000633
  2.bm → cardinality: 30000288

[Storage] Total compressed: 21500059 bytes (20996.2 KB) | Ratio: 0.860002x
[DDC Storage] l4_bytes: 0.0465662 MB | l3_bytes: 0.198109 MB | l2_bytes: 2.03604 MB | l1_bytes: 18.0254 MB | total_bytes: 20.3061 MB

[Compute] Pairwise ops on first 2 bitmaps:
  bitOr:  6.43818 ms (card: 37000887)
  bitAnd: 6.77304 ms (card: 3000034)
  bitXor: 6.74967 ms (card: 34000853)
  [MIRROR-IN-PROC] OR raw: 1.491 1.49157 1.4926 1.49308 1.49339 1.49339 1.49362 1.49365 1.49372 1.49373 1.49374 1.49381 1.49386 1.49392 1.49393 1.49398 1.49413 1.4943 1.49433 1.49433 1.49435 1.49443 1.49455 1.49457 1.49467 1.49467 1.49475 1.49482 1.49485 1.49492 1.49523 1.49526 1.49541 1.49553 1.49607 1.49612 1.49619 1.49623 1.49626 1.49636 1.49644 1.49653 1.49668 1.49706 1.49746 1.49796 1.49804 1.49814 1.49821 1.49824 1.49828 1.49838 1.49853 1.49854 1.49857 1.49864 1.49869 1.49873 1.49895 1.499 1.49901 1.49924 1.49926 1.4993 1.4993 1.49938 1.49951 1.49954 1.49967 1.49975 1.49984 1.49985 1.49992 1.50001 1.50008 1.50021 1.50023 1.50025 1.50027 1.50036 1.50066 1.50078 1.5008 1.50083 1.50132 1.50188 1.5019 1.50207 1.50212 1.50315 1.50804 1.50939 1.5098 1.5133 1.51547 1.51677 1.51784 1.54398 1.87919 1.9643  median=1.49828

[Pure Ops] DDC operation-only timing:
  AND: 1.63366 ms (card: 3000034)
  OR:  1.49684 ms (card: 37000887)
  XOR: 1.56536 ms (card: 34000853)
  NOT: 0.915752 ms (card: 89999367)
  COMP (~((A|B)&(B|C))): 4.44662 ms (card: 62999113 OK)
---------------------------------------
  [Breakdown] DDC   L1=36.05 MiB  L2=4.07 MiB  L3=0.40 MiB  L4=0.09 MiB  total=40.61 MiB
