CSV output: /home/lichenhang/lee/thesis/check/lee/combit-cr-native-20260820/experiments/cr_run_btv_literal_20260821/raw/density_r1_A66_B13107_concise.csv
=== Compressed .bm Benchmark Mode ===
Directory: /home/lichenhang/lee/thesis/check/lee/combit/gridindep/bitmap/bm_100m_A66_B13107_concise
Rows: 100000000 | Cardinality: 66
AND caliber: PAIR (A&B, real op)

=======================================
Benchmark [Concise] — Compressed .bm Files
Source: /home/lichenhang/lee/thesis/check/lee/combit/gridindep/bitmap/bm_100m_A66_B13107_concise
Rows: 100000000 | Cardinality: 66 | Loaded: 2
=======================================
[Load] Loaded 2 compressed bitmaps: 6.35785 ms
  1.bm → cardinality: 100706
  2.bm → cardinality: 19999673

[Storage] Total compressed: 13305704 bytes (12993.9 KB) | Ratio: 0.532228x

[Compute] Pairwise ops on first 2 bitmaps:
  bitOr:  17.4104 ms (card: 20080036)
  bitAnd: 22.3112 ms (card: 20343)
  bitXor: 18.4998 ms (card: 20059693)

[Pure Ops] Concise operation-only:
  AND: 17.73 ms
  OR:  20.8444 ms
  XOR: 19.9103 ms
  NOT: 1.29812 ms (XOR with all-ones)
  COMP (~((A|B)&(B|C))): 84.0661 ms
---------------------------------------
