CSV output: /home/lichenhang/lee/thesis/check/lee/combit-cr-native-20260820/experiments/cr_run_btv_literal_20260821/raw/density_r2_A66_B66_bitset_avx512.csv
=== Compressed .bm Benchmark Mode ===
Directory: /home/lichenhang/lee/thesis/check/lee/combit/gridindep/bitmap/bm_100m_A66_B66_bitset
Rows: 100000000 | Cardinality: 66
AND caliber: PAIR (A&B, real op)

=======================================
Benchmark [Bitset (AVX512)] — Compressed .bm Files
Source: /home/lichenhang/lee/thesis/check/lee/combit/gridindep/bitmap/bm_100m_A66_B66_bitset
Rows: 100000000 | Cardinality: 66 | Loaded: 2
=======================================
[Load] Loaded 2 compressed bitmaps: 19.067 ms
  1.bm → cardinality: 100706
  2.bm → cardinality: 100711

[Storage] Total compressed: 25000000 bytes (24414.1 KB) | Ratio: 1x

[Compute] Pairwise ops on first 2 bitmaps:
  bitOr:  5.05951 ms (card: 201329)
  bitAnd: 5.03054 ms (card: 88)
  bitXor: 4.9617 ms (card: 201241)

[Pure Ops] Bitset (AVX512) operation+alloc:
  AND (with alloc): 1.68492 ms
  OR  (with alloc): 1.70402 ms
  XOR (with alloc): 1.71389 ms
  NOT (with alloc): 1.37435 ms
  AND (in-place):   1.12655 ms
  COMP (~((A|B)&(B|C))): 5.37533 ms
---------------------------------------
