CSV output: /home/lichenhang/lee/thesis/check/lee/combit-cr-native-20260820/experiments/cr_run_btv_literal_20260821/raw/density_r1_A1311_B32768_concise.csv
=== Compressed .bm Benchmark Mode ===
Directory: /home/lichenhang/lee/thesis/check/lee/combit/gridindep/bitmap/bm_100m_A1311_B32768_concise
Rows: 100000000 | Cardinality: 1311
AND caliber: PAIR (A&B, real op)

=======================================
Benchmark [Concise] — Compressed .bm Files
Source: /home/lichenhang/lee/thesis/check/lee/combit/gridindep/bitmap/bm_100m_A1311_B32768_concise
Rows: 100000000 | Cardinality: 1311 | Loaded: 2
=======================================
[Load] Loaded 2 compressed bitmaps: 9.07437 ms
  1.bm → cardinality: 2000409
  2.bm → cardinality: 50000004

[Storage] Total compressed: 19788528 bytes (19324.7 KB) | Ratio: 0.791541x

[Compute] Pairwise ops on first 2 bitmaps:
  bitOr:  35.5076 ms (card: 51001694)
  bitAnd: 62.84 ms (card: 998719)
  bitXor: 39.4255 ms (card: 50002975)

[Pure Ops] Concise operation-only:
  AND: 55.4992 ms
  OR:  44.5458 ms
  XOR: 44.3892 ms
  NOT: 34.4055 ms (XOR with all-ones)
  COMP (~((A|B)&(B|C))): 137.253 ms
---------------------------------------
