CSV output: /home/lichenhang/lee/thesis/check/lee/combit-cr-native-20260820/experiments/cr_run_btv_literal_20260821/raw/density_r3_A328_B13107_croaring.csv
=== Compressed .bm Benchmark Mode ===
Directory: /home/lichenhang/lee/thesis/check/lee/combit/gridindep/bitmap/bm_100m_A328_B13107_roaring
Rows: 100000000 | Cardinality: 328
AND caliber: PAIR (A&B, real op)

=======================================
Benchmark [CRoaring] — Compressed .bm Files
Source: /home/lichenhang/lee/thesis/check/lee/combit/gridindep/bitmap/bm_100m_A328_B13107_roaring
Rows: 100000000 | Cardinality: 328 | Loaded: 2
=======================================
[Load] Loaded 2 compressed bitmaps: 11.6928 ms
  1.bm → cardinality: 500493
  2.bm → cardinality: 19999673

[Storage] Total compressed: 13526418 bytes (13209.4 KB) | Ratio: 0.541057x
[CRoaring Storage] array=1526 (0.954615 MB) | run=0 (0 MB) | bitset=1526 (11.9219 MB) | total_bytes=13501978

[Compute] Pairwise ops on first 2 bitmaps:
  bitOr:  5.82141 ms (card: 20400429)
  bitAnd: 1.96036 ms (card: 99737)
  bitXor: 7.6774 ms (card: 20300692)

[Pure Ops] CRoaring operation-only (+ to-btv conversion):
  AND: 1.45624 ms (card: 99737)
  OR:  2.75398 ms (card: 20400429)
  OR (CR internal only, no to-btv): 1.39185 ms
  XOR: 3.1172 ms (card: 20300692)
  NOT: 2.56462 ms (card: 99499507)
  AND (in-place): 8.86552 ms
  [AND result containers] array=1526 (0.190233 MB) bitset=0 (0 MB) run=0 (0 MB) total_bytes=199474
  [OR  result containers] array=0 (0 MB) bitset=1526 (11.9219 MB) run=0 (0 MB) total_bytes=12500992
  [XOR result containers] array=0 (0 MB) bitset=1526 (11.9219 MB) run=0 (0 MB) total_bytes=12500992
  [NOT result containers] array=0 (0 MB) bitset=1526 (11.9219 MB) run=0 (0 MB) total_bytes=12500992
  [Input A containers] array=1526 (0.954615 MB) bitset=0 (0 MB) run=0 (0 MB) total_bytes=1000986
  [Input B containers] array=0 (0 MB) bitset=1526 (11.9219 MB) run=0 (0 MB) total_bytes=12500992
  COMP native (~((A|B)&(B|C))): 4.8159 ms
  COMP (~((A|B)&(B|C))): 6.19666 ms
---------------------------------------
