CSV output: /home/lichenhang/lee/thesis/check/lee/combit-cr-native-20260820/experiments/cr_run_btv_literal_20260821/raw/density_r2_A66_B32768_ddc.csv
=== Compressed .bm Benchmark Mode ===
Directory: /home/lichenhang/lee/thesis/check/lee/combit/gridindep/bitmap/bm_100m_A66_B32768_ddc_w8
Rows: 100000000 | Cardinality: 66
AND caliber: PAIR (A&B, real op)

=======================================
Benchmark [DDC (New)] — Compressed .bm Files
Source: /home/lichenhang/lee/thesis/check/lee/combit/gridindep/bitmap/bm_100m_A66_B32768_ddc_w8
Rows: 100000000 | Cardinality: 66 | Loaded: 2
=======================================
[Load] Loaded 2 compressed bitmaps: 18.5291 ms
  1.bm → cardinality: 100706
  2.bm → cardinality: 50000004

[Storage] Total compressed: 13075537 bytes (12769.1 KB) | Ratio: 0.523021x
[DDC Storage] l4_bytes: 0.0465662 MB | l3_bytes: 0.116094 MB | l2_bytes: 0.138646 MB | l1_bytes: 11.9705 MB | total_bytes: 12.2718 MB

[Compute] Pairwise ops on first 2 bitmaps:
  bitOr:  6.38961 ms (card: 50050276)
  bitAnd: 6.35198 ms (card: 50434)
  bitXor: 6.58946 ms (card: 49999842)
  [MIRROR-IN-PROC] OR raw: 1.45836 1.45962 1.45983 1.45985 1.46035 1.46055 1.46058 1.4607 1.46083 1.46105 1.46106 1.46113 1.46143 1.46144 1.46145 1.4616 1.46192 1.46196 1.46243 1.46263 1.46273 1.46279 1.46294 1.46353 1.46519 1.46632 1.46927 1.4693 1.46942 1.46962 1.47002 1.4705 1.47062 1.47063 1.47068 1.4709 1.47099 1.47104 1.4711 1.47135 1.47149 1.47149 1.47173 1.4718 1.47189 1.47192 1.47204 1.47242 1.47252 1.47304 1.47354 1.4742 1.47453 1.47487 1.47566 1.47573 1.47581 1.47588 1.47596 1.47596 1.47603 1.47633 1.47634 1.47641 1.47645 1.47653 1.47687 1.47694 1.47701 1.47712 1.47716 1.47744 1.47749 1.47755 1.47758 1.47781 1.47785 1.47794 1.4781 1.47826 1.47871 1.47872 1.47879 1.47915 1.47941 1.47952 1.47974 1.48001 1.48088 1.48141 1.48227 1.48244 1.4833 1.48814 1.48929 1.49054 1.49125 1.51548 1.54659 1.73896  median=1.47354

[Pure Ops] DDC operation-only timing:
  AND: 1.94741 ms (card: 50434)
  OR:  1.47167 ms (card: 50050276)
  XOR: 1.96615 ms (card: 49999842)
  NOT: 0.14878 ms (card: 99899294)
  COMP (~((A|B)&(B|C))): 4.45894 ms (card: 49949724 OK)
---------------------------------------
  [Breakdown] DDC   L1=23.94 MiB  L2=0.28 MiB  L3=0.23 MiB  L4=0.09 MiB  total=24.54 MiB
