CSV output: /home/lichenhang/lee/thesis/check/lee/combit-cr-native-20260820/experiments/cr_run_btv_literal_20260821/raw/density_r2_A1311_B26214_ewah.csv
=== Compressed .bm Benchmark Mode ===
Directory: /home/lichenhang/lee/thesis/check/lee/combit/gridindep/bitmap/bm_100m_A1311_B26214_ewah
Rows: 100000000 | Cardinality: 1311
AND caliber: PAIR (A&B, real op)

=======================================
Benchmark [EWAH] — Compressed .bm Files
Source: /home/lichenhang/lee/thesis/check/lee/combit/gridindep/bitmap/bm_100m_A1311_B26214_ewah
Rows: 100000000 | Cardinality: 1311 | Loaded: 2
=======================================
[Load] Loaded 2 compressed bitmaps: 11.7163 ms
  1.bm → cardinality: 2000409
  2.bm → cardinality: 39999373

[Storage] Total compressed: 24059192 bytes (23495.3 KB) | Ratio: 0.962368x

[Compute] Pairwise ops on first 2 bitmaps:
  bitOr:  14.1633 ms (card: 41199829)
  bitAnd: 20.587 ms (card: 799953)
  bitXor: 15.1331 ms (card: 40399876)

[Pure Ops] EWAH operation-only:
  AND: 18.0542 ms
  OR:  10.2452 ms
  XOR: 10.8673 ms
  NOT: 6.89319 ms
  COMP (~((A|B)&(B|C))): 31.4607 ms
---------------------------------------
