CSV output: /home/lichenhang/lee/thesis/check/lee/combit-cr-native-20260820/experiments/cr_run_btv_literal_20260821/raw/density_r3_A6554_B32768_concise.csv
=== Compressed .bm Benchmark Mode ===
Directory: /home/lichenhang/lee/thesis/check/lee/combit/gridindep/bitmap/bm_100m_A6554_B32768_concise
Rows: 100000000 | Cardinality: 6554
AND caliber: PAIR (A&B, real op)

=======================================
Benchmark [Concise] — Compressed .bm Files
Source: /home/lichenhang/lee/thesis/check/lee/combit/gridindep/bitmap/bm_100m_A6554_B32768_concise
Rows: 100000000 | Cardinality: 6554 | Loaded: 2
=======================================
[Load] Loaded 2 compressed bitmaps: 12.6008 ms
  1.bm → cardinality: 10000633
  2.bm → cardinality: 50000004

[Storage] Total compressed: 25723076 bytes (25120.2 KB) | Ratio: 1.02892x

[Compute] Pairwise ops on first 2 bitmaps:
  bitOr:  22.6314 ms (card: 54999809)
  bitAnd: 49.1588 ms (card: 5000828)
  bitXor: 24.5161 ms (card: 49998981)

[Pure Ops] Concise operation-only:
  AND: 39.4316 ms
  OR:  26.6937 ms
  XOR: 26.5379 ms
  NOT: 17.3122 ms (XOR with all-ones)
  COMP (~((A|B)&(B|C))): 101.796 ms
---------------------------------------
