CSV output: /home/lichenhang/lee/thesis/check/lee/combit-cr-native-20260820/experiments/cr_run_btv_literal_20260821/raw/density_r2_A66_B13107_bitset_avx512.csv
=== Compressed .bm Benchmark Mode ===
Directory: /home/lichenhang/lee/thesis/check/lee/combit/gridindep/bitmap/bm_100m_A66_B13107_bitset
Rows: 100000000 | Cardinality: 66
AND caliber: PAIR (A&B, real op)

=======================================
Benchmark [Bitset (AVX512)] — Compressed .bm Files
Source: /home/lichenhang/lee/thesis/check/lee/combit/gridindep/bitmap/bm_100m_A66_B13107_bitset
Rows: 100000000 | Cardinality: 66 | Loaded: 2
=======================================
[Load] Loaded 2 compressed bitmaps: 14.6043 ms
  1.bm → cardinality: 100706
  2.bm → cardinality: 19999673

[Storage] Total compressed: 25000000 bytes (24414.1 KB) | Ratio: 1x

[Compute] Pairwise ops on first 2 bitmaps:
  bitOr:  4.16881 ms (card: 20080036)
  bitAnd: 4.11772 ms (card: 20343)
  bitXor: 4.59269 ms (card: 20059693)

[Pure Ops] Bitset (AVX512) operation+alloc:
  AND (with alloc): 1.78319 ms
  OR  (with alloc): 1.79594 ms
  XOR (with alloc): 1.78848 ms
  NOT (with alloc): 1.30539 ms
  AND (in-place):   1.1612 ms
  COMP (~((A|B)&(B|C))): 5.47804 ms
---------------------------------------
