CSV output: /home/lichenhang/lee/thesis/check/lee/combit-cr-native-20260820/experiments/cr_run_btv_literal_20260821/raw/density_r3_A1311_B1311_ddc.csv
=== Compressed .bm Benchmark Mode ===
Directory: /home/lichenhang/lee/thesis/check/lee/combit/gridindep/bitmap/bm_100m_A1311_B1311_ddc_w8
Rows: 100000000 | Cardinality: 1311
AND caliber: PAIR (A&B, real op)

=======================================
Benchmark [DDC (New)] — Compressed .bm Files
Source: /home/lichenhang/lee/thesis/check/lee/combit/gridindep/bitmap/bm_100m_A1311_B1311_ddc_w8
Rows: 100000000 | Cardinality: 1311 | Loaded: 2
=======================================
[Load] Loaded 2 compressed bitmaps: 4.87715 ms
  1.bm → cardinality: 2000409
  2.bm → cardinality: 2000427

[Storage] Total compressed: 6617083 bytes (6462 KB) | Ratio: 0.264683x
[DDC Storage] l4_bytes: 0.0465662 MB | l3_bytes: 0.344051 MB | l2_bytes: 2.16349 MB | l1_bytes: 3.55846 MB | total_bytes: 6.11257 MB

[Compute] Pairwise ops on first 2 bitmaps:
  bitOr:  6.27241 ms (card: 3960615)
  bitAnd: 6.09749 ms (card: 40221)
  bitXor: 6.21427 ms (card: 3920394)
  [MIRROR-IN-PROC] OR raw: 1.42471 1.42645 1.42647 1.42671 1.42677 1.42753 1.42796 1.42797 1.42815 1.42833 1.42839 1.42922 1.42983 1.4299 1.4299 1.43009 1.43013 1.43052 1.4306 1.43077 1.43146 1.43153 1.43186 1.43197 1.43222 1.43223 1.43234 1.43253 1.43263 1.43265 1.43275 1.43294 1.43304 1.4332 1.4332 1.43321 1.43325 1.43338 1.4337 1.43393 1.4344 1.43455 1.4347 1.43476 1.43477 1.43496 1.43511 1.43562 1.43585 1.43619 1.43633 1.43644 1.4366 1.43667 1.4369 1.43709 1.43721 1.43772 1.43795 1.43797 1.43811 1.43817 1.43823 1.43826 1.43829 1.4384 1.43853 1.43863 1.43881 1.43883 1.43887 1.43903 1.43926 1.43946 1.4395 1.44017 1.44036 1.4404 1.44057 1.44084 1.44115 1.44124 1.44142 1.44194 1.44275 1.44312 1.44433 1.44443 1.44445 1.44453 1.44538 1.44681 1.44688 1.44713 1.44722 1.44817 1.44942 1.46914 1.52215 1.55764  median=1.43633

[Pure Ops] DDC operation-only timing:
  AND: 1.55529 ms (card: 40221)
  OR:  1.43565 ms (card: 3960615)
  XOR: 1.45162 ms (card: 3920394)
  NOT: 0.395943 ms (card: 97999591)
  COMP (~((A|B)&(B|C))): 4.29126 ms (card: 96039385 OK)
---------------------------------------
  [Breakdown] DDC   L1=7.12 MiB  L2=4.33 MiB  L3=0.69 MiB  L4=0.09 MiB  total=12.23 MiB
