CSV output: /home/lichenhang/lee/thesis/check/lee/combit-cr-native-20260820/experiments/cr_run_btv_literal_20260821/raw/density_r3_A655_B655_concise.csv
=== Compressed .bm Benchmark Mode ===
Directory: /home/lichenhang/lee/thesis/check/lee/combit/gridindep/bitmap/bm_100m_A655_B655_concise
Rows: 100000000 | Cardinality: 655
AND caliber: PAIR (A&B, real op)

=======================================
Benchmark [Concise] — Compressed .bm Files
Source: /home/lichenhang/lee/thesis/check/lee/combit/gridindep/bitmap/bm_100m_A655_B655_concise
Rows: 100000000 | Cardinality: 655 | Loaded: 2
=======================================
[Load] Loaded 2 compressed bitmaps: 3.69363 ms
  1.bm → cardinality: 999453
  2.bm → cardinality: 999453

[Storage] Total compressed: 7631264 bytes (7452.41 KB) | Ratio: 0.305251x

[Compute] Pairwise ops on first 2 bitmaps:
  bitOr:  31.3089 ms (card: 1988943)
  bitAnd: 40.4637 ms (card: 9963)
  bitXor: 32.9511 ms (card: 1978980)

[Pure Ops] Concise operation-only:
  AND: 37.7556 ms
  OR:  38.7262 ms
  XOR: 38.6869 ms
  NOT: 19.4188 ms (XOR with all-ones)
  COMP (~((A|B)&(B|C))): 155.255 ms
---------------------------------------
