CSV output: /home/lichenhang/lee/thesis/check/lee/combit-cr-native-20260820/experiments/cr_run_btv_literal_20260821/raw/earth_r1_qflag_wah.csv
=== Compressed .bm Benchmark Mode ===
Directory: /home/lichenhang/lee/thesis/check/lee/combit/earthdata/qflag/bitmap/bm_21844315_c17_wah
Rows: 21844315 | Cardinality: 17
AND caliber: PAIR (A&B, real op)

=======================================
Benchmark [WAH (FastBit)] — Compressed .bm Files
Source: /home/lichenhang/lee/thesis/check/lee/combit/earthdata/qflag/bitmap/bm_21844315_c17_wah
Rows: 21844315 | Cardinality: 17 | Loaded: 17
=======================================
[Load] Loaded 17 compressed bitmaps: 3.57512 ms
  1.bm → cardinality: 9989443
  2.bm → cardinality: 3170612
  3.bm → cardinality: 2459587
  4.bm → cardinality: 1952032
  5.bm → cardinality: 1761888
  ... (12 more)

[Storage] Total compressed: 3388660 bytes (3309.24 KB) | Ratio: 0.0730013x

[Compute] Pairwise ops on first 2 bitmaps:
  bitOr:  2.82699 ms (card: 13160055)
  bitAnd: 1.23513 ms (card: 0)
  bitXor: 2.13233 ms (card: 13160055)

[Compute] Multi-way OR of 17 bitmaps: 11.368 ms (card: 21844315)

[Pure Ops] WAH (FastBit) operation-only:
  AND: 1.19004 ms
  OR:  2.00282 ms
  XOR: 1.63424 ms
  NOT: 0.03943 ms
  COMP (~((A|B)&(B|C))): 5.28866 ms
---------------------------------------
