CSV output: /home/lichenhang/lee/thesis/check/lee/combit-cr-native-20260820/experiments/cr_run_btv_literal_20260821/raw/earth_r3_year_ewah.csv
=== Compressed .bm Benchmark Mode ===
Directory: /home/lichenhang/lee/thesis/check/lee/R3W1_realworld_excel_20260809/ewah_corrected/earth/data/year/bitmap/bm_21844315_c325_ewah
Rows: 21844315 | Cardinality: 325
AND caliber: PAIR (A&B, real op)

=======================================
Benchmark [EWAH] — Compressed .bm Files
Source: /home/lichenhang/lee/thesis/check/lee/R3W1_realworld_excel_20260809/ewah_corrected/earth/data/year/bitmap/bm_21844315_c325_ewah
Rows: 21844315 | Cardinality: 325 | Loaded: 325
=======================================
[Load] Loaded 325 compressed bitmaps: 19.3676 ms
  1.bm → cardinality: 302914
  2.bm → cardinality: 301282
  3.bm → cardinality: 299901
  4.bm → cardinality: 296932
  5.bm → cardinality: 293748
  ... (320 more)

[Storage] Total compressed: 33818896 bytes (33026.3 KB) | Ratio: 0.038109x

[Compute] Pairwise ops on first 2 bitmaps:
  bitOr:  0.841455 ms (card: 604196)
  bitAnd: 0.477895 ms (card: 0)
  bitXor: 0.818152 ms (card: 604196)

[Compute] Multi-way OR of 325 bitmaps: 92.523 ms (card: 21844315)

[Pure Ops] EWAH operation-only:
  AND: 0.4572 ms
  OR:  0.637394 ms
  XOR: 0.627166 ms
  NOT: 0.295858 ms
  COMP (~((A|B)&(B|C))): 2.44956 ms
---------------------------------------
