CSV output: /home/lichenhang/lee/thesis/check/lee/combit-cr-native-20260820/experiments/cr_run_btv_literal_20260821/raw/earth_r2_temp_bin_ddc.csv
=== Compressed .bm Benchmark Mode ===
Directory: /home/lichenhang/lee/thesis/check/lee/R3W1_realworld_excel_20260809/earth_adaptive_single_replay_20260809/data/temp_bin/bitmap/bm_21844315_c232_ddc_w8
Rows: 21844315 | Cardinality: 232
AND caliber: PAIR (A&B, real op)

=======================================
Benchmark [DDC (New)] — Compressed .bm Files
Source: /home/lichenhang/lee/thesis/check/lee/R3W1_realworld_excel_20260809/earth_adaptive_single_replay_20260809/data/temp_bin/bitmap/bm_21844315_c232_ddc_w8
Rows: 21844315 | Cardinality: 232 | Loaded: 232
=======================================
[Load] Loaded 232 compressed bitmaps: 49.6993 ms
  1.bm → cardinality: 387216
  2.bm → cardinality: 384742
  3.bm → cardinality: 384276
  4.bm → cardinality: 383980
  5.bm → cardinality: 381446
  ... (227 more)

[Storage] Total compressed: 36389604 bytes (35536.7 KB) | Ratio: 0.0574435x
[DDC Storage] l4_bytes: 0.538951 MB | l3_bytes: 2.38749 MB | l2_bytes: 11.4471 MB | l1_bytes: 19.1755 MB | total_bytes: 33.5491 MB

[Compute] Pairwise ops on first 2 bitmaps:
  bitOr:  1.56681 ms (card: 771958)
  bitAnd: 1.41718 ms (card: 0)
  bitXor: 1.35502 ms (card: 771958)

[Compute] Multi-way OR of 232 bitmaps: 60.0762 ms (card: 21844315)
  [MIRROR-IN-PROC] OR raw: 0.321965 0.322 0.322176 0.322203 0.322214 0.322256 0.322287 0.322307 0.322313 0.322317 0.322369 0.322443 0.322459 0.322476 0.322503 0.322523 0.322565 0.32262 0.322661 0.322695 0.3227 0.322744 0.322765 0.322805 0.322808 0.322823 0.322843 0.322863 0.322891 0.322895 0.322895 0.322896 0.3229 0.322908 0.322938 0.322967 0.322979 0.322999 0.323041 0.323075 0.323084 0.323088 0.323096 0.323098 0.323123 0.323126 0.323152 0.32316 0.323167 0.323178 0.323221 0.323232 0.323233 0.3233 0.3233 0.323303 0.323327 0.323333 0.323336 0.323387 0.323387 0.323423 0.323434 0.323544 0.323563 0.323772 0.323792 0.333395 0.333786 0.333934 0.334182 0.334197 0.334255 0.334332 0.334429 0.33443 0.334564 0.334573 0.334609 0.334619 0.334711 0.334728 0.334857 0.334909 0.334976 0.335039 0.335138 0.33518 0.3352 0.335252 0.335289 0.335565 0.335569 0.335651 0.33601 0.336361 0.336929 0.33793 0.337986 0.338163  median=0.323221

[Pure Ops] DDC operation-only timing:
  AND: 0.328616 ms (card: 0)
  OR:  0.323775 ms (card: 771958)
  XOR: 0.303395 ms (card: 771958)
  NOT: 0.072555 ms (card: 21457099)
  COMP (~((A|B)&(B|C))): 0.965008 ms (card: 21459573 OK)
---------------------------------------
