CSV output: /home/lichenhang/lee/thesis/check/lee/combit-cr-native-20260820/experiments/cr_run_btv_literal_20260821/raw/earth_r5_decade_ewah.csv
=== Compressed .bm Benchmark Mode ===
Directory: /home/lichenhang/lee/thesis/check/lee/R3W1_realworld_excel_20260809/ewah_corrected/earth/data/decade/bitmap/bm_21844315_c33_ewah
Rows: 21844315 | Cardinality: 33
AND caliber: PAIR (A&B, real op)

=======================================
Benchmark [EWAH] — Compressed .bm Files
Source: /home/lichenhang/lee/thesis/check/lee/R3W1_realworld_excel_20260809/ewah_corrected/earth/data/decade/bitmap/bm_21844315_c33_ewah
Rows: 21844315 | Cardinality: 33 | Loaded: 33
=======================================
[Load] Loaded 33 compressed bitmaps: 3.44312 ms
  1.bm → cardinality: 2908621
  2.bm → cardinality: 2740202
  3.bm → cardinality: 2464137
  4.bm → cardinality: 2276332
  5.bm → cardinality: 2181760
  ... (28 more)

[Storage] Total compressed: 6564864 bytes (6411 KB) | Ratio: 0.0728557x

[Compute] Pairwise ops on first 2 bitmaps:
  bitOr:  1.63756 ms (card: 5648823)
  bitAnd: 0.97649 ms (card: 0)
  bitXor: 1.6764 ms (card: 5648823)

[Compute] Multi-way OR of 33 bitmaps: 11.1007 ms (card: 21844315)

[Pure Ops] EWAH operation-only:
  AND: 0.937054 ms
  OR:  1.27013 ms
  XOR: 1.32039 ms
  NOT: 0.573788 ms
  COMP (~((A|B)&(B|C))): 4.79938 ms
---------------------------------------
