CSV output: /home/lichenhang/lee/thesis/check/lee/combit-cr-native-20260820/experiments/cr_run_btv_literal_20260821/raw/earth_r4_month_ddc.csv
=== Compressed .bm Benchmark Mode ===
Directory: /home/lichenhang/lee/thesis/check/lee/R3W1_realworld_excel_20260809/earth_adaptive_single_replay_20260809/data/month/bitmap/bm_21844315_c12_ddc_w8
Rows: 21844315 | Cardinality: 12
AND caliber: PAIR (A&B, real op)

=======================================
Benchmark [DDC (New)] — Compressed .bm Files
Source: /home/lichenhang/lee/thesis/check/lee/R3W1_realworld_excel_20260809/earth_adaptive_single_replay_20260809/data/month/bitmap/bm_21844315_c12_ddc_w8
Rows: 21844315 | Cardinality: 12 | Loaded: 12
=======================================
[Load] Loaded 12 compressed bitmaps: 17.1278 ms
  1.bm → cardinality: 1833156
  2.bm → cardinality: 1832857
  3.bm → cardinality: 1831489
  4.bm → cardinality: 1829137
  5.bm → cardinality: 1819424
  ... (7 more)

[Storage] Total compressed: 25950218 bytes (25342 KB) | Ratio: 0.791975x
[DDC Storage] l4_bytes: 0.0610328 MB | l3_bytes: 0.00464249 MB | l2_bytes: 3.89802 MB | l1_bytes: 20.6789 MB | total_bytes: 24.6426 MB

[Compute] Pairwise ops on first 2 bitmaps:
  bitOr:  1.36303 ms (card: 3666013)
  bitAnd: 1.4133 ms (card: 0)
  bitXor: 1.25681 ms (card: 3666013)

[Compute] Multi-way OR of 12 bitmaps: 4.28033 ms (card: 21844315)
  [MIRROR-IN-PROC] OR raw: 0.324529 0.324581 0.324623 0.324678 0.324755 0.324826 0.324879 0.324891 0.324894 0.324913 0.324963 0.324996 0.325003 0.32504 0.325053 0.325103 0.325105 0.325138 0.325174 0.32518 0.325228 0.32523 0.325235 0.325237 0.325252 0.325318 0.325344 0.325354 0.325381 0.325399 0.325405 0.325442 0.325443 0.32545 0.325454 0.325523 0.325548 0.325557 0.325583 0.325592 0.325618 0.325688 0.325725 0.325735 0.325766 0.325841 0.325859 0.325879 0.325903 0.325935 0.325946 0.325992 0.325997 0.326163 0.326315 0.326324 0.326363 0.326477 0.326684 0.326718 0.32679 0.327374 0.331361 0.331534 0.331969 0.332078 0.333253 0.335055 0.335095 0.335525 0.336325 0.336624 0.336724 0.339486 0.339659 0.340063 0.340175 0.340395 0.340433 0.34056 0.340712 0.340714 0.341005 0.341059 0.341094 0.341098 0.341121 0.34125 0.341303 0.341602 0.341656 0.341683 0.341695 0.341723 0.341815 0.341872 0.342082 0.342155 0.342715 0.342889  median=0.325946

[Pure Ops] DDC operation-only timing:
  AND: 0.358674 ms (card: 0)
  OR:  0.333441 ms (card: 3666013)
  XOR: 0.345284 ms (card: 3666013)
  NOT: 0.210146 ms (card: 20011159)
  COMP (~((A|B)&(B|C))): 0.979166 ms (card: 20011458 OK)
---------------------------------------
