CSV output: /home/lichenhang/lee/thesis/check/lee/combit-cr-native-20260820/experiments/cr_run_btv_literal_20260821/raw/earth_r3_qflag_ddc.csv
=== Compressed .bm Benchmark Mode ===
Directory: /home/lichenhang/lee/thesis/check/lee/R3W1_realworld_excel_20260809/earth_adaptive_single_replay_20260809/data/qflag/bitmap/bm_21844315_c17_ddc_w8
Rows: 21844315 | Cardinality: 17
AND caliber: PAIR (A&B, real op)

=======================================
Benchmark [DDC (New)] — Compressed .bm Files
Source: /home/lichenhang/lee/thesis/check/lee/R3W1_realworld_excel_20260809/earth_adaptive_single_replay_20260809/data/qflag/bitmap/bm_21844315_c17_ddc_w8
Rows: 21844315 | Cardinality: 17 | Loaded: 17
=======================================
[Load] Loaded 17 compressed bitmaps: 7.09353 ms
  1.bm → cardinality: 9989443
  2.bm → cardinality: 3170612
  3.bm → cardinality: 2459587
  4.bm → cardinality: 1952032
  5.bm → cardinality: 1761888
  ... (12 more)

[Storage] Total compressed: 2561190 bytes (2501.16 KB) | Ratio: 0.0551753x
[DDC Storage] l4_bytes: 0.0373572 MB | l3_bytes: 0.102809 MB | l2_bytes: 0.457856 MB | l1_bytes: 2.41439 MB | total_bytes: 3.01241 MB

[Compute] Pairwise ops on first 2 bitmaps:
  bitOr:  0.685491 ms (card: 13160055)
  bitAnd: 0.172659 ms (card: 0)
  bitXor: 0.716503 ms (card: 13160055)

[Compute] Multi-way OR of 17 bitmaps: 4.9504 ms (card: 21844315)
  [MIRROR-IN-PROC] OR raw: 0.16441 0.16859 0.168638 0.168879 0.168949 0.168956 0.169002 0.169088 0.169096 0.169098 0.169157 0.169198 0.169212 0.169233 0.169277 0.169286 0.169291 0.169326 0.169332 0.169342 0.169342 0.169344 0.169365 0.169405 0.169438 0.169458 0.169495 0.169506 0.169531 0.16954 0.169546 0.169584 0.169585 0.169621 0.169622 0.16965 0.169655 0.1697 0.169711 0.169733 0.169801 0.169829 0.16985 0.169903 0.169922 0.169954 0.16997 0.170011 0.170021 0.170025 0.170056 0.170065 0.170084 0.170092 0.170135 0.170306 0.170369 0.170425 0.170439 0.170506 0.170513 0.170551 0.170639 0.170802 0.170923 0.171657 0.171913 0.172391 0.173117 0.173559 0.174207 0.174266 0.174488 0.174589 0.174693 0.175411 0.177119 0.177676 0.177898 0.17804 0.178219 0.178635 0.179476 0.180493 0.18107 0.18183 0.181952 0.182282 0.182677 0.18301 0.183108 0.183173 0.183637 0.183693 0.184118 0.189309 0.189821 0.190006 0.192984 0.201118  median=0.170056

[Pure Ops] DDC operation-only timing:
  AND: 0.121887 ms (card: 0)
  OR:  0.169858 ms (card: 13160055)
  XOR: 0.169153 ms (card: 13160055)
  NOT: 0.085232 ms (card: 11854872)
  COMP (~((A|B)&(B|C))): 0.725385 ms (card: 18673703 OK)
---------------------------------------
