CSV output: /home/lichenhang/lee/thesis/check/lee/combit-cr-native-20260820/experiments/cr_run_btv_literal_20260821/raw/job_r3_country_ddc.csv
=== Compressed .bm Benchmark Mode ===
Directory: /home/lichenhang/lee/thesis/check/lee/combit/realdata/country/bitmap/bm_234997_c215_ddc_w8
Rows: 234997 | Cardinality: 215
AND caliber: PAIR (A&B, real op)

=======================================
Benchmark [DDC (New)] — Compressed .bm Files
Source: /home/lichenhang/lee/thesis/check/lee/combit/realdata/country/bitmap/bm_234997_c215_ddc_w8
Rows: 234997 | Cardinality: 215 | Loaded: 215
=======================================
[Load] Loaded 215 compressed bitmaps: 1.24327 ms
  1.bm → cardinality: 84843
  2.bm → cardinality: 16045
  3.bm → cardinality: 10394
  4.bm → cardinality: 9811
  5.bm → cardinality: 9775
  ... (210 more)

[Storage] Total compressed: 275748 bytes (269.285 KB) | Ratio: 0.0436618x
[DDC Storage] l4_bytes: 0.010047 MB | l3_bytes: 0.0211143 MB | l2_bytes: 0.0666666 MB | l1_bytes: 0.136492 MB | total_bytes: 0.23432 MB

[Compute] Pairwise ops on first 2 bitmaps:
  bitOr:  0.034181 ms (card: 100888)
  bitAnd: 0.020346 ms (card: 0)
  bitXor: 0.019751 ms (card: 100888)

[Compute] Multi-way OR of 215 bitmaps: 0.460185 ms (card: 211073)
  [MIRROR-IN-PROC] OR raw: 0.002811 0.002811 0.002813 0.002813 0.002814 0.002815 0.002816 0.002816 0.002817 0.002818 0.002818 0.002819 0.00282 0.002821 0.002821 0.002822 0.002822 0.002822 0.002822 0.002823 0.002823 0.002824 0.002824 0.002825 0.002825 0.002825 0.002826 0.002827 0.002827 0.002828 0.002828 0.002828 0.002829 0.002829 0.002829 0.00283 0.00283 0.002831 0.002831 0.002832 0.002832 0.002832 0.002832 0.002834 0.002834 0.002835 0.002836 0.002836 0.002836 0.002836 0.002836 0.002837 0.002837 0.002837 0.002838 0.002839 0.002839 0.002839 0.002839 0.002839 0.00284 0.00284 0.002841 0.002841 0.002842 0.002842 0.002842 0.002842 0.002844 0.002844 0.002845 0.002847 0.002848 0.002848 0.002849 0.002849 0.002849 0.002849 0.00285 0.002852 0.002852 0.002853 0.002854 0.002855 0.002856 0.00286 0.00286 0.002862 0.002862 0.002866 0.002868 0.00287 0.002871 0.002876 0.002878 0.002901 0.002968 0.002988 0.003205 0.004584  median=0.002836

[Pure Ops] DDC operation-only timing:
  AND: 0.003169 ms (card: 0)
  OR:  0.002838 ms (card: 100888)
  XOR: 0.002814 ms (card: 100888)
  NOT: 0.001531 ms (card: 150154)
  COMP (~((A|B)&(B|C))): 0.007055 ms (card: 218952 OK)
---------------------------------------
