CSV output: /home/lichenhang/lee/thesis/check/lee/combit-cr-native-20260820/experiments/cr_run_btv_literal_20260821/raw/job_r4_cast_info_movie_id_ddc.csv
=== Compressed .bm Benchmark Mode ===
Directory: /home/lichenhang/lee/thesis/check/lee/R3W1_realworld_excel_20260809/job_unified10/logical_top3_datasets/cast_info_movie_id/bitmap/bm_36244344_c3_ddc_w8
Rows: 36244344 | Cardinality: 3
AND caliber: PAIR (A&B, real op)

=======================================
Benchmark [DDC (New)] — Compressed .bm Files
Source: /home/lichenhang/lee/thesis/check/lee/R3W1_realworld_excel_20260809/job_unified10/logical_top3_datasets/cast_info_movie_id/bitmap/bm_36244344_c3_ddc_w8
Rows: 36244344 | Cardinality: 3 | Loaded: 3
=======================================
[Load] Loaded 3 compressed bitmaps: 0.397004 ms
  1.bm → cardinality: 1741
  2.bm → cardinality: 1572
  3.bm → cardinality: 1531

[Storage] Total compressed: 39829 bytes (38.8955 KB) | Ratio: 0.00293041x
[DDC Storage] l4_bytes: 0.00927734 MB | l3_bytes: 0.00293159 MB | l2_bytes: 0.00317764 MB | l1_bytes: 0.00340557 MB | total_bytes: 0.0187922 MB

[Compute] Pairwise ops on first 2 bitmaps:
  bitOr:  0.10719 ms (card: 3313)
  bitAnd: 0.013139 ms (card: 0)
  bitXor: 0.092512 ms (card: 3313)

[Compute] Multi-way OR of 3 bitmaps: 0.662788 ms (card: 4844)
  [MIRROR-IN-PROC] OR raw: 0.031451 0.031598 0.031598 0.031626 0.031705 0.031725 0.03173 0.031734 0.031784 0.031802 0.031806 0.031808 0.031888 0.031896 0.031924 0.031928 0.031933 0.031946 0.031949 0.031954 0.031962 0.031972 0.03198 0.031999 0.032004 0.032011 0.032035 0.03205 0.032073 0.032093 0.032147 0.032197 0.032197 0.032207 0.032236 0.032245 0.032281 0.03233 0.032349 0.032361 0.032384 0.032396 0.032403 0.032406 0.032418 0.032475 0.032486 0.032514 0.032543 0.032556 0.032633 0.032642 0.032643 0.032701 0.032738 0.032739 0.032779 0.032827 0.03283 0.032855 0.033042 0.033052 0.033201 0.033392 0.033565 0.033606 0.033685 0.033787 0.033804 0.033833 0.033925 0.034008 0.034036 0.034079 0.034089 0.034148 0.034164 0.034194 0.034306 0.034446 0.034459 0.034597 0.034819 0.034938 0.035013 0.035043 0.035221 0.035228 0.03526 0.035309 0.035864 0.035993 0.036645 0.037727 0.038169 0.038689 0.039364 0.040066 0.040833 0.053966  median=0.032633

[Pure Ops] DDC operation-only timing:
  AND: 0.005109 ms (card: 0)
  OR:  0.032344 ms (card: 3313)
  XOR: 0.031281 ms (card: 3313)
  NOT: 0.010133 ms (card: 36242603)
  COMP (~((A|B)&(B|C))): 0.374329 ms (card: 36242772 OK)
---------------------------------------
