CSV output: /home/lichenhang/lee/thesis/check/lee/combit-cr-native-20260820/experiments/cr_run_btv_literal_20260821/raw/job_r4_cast_info_person_id_ddc.csv
=== Compressed .bm Benchmark Mode ===
Directory: /home/lichenhang/lee/thesis/check/lee/R3W1_realworld_excel_20260809/job_unified10/logical_top3_datasets/cast_info_person_id/bitmap/bm_36244344_c3_ddc_w8
Rows: 36244344 | Cardinality: 3
AND caliber: PAIR (A&B, real op)

=======================================
Benchmark [DDC (New)] — Compressed .bm Files
Source: /home/lichenhang/lee/thesis/check/lee/R3W1_realworld_excel_20260809/job_unified10/logical_top3_datasets/cast_info_person_id/bitmap/bm_36244344_c3_ddc_w8
Rows: 36244344 | Cardinality: 3 | Loaded: 3
=======================================
[Load] Loaded 3 compressed bitmaps: 0.191332 ms
  1.bm → cardinality: 10249
  2.bm → cardinality: 8242
  3.bm → cardinality: 7725

[Storage] Total compressed: 953 bytes (0.930664 KB) | Ratio: 7.01167e-05x
[DDC Storage] l4_bytes: 0.000198364 MB | l3_bytes: 6.19888e-05 MB | l2_bytes: 0.000404358 MB | l1_bytes: 0.00313663 MB | total_bytes: 0.00380135 MB

[Compute] Pairwise ops on first 2 bitmaps:
  bitOr:  0.018188 ms (card: 18491)
  bitAnd: 0.012537 ms (card: 0)
  bitXor: 0.008605 ms (card: 18491)

[Compute] Multi-way OR of 3 bitmaps: 0.011527 ms (card: 26216)
  [MIRROR-IN-PROC] OR raw: 0.000845 0.000856 0.000866 0.000867 0.00087 0.000872 0.000873 0.000876 0.000876 0.000877 0.000878 0.000887 0.000887 0.000888 0.000889 0.000889 0.000891 0.000892 0.000892 0.000893 0.000894 0.000894 0.000896 0.000897 0.000897 0.000897 0.000897 0.000897 0.000897 0.000897 0.000897 0.000897 0.000897 0.000898 0.000898 0.000898 0.000898 0.000898 0.000898 0.000899 0.000899 0.000899 0.000899 0.000899 0.000899 0.000899 0.0009 0.0009 0.0009 0.0009 0.0009 0.000901 0.000901 0.000901 0.000901 0.000901 0.000901 0.000901 0.000901 0.000902 0.000902 0.000902 0.000902 0.000903 0.000903 0.000903 0.000903 0.000903 0.000903 0.000903 0.000903 0.000904 0.000905 0.000905 0.000906 0.000906 0.000906 0.000906 0.000906 0.000907 0.000907 0.000908 0.000913 0.000913 0.000915 0.000915 0.000916 0.00092 0.000932 0.000934 0.000952 0.000955 0.000972 0.000974 0.001006 0.00102 0.001021 0.001039 0.001059 0.00115  median=0.0009

[Pure Ops] DDC operation-only timing:
  AND: 8e-05 ms (card: 0)
  OR:  0.000898 ms (card: 18491)
  XOR: 0.000882 ms (card: 18491)
  NOT: 0.000328 ms (card: 36234095)
  COMP (~((A|B)&(B|C))): 0.046836 ms (card: 36236102 OK)
---------------------------------------
