CSV output: /home/lichenhang/lee/thesis/check/lee/combit-cr-native-20260820/experiments/cr_run_btv_literal_20260821/raw/job_r5_mc_ctype_wah.csv
=== Compressed .bm Benchmark Mode ===
Directory: /home/lichenhang/lee/thesis/check/lee/combit/realdata/mc_ctype/bitmap/bm_2609129_c2_wah
Rows: 2609129 | Cardinality: 2
AND caliber: PAIR (A&B, real op)

=======================================
Benchmark [WAH (FastBit)] — Compressed .bm Files
Source: /home/lichenhang/lee/thesis/check/lee/combit/realdata/mc_ctype/bitmap/bm_2609129_c2_wah
Rows: 2609129 | Cardinality: 2 | Loaded: 2
=======================================
[Load] Loaded 2 compressed bitmaps: 0.040315 ms
  1.bm → cardinality: 1334883
  2.bm → cardinality: 1274246

[Storage] Total compressed: 40 bytes (0.0390625 KB) | Ratio: 6.13231e-05x

[Compute] Pairwise ops on first 2 bitmaps:
  bitOr:  0.004557 ms (card: 2609129)
  bitAnd: 0.001226 ms (card: 0)
  bitXor: 0.001326 ms (card: 2609129)

[Pure Ops] WAH (FastBit) operation-only:
  AND: 0.000296 ms
  OR:  0.000305 ms
  XOR: 0.000298 ms
  NOT: 0.000136 ms
  COMP (~((A|B)&(B|C))): 0.000786 ms
---------------------------------------
