CSV output: /home/lichenhang/lee/thesis/check/lee/combit-cr-native-20260820/experiments/cr_run_btv_literal_20260821/raw/job_r2_year_ddc.csv
=== Compressed .bm Benchmark Mode ===
Directory: /home/lichenhang/lee/thesis/check/lee/combit/realdata/year/bitmap/bm_2528312_c132_ddc_w8
Rows: 2528312 | Cardinality: 132
AND caliber: PAIR (A&B, real op)

=======================================
Benchmark [DDC (New)] — Compressed .bm Files
Source: /home/lichenhang/lee/thesis/check/lee/combit/realdata/year/bitmap/bm_2528312_c132_ddc_w8
Rows: 2528312 | Cardinality: 132 | Loaded: 132
=======================================
[Load] Loaded 132 compressed bitmaps: 4.87758 ms
  1.bm → cardinality: 164307
  2.bm → cardinality: 160017
  3.bm → cardinality: 141703
  4.bm → cardinality: 128696
  5.bm → cardinality: 122861
  ... (127 more)

[Storage] Total compressed: 4010490 bytes (3916.49 KB) | Ratio: 0.0961353x
[DDC Storage] l4_bytes: 0.0538062 MB | l3_bytes: 0.315495 MB | l2_bytes: 1.22862 MB | l1_bytes: 2.11057 MB | total_bytes: 3.70849 MB

[Compute] Pairwise ops on first 2 bitmaps:
  bitOr:  0.178509 ms (card: 324324)
  bitAnd: 0.160679 ms (card: 0)
  bitXor: 0.16324 ms (card: 324324)

[Compute] Multi-way OR of 132 bitmaps: 3.1886 ms (card: 2456218)
  [MIRROR-IN-PROC] OR raw: 0.027762 0.027779 0.027782 0.027789 0.027791 0.027793 0.027797 0.027813 0.027814 0.02782 0.027821 0.027821 0.027822 0.027823 0.027823 0.027825 0.027829 0.027835 0.027837 0.027838 0.027839 0.027845 0.027845 0.027849 0.02785 0.027854 0.027855 0.027856 0.027858 0.027859 0.027859 0.027859 0.027861 0.027862 0.027869 0.027872 0.027873 0.027876 0.02788 0.027882 0.027884 0.027884 0.027885 0.027888 0.027896 0.027896 0.027897 0.027907 0.027908 0.027911 0.027915 0.027917 0.02792 0.027921 0.027923 0.027923 0.027927 0.027929 0.02793 0.02793 0.027931 0.027936 0.027938 0.027946 0.027948 0.027956 0.02796 0.027962 0.027965 0.027966 0.027967 0.027968 0.027968 0.027975 0.027979 0.02799 0.027995 0.027999 0.028 0.028 0.028003 0.028006 0.028012 0.028015 0.02802 0.028028 0.028028 0.028031 0.028048 0.028066 0.028151 0.028173 0.028196 0.028258 0.028386 0.030334 0.032082 0.033167 0.03348 0.034576  median=0.027915

[Pure Ops] DDC operation-only timing:
  AND: 0.032135 ms (card: 0)
  OR:  0.027966 ms (card: 324324)
  XOR: 0.02984 ms (card: 324324)
  NOT: 0.011528 ms (card: 2364005)
  COMP (~((A|B)&(B|C))): 0.075081 ms (card: 2368295 OK)
---------------------------------------
