CSV output: /home/lichenhang/lee/thesis/check/lee/combit-cr-native-20260820/experiments/cr_run_btv_literal_20260821/raw/job_r1_year_ddc.csv
=== Compressed .bm Benchmark Mode ===
Directory: /home/lichenhang/lee/thesis/check/lee/combit/realdata/year/bitmap/bm_2528312_c132_ddc_w8
Rows: 2528312 | Cardinality: 132
AND caliber: PAIR (A&B, real op)

=======================================
Benchmark [DDC (New)] — Compressed .bm Files
Source: /home/lichenhang/lee/thesis/check/lee/combit/realdata/year/bitmap/bm_2528312_c132_ddc_w8
Rows: 2528312 | Cardinality: 132 | Loaded: 132
=======================================
[Load] Loaded 132 compressed bitmaps: 4.98355 ms
  1.bm → cardinality: 164307
  2.bm → cardinality: 160017
  3.bm → cardinality: 141703
  4.bm → cardinality: 128696
  5.bm → cardinality: 122861
  ... (127 more)

[Storage] Total compressed: 4010490 bytes (3916.49 KB) | Ratio: 0.0961353x
[DDC Storage] l4_bytes: 0.0538062 MB | l3_bytes: 0.315495 MB | l2_bytes: 1.22862 MB | l1_bytes: 2.11057 MB | total_bytes: 3.70849 MB

[Compute] Pairwise ops on first 2 bitmaps:
  bitOr:  0.185194 ms (card: 324324)
  bitAnd: 0.169769 ms (card: 0)
  bitXor: 0.171422 ms (card: 324324)

[Compute] Multi-way OR of 132 bitmaps: 3.14846 ms (card: 2456218)
  [MIRROR-IN-PROC] OR raw: 0.027703 0.027711 0.02773 0.027736 0.027739 0.02774 0.027766 0.02778 0.027781 0.027797 0.0278 0.027802 0.027804 0.027804 0.027809 0.027811 0.027812 0.027821 0.027823 0.027824 0.027825 0.027829 0.027836 0.027839 0.027841 0.027842 0.027846 0.027848 0.027855 0.027856 0.027856 0.027856 0.027856 0.027857 0.027868 0.02787 0.027873 0.027875 0.027875 0.027876 0.027877 0.027878 0.027878 0.027879 0.02788 0.027882 0.027885 0.027885 0.027886 0.02789 0.027891 0.027892 0.027895 0.027895 0.027896 0.027897 0.027898 0.027898 0.027901 0.027901 0.027907 0.027913 0.027916 0.02792 0.027922 0.027926 0.027929 0.027936 0.027941 0.027948 0.027948 0.027951 0.027957 0.027961 0.027966 0.027969 0.027971 0.027975 0.027977 0.027979 0.027981 0.027985 0.027987 0.028003 0.028003 0.028011 0.028015 0.02802 0.028021 0.028028 0.028033 0.028043 0.028063 0.029396 0.030154 0.030184 0.030233 0.031177 0.033486 0.033493  median=0.027891

[Pure Ops] DDC operation-only timing:
  AND: 0.031361 ms (card: 0)
  OR:  0.028126 ms (card: 324324)
  XOR: 0.029598 ms (card: 324324)
  NOT: 0.011546 ms (card: 2364005)
  COMP (~((A|B)&(B|C))): 0.075147 ms (card: 2368295 OK)
---------------------------------------
