CSV output: /home/lichenhang/lee/thesis/check/lee/combit-cr-native-20260820/experiments/cr_run_btv_literal_20260821/raw/job_r3_cast_info_movie_id_ddc.csv
=== Compressed .bm Benchmark Mode ===
Directory: /home/lichenhang/lee/thesis/check/lee/R3W1_realworld_excel_20260809/job_unified10/logical_top3_datasets/cast_info_movie_id/bitmap/bm_36244344_c3_ddc_w8
Rows: 36244344 | Cardinality: 3
AND caliber: PAIR (A&B, real op)

=======================================
Benchmark [DDC (New)] — Compressed .bm Files
Source: /home/lichenhang/lee/thesis/check/lee/R3W1_realworld_excel_20260809/job_unified10/logical_top3_datasets/cast_info_movie_id/bitmap/bm_36244344_c3_ddc_w8
Rows: 36244344 | Cardinality: 3 | Loaded: 3
=======================================
[Load] Loaded 3 compressed bitmaps: 0.396301 ms
  1.bm → cardinality: 1741
  2.bm → cardinality: 1572
  3.bm → cardinality: 1531

[Storage] Total compressed: 39829 bytes (38.8955 KB) | Ratio: 0.00293041x
[DDC Storage] l4_bytes: 0.00927734 MB | l3_bytes: 0.00293159 MB | l2_bytes: 0.00317764 MB | l1_bytes: 0.00340557 MB | total_bytes: 0.0187922 MB

[Compute] Pairwise ops on first 2 bitmaps:
  bitOr:  0.109571 ms (card: 3313)
  bitAnd: 0.012681 ms (card: 0)
  bitXor: 0.08668 ms (card: 3313)

[Compute] Multi-way OR of 3 bitmaps: 0.641289 ms (card: 4844)
  [MIRROR-IN-PROC] OR raw: 0.03178 0.031811 0.031987 0.032042 0.032045 0.032063 0.032104 0.03215 0.032164 0.03219 0.032196 0.032207 0.032211 0.032215 0.03225 0.032264 0.032264 0.032272 0.032278 0.032282 0.032292 0.032303 0.032304 0.032307 0.032319 0.032326 0.032336 0.032339 0.032349 0.032378 0.032395 0.032402 0.032412 0.032416 0.032437 0.032438 0.032451 0.032466 0.032471 0.032474 0.032477 0.03248 0.03248 0.032495 0.032502 0.032517 0.03252 0.032553 0.03256 0.032565 0.032599 0.032616 0.032618 0.032656 0.032691 0.032738 0.032743 0.032799 0.032812 0.032819 0.032848 0.032867 0.03303 0.033207 0.033387 0.033638 0.03385 0.033871 0.033975 0.033977 0.034024 0.034036 0.034161 0.03423 0.034284 0.034311 0.034355 0.034367 0.034375 0.034401 0.034459 0.034664 0.034767 0.035044 0.035044 0.035087 0.035088 0.035394 0.035741 0.036014 0.036102 0.036356 0.036463 0.037459 0.038335 0.038354 0.038495 0.038927 0.040608 0.040811  median=0.032599

[Pure Ops] DDC operation-only timing:
  AND: 0.005155 ms (card: 0)
  OR:  0.032268 ms (card: 3313)
  XOR: 0.030911 ms (card: 3313)
  NOT: 0.01011 ms (card: 36242603)
  COMP (~((A|B)&(B|C))): 0.37391 ms (card: 36242772 OK)
---------------------------------------
