CSV output: /home/lichenhang/lee/thesis/check/lee/combit-cr-native-20260820/experiments/cr_run_btv_literal_20260821/raw/job_r4_mc_ctype_ewah.csv
=== Compressed .bm Benchmark Mode ===
Directory: /home/lichenhang/lee/thesis/check/lee/R3W1_realworld_excel_20260809/ewah_corrected/job/data/mc_ctype/bitmap/bm_2609129_c2_ewah
Rows: 2609129 | Cardinality: 2
AND caliber: PAIR (A&B, real op)

=======================================
Benchmark [EWAH] — Compressed .bm Files
Source: /home/lichenhang/lee/thesis/check/lee/R3W1_realworld_excel_20260809/ewah_corrected/job/data/mc_ctype/bitmap/bm_2609129_c2_ewah
Rows: 2609129 | Cardinality: 2 | Loaded: 2
=======================================
[Load] Loaded 2 compressed bitmaps: 0.012068 ms
  1.bm → cardinality: 1334883
  2.bm → cardinality: 1274246

[Storage] Total compressed: 104 bytes (0.101562 KB) | Ratio: 0.00015944x

[Compute] Pairwise ops on first 2 bitmaps:
  bitOr:  0.0012 ms (card: 2609129)
  bitAnd: 0.000943 ms (card: 0)
  bitXor: 0.001053 ms (card: 2609129)

[Pure Ops] EWAH operation-only:
  AND: 8.6e-05 ms
  OR:  8.2e-05 ms
  XOR: 8.8e-05 ms
  NOT: 7.3e-05 ms
  COMP (~((A|B)&(B|C))): 0.000239 ms
---------------------------------------
