CSV output: /home/lichenhang/lee/thesis/check/lee/combit-cr-native-20260820/experiments/cr_run_btv_literal_20260821/raw/job_r3_year_ddc.csv
=== Compressed .bm Benchmark Mode ===
Directory: /home/lichenhang/lee/thesis/check/lee/combit/realdata/year/bitmap/bm_2528312_c132_ddc_w8
Rows: 2528312 | Cardinality: 132
AND caliber: PAIR (A&B, real op)

=======================================
Benchmark [DDC (New)] — Compressed .bm Files
Source: /home/lichenhang/lee/thesis/check/lee/combit/realdata/year/bitmap/bm_2528312_c132_ddc_w8
Rows: 2528312 | Cardinality: 132 | Loaded: 132
=======================================
[Load] Loaded 132 compressed bitmaps: 4.94055 ms
  1.bm → cardinality: 164307
  2.bm → cardinality: 160017
  3.bm → cardinality: 141703
  4.bm → cardinality: 128696
  5.bm → cardinality: 122861
  ... (127 more)

[Storage] Total compressed: 4010490 bytes (3916.49 KB) | Ratio: 0.0961353x
[DDC Storage] l4_bytes: 0.0538062 MB | l3_bytes: 0.315495 MB | l2_bytes: 1.22862 MB | l1_bytes: 2.11057 MB | total_bytes: 3.70849 MB

[Compute] Pairwise ops on first 2 bitmaps:
  bitOr:  0.187849 ms (card: 324324)
  bitAnd: 0.163453 ms (card: 0)
  bitXor: 0.158662 ms (card: 324324)

[Compute] Multi-way OR of 132 bitmaps: 3.22407 ms (card: 2456218)
  [MIRROR-IN-PROC] OR raw: 0.027642 0.027645 0.027654 0.027666 0.027667 0.027685 0.027687 0.027691 0.027702 0.027706 0.027706 0.027707 0.027709 0.027716 0.027719 0.027724 0.027725 0.027725 0.027726 0.027726 0.027728 0.027729 0.027732 0.027732 0.027734 0.027739 0.027739 0.027746 0.02775 0.027752 0.027752 0.027754 0.027755 0.027756 0.027757 0.027757 0.027759 0.027764 0.027765 0.027766 0.027767 0.02777 0.027772 0.027772 0.027781 0.027781 0.027783 0.027783 0.027784 0.027784 0.027785 0.027787 0.027789 0.02779 0.027791 0.027793 0.027795 0.027796 0.027803 0.027803 0.027804 0.027811 0.027812 0.027814 0.027815 0.027817 0.027819 0.027824 0.027828 0.027829 0.027831 0.027833 0.027837 0.027837 0.027843 0.027843 0.027845 0.027851 0.027852 0.027856 0.027857 0.027863 0.027864 0.027868 0.027868 0.027874 0.027883 0.027883 0.027895 0.027899 0.027913 0.027954 0.027967 0.028147 0.030258 0.030393 0.031575 0.032972 0.03374 0.03405  median=0.027785

[Pure Ops] DDC operation-only timing:
  AND: 0.031407 ms (card: 0)
  OR:  0.027963 ms (card: 324324)
  XOR: 0.029789 ms (card: 324324)
  NOT: 0.011448 ms (card: 2364005)
  COMP (~((A|B)&(B|C))): 0.075263 ms (card: 2368295 OK)
---------------------------------------
