CSV output: /home/lichenhang/lee/thesis/check/lee/combit-cr-native-20260820/experiments/cr_run_btv_literal_20260821/raw/job_r1_cast_info_movie_id_ddc.csv
=== Compressed .bm Benchmark Mode ===
Directory: /home/lichenhang/lee/thesis/check/lee/R3W1_realworld_excel_20260809/job_unified10/logical_top3_datasets/cast_info_movie_id/bitmap/bm_36244344_c3_ddc_w8
Rows: 36244344 | Cardinality: 3
AND caliber: PAIR (A&B, real op)

=======================================
Benchmark [DDC (New)] — Compressed .bm Files
Source: /home/lichenhang/lee/thesis/check/lee/R3W1_realworld_excel_20260809/job_unified10/logical_top3_datasets/cast_info_movie_id/bitmap/bm_36244344_c3_ddc_w8
Rows: 36244344 | Cardinality: 3 | Loaded: 3
=======================================
[Load] Loaded 3 compressed bitmaps: 0.409191 ms
  1.bm → cardinality: 1741
  2.bm → cardinality: 1572
  3.bm → cardinality: 1531

[Storage] Total compressed: 39829 bytes (38.8955 KB) | Ratio: 0.00293041x
[DDC Storage] l4_bytes: 0.00927734 MB | l3_bytes: 0.00293159 MB | l2_bytes: 0.00317764 MB | l1_bytes: 0.00340557 MB | total_bytes: 0.0187922 MB

[Compute] Pairwise ops on first 2 bitmaps:
  bitOr:  0.106671 ms (card: 3313)
  bitAnd: 0.012225 ms (card: 0)
  bitXor: 0.086895 ms (card: 3313)

[Compute] Multi-way OR of 3 bitmaps: 0.640404 ms (card: 4844)
  [MIRROR-IN-PROC] OR raw: 0.031682 0.031778 0.031781 0.031877 0.031894 0.031901 0.031905 0.031905 0.031931 0.031936 0.031962 0.031979 0.031983 0.031985 0.032 0.032011 0.032016 0.032025 0.032034 0.032068 0.032073 0.032082 0.032082 0.032089 0.032097 0.032099 0.0321 0.032102 0.032112 0.032127 0.032133 0.032144 0.03215 0.032163 0.032193 0.032194 0.03221 0.032219 0.032233 0.032235 0.032246 0.032265 0.032277 0.032321 0.032333 0.03237 0.032377 0.032401 0.03243 0.032439 0.032444 0.032447 0.032501 0.032546 0.032557 0.032563 0.032727 0.03274 0.032753 0.032868 0.032871 0.032914 0.032926 0.032979 0.033011 0.033062 0.033131 0.033153 0.033291 0.033356 0.033397 0.033677 0.03374 0.033782 0.033856 0.033884 0.034123 0.034148 0.034198 0.034205 0.034376 0.034406 0.034512 0.034588 0.034723 0.034771 0.034878 0.035141 0.035148 0.036088 0.036088 0.03683 0.036974 0.037202 0.037448 0.037876 0.037952 0.039245 0.03957 0.039814  median=0.032444

[Pure Ops] DDC operation-only timing:
  AND: 0.005046 ms (card: 0)
  OR:  0.03229 ms (card: 3313)
  XOR: 0.031122 ms (card: 3313)
  NOT: 0.010013 ms (card: 36242603)
  COMP (~((A|B)&(B|C))): 0.370695 ms (card: 36242772 OK)
---------------------------------------
