CSV output: /home/lichenhang/lee/thesis/check/lee/combit-cr-native-20260820/experiments/cr_run_btv_literal_20260821/raw/job_r2_pi_itype_ddc.csv
=== Compressed .bm Benchmark Mode ===
Directory: /home/lichenhang/lee/thesis/check/lee/combit/realdata/pi_itype/bitmap/bm_2963664_c22_ddc_w8
Rows: 2963664 | Cardinality: 22
AND caliber: PAIR (A&B, real op)

=======================================
Benchmark [DDC (New)] — Compressed .bm Files
Source: /home/lichenhang/lee/thesis/check/lee/combit/realdata/pi_itype/bitmap/bm_2963664_c22_ddc_w8
Rows: 2963664 | Cardinality: 22 | Loaded: 22
=======================================
[Load] Loaded 22 compressed bitmaps: 2.09962 ms
  1.bm → cardinality: 620526
  2.bm → cardinality: 419654
  3.bm → cardinality: 353282
  4.bm → cardinality: 329504
  5.bm → cardinality: 142345
  ... (17 more)

[Storage] Total compressed: 2410663 bytes (2354.16 KB) | Ratio: 0.295784x
[DDC Storage] l4_bytes: 0.0151823 MB | l3_bytes: 0.082655 MB | l2_bytes: 0.567955 MB | l1_bytes: 1.60323 MB | total_bytes: 2.26902 MB

[Compute] Pairwise ops on first 2 bitmaps:
  bitOr:  0.174583 ms (card: 1040180)
  bitAnd: 0.177564 ms (card: 0)
  bitXor: 0.163566 ms (card: 1040180)

[Compute] Multi-way OR of 22 bitmaps: 0.870918 ms (card: 2963664)
  [MIRROR-IN-PROC] OR raw: 0.032314 0.032314 0.032317 0.032363 0.032366 0.032379 0.032383 0.032384 0.032387 0.03239 0.032394 0.032394 0.032396 0.032399 0.032402 0.032404 0.032405 0.032405 0.032412 0.032414 0.032415 0.032416 0.032418 0.032421 0.032428 0.032436 0.032436 0.032437 0.032441 0.032443 0.032444 0.032446 0.032448 0.032451 0.032453 0.032455 0.032458 0.032462 0.032467 0.032467 0.03247 0.032477 0.032479 0.032481 0.032484 0.032495 0.0325 0.032502 0.032508 0.032512 0.032518 0.032519 0.032527 0.032529 0.032535 0.032543 0.032555 0.032568 0.032571 0.032572 0.032575 0.032578 0.032584 0.03259 0.032629 0.032676 0.032712 0.032719 0.032765 0.03287 0.032891 0.033098 0.03326 0.033381 0.033393 0.033419 0.033419 0.033439 0.033442 0.033443 0.033455 0.03346 0.033473 0.033489 0.033497 0.033549 0.033555 0.034994 0.035149 0.035151 0.035691 0.036257 0.036509 0.037548 0.037878 0.038079 0.038441 0.039073 0.039275 0.039349  median=0.032518

[Pure Ops] DDC operation-only timing:
  AND: 0.036897 ms (card: 0)
  OR:  0.034844 ms (card: 1040180)
  XOR: 0.034591 ms (card: 1040180)
  NOT: 0.016024 ms (card: 2343138)
  COMP (~((A|B)&(B|C))): 0.087147 ms (card: 2544010 OK)
---------------------------------------
