CSV output: /home/lichenhang/lee/thesis/check/lee/combit-cr-native-20260820/experiments/cr_run_btv_literal_20260821/raw/job_r5_cast_info_person_id_ddc.csv
=== Compressed .bm Benchmark Mode ===
Directory: /home/lichenhang/lee/thesis/check/lee/R3W1_realworld_excel_20260809/job_unified10/logical_top3_datasets/cast_info_person_id/bitmap/bm_36244344_c3_ddc_w8
Rows: 36244344 | Cardinality: 3
AND caliber: PAIR (A&B, real op)

=======================================
Benchmark [DDC (New)] — Compressed .bm Files
Source: /home/lichenhang/lee/thesis/check/lee/R3W1_realworld_excel_20260809/job_unified10/logical_top3_datasets/cast_info_person_id/bitmap/bm_36244344_c3_ddc_w8
Rows: 36244344 | Cardinality: 3 | Loaded: 3
=======================================
[Load] Loaded 3 compressed bitmaps: 0.193657 ms
  1.bm → cardinality: 10249
  2.bm → cardinality: 8242
  3.bm → cardinality: 7725

[Storage] Total compressed: 953 bytes (0.930664 KB) | Ratio: 7.01167e-05x
[DDC Storage] l4_bytes: 0.000198364 MB | l3_bytes: 6.19888e-05 MB | l2_bytes: 0.000404358 MB | l1_bytes: 0.00313663 MB | total_bytes: 0.00380135 MB

[Compute] Pairwise ops on first 2 bitmaps:
  bitOr:  0.019052 ms (card: 18491)
  bitAnd: 0.004104 ms (card: 0)
  bitXor: 0.008751 ms (card: 18491)

[Compute] Multi-way OR of 3 bitmaps: 0.010111 ms (card: 26216)
  [MIRROR-IN-PROC] OR raw: 0.000836 0.000838 0.000839 0.000839 0.00084 0.000841 0.000842 0.000844 0.000847 0.000847 0.000848 0.00085 0.000852 0.000852 0.000855 0.000855 0.000856 0.000857 0.000857 0.000857 0.000858 0.000861 0.000862 0.000864 0.000867 0.000867 0.000868 0.000868 0.00087 0.00087 0.000872 0.000877 0.00088 0.000891 0.000892 0.000893 0.000897 0.000897 0.000898 0.000898 0.000898 0.000898 0.000898 0.000898 0.000898 0.000898 0.000899 0.000899 0.000899 0.000899 0.000899 0.000899 0.000899 0.000899 0.0009 0.0009 0.0009 0.0009 0.0009 0.0009 0.0009 0.0009 0.0009 0.000901 0.000901 0.000901 0.000901 0.000902 0.000902 0.000902 0.000903 0.000903 0.000903 0.000903 0.000906 0.000906 0.000906 0.000907 0.000908 0.000913 0.000923 0.001034 0.001175 0.00134 0.001371 0.00141 0.001418 0.001481 0.001486 0.001521 0.001528 0.001552 0.001562 0.001572 0.001581 0.001609 0.001642 0.001732 0.001759 0.006712  median=0.000899

[Pure Ops] DDC operation-only timing:
  AND: 8.3e-05 ms (card: 0)
  OR:  0.000883 ms (card: 18491)
  XOR: 0.000857 ms (card: 18491)
  NOT: 0.000297 ms (card: 36234095)
  COMP (~((A|B)&(B|C))): 0.046837 ms (card: 36236102 OK)
---------------------------------------
