CSV output: /home/lichenhang/lee/thesis/check/lee/combit-cr-native-20260820/experiments/cr_run_btv_literal_20260821/raw/job_r2_country_ddc.csv
=== Compressed .bm Benchmark Mode ===
Directory: /home/lichenhang/lee/thesis/check/lee/combit/realdata/country/bitmap/bm_234997_c215_ddc_w8
Rows: 234997 | Cardinality: 215
AND caliber: PAIR (A&B, real op)

=======================================
Benchmark [DDC (New)] — Compressed .bm Files
Source: /home/lichenhang/lee/thesis/check/lee/combit/realdata/country/bitmap/bm_234997_c215_ddc_w8
Rows: 234997 | Cardinality: 215 | Loaded: 215
=======================================
[Load] Loaded 215 compressed bitmaps: 1.24099 ms
  1.bm → cardinality: 84843
  2.bm → cardinality: 16045
  3.bm → cardinality: 10394
  4.bm → cardinality: 9811
  5.bm → cardinality: 9775
  ... (210 more)

[Storage] Total compressed: 275748 bytes (269.285 KB) | Ratio: 0.0436618x
[DDC Storage] l4_bytes: 0.010047 MB | l3_bytes: 0.0211143 MB | l2_bytes: 0.0666666 MB | l1_bytes: 0.136492 MB | total_bytes: 0.23432 MB

[Compute] Pairwise ops on first 2 bitmaps:
  bitOr:  0.028084 ms (card: 100888)
  bitAnd: 0.017988 ms (card: 0)
  bitXor: 0.020176 ms (card: 100888)

[Compute] Multi-way OR of 215 bitmaps: 0.459018 ms (card: 211073)
  [MIRROR-IN-PROC] OR raw: 0.002806 0.002806 0.002807 0.002808 0.00281 0.002812 0.002814 0.002815 0.002816 0.002817 0.002818 0.002819 0.002819 0.002819 0.00282 0.002821 0.002821 0.002821 0.002821 0.002821 0.002822 0.002822 0.002824 0.002826 0.002826 0.002826 0.002827 0.002828 0.002828 0.002828 0.00283 0.00283 0.00283 0.00283 0.002831 0.002831 0.002832 0.002832 0.002833 0.002833 0.002834 0.002834 0.002835 0.002835 0.002836 0.002836 0.002836 0.002837 0.002837 0.002838 0.002839 0.00284 0.00284 0.00284 0.00284 0.002841 0.002842 0.002843 0.002843 0.002843 0.002844 0.002844 0.002844 0.002844 0.002845 0.002845 0.002845 0.002846 0.002847 0.002848 0.002848 0.002849 0.00285 0.002855 0.002859 0.002859 0.002859 0.002859 0.002859 0.002862 0.002862 0.002866 0.002868 0.002869 0.002869 0.002881 0.002888 0.002895 0.002896 0.002897 0.002903 0.002909 0.002915 0.002926 0.002941 0.002942 0.003015 0.003122 0.004548 0.008182  median=0.002839

[Pure Ops] DDC operation-only timing:
  AND: 0.003133 ms (card: 0)
  OR:  0.002845 ms (card: 100888)
  XOR: 0.00288 ms (card: 100888)
  NOT: 0.001485 ms (card: 150154)
  COMP (~((A|B)&(B|C))): 0.007059 ms (card: 218952 OK)
---------------------------------------
