CSV output: /home/lichenhang/lee/thesis/check/lee/combit-cr-native-20260820/experiments/cr_run_btv_literal_20260821/raw/job_r3_cast_info_person_id_ddc.csv
=== Compressed .bm Benchmark Mode ===
Directory: /home/lichenhang/lee/thesis/check/lee/R3W1_realworld_excel_20260809/job_unified10/logical_top3_datasets/cast_info_person_id/bitmap/bm_36244344_c3_ddc_w8
Rows: 36244344 | Cardinality: 3
AND caliber: PAIR (A&B, real op)

=======================================
Benchmark [DDC (New)] — Compressed .bm Files
Source: /home/lichenhang/lee/thesis/check/lee/R3W1_realworld_excel_20260809/job_unified10/logical_top3_datasets/cast_info_person_id/bitmap/bm_36244344_c3_ddc_w8
Rows: 36244344 | Cardinality: 3 | Loaded: 3
=======================================
[Load] Loaded 3 compressed bitmaps: 0.195006 ms
  1.bm → cardinality: 10249
  2.bm → cardinality: 8242
  3.bm → cardinality: 7725

[Storage] Total compressed: 953 bytes (0.930664 KB) | Ratio: 7.01167e-05x
[DDC Storage] l4_bytes: 0.000198364 MB | l3_bytes: 6.19888e-05 MB | l2_bytes: 0.000404358 MB | l1_bytes: 0.00313663 MB | total_bytes: 0.00380135 MB

[Compute] Pairwise ops on first 2 bitmaps:
  bitOr:  0.020027 ms (card: 18491)
  bitAnd: 0.003038 ms (card: 0)
  bitXor: 0.005624 ms (card: 18491)

[Compute] Multi-way OR of 3 bitmaps: 0.011166 ms (card: 26216)
  [MIRROR-IN-PROC] OR raw: 0.000836 0.000836 0.000838 0.000838 0.000839 0.00084 0.000841 0.000845 0.000856 0.00086 0.00086 0.00086 0.000861 0.000862 0.000862 0.000864 0.000865 0.000869 0.00087 0.000871 0.000871 0.000874 0.000877 0.000878 0.00088 0.000885 0.000885 0.000886 0.000887 0.000887 0.000888 0.000889 0.000889 0.00089 0.000891 0.000892 0.000892 0.000892 0.000892 0.000893 0.000894 0.000894 0.000894 0.000896 0.000896 0.000896 0.000896 0.000896 0.000897 0.000897 0.000897 0.000898 0.000898 0.000902 0.000903 0.000906 0.00091 0.000911 0.000911 0.000912 0.000912 0.000913 0.000914 0.000914 0.000916 0.000916 0.000917 0.000918 0.000918 0.000918 0.000919 0.000919 0.00092 0.00092 0.000921 0.000922 0.000922 0.000922 0.000923 0.000924 0.000925 0.000928 0.00093 0.000931 0.000931 0.000932 0.000934 0.000935 0.00094 0.00094 0.000945 0.00095 0.000954 0.000994 0.001005 0.001033 0.001056 0.001067 0.001095 0.001097  median=0.000897

[Pure Ops] DDC operation-only timing:
  AND: 8.1e-05 ms (card: 0)
  OR:  0.000871 ms (card: 18491)
  XOR: 0.000847 ms (card: 18491)
  NOT: 0.000295 ms (card: 36234095)
  COMP (~((A|B)&(B|C))): 0.046609 ms (card: 36236102 OK)
---------------------------------------
