CSV output: /home/lichenhang/lee/thesis/check/lee/combit-cr-native-20260820/experiments/cr_run_btv_literal_20260821/raw/job_r2_role_ewah.csv
=== Compressed .bm Benchmark Mode ===
Directory: /home/lichenhang/lee/thesis/check/lee/R3W1_realworld_excel_20260809/ewah_corrected/job/data/role/bitmap/bm_36244344_c11_ewah
Rows: 36244344 | Cardinality: 11
AND caliber: PAIR (A&B, real op)

=======================================
Benchmark [EWAH] — Compressed .bm Files
Source: /home/lichenhang/lee/thesis/check/lee/R3W1_realworld_excel_20260809/ewah_corrected/job/data/role/bitmap/bm_36244344_c11_ewah
Rows: 36244344 | Cardinality: 11 | Loaded: 11
=======================================
[Load] Loaded 11 compressed bitmaps: 0.039679 ms
  1.bm → cardinality: 12670688
  2.bm → cardinality: 7451973
  3.bm → cardinality: 4323018
  4.bm → cardinality: 4008037
  5.bm → cardinality: 2728943
  ... (6 more)

[Storage] Total compressed: 696 bytes (0.679688 KB) | Ratio: 1.39658e-05x

[Compute] Pairwise ops on first 2 bitmaps:
  bitOr:  0.001805 ms (card: 20122661)
  bitAnd: 0.000906 ms (card: 0)
  bitXor: 0.001032 ms (card: 20122661)

[Compute] Multi-way OR of 11 bitmaps: 0.002607 ms (card: 36244344)

[Pure Ops] EWAH operation-only:
  AND: 8.8e-05 ms
  OR:  9.1e-05 ms
  XOR: 9.1e-05 ms
  NOT: 8.5e-05 ms
  COMP (~((A|B)&(B|C))): 0.000332 ms
---------------------------------------
