CSV output: /home/lichenhang/lee/thesis/check/lee/combit-cr-native-20260820/experiments/cr_run_btv_literal_20260821/raw/job_r2_cast_info_movie_id_ddc.csv
=== Compressed .bm Benchmark Mode ===
Directory: /home/lichenhang/lee/thesis/check/lee/R3W1_realworld_excel_20260809/job_unified10/logical_top3_datasets/cast_info_movie_id/bitmap/bm_36244344_c3_ddc_w8
Rows: 36244344 | Cardinality: 3
AND caliber: PAIR (A&B, real op)

=======================================
Benchmark [DDC (New)] — Compressed .bm Files
Source: /home/lichenhang/lee/thesis/check/lee/R3W1_realworld_excel_20260809/job_unified10/logical_top3_datasets/cast_info_movie_id/bitmap/bm_36244344_c3_ddc_w8
Rows: 36244344 | Cardinality: 3 | Loaded: 3
=======================================
[Load] Loaded 3 compressed bitmaps: 0.411847 ms
  1.bm → cardinality: 1741
  2.bm → cardinality: 1572
  3.bm → cardinality: 1531

[Storage] Total compressed: 39829 bytes (38.8955 KB) | Ratio: 0.00293041x
[DDC Storage] l4_bytes: 0.00927734 MB | l3_bytes: 0.00293159 MB | l2_bytes: 0.00317764 MB | l1_bytes: 0.00340557 MB | total_bytes: 0.0187922 MB

[Compute] Pairwise ops on first 2 bitmaps:
  bitOr:  0.113248 ms (card: 3313)
  bitAnd: 0.014057 ms (card: 0)
  bitXor: 0.101517 ms (card: 3313)

[Compute] Multi-way OR of 3 bitmaps: 0.596932 ms (card: 4844)
  [MIRROR-IN-PROC] OR raw: 0.031911 0.031991 0.032024 0.032035 0.032042 0.032055 0.032064 0.032076 0.032087 0.032087 0.032107 0.03211 0.032119 0.032128 0.032142 0.032164 0.032168 0.032174 0.032195 0.032198 0.032199 0.032214 0.03222 0.032224 0.032233 0.032235 0.032252 0.032255 0.032264 0.032274 0.032285 0.032297 0.032298 0.032304 0.032306 0.03231 0.032327 0.032329 0.032329 0.032333 0.032334 0.032353 0.032363 0.032384 0.032411 0.032452 0.032467 0.032468 0.032469 0.032511 0.03256 0.032566 0.032619 0.032625 0.032633 0.032668 0.032721 0.032731 0.032885 0.032899 0.032911 0.032917 0.032918 0.03297 0.032975 0.032977 0.033073 0.033188 0.033202 0.033528 0.033535 0.033543 0.03358 0.033584 0.033883 0.033907 0.033965 0.034011 0.034104 0.034198 0.03422 0.034416 0.034464 0.034572 0.034582 0.034603 0.034784 0.034804 0.034892 0.035208 0.035644 0.035776 0.035986 0.037517 0.037563 0.037828 0.037925 0.039365 0.03962 0.04037  median=0.03256

[Pure Ops] DDC operation-only timing:
  AND: 0.005051 ms (card: 0)
  OR:  0.032298 ms (card: 3313)
  XOR: 0.03128 ms (card: 3313)
  NOT: 0.009996 ms (card: 36242603)
  COMP (~((A|B)&(B|C))): 0.373223 ms (card: 36242772 OK)
---------------------------------------
