CSV output: /home/lichenhang/lee/thesis/check/lee/combit-cr-native-20260820/experiments/cr_run_btv_literal_20260821/raw/job_r3_kind_ddc.csv
=== Compressed .bm Benchmark Mode ===
Directory: /home/lichenhang/lee/thesis/check/lee/combit/realdata/kind/bitmap/bm_2528312_c6_ddc_w8
Rows: 2528312 | Cardinality: 6
AND caliber: PAIR (A&B, real op)

=======================================
Benchmark [DDC (New)] — Compressed .bm Files
Source: /home/lichenhang/lee/thesis/check/lee/combit/realdata/kind/bitmap/bm_2528312_c6_ddc_w8
Rows: 2528312 | Cardinality: 6 | Loaded: 6
=======================================
[Load] Loaded 6 compressed bitmaps: 0.419996 ms
  1.bm → cardinality: 1543264
  2.bm → cardinality: 662825
  3.bm → cardinality: 118234
  4.bm → cardinality: 100537
  5.bm → cardinality: 90852
  ... (1 more)

[Storage] Total compressed: 530308 bytes (517.879 KB) | Ratio: 0.279664x
[DDC Storage] l4_bytes: 0.0018084 MB | l3_bytes: 0.00589561 MB | l2_bytes: 0.0896559 MB | l1_bytes: 0.404906 MB | total_bytes: 0.502266 MB

[Compute] Pairwise ops on first 2 bitmaps:
  bitOr:  0.103043 ms (card: 2206089)
  bitAnd: 0.012645 ms (card: 0)
  bitXor: 0.091331 ms (card: 2206089)

[Compute] Multi-way OR of 6 bitmaps: 0.241568 ms (card: 2528312)
  [MIRROR-IN-PROC] OR raw: 0.011416 0.011417 0.011437 0.011439 0.011444 0.011444 0.011446 0.011449 0.011477 0.011478 0.011484 0.011489 0.011505 0.011505 0.011511 0.011511 0.011512 0.011522 0.011523 0.011525 0.011526 0.011534 0.011536 0.011542 0.011544 0.011546 0.011547 0.01155 0.01155 0.011553 0.011555 0.011558 0.011561 0.011561 0.011566 0.011571 0.011572 0.011573 0.011578 0.01158 0.011584 0.011585 0.011585 0.011586 0.011588 0.011588 0.011591 0.011591 0.011592 0.011593 0.011596 0.011596 0.011601 0.011604 0.011604 0.011605 0.011606 0.011607 0.011608 0.01161 0.011611 0.011624 0.011633 0.011639 0.011644 0.011645 0.011645 0.011647 0.01165 0.011656 0.01166 0.011663 0.01167 0.011674 0.011693 0.011697 0.011698 0.011725 0.011757 0.011757 0.011758 0.011767 0.011773 0.011785 0.011805 0.011844 0.011864 0.012111 0.01218 0.012241 0.012379 0.01245 0.012525 0.012593 0.012671 0.01275 0.012864 0.012874 0.016859 0.017509  median=0.011596

[Pure Ops] DDC operation-only timing:
  AND: 0.004054 ms (card: 0)
  OR:  0.012593 ms (card: 2206089)
  XOR: 0.012062 ms (card: 2206089)
  NOT: 0.007314 ms (card: 985048)
  COMP (~((A|B)&(B|C))): 0.04296 ms (card: 1865487 OK)
---------------------------------------
