CSV output: /home/lichenhang/lee/thesis/check/lee/combit-cr-native-20260820/experiments/cr_run_btv_literal_20260821/raw/job_r4_kind_wah.csv
=== Compressed .bm Benchmark Mode ===
Directory: /home/lichenhang/lee/thesis/check/lee/combit/realdata/kind/bitmap/bm_2528312_c6_wah
Rows: 2528312 | Cardinality: 6
AND caliber: PAIR (A&B, real op)

=======================================
Benchmark [WAH (FastBit)] — Compressed .bm Files
Source: /home/lichenhang/lee/thesis/check/lee/combit/realdata/kind/bitmap/bm_2528312_c6_wah
Rows: 2528312 | Cardinality: 6 | Loaded: 6
=======================================
[Load] Loaded 6 compressed bitmaps: 0.721715 ms
  1.bm → cardinality: 1543264
  2.bm → cardinality: 662825
  3.bm → cardinality: 118234
  4.bm → cardinality: 100537
  5.bm → cardinality: 90852
  ... (1 more)

[Storage] Total compressed: 849768 bytes (829.852 KB) | Ratio: 0.448135x

[Compute] Pairwise ops on first 2 bitmaps:
  bitOr:  0.30552 ms (card: 2206089)
  bitAnd: 0.230752 ms (card: 0)
  bitXor: 0.221992 ms (card: 2206089)

[Compute] Multi-way OR of 6 bitmaps: 0.299279 ms (card: 2528312)

[Pure Ops] WAH (FastBit) operation-only:
  AND: 0.112205 ms
  OR:  0.121566 ms
  XOR: 0.081055 ms
  NOT: 0.012857 ms
  COMP (~((A|B)&(B|C))): 0.400748 ms
---------------------------------------
