CSV output: /home/lichenhang/lee/thesis/check/lee/combit-cr-native-20260820/experiments/cr_run_btv_literal_20260821/raw/job_r4_pi_itype_ddc.csv
=== Compressed .bm Benchmark Mode ===
Directory: /home/lichenhang/lee/thesis/check/lee/combit/realdata/pi_itype/bitmap/bm_2963664_c22_ddc_w8
Rows: 2963664 | Cardinality: 22
AND caliber: PAIR (A&B, real op)

=======================================
Benchmark [DDC (New)] — Compressed .bm Files
Source: /home/lichenhang/lee/thesis/check/lee/combit/realdata/pi_itype/bitmap/bm_2963664_c22_ddc_w8
Rows: 2963664 | Cardinality: 22 | Loaded: 22
=======================================
[Load] Loaded 22 compressed bitmaps: 2.19585 ms
  1.bm → cardinality: 620526
  2.bm → cardinality: 419654
  3.bm → cardinality: 353282
  4.bm → cardinality: 329504
  5.bm → cardinality: 142345
  ... (17 more)

[Storage] Total compressed: 2410663 bytes (2354.16 KB) | Ratio: 0.295784x
[DDC Storage] l4_bytes: 0.0151823 MB | l3_bytes: 0.082655 MB | l2_bytes: 0.567955 MB | l1_bytes: 1.60323 MB | total_bytes: 2.26902 MB

[Compute] Pairwise ops on first 2 bitmaps:
  bitOr:  0.211449 ms (card: 1040180)
  bitAnd: 0.201515 ms (card: 0)
  bitXor: 0.184522 ms (card: 1040180)

[Compute] Multi-way OR of 22 bitmaps: 0.899662 ms (card: 2963664)
  [MIRROR-IN-PROC] OR raw: 0.032315 0.032351 0.032356 0.032359 0.032362 0.032364 0.032369 0.032379 0.032379 0.032386 0.032391 0.032393 0.032394 0.032395 0.032397 0.0324 0.032402 0.032409 0.032409 0.03241 0.032411 0.032411 0.032412 0.032413 0.032414 0.032415 0.032418 0.032421 0.032422 0.032426 0.03243 0.03243 0.032433 0.032435 0.032435 0.032437 0.032437 0.032438 0.032439 0.032442 0.032444 0.032446 0.03245 0.032453 0.032454 0.032454 0.032456 0.032459 0.032462 0.032466 0.032474 0.032479 0.032481 0.032485 0.032487 0.032494 0.032497 0.032502 0.032506 0.032515 0.032516 0.032517 0.032518 0.032519 0.03252 0.032522 0.032522 0.032526 0.032537 0.032557 0.032576 0.032583 0.032629 0.032741 0.032758 0.032903 0.03329 0.033331 0.033333 0.033333 0.03335 0.033367 0.033367 0.033379 0.033382 0.033399 0.033414 0.033415 0.033435 0.033442 0.033458 0.033476 0.034084 0.034952 0.03513 0.035286 0.036405 0.037898 0.038341 0.039314  median=0.032474

[Pure Ops] DDC operation-only timing:
  AND: 0.036923 ms (card: 0)
  OR:  0.032483 ms (card: 1040180)
  XOR: 0.034812 ms (card: 1040180)
  NOT: 0.015607 ms (card: 2343138)
  COMP (~((A|B)&(B|C))): 0.08322 ms (card: 2544010 OK)
---------------------------------------
