CSV output: /home/lichenhang/lee/thesis/check/lee/combit-cr-native-20260820/experiments/cr_run_btv_literal_20260821/raw/job_r3_pi_itype_ewah.csv
=== Compressed .bm Benchmark Mode ===
Directory: /home/lichenhang/lee/thesis/check/lee/R3W1_realworld_excel_20260809/ewah_corrected/job/data/pi_itype/bitmap/bm_2963664_c22_ewah
Rows: 2963664 | Cardinality: 22
AND caliber: PAIR (A&B, real op)

=======================================
Benchmark [EWAH] — Compressed .bm Files
Source: /home/lichenhang/lee/thesis/check/lee/R3W1_realworld_excel_20260809/ewah_corrected/job/data/pi_itype/bitmap/bm_2963664_c22_ewah
Rows: 2963664 | Cardinality: 22 | Loaded: 22
=======================================
[Load] Loaded 22 compressed bitmaps: 3.18137 ms
  1.bm → cardinality: 620526
  2.bm → cardinality: 419654
  3.bm → cardinality: 353282
  4.bm → cardinality: 329504
  5.bm → cardinality: 142345
  ... (17 more)

[Storage] Total compressed: 5854216 bytes (5717.01 KB) | Ratio: 0.718302x

[Compute] Pairwise ops on first 2 bitmaps:
  bitOr:  0.378019 ms (card: 1040180)
  bitAnd: 0.259954 ms (card: 0)
  bitXor: 0.382791 ms (card: 1040180)

[Compute] Multi-way OR of 22 bitmaps: 6.89035 ms (card: 2963664)

[Pure Ops] EWAH operation-only:
  AND: 0.244046 ms
  OR:  0.227508 ms
  XOR: 0.246459 ms
  NOT: 0.161991 ms
  COMP (~((A|B)&(B|C))): 0.893092 ms
---------------------------------------
