CSV output: /home/lichenhang/lee/thesis/check/lee/combit-cr-native-20260820/experiments/cr_run_btv_literal_20260821/raw/job_r4_mc_ctype_ddc.csv
=== Compressed .bm Benchmark Mode ===
Directory: /home/lichenhang/lee/thesis/check/lee/combit/realdata/mc_ctype/bitmap/bm_2609129_c2_ddc_w8
Rows: 2609129 | Cardinality: 2
AND caliber: PAIR (A&B, real op)

=======================================
Benchmark [DDC (New)] — Compressed .bm Files
Source: /home/lichenhang/lee/thesis/check/lee/combit/realdata/mc_ctype/bitmap/bm_2609129_c2_ddc_w8
Rows: 2609129 | Cardinality: 2 | Loaded: 2
=======================================
[Load] Loaded 2 compressed bitmaps: 0.042982 ms
  1.bm → cardinality: 1334883
  2.bm → cardinality: 1274246

[Storage] Total compressed: 247 bytes (0.241211 KB) | Ratio: 0.00037867x
[DDC Storage] l4_bytes: 4.29153e-05 MB | l3_bytes: 2.86102e-06 MB | l2_bytes: 2.86102e-06 MB | l1_bytes: 2.86102e-06 MB | total_bytes: 5.14984e-05 MB

[Compute] Pairwise ops on first 2 bitmaps:
  bitOr:  0.012852 ms (card: 2609129)
  bitAnd: 0.003744 ms (card: 0)
  bitXor: 0.005664 ms (card: 2609129)
  [MIRROR-IN-PROC] OR raw: 0.000187 0.000187 0.000187 0.000188 0.000188 0.000188 0.000188 0.000188 0.000188 0.000188 0.000189 0.000189 0.000189 0.000189 0.000189 0.000189 0.000189 0.000189 0.000189 0.000189 0.00019 0.00019 0.00019 0.00019 0.00019 0.00019 0.00019 0.00019 0.00019 0.000191 0.000191 0.000191 0.000191 0.000191 0.000191 0.000191 0.000191 0.000191 0.000191 0.000191 0.000191 0.000191 0.000191 0.000191 0.000191 0.000191 0.000191 0.000191 0.000191 0.000191 0.000191 0.000191 0.000191 0.000191 0.000191 0.000191 0.000192 0.000192 0.000192 0.000192 0.000192 0.000192 0.000192 0.000192 0.000192 0.000192 0.000192 0.000192 0.000192 0.000192 0.000192 0.000192 0.000192 0.000192 0.000193 0.000193 0.000193 0.000193 0.000193 0.000193 0.000193 0.000196 0.000198 0.000198 0.000199 0.000201 0.000201 0.000203 0.000206 0.000207 0.000208 0.000215 0.000216 0.000217 0.000217 0.000218 0.000227 0.000235 0.000238 0.000303  median=0.000191

[Pure Ops] DDC operation-only timing:
  AND: 0.000137 ms (card: 0)
  OR:  0.00019 ms (card: 2609129)
  XOR: 0.000189 ms (card: 2609129)
  NOT: 0.000419 ms (card: 1274246)
  COMP (~((A|B)&(B|C))): 0.002914 ms (card: 0 OK)
---------------------------------------
