CSV output: /home/lichenhang/lee/thesis/check/lee/combit-cr-native-20260820/experiments/cr_run_btv_literal_20260821/raw/job_r1_kind_ddc.csv
=== Compressed .bm Benchmark Mode ===
Directory: /home/lichenhang/lee/thesis/check/lee/combit/realdata/kind/bitmap/bm_2528312_c6_ddc_w8
Rows: 2528312 | Cardinality: 6
AND caliber: PAIR (A&B, real op)

=======================================
Benchmark [DDC (New)] — Compressed .bm Files
Source: /home/lichenhang/lee/thesis/check/lee/combit/realdata/kind/bitmap/bm_2528312_c6_ddc_w8
Rows: 2528312 | Cardinality: 6 | Loaded: 6
=======================================
[Load] Loaded 6 compressed bitmaps: 0.421528 ms
  1.bm → cardinality: 1543264
  2.bm → cardinality: 662825
  3.bm → cardinality: 118234
  4.bm → cardinality: 100537
  5.bm → cardinality: 90852
  ... (1 more)

[Storage] Total compressed: 530308 bytes (517.879 KB) | Ratio: 0.279664x
[DDC Storage] l4_bytes: 0.0018084 MB | l3_bytes: 0.00589561 MB | l2_bytes: 0.0896559 MB | l1_bytes: 0.404906 MB | total_bytes: 0.502266 MB

[Compute] Pairwise ops on first 2 bitmaps:
  bitOr:  0.105723 ms (card: 2206089)
  bitAnd: 0.014489 ms (card: 0)
  bitXor: 0.086773 ms (card: 2206089)

[Compute] Multi-way OR of 6 bitmaps: 0.24923 ms (card: 2528312)
  [MIRROR-IN-PROC] OR raw: 0.011663 0.011667 0.011687 0.011714 0.011738 0.011749 0.011751 0.01176 0.011762 0.011763 0.011767 0.011768 0.011772 0.011773 0.011774 0.011775 0.011782 0.011784 0.011791 0.011796 0.011799 0.0118 0.011804 0.011808 0.011808 0.011808 0.011809 0.011814 0.011823 0.011824 0.011824 0.011827 0.011827 0.011828 0.011836 0.011837 0.011837 0.011841 0.011844 0.011849 0.011852 0.011862 0.011865 0.01187 0.011896 0.011901 0.011903 0.01192 0.011925 0.011928 0.011936 0.011947 0.011961 0.011966 0.011993 0.012004 0.01202 0.012038 0.01206 0.012072 0.012076 0.012109 0.012163 0.012176 0.012532 0.01263 0.01264 0.012703 0.013254 0.013275 0.014422 0.015198 0.015269 0.015368 0.015408 0.017412 0.017433 0.017497 0.017589 0.017732 0.017812 0.019431 0.01951 0.019571 0.019575 0.019604 0.01967 0.019731 0.019969 0.020092 0.020109 0.020313 0.020313 0.020513 0.02077 0.020846 0.021085 0.021612 0.022395 0.025892  median=0.011936

[Pure Ops] DDC operation-only timing:
  AND: 0.003964 ms (card: 0)
  OR:  0.012674 ms (card: 2206089)
  XOR: 0.012038 ms (card: 2206089)
  NOT: 0.007362 ms (card: 985048)
  COMP (~((A|B)&(B|C))): 0.043485 ms (card: 1865487 OK)
---------------------------------------
