CSV output: /home/lichenhang/lee/thesis/check/lee/combit-cr-native-20260820/experiments/cr_run_btv_literal_20260821/raw/job_r5_cast_info_movie_id_ddc.csv
=== Compressed .bm Benchmark Mode ===
Directory: /home/lichenhang/lee/thesis/check/lee/R3W1_realworld_excel_20260809/job_unified10/logical_top3_datasets/cast_info_movie_id/bitmap/bm_36244344_c3_ddc_w8
Rows: 36244344 | Cardinality: 3
AND caliber: PAIR (A&B, real op)

=======================================
Benchmark [DDC (New)] — Compressed .bm Files
Source: /home/lichenhang/lee/thesis/check/lee/R3W1_realworld_excel_20260809/job_unified10/logical_top3_datasets/cast_info_movie_id/bitmap/bm_36244344_c3_ddc_w8
Rows: 36244344 | Cardinality: 3 | Loaded: 3
=======================================
[Load] Loaded 3 compressed bitmaps: 0.394922 ms
  1.bm → cardinality: 1741
  2.bm → cardinality: 1572
  3.bm → cardinality: 1531

[Storage] Total compressed: 39829 bytes (38.8955 KB) | Ratio: 0.00293041x
[DDC Storage] l4_bytes: 0.00927734 MB | l3_bytes: 0.00293159 MB | l2_bytes: 0.00317764 MB | l1_bytes: 0.00340557 MB | total_bytes: 0.0187922 MB

[Compute] Pairwise ops on first 2 bitmaps:
  bitOr:  0.116696 ms (card: 3313)
  bitAnd: 0.012662 ms (card: 0)
  bitXor: 0.086301 ms (card: 3313)

[Compute] Multi-way OR of 3 bitmaps: 0.625995 ms (card: 4844)
  [MIRROR-IN-PROC] OR raw: 0.031388 0.031421 0.031558 0.031617 0.031662 0.031723 0.031744 0.031745 0.031749 0.031761 0.031787 0.031851 0.031876 0.031883 0.031891 0.031897 0.031935 0.031943 0.032 0.032015 0.032026 0.032035 0.032047 0.032056 0.032062 0.032075 0.03208 0.032087 0.032104 0.032134 0.032144 0.032157 0.032171 0.032192 0.0322 0.032203 0.03221 0.032219 0.03222 0.032224 0.032224 0.032271 0.032283 0.032291 0.032299 0.0323 0.032311 0.032334 0.032344 0.032365 0.03237 0.03238 0.032388 0.032422 0.032436 0.032453 0.03248 0.032567 0.032646 0.032646 0.032737 0.032778 0.032857 0.032857 0.032943 0.032955 0.033006 0.033033 0.033195 0.03327 0.033323 0.033391 0.033431 0.033676 0.033689 0.033807 0.034053 0.034086 0.0342 0.034216 0.034217 0.034263 0.034301 0.034343 0.034382 0.034456 0.034637 0.034848 0.034935 0.035233 0.035494 0.035793 0.036581 0.036597 0.036791 0.03725 0.0375 0.037769 0.038142 0.039803  median=0.03237

[Pure Ops] DDC operation-only timing:
  AND: 0.005072 ms (card: 0)
  OR:  0.03204 ms (card: 3313)
  XOR: 0.031046 ms (card: 3313)
  NOT: 0.010031 ms (card: 36242603)
  COMP (~((A|B)&(B|C))): 0.375128 ms (card: 36242772 OK)
---------------------------------------
