CSV output: /home/lichenhang/lee/thesis/check/lee/combit-cr-native-20260820/experiments/cr_native_no_btv_20260820/raw/earth/r2_qflag.csv
=== Compressed .bm Benchmark Mode ===
Directory: /home/lichenhang/lee/thesis/check/lee/combit/earthdata/qflag/bitmap/bm_21844315_c17_roaring
Rows: 21844315 | Cardinality: 17
AND caliber: PAIR (A&B, real op)

=======================================
Benchmark [CRoaring] — Compressed .bm Files
Source: /home/lichenhang/lee/thesis/check/lee/combit/earthdata/qflag/bitmap/bm_21844315_c17_roaring
Rows: 21844315 | Cardinality: 17 | Loaded: 17 | Iterations: 100
=======================================
[Warm-up] Running 1 warm-up iteration...
[Load] Loaded 17 compressed bitmaps: 2.81878 ms
  1.bm → cardinality: 9989443
  2.bm → cardinality: 3170612
  3.bm → cardinality: 2459587
  4.bm → cardinality: 1952032
  5.bm → cardinality: 1761888
  ... (12 more)

[Storage] Total compressed: 5743312 bytes (5608.7 KB) | Ratio: 0.123727x
[CRoaring Storage] array=477 (0.188791 MB) | run=1540 (1.71448 MB) | bitset=455 (3.55469 MB) | total_bytes=5723082

[Summary] Median over 100 iterations:
  Load:      1.37661 ms
  bitOr:     1.24523 ms (card: 13160055)
  bitAnd:    0.756857 ms (card: 0)
  bitXor:    1.30683 ms (card: 13160055)
  multi-OR:  4.15311 ms (card: 21844315)

[Pure Ops] CRoaring operation-only (+ to-btv conversion):
  AND: 0.733735 ms (card: 0)
  OR:  1.2205 ms (card: 13160055)
  OR (CR internal only, no to-btv): 0.482185 ms
  XOR: 1.32202 ms (card: 13160055)
  NOT: 1.68017 ms (card: 11854872)
  AND (in-place): 0.809396 ms
  [AND result containers] array=0 (0 MB) bitset=0 (0 MB) run=0 (0 MB) total_bytes=0
  [OR  result containers] array=0 (0 MB) bitset=118 (0.921875 MB) run=172 (0.279785 MB) total_bytes=1260032
  [XOR result containers] array=0 (0 MB) bitset=118 (0.921875 MB) run=172 (0.279785 MB) total_bytes=1260032
  [NOT result containers] array=0 (0 MB) bitset=53 (0.414062 MB) run=278 (0.718662 MB) total_bytes=1187748
  [Input A containers] array=0 (0 MB) bitset=53 (0.414062 MB) run=237 (0.718565 MB) total_bytes=1187646
  [Input B containers] array=1 (3.05176e-05 MB) bitset=117 (0.914062 MB) run=30 (0.0285149 MB) total_bytes=988396
  COMP native (~((A|B)&(B|C))): 1.40854 ms
  COMP (~((A|B)&(B|C))): 1.66848 ms
---------------------------------------
