CSV output: /home/lichenhang/lee/thesis/check/lee/combit-cr-native-20260820/experiments/cr_native_no_btv_20260820/raw/earth/r3_month.csv
=== Compressed .bm Benchmark Mode ===
Directory: /home/lichenhang/lee/thesis/check/lee/combit/earthdata/month/bitmap/bm_21844315_c12_roaring
Rows: 21844315 | Cardinality: 12
AND caliber: PAIR (A&B, real op)

=======================================
Benchmark [CRoaring] — Compressed .bm Files
Source: /home/lichenhang/lee/thesis/check/lee/combit/earthdata/month/bitmap/bm_21844315_c12_roaring
Rows: 21844315 | Cardinality: 12 | Loaded: 12 | Iterations: 100
=======================================
[Warm-up] Running 1 warm-up iteration...
[Load] Loaded 12 compressed bitmaps: 19.6013 ms
  1.bm → cardinality: 1833156
  2.bm → cardinality: 1832857
  3.bm → cardinality: 1831489
  4.bm → cardinality: 1829137
  5.bm → cardinality: 1819424
  ... (7 more)

[Storage] Total compressed: 32806962 bytes (32038 KB) | Ratio: 1.00124x
[CRoaring Storage] array=18 (0.0845661 MB) | run=0 (0 MB) | bitset=3990 (31.1719 MB) | total_bytes=32774754

[Summary] Median over 100 iterations:
  Load:      7.98852 ms
  bitOr:     0.660245 ms (card: 3666013)
  bitAnd:    0.501305 ms (card: 0)
  bitXor:    0.642477 ms (card: 3666013)
  multi-OR:  3.80901 ms (card: 21844315)

[Pure Ops] CRoaring operation-only (+ to-btv conversion):
  AND: 0.472669 ms (card: 0)
  OR:  0.648403 ms (card: 3666013)
  OR (CR internal only, no to-btv): 0.340445 ms
  XOR: 0.654584 ms (card: 3666013)
  NOT: 0.64295 ms (card: 20011159)
  AND (in-place): 0.642994 ms
  [AND result containers] array=0 (0 MB) bitset=0 (0 MB) run=0 (0 MB) total_bytes=0
  [OR  result containers] array=1 (0.00658798 MB) bitset=333 (2.60156 MB) run=0 (0 MB) total_bytes=2734844
  [XOR result containers] array=1 (0.00658798 MB) bitset=333 (2.60156 MB) run=0 (0 MB) total_bytes=2734844
  [NOT result containers] array=0 (0 MB) bitset=334 (2.60938 MB) run=0 (0 MB) total_bytes=2736128
  [Input A containers] array=2 (0.0108242 MB) bitset=332 (2.59375 MB) run=0 (0 MB) total_bytes=2731094
  [Input B containers] array=2 (0.0109062 MB) bitset=332 (2.59375 MB) run=0 (0 MB) total_bytes=2731180
  COMP native (~((A|B)&(B|C))): 1.13918 ms
  COMP (~((A|B)&(B|C))): 1.44678 ms
---------------------------------------
