CSV output: /home/lichenhang/lee/thesis/check/lee/combit-cr-native-20260820/experiments/cr_native_no_btv_20260820/raw/density/r1_A328_B19661.csv
=== Compressed .bm Benchmark Mode ===
Directory: /home/lichenhang/lee/thesis/check/lee/combit/gridindep/bitmap/bm_100m_A328_B19661_roaring
Rows: 100000000 | Cardinality: 328
AND caliber: PAIR (A&B, real op)

=======================================
Benchmark [CRoaring] — Compressed .bm Files
Source: /home/lichenhang/lee/thesis/check/lee/combit/gridindep/bitmap/bm_100m_A328_B19661_roaring
Rows: 100000000 | Cardinality: 328 | Loaded: 2 | Iterations: 100
=======================================
[Warm-up] Running 1 warm-up iteration...
[Load] Loaded 2 compressed bitmaps: 3.54056 ms
  1.bm → cardinality: 500493
  2.bm → cardinality: 30000288

[Storage] Total compressed: 13526418 bytes (13209.4 KB) | Ratio: 0.541057x
[CRoaring Storage] array=1526 (0.954615 MB) | run=0 (0 MB) | bitset=1526 (11.9219 MB) | total_bytes=13501978

[Summary] Median over 100 iterations:
  Load:      3.09035 ms
  bitOr:     2.83945 ms (card: 30350933)
  bitAnd:    1.58627 ms (card: 149848)
  bitXor:    3.20383 ms (card: 30201085)

[Pure Ops] CRoaring operation-only (+ to-btv conversion):
  AND: 1.57235 ms (card: 149848)
  OR:  2.8385 ms (card: 30350933)
  OR (CR internal only, no to-btv): 1.43447 ms
  XOR: 3.18878 ms (card: 30201085)
  NOT: 2.61028 ms (card: 99499507)
  AND (in-place): 8.92467 ms
  [AND result containers] array=1526 (0.285812 MB) bitset=0 (0 MB) run=0 (0 MB) total_bytes=299696
  [OR  result containers] array=0 (0 MB) bitset=1526 (11.9219 MB) run=0 (0 MB) total_bytes=12500992
  [XOR result containers] array=0 (0 MB) bitset=1526 (11.9219 MB) run=0 (0 MB) total_bytes=12500992
  [NOT result containers] array=0 (0 MB) bitset=1526 (11.9219 MB) run=0 (0 MB) total_bytes=12500992
  [Input A containers] array=1526 (0.954615 MB) bitset=0 (0 MB) run=0 (0 MB) total_bytes=1000986
  [Input B containers] array=0 (0 MB) bitset=1526 (11.9219 MB) run=0 (0 MB) total_bytes=12500992
  COMP native (~((A|B)&(B|C))): 4.95882 ms
  COMP (~((A|B)&(B|C))): 6.41009 ms
---------------------------------------
