CSV output: /home/lichenhang/lee/thesis/check/lee/combit-cr-native-20260820/experiments/cr_native_no_btv_20260820/raw/density/r1_A655_B655.csv
=== Compressed .bm Benchmark Mode ===
Directory: /home/lichenhang/lee/thesis/check/lee/combit/gridindep/bitmap/bm_100m_A655_B655_roaring
Rows: 100000000 | Cardinality: 655
AND caliber: PAIR (A&B, real op)

=======================================
Benchmark [CRoaring] — Compressed .bm Files
Source: /home/lichenhang/lee/thesis/check/lee/combit/gridindep/bitmap/bm_100m_A655_B655_roaring
Rows: 100000000 | Cardinality: 655 | Loaded: 2 | Iterations: 100
=======================================
[Warm-up] Running 1 warm-up iteration...
[Load] Loaded 2 compressed bitmaps: 1.39273 ms
  1.bm → cardinality: 999453
  2.bm → cardinality: 999453

[Storage] Total compressed: 4022252 bytes (3927.98 KB) | Ratio: 0.16089x
[CRoaring Storage] array=3052 (3.81261 MB) | run=0 (0 MB) | bitset=0 (0 MB) | total_bytes=3997812

[Summary] Median over 100 iterations:
  Load:      1.11246 ms
  bitOr:     3.63143 ms (card: 1988943)
  bitAnd:    1.57884 ms (card: 9963)
  bitXor:    3.82286 ms (card: 1978980)

[Pure Ops] CRoaring operation-only (+ to-btv conversion):
  AND: 1.55889 ms (card: 9963)
  OR:  3.62475 ms (card: 1988943)
  OR (CR internal only, no to-btv): 2.16731 ms
  XOR: 3.81812 ms (card: 1978980)
  NOT: 3.08023 ms (card: 99000547)
  AND (in-place): 7.57063 ms
  [AND result containers] array=1523 (0.0190029 MB) bitset=0 (0 MB) run=0 (0 MB) total_bytes=19926
  [OR  result containers] array=1526 (3.79361 MB) bitset=0 (0 MB) run=0 (0 MB) total_bytes=3977886
  [XOR result containers] array=1526 (3.7746 MB) bitset=0 (0 MB) run=0 (0 MB) total_bytes=3957960
  [NOT result containers] array=0 (0 MB) bitset=1526 (11.9219 MB) run=0 (0 MB) total_bytes=12500992
  [Input A containers] array=1526 (1.90631 MB) bitset=0 (0 MB) run=0 (0 MB) total_bytes=1998906
  [Input B containers] array=1526 (1.90631 MB) bitset=0 (0 MB) run=0 (0 MB) total_bytes=1998906
  COMP native (~((A|B)&(B|C))): 6.96604 ms
  COMP (~((A|B)&(B|C))): 8.3638 ms
---------------------------------------
