CSV output: /home/lichenhang/lee/thesis/check/lee/combit-cr-native-20260820/experiments/cr_native_no_btv_20260820/raw/density/r1_A6554_B26214.csv
=== Compressed .bm Benchmark Mode ===
Directory: /home/lichenhang/lee/thesis/check/lee/combit/gridindep/bitmap/bm_100m_A6554_B26214_roaring
Rows: 100000000 | Cardinality: 6554
AND caliber: PAIR (A&B, real op)

=======================================
Benchmark [CRoaring] — Compressed .bm Files
Source: /home/lichenhang/lee/thesis/check/lee/combit/gridindep/bitmap/bm_100m_A6554_B26214_roaring
Rows: 100000000 | Cardinality: 6554 | Loaded: 2 | Iterations: 100
=======================================
[Warm-up] Running 1 warm-up iteration...
[Load] Loaded 2 compressed bitmaps: 6.79744 ms
  1.bm → cardinality: 10000633
  2.bm → cardinality: 39999373

[Storage] Total compressed: 25026424 bytes (24439.9 KB) | Ratio: 1.00106x
[CRoaring Storage] array=0 (0 MB) | run=0 (0 MB) | bitset=3052 (23.8438 MB) | total_bytes=25001984

[Summary] Median over 100 iterations:
  Load:      5.62706 ms
  bitOr:     2.93602 ms (card: 45998770)
  bitAnd:    18.5329 ms (card: 4001236)
  bitXor:    2.93583 ms (card: 41997534)

[Pure Ops] CRoaring operation-only (+ to-btv conversion):
  AND: 18.4928 ms (card: 4001236)
  OR:  2.91295 ms (card: 45998770)
  OR (CR internal only, no to-btv): 1.49683 ms
  XOR: 2.91551 ms (card: 41997534)
  NOT: 2.98571 ms (card: 89999367)
  AND (in-place): 26.7231 ms
  [AND result containers] array=1526 (7.63175 MB) bitset=0 (0 MB) run=0 (0 MB) total_bytes=8002472
  [OR  result containers] array=0 (0 MB) bitset=1526 (11.9219 MB) run=0 (0 MB) total_bytes=12500992
  [XOR result containers] array=0 (0 MB) bitset=1526 (11.9219 MB) run=0 (0 MB) total_bytes=12500992
  [NOT result containers] array=0 (0 MB) bitset=1526 (11.9219 MB) run=0 (0 MB) total_bytes=12500992
  [Input A containers] array=0 (0 MB) bitset=1526 (11.9219 MB) run=0 (0 MB) total_bytes=12500992
  [Input B containers] array=0 (0 MB) bitset=1526 (11.9219 MB) run=0 (0 MB) total_bytes=12500992
  COMP native (~((A|B)&(B|C))): 5.13247 ms
  COMP (~((A|B)&(B|C))): 6.48539 ms
---------------------------------------
