CSV output: /home/lichenhang/lee/thesis/check/lee/combit-cr-native-20260820/experiments/cr_native_no_btv_20260820/raw/density/r1_A6554_B32768.csv
=== Compressed .bm Benchmark Mode ===
Directory: /home/lichenhang/lee/thesis/check/lee/combit/gridindep/bitmap/bm_100m_A6554_B32768_roaring
Rows: 100000000 | Cardinality: 6554
AND caliber: PAIR (A&B, real op)

=======================================
Benchmark [CRoaring] — Compressed .bm Files
Source: /home/lichenhang/lee/thesis/check/lee/combit/gridindep/bitmap/bm_100m_A6554_B32768_roaring
Rows: 100000000 | Cardinality: 6554 | Loaded: 2 | Iterations: 100
=======================================
[Warm-up] Running 1 warm-up iteration...
[Load] Loaded 2 compressed bitmaps: 6.77108 ms
  1.bm → cardinality: 10000633
  2.bm → cardinality: 50000004

[Storage] Total compressed: 25026424 bytes (24439.9 KB) | Ratio: 1.00106x
[CRoaring Storage] array=0 (0 MB) | run=0 (0 MB) | bitset=3052 (23.8438 MB) | total_bytes=25001984

[Summary] Median over 100 iterations:
  Load:      5.66852 ms
  bitOr:     2.92974 ms (card: 54999809)
  bitAnd:    19.8156 ms (card: 5000828)
  bitXor:    2.91637 ms (card: 49998981)

[Pure Ops] CRoaring operation-only (+ to-btv conversion):
  AND: 19.8093 ms (card: 5000828)
  OR:  2.90436 ms (card: 54999809)
  OR (CR internal only, no to-btv): 1.48783 ms
  XOR: 2.90716 ms (card: 49998981)
  NOT: 2.95879 ms (card: 89999367)
  AND (in-place): 27.9638 ms
  [AND result containers] array=1526 (9.53832 MB) bitset=0 (0 MB) run=0 (0 MB) total_bytes=10001656
  [OR  result containers] array=0 (0 MB) bitset=1526 (11.9219 MB) run=0 (0 MB) total_bytes=12500992
  [XOR result containers] array=0 (0 MB) bitset=1526 (11.9219 MB) run=0 (0 MB) total_bytes=12500992
  [NOT result containers] array=0 (0 MB) bitset=1526 (11.9219 MB) run=0 (0 MB) total_bytes=12500992
  [Input A containers] array=0 (0 MB) bitset=1526 (11.9219 MB) run=0 (0 MB) total_bytes=12500992
  [Input B containers] array=0 (0 MB) bitset=1526 (11.9219 MB) run=0 (0 MB) total_bytes=12500992
  COMP native (~((A|B)&(B|C))): 5.12143 ms
  COMP (~((A|B)&(B|C))): 6.50307 ms
---------------------------------------
