CSV output: /home/lichenhang/lee/thesis/check/lee/combit-cr-native-20260820/experiments/cr_native_no_btv_20260820/raw/density/r1_A66_B655.csv
=== Compressed .bm Benchmark Mode ===
Directory: /home/lichenhang/lee/thesis/check/lee/combit/gridindep/bitmap/bm_100m_A66_B655_roaring
Rows: 100000000 | Cardinality: 66
AND caliber: PAIR (A&B, real op)

=======================================
Benchmark [CRoaring] — Compressed .bm Files
Source: /home/lichenhang/lee/thesis/check/lee/combit/gridindep/bitmap/bm_100m_A66_B655_roaring
Rows: 100000000 | Cardinality: 66 | Loaded: 2 | Iterations: 100
=======================================
[Warm-up] Running 1 warm-up iteration...
[Load] Loaded 2 compressed bitmaps: 0.72587 ms
  1.bm → cardinality: 100706
  2.bm → cardinality: 999453

[Storage] Total compressed: 2224758 bytes (2172.62 KB) | Ratio: 0.0889903x
[CRoaring Storage] array=3052 (2.09839 MB) | run=0 (0 MB) | bitset=0 (0 MB) | total_bytes=2200318

[Summary] Median over 100 iterations:
  Load:      0.66666 ms
  bitOr:     2.52304 ms (card: 1099204)
  bitAnd:    0.923631 ms (card: 955)
  bitXor:    2.64556 ms (card: 1098249)

[Pure Ops] CRoaring operation-only (+ to-btv conversion):
  AND: 0.917995 ms (card: 955)
  OR:  2.52205 ms (card: 1099204)
  OR (CR internal only, no to-btv): 1.31935 ms
  XOR: 2.63636 ms (card: 1098249)
  NOT: 2.29092 ms (card: 99899294)
  AND (in-place): 1.68134 ms
  [AND result containers] array=719 (0.00182152 MB) bitset=0 (0 MB) run=0 (0 MB) total_bytes=1910
  [OR  result containers] array=1526 (2.09657 MB) bitset=0 (0 MB) run=0 (0 MB) total_bytes=2198408
  [XOR result containers] array=1526 (2.09474 MB) bitset=0 (0 MB) run=0 (0 MB) total_bytes=2196498
  [NOT result containers] array=0 (0 MB) bitset=1526 (11.9219 MB) run=0 (0 MB) total_bytes=12500992
  [Input A containers] array=1526 (0.192081 MB) bitset=0 (0 MB) run=0 (0 MB) total_bytes=201412
  [Input B containers] array=1526 (1.90631 MB) bitset=0 (0 MB) run=0 (0 MB) total_bytes=1998906
  COMP native (~((A|B)&(B|C))): 4.56523 ms
  COMP (~((A|B)&(B|C))): 5.97525 ms
---------------------------------------
