CSV output: /home/lichenhang/lee/thesis/check/lee/combit-cr-native-20260820/experiments/cr_native_no_btv_20260820/raw/density/r1_A32768_B32768.csv
=== Compressed .bm Benchmark Mode ===
Directory: /home/lichenhang/lee/thesis/check/lee/combit/gridindep/bitmap/bm_100m_A32768_B32768_roaring
Rows: 100000000 | Cardinality: 32768
AND caliber: PAIR (A&B, real op)

=======================================
Benchmark [CRoaring] — Compressed .bm Files
Source: /home/lichenhang/lee/thesis/check/lee/combit/gridindep/bitmap/bm_100m_A32768_B32768_roaring
Rows: 100000000 | Cardinality: 32768 | Loaded: 2 | Iterations: 100
=======================================
[Warm-up] Running 1 warm-up iteration...
[Load] Loaded 2 compressed bitmaps: 6.70188 ms
  1.bm → cardinality: 50000025
  2.bm → cardinality: 50000004

[Storage] Total compressed: 25026424 bytes (24439.9 KB) | Ratio: 1.00106x
[CRoaring Storage] array=0 (0 MB) | run=0 (0 MB) | bitset=3052 (23.8438 MB) | total_bytes=25001984

[Summary] Median over 100 iterations:
  Load:      5.46359 ms
  bitOr:     2.91697 ms (card: 75001341)
  bitAnd:    2.94422 ms (card: 24998688)
  bitXor:    2.92247 ms (card: 50002653)

[Pure Ops] CRoaring operation-only (+ to-btv conversion):
  AND: 2.93063 ms (card: 24998688)
  OR:  2.93062 ms (card: 75001341)
  OR (CR internal only, no to-btv): 1.52171 ms
  XOR: 2.9088 ms (card: 50002653)
  NOT: 2.96367 ms (card: 49999975)
  AND (in-place): 6.55091 ms
  [AND result containers] array=0 (0 MB) bitset=1526 (11.9219 MB) run=0 (0 MB) total_bytes=12500992
  [OR  result containers] array=0 (0 MB) bitset=1526 (11.9219 MB) run=0 (0 MB) total_bytes=12500992
  [XOR result containers] array=0 (0 MB) bitset=1526 (11.9219 MB) run=0 (0 MB) total_bytes=12500992
  [NOT result containers] array=0 (0 MB) bitset=1526 (11.9219 MB) run=0 (0 MB) total_bytes=12500992
  [Input A containers] array=0 (0 MB) bitset=1526 (11.9219 MB) run=0 (0 MB) total_bytes=12500992
  [Input B containers] array=0 (0 MB) bitset=1526 (11.9219 MB) run=0 (0 MB) total_bytes=12500992
  COMP native (~((A|B)&(B|C))): 5.12725 ms
  COMP (~((A|B)&(B|C))): 6.5178 ms
---------------------------------------
