CSV output: /home/lichenhang/lee/thesis/check/lee/combit-cr-native-20260820/experiments/cr_native_no_btv_20260820/raw/density/r1_A328_B3277.csv
=== Compressed .bm Benchmark Mode ===
Directory: /home/lichenhang/lee/thesis/check/lee/combit/gridindep/bitmap/bm_100m_A328_B3277_roaring
Rows: 100000000 | Cardinality: 328
AND caliber: PAIR (A&B, real op)

=======================================
Benchmark [CRoaring] — Compressed .bm Files
Source: /home/lichenhang/lee/thesis/check/lee/combit/gridindep/bitmap/bm_100m_A328_B3277_roaring
Rows: 100000000 | Cardinality: 328 | Loaded: 2 | Iterations: 100
=======================================
[Warm-up] Running 1 warm-up iteration...
[Load] Loaded 2 compressed bitmaps: 2.7886 ms
  1.bm → cardinality: 500493
  2.bm → cardinality: 5000323

[Storage] Total compressed: 11026072 bytes (10767.6 KB) | Ratio: 0.441043x
[CRoaring Storage] array=3052 (10.492 MB) | run=0 (0 MB) | bitset=0 (0 MB) | total_bytes=11001632

[Summary] Median over 100 iterations:
  Load:      2.4053 ms
  bitOr:     7.67748 ms (card: 5475813)
  bitAnd:    2.22966 ms (card: 25003)
  bitXor:    8.12312 ms (card: 5450810)

[Pure Ops] CRoaring operation-only (+ to-btv conversion):
  AND: 2.22872 ms (card: 25003)
  OR:  7.6676 ms (card: 5475813)
  OR (CR internal only, no to-btv): 4.54066 ms
  XOR: 8.10768 ms (card: 5450810)
  NOT: 2.63089 ms (card: 99499507)
  AND (in-place): 9.58258 ms
  [AND result containers] array=1526 (0.0476894 MB) bitset=0 (0 MB) run=0 (0 MB) total_bytes=50006
  [OR  result containers] array=1526 (10.4443 MB) bitset=0 (0 MB) run=0 (0 MB) total_bytes=10951626
  [XOR result containers] array=1526 (10.3966 MB) bitset=0 (0 MB) run=0 (0 MB) total_bytes=10901620
  [NOT result containers] array=0 (0 MB) bitset=1526 (11.9219 MB) run=0 (0 MB) total_bytes=12500992
  [Input A containers] array=1526 (0.954615 MB) bitset=0 (0 MB) run=0 (0 MB) total_bytes=1000986
  [Input B containers] array=1526 (9.53736 MB) bitset=0 (0 MB) run=0 (0 MB) total_bytes=10000646
  COMP native (~((A|B)&(B|C))): 14.6578 ms
  COMP (~((A|B)&(B|C))): 16.2091 ms
---------------------------------------
