CSV output: /home/lichenhang/lee/thesis/check/lee/combit-cr-native-20260820/experiments/cr_native_no_btv_20260820/raw/density/r1_A6554_B13107.csv
=== Compressed .bm Benchmark Mode ===
Directory: /home/lichenhang/lee/thesis/check/lee/combit/gridindep/bitmap/bm_100m_A6554_B13107_roaring
Rows: 100000000 | Cardinality: 6554
AND caliber: PAIR (A&B, real op)

=======================================
Benchmark [CRoaring] — Compressed .bm Files
Source: /home/lichenhang/lee/thesis/check/lee/combit/gridindep/bitmap/bm_100m_A6554_B13107_roaring
Rows: 100000000 | Cardinality: 6554 | Loaded: 2 | Iterations: 100
=======================================
[Warm-up] Running 1 warm-up iteration...
[Load] Loaded 2 compressed bitmaps: 7.13712 ms
  1.bm → cardinality: 10000633
  2.bm → cardinality: 19999673

[Storage] Total compressed: 25026424 bytes (24439.9 KB) | Ratio: 1.00106x
[CRoaring Storage] array=0 (0 MB) | run=0 (0 MB) | bitset=3052 (23.8438 MB) | total_bytes=25001984

[Summary] Median over 100 iterations:
  Load:      5.59219 ms
  bitOr:     2.93667 ms (card: 27999151)
  bitAnd:    15.2277 ms (card: 2001155)
  bitXor:    2.92452 ms (card: 25997996)

[Pure Ops] CRoaring operation-only (+ to-btv conversion):
  AND: 15.1459 ms (card: 2001155)
  OR:  2.9108 ms (card: 27999151)
  OR (CR internal only, no to-btv): 1.49554 ms
  XOR: 2.91033 ms (card: 25997996)
  NOT: 2.97158 ms (card: 89999367)
  AND (in-place): 23.4286 ms
  [AND result containers] array=1526 (3.8169 MB) bitset=0 (0 MB) run=0 (0 MB) total_bytes=4002310
  [OR  result containers] array=0 (0 MB) bitset=1526 (11.9219 MB) run=0 (0 MB) total_bytes=12500992
  [XOR result containers] array=0 (0 MB) bitset=1526 (11.9219 MB) run=0 (0 MB) total_bytes=12500992
  [NOT result containers] array=0 (0 MB) bitset=1526 (11.9219 MB) run=0 (0 MB) total_bytes=12500992
  [Input A containers] array=0 (0 MB) bitset=1526 (11.9219 MB) run=0 (0 MB) total_bytes=12500992
  [Input B containers] array=0 (0 MB) bitset=1526 (11.9219 MB) run=0 (0 MB) total_bytes=12500992
  COMP native (~((A|B)&(B|C))): 5.17194 ms
  COMP (~((A|B)&(B|C))): 6.5038 ms
---------------------------------------
