CSV output: /home/lichenhang/lee/thesis/check/lee/combit-cr-native-20260820/experiments/cr_native_no_btv_20260820/raw/density/r1_A13107_B19661.csv
=== Compressed .bm Benchmark Mode ===
Directory: /home/lichenhang/lee/thesis/check/lee/combit/gridindep/bitmap/bm_100m_A13107_B19661_roaring
Rows: 100000000 | Cardinality: 13107
AND caliber: PAIR (A&B, real op)

=======================================
Benchmark [CRoaring] — Compressed .bm Files
Source: /home/lichenhang/lee/thesis/check/lee/combit/gridindep/bitmap/bm_100m_A13107_B19661_roaring
Rows: 100000000 | Cardinality: 13107 | Loaded: 2 | Iterations: 100
=======================================
[Warm-up] Running 1 warm-up iteration...
[Load] Loaded 2 compressed bitmaps: 6.71366 ms
  1.bm → cardinality: 19999726
  2.bm → cardinality: 30000288

[Storage] Total compressed: 25026424 bytes (24439.9 KB) | Ratio: 1.00106x
[CRoaring Storage] array=0 (0 MB) | run=0 (0 MB) | bitset=3052 (23.8438 MB) | total_bytes=25001984

[Summary] Median over 100 iterations:
  Load:      5.81057 ms
  bitOr:     2.96544 ms (card: 44000071)
  bitAnd:    21.0071 ms (card: 5999943)
  bitXor:    2.95774 ms (card: 38000128)

[Pure Ops] CRoaring operation-only (+ to-btv conversion):
  AND: 20.9801 ms (card: 5999943)
  OR:  2.9007 ms (card: 44000071)
  OR (CR internal only, no to-btv): 1.4875 ms
  XOR: 2.90071 ms (card: 38000128)
  NOT: 2.95895 ms (card: 80000274)
  AND (in-place): 29.0875 ms
  [AND result containers] array=1525 (11.4361 MB) bitset=1 (0.0078125 MB) run=0 (0 MB) total_bytes=11999864
  [OR  result containers] array=0 (0 MB) bitset=1526 (11.9219 MB) run=0 (0 MB) total_bytes=12500992
  [XOR result containers] array=0 (0 MB) bitset=1526 (11.9219 MB) run=0 (0 MB) total_bytes=12500992
  [NOT result containers] array=0 (0 MB) bitset=1526 (11.9219 MB) run=0 (0 MB) total_bytes=12500992
  [Input A containers] array=0 (0 MB) bitset=1526 (11.9219 MB) run=0 (0 MB) total_bytes=12500992
  [Input B containers] array=0 (0 MB) bitset=1526 (11.9219 MB) run=0 (0 MB) total_bytes=12500992
  COMP native (~((A|B)&(B|C))): 5.16258 ms
  COMP (~((A|B)&(B|C))): 6.49136 ms
---------------------------------------
