CSV output: /home/lichenhang/lee/thesis/check/lee/combit-cr-native-20260820/experiments/cr_native_no_btv_20260820/raw/density/r1_A1311_B26214.csv
=== Compressed .bm Benchmark Mode ===
Directory: /home/lichenhang/lee/thesis/check/lee/combit/gridindep/bitmap/bm_100m_A1311_B26214_roaring
Rows: 100000000 | Cardinality: 1311
AND caliber: PAIR (A&B, real op)

=======================================
Benchmark [CRoaring] — Compressed .bm Files
Source: /home/lichenhang/lee/thesis/check/lee/combit/gridindep/bitmap/bm_100m_A1311_B26214_roaring
Rows: 100000000 | Cardinality: 1311 | Loaded: 2 | Iterations: 100
=======================================
[Warm-up] Running 1 warm-up iteration...
[Load] Loaded 2 compressed bitmaps: 8.24066 ms
  1.bm → cardinality: 2000409
  2.bm → cardinality: 39999373

[Storage] Total compressed: 16526250 bytes (16138.9 KB) | Ratio: 0.66105x
[CRoaring Storage] array=1526 (3.81548 MB) | run=0 (0 MB) | bitset=1526 (11.9219 MB) | total_bytes=16501810

[Summary] Median over 100 iterations:
  Load:      3.70601 ms
  bitOr:     3.7123 ms (card: 41199829)
  bitAnd:    2.73017 ms (card: 799953)
  bitXor:    5.30745 ms (card: 40399876)

[Pure Ops] CRoaring operation-only (+ to-btv conversion):
  AND: 2.75112 ms (card: 799953)
  OR:  3.7174 ms (card: 41199829)
  OR (CR internal only, no to-btv): 2.30258 ms
  XOR: 5.3056 ms (card: 40399876)
  NOT: 3.81335 ms (card: 97999591)
  AND (in-place): 10.1538 ms
  [AND result containers] array=1526 (1.52579 MB) bitset=0 (0 MB) run=0 (0 MB) total_bytes=1599906
  [OR  result containers] array=0 (0 MB) bitset=1526 (11.9219 MB) run=0 (0 MB) total_bytes=12500992
  [XOR result containers] array=0 (0 MB) bitset=1526 (11.9219 MB) run=0 (0 MB) total_bytes=12500992
  [NOT result containers] array=0 (0 MB) bitset=1526 (11.9219 MB) run=0 (0 MB) total_bytes=12500992
  [Input A containers] array=1526 (3.81548 MB) bitset=0 (0 MB) run=0 (0 MB) total_bytes=4000818
  [Input B containers] array=0 (0 MB) bitset=1526 (11.9219 MB) run=0 (0 MB) total_bytes=12500992
  COMP native (~((A|B)&(B|C))): 6.70783 ms
  COMP (~((A|B)&(B|C))): 8.09011 ms
---------------------------------------
