CSV output: /home/lichenhang/lee/thesis/check/lee/combit-cr-native-20260820/experiments/cr_native_no_btv_20260820/raw/cluster/r2_f32.csv
=== Compressed .bm Benchmark Mode ===
Directory: /home/lichenhang/lee/thesis/check/lee/R2W1_clustering_micro_100m_20260813/data/f32/bitmap/bm_100m_c100_roaring
Rows: 100000000 | Cardinality: 100
AND caliber: frozen (self-AND convention)

=======================================
Benchmark [CRoaring] — Compressed .bm Files
Source: /home/lichenhang/lee/thesis/check/lee/R2W1_clustering_micro_100m_20260813/data/f32/bitmap/bm_100m_c100_roaring
Rows: 100000000 | Cardinality: 100 | Loaded: 100
=======================================
[Load] Loaded 100 compressed bitmaps: 15.8979 ms
  1.bm → cardinality: 1000000
  2.bm → cardinality: 1000000
  3.bm → cardinality: 1000000
  4.bm → cardinality: 1000000
  5.bm → cardinality: 1000000
  ... (95 more)

[Storage] Total compressed: 14051420 bytes (13722.1 KB) | Ratio: 0.0112411x
[CRoaring Storage] array=0 (0 MB) | run=152600 (12.2173 MB) | bitset=0 (0 MB) | total_bytes=12810720

[Compute] Pairwise ops on first 2 bitmaps:
  bitOr:  8.27846 ms (card: 2000000)
  bitAnd: 0.931788 ms (card: 0)
  bitXor: 1.79462 ms (card: 2000000)

[Compute] Multi-way OR of 100 bitmaps: 189.809 ms (card: 100000000)

[Pure Ops] CRoaring operation-only (+ to-btv conversion):
  AND: 0.930547 ms (card: 1000000)
  OR:  1.5019 ms (card: 2000000)
  OR (CR internal only, no to-btv): 0.517538 ms
  XOR: 1.6721 ms (card: 2000000)
  NOT: 1.68142 ms (card: 99000000)
  AND (in-place): 0.964681 ms
  [AND result containers] array=0 (0 MB) bitset=0 (0 MB) run=1526 (0.122231 MB) total_bytes=128168
  [OR  result containers] array=0 (0 MB) bitset=0 (0 MB) run=1526 (0.238857 MB) total_bytes=250460
  [XOR result containers] array=0 (0 MB) bitset=0 (0 MB) run=1526 (0.238857 MB) total_bytes=250460
  [NOT result containers] array=0 (0 MB) bitset=0 (0 MB) run=1526 (0.127892 MB) total_bytes=134104
  [Input A containers] array=0 (0 MB) bitset=0 (0 MB) run=1526 (0.122231 MB) total_bytes=128168
  [Input B containers] array=0 (0 MB) bitset=0 (0 MB) run=1526 (0.122169 MB) total_bytes=128104
  COMP native (~((A|B)&(B|C))): 2.1534 ms
  COMP (~((A|B)&(B|C))): 3.49815 ms
---------------------------------------
