CSV output: /home/lichenhang/lee/thesis/check/lee/combit-cr-native-20260820/experiments/cr_native_no_btv_20260820/raw/cluster/r2_sorted.csv
=== Compressed .bm Benchmark Mode ===
Directory: /home/lichenhang/lee/thesis/check/lee/R2W1_clustering_micro_100m_20260813/data/sorted/bitmap/bm_100m_c100_roaring
Rows: 100000000 | Cardinality: 100
AND caliber: frozen (self-AND convention)

=======================================
Benchmark [CRoaring] — Compressed .bm Files
Source: /home/lichenhang/lee/thesis/check/lee/R2W1_clustering_micro_100m_20260813/data/sorted/bitmap/bm_100m_c100_roaring
Rows: 100000000 | Cardinality: 100 | Loaded: 100
=======================================
[Load] Loaded 100 compressed bitmaps: 0.47007 ms
  1.bm → cardinality: 1000000
  2.bm → cardinality: 1000000
  3.bm → cardinality: 1000000
  4.bm → cardinality: 1000000
  5.bm → cardinality: 1000000
  ... (95 more)

[Storage] Total compressed: 23775 bytes (23.2178 KB) | Ratio: 1.902e-05x
[CRoaring Storage] array=0 (0 MB) | run=1625 (0.00929832 MB) | bitset=0 (0 MB) | total_bytes=9750

[Compute] Pairwise ops on first 2 bitmaps:
  bitOr:  0.114509 ms (card: 2000000)
  bitAnd: 4.37712 ms (card: 0)
  bitXor: 0.48281 ms (card: 2000000)

[Compute] Multi-way OR of 100 bitmaps: 5.16623 ms (card: 100000000)

[Pure Ops] CRoaring operation-only (+ to-btv conversion):
  AND: 0.47941 ms (card: 1000000)
  OR:  0.483034 ms (card: 2000000)
  OR (CR internal only, no to-btv): 0.000656 ms
  XOR: 0.482798 ms (card: 2000000)
  NOT: 1.0728 ms (card: 99000000)
  AND (in-place): 0.467661 ms
  [AND result containers] array=0 (0 MB) bitset=0 (0 MB) run=16 (9.15527e-05 MB) total_bytes=96
  [OR  result containers] array=0 (0 MB) bitset=0 (0 MB) run=31 (0.000177383 MB) total_bytes=186
  [XOR result containers] array=0 (0 MB) bitset=0 (0 MB) run=31 (0.000177383 MB) total_bytes=186
  [NOT result containers] array=0 (0 MB) bitset=0 (0 MB) run=1511 (0.00864601 MB) total_bytes=9066
  [Input A containers] array=0 (0 MB) bitset=0 (0 MB) run=16 (9.15527e-05 MB) total_bytes=96
  [Input B containers] array=0 (0 MB) bitset=0 (0 MB) run=16 (9.15527e-05 MB) total_bytes=96
  COMP native (~((A|B)&(B|C))): 0.068859 ms
  COMP (~((A|B)&(B|C))): 1.07476 ms
---------------------------------------
